  Determining projects to restore...
  Skipping project "C:\Source\OASIS-master\Providers\Network\TestProjects\NextGenSoftware.OASIS.API.Providers.IPFSOASIS\NextGenSoftware.OASIS.API.Providers.IPFSOASIS.csproj" because it was not found.
  Skipping project "C:\Source\OASIS-master\Providers\Network\TestProjects\NextGenSoftware.OASIS.API.Providers.ScuttlebuttOASIS\NextGenSoftware.OASIS.API.Providers.ScuttlebuttOASIS.csproj" because it was not found.
  Skipping project "C:\Source\OASIS-master\Providers\Other\TestProjects\NextGenSoftware.OASIS.API.Providers.PLANOASIS\NextGenSoftware.OASIS.API.Providers.PLANOASIS.csproj" because it was not found.
  Skipping project "C:\Source\OASIS-master\Providers\Blockchain\NextGenSoftware.OASIS.API.Providers.MoralisDBOASIS\NextGenSoftware.OASIS.API.Providers.MoralisDBOASIS.csproj" because it was not found.
  Skipping project "C:\Source\OASIS-master\Providers\OASIS Architecture\NextGenSoftware.OASIS.API.Core\NextGenSoftware.OASIS.API.Core.csproj" because it was not found.
  Skipping project "C:\Source\OASIS-master\Providers\OASIS Architecture\NextGenSoftware.OASIS.API.Core\NextGenSoftware.OASIS.API.Core.csproj" because it was not found.
  Skipping project "C:\Source\OASIS-master\Providers\Network\TestProjects\NextGenSoftware.OASIS.API.Providers.ActivityPubOASIS\NextGenSoftware.OASIS.API.Providers.ActivityPubOASIS.csproj" because it was not found.
  Skipping project "C:\Source\OASIS-master\Providers\Network\TestProjects\NextGenSoftware.OASIS.API.Providers.HoloOASIS\NextGenSoftware.OASIS.API.Providers.HoloOASIS.csproj" because it was not found.
  Skipping project "C:\Source\OASIS-master\Providers\Network\TestProjects\NextGenSoftware.OASIS.API.Providers.ScuttlebuttOASIS\NextGenSoftware.OASIS.API.Providers.ScuttlebuttOASIS.csproj" because it was not found.
  Skipping project "C:\Source\OASIS-master\Providers\Network\TestProjects\NextGenSoftware.OASIS.API.Providers.SOLIDOASIS\NextGenSoftware.OASIS.API.Providers.SOLIDOASIS.csproj" because it was not found.
  Skipping project "C:\Source\OASIS-master\Providers\Other\TestProjects\NextGenSoftware.OASIS.API.Core.Apollo.Server\NextGenSoftware.OASIS.API.Core.Apollo.Server.csproj" because it was not found.
  Skipping project "C:\Source\OASIS-master\Providers\OASIS Architecture\NextGenSoftware.OASIS.API.Core\NextGenSoftware.OASIS.API.Core.csproj" because it was not found.
  Skipping project "C:\Source\OASIS-master\Providers\OASIS Architecture\NextGenSoftware.OASIS.API.Core\NextGenSoftware.OASIS.API.Core.csproj" because it was not found.
  Skipping project "C:\Source\OASIS-master\Providers\Other\TestProjects\NextGenSoftware.OASIS.API.Providers.SEEDSOASIS\NextGenSoftware.OASIS.API.Providers.SEEDSOASIS.csproj" because it was not found.
  Skipping project "C:\Source\OASIS-master\Providers\Other\TestProjects\NextGenSoftware.OASIS.API.Providers.SEEDSOASIS\NextGenSoftware.OASIS.API.Providers.SEEDSOASIS.csproj" because it was not found.
  Skipping project "C:\Source\OASIS-master\Providers\Storage\NextGenSoftware.OASIS.API.Providers.MongoDBOASIS\NextGenSoftware.OASIS.API.Providers.MongoDBOASIS.csproj" because it was not found.
  Skipping project "C:\Source\OASIS-master\Providers\Storage\NextGenSoftware.OASIS.API.Providers.MongoDBOASIS\NextGenSoftware.OASIS.API.Providers.MongoDBOASIS.csproj" because it was not found.
  Skipping project "C:\Source\OASIS-master\Providers\OASIS Architecture\NextGenSoftware.OASIS.API.Core\NextGenSoftware.OASIS.API.Core.csproj" because it was not found.
  Skipping project "C:\Source\OASIS-master\Providers\Network\TestProjects\NextGenSoftware.OASIS.API.Providers.ThreeFoldOASIS\NextGenSoftware.OASIS.API.Providers.ThreeFoldOASIS.csproj" because it was not found.
  Skipping project "C:\Source\OASIS-master\Providers\Network\TestProjects\NextGenSoftware.OASIS.API.Providers.ThreeFoldOASIS\NextGenSoftware.OASIS.API.Providers.ThreeFoldOASIS.csproj" because it was not found.
  Skipping project "C:\Source\OASIS-master\Providers\OASIS Architecture\NextGenSoftware.OASIS.API.Core\NextGenSoftware.OASIS.API.Core.csproj" because it was not found.
  Skipping project "C:\Source\OASIS-master\Providers\OASIS Architecture\NextGenSoftware.OASIS.API.Core\NextGenSoftware.OASIS.API.Core.csproj" because it was not found.
  Skipping project "C:\Source\OASIS-master\Providers\Blockchain\NextGenSoftware.OASIS.API.Providers.MoralisDBOASIS\NextGenSoftware.OASIS.API.Providers.MoralisDBOASIS.csproj" because it was not found.
  Skipping project "C:\Source\OASIS-master\Providers\OASIS Architecture\NextGenSoftware.OASIS.API.Core\NextGenSoftware.OASIS.API.Core.csproj" because it was not found.
  Skipping project "C:\Source\OASIS-master\Providers\Network\TestProjects\NextGenSoftware.OASIS.API.Providers.HoloOASIS\NextGenSoftware.OASIS.API.Providers.HoloOASIS.csproj" because it was not found.
  Skipping project "C:\Source\OASIS-master\Providers\Network\TestProjects\NextGenSoftware.OASIS.API.Providers.HoloOASIS\NextGenSoftware.OASIS.API.Providers.HoloOASIS.csproj" because it was not found.
  Skipping project "C:\Source\OASIS-master\Providers\Network\TestProjects\NextGenSoftware.OASIS.API.Providers.IPFSOASIS\NextGenSoftware.OASIS.API.Providers.IPFSOASIS.csproj" because it was not found.
  Skipping project "C:\Source\OASIS-master\Providers\OASIS Architecture\NextGenSoftware.OASIS.API.Core\NextGenSoftware.OASIS.API.Core.csproj" because it was not found.
  Skipping project "C:\Source\OASIS-master\Providers\Network\TestProjects\NextGenSoftware.OASIS.API.Providers.SOLIDOASIS\NextGenSoftware.OASIS.API.Providers.SOLIDOASIS.csproj" because it was not found.
  Skipping project "C:\Source\OASIS-master\Providers\Network\TestProjects\NextGenSoftware.OASIS.API.Providers.ActivityPubOASIS\NextGenSoftware.OASIS.API.Providers.ActivityPubOASIS.csproj" because it was not found.
  Skipping project "C:\Source\OASIS-master\Providers\Other\TestProjects\NextGenSoftware.OASIS.API.Core.ARC.Membrane\NextGenSoftware.OASIS.API.Core.ARC.Membrane.csproj" because it was not found.
  Skipping project "C:\Source\OASIS-master\Providers\Network\TestProjects\NextGenSoftware.OASIS.API.Providers.IPFSOASIS\NextGenSoftware.OASIS.API.Providers.IPFSOASIS.csproj" because it was not found.
  Skipping project "C:\Source\OASIS-master\Providers\OASIS Architecture\NextGenSoftware.OASIS.API.Core\NextGenSoftware.OASIS.API.Core.csproj" because it was not found.
  Skipping project "C:\Source\OASIS-master\Providers\Network\TestProjects\NextGenSoftware.OASIS.API.Providers.ScuttlebuttOASIS\NextGenSoftware.OASIS.API.Providers.ScuttlebuttOASIS.csproj" because it was not found.
  Skipping project "C:\Source\OASIS-master\Providers\Network\TestProjects\NextGenSoftware.OASIS.API.Providers.SOLIDOASIS\NextGenSoftware.OASIS.API.Providers.SOLIDOASIS.csproj" because it was not found.
  Skipping project "C:\Source\OASIS-master\Providers\Other\TestProjects\NextGenSoftware.OASIS.API.Providers.PLANOASIS\NextGenSoftware.OASIS.API.Providers.PLANOASIS.csproj" because it was not found.
  Skipping project "C:\Source\OASIS-master\Providers\Other\TestProjects\NextGenSoftware.OASIS.API.Providers.SEEDSOASIS\NextGenSoftware.OASIS.API.Providers.SEEDSOASIS.csproj" because it was not found.
  Skipping project "C:\Source\OASIS-master\Providers\Storage\TestProjects\NextGenSoftware.OASIS.API.Providers.MongoOASIS\NextGenSoftware.OASIS.API.Providers.MongoOASIS.csproj" because it was not found.
  Skipping project "C:\Source\OASIS-master\Providers\Other\TestProjects\NextGenSoftware.OASIS.API.Providers.PLANOASIS\NextGenSoftware.OASIS.API.Providers.PLANOASIS.csproj" because it was not found.
  Skipping project "C:\Source\OASIS-master\Providers\Storage\NextGenSoftware.OASIS.API.Providers.MongoDBOASIS\NextGenSoftware.OASIS.API.Providers.MongoDBOASIS.csproj" because it was not found.
  Skipping project "C:\Source\OASIS-master\Providers\Storage\TestProjects\NextGenSoftware.OASIS.API.Providers.MongoOASIS\NextGenSoftware.OASIS.API.Providers.MongoOASIS.csproj" because it was not found.
  Skipping project "C:\Source\OASIS-master\Providers\Network\TestProjects\NextGenSoftware.OASIS.API.Providers.ThreeFoldOASIS\NextGenSoftware.OASIS.API.Providers.ThreeFoldOASIS.csproj" because it was not found.
  Skipping project "C:\Source\OASIS-master\Providers\Blockchain\NextGenSoftware.OASIS.API.Providers.MoralisDBOASIS\NextGenSoftware.OASIS.API.Providers.MoralisDBOASIS.csproj" because it was not found.
  Skipping project "C:\Source\OASIS-master\Providers\OASIS Architecture\NextGenSoftware.OASIS.API.Core\NextGenSoftware.OASIS.API.Core.csproj" because it was not found.
  Skipping project "C:\Source\OASIS-master\Providers\Network\TestProjects\NextGenSoftware.OASIS.API.Providers.ActivityPubOASIS\NextGenSoftware.OASIS.API.Providers.ActivityPubOASIS.csproj" because it was not found.
  Skipping project "C:\Source\OASIS-master\Providers\Network\TestProjects\NextGenSoftware.OASIS.API.Providers.HoloOASIS\NextGenSoftware.OASIS.API.Providers.HoloOASIS.csproj" because it was not found.
  Skipping project "C:\Source\OASIS-master\Providers\Network\TestProjects\NextGenSoftware.OASIS.API.Providers.IPFSOASIS\NextGenSoftware.OASIS.API.Providers.IPFSOASIS.csproj" because it was not found.
  Skipping project "C:\Source\OASIS-master\Providers\Network\TestProjects\NextGenSoftware.OASIS.API.Providers.ScuttlebuttOASIS\NextGenSoftware.OASIS.API.Providers.ScuttlebuttOASIS.csproj" because it was not found.
  Skipping project "C:\Source\OASIS-master\Providers\Network\TestProjects\NextGenSoftware.OASIS.API.Providers.SOLIDOASIS\NextGenSoftware.OASIS.API.Providers.SOLIDOASIS.csproj" because it was not found.
  Skipping project "C:\Source\OASIS-master\Providers\Other\TestProjects\NextGenSoftware.OASIS.API.Core.Apollo.Server\NextGenSoftware.OASIS.API.Core.Apollo.Server.csproj" because it was not found.
  Skipping project "C:\Source\OASIS-master\Providers\Other\TestProjects\NextGenSoftware.OASIS.API.Core.ARC.Membrane\NextGenSoftware.OASIS.API.Core.ARC.Membrane.csproj" because it was not found.
  Skipping project "C:\Source\OASIS-master\Providers\Other\TestProjects\NextGenSoftware.OASIS.API.Providers.PLANOASIS\NextGenSoftware.OASIS.API.Providers.PLANOASIS.csproj" because it was not found.
  Skipping project "C:\Source\OASIS-master\Providers\Other\TestProjects\NextGenSoftware.OASIS.API.Providers.SEEDSOASIS\NextGenSoftware.OASIS.API.Providers.SEEDSOASIS.csproj" because it was not found.
  Skipping project "C:\Source\OASIS-master\Providers\Storage\NextGenSoftware.OASIS.API.Providers.MongoDBOASIS\NextGenSoftware.OASIS.API.Providers.MongoDBOASIS.csproj" because it was not found.
  Skipping project "C:\Source\OASIS-master\Providers\Storage\TestProjects\NextGenSoftware.OASIS.API.Providers.MongoOASIS\NextGenSoftware.OASIS.API.Providers.MongoOASIS.csproj" because it was not found.
  Skipping project "C:\Source\OASIS-master\Providers\Network\TestProjects\NextGenSoftware.OASIS.API.Providers.ThreeFoldOASIS\NextGenSoftware.OASIS.API.Providers.ThreeFoldOASIS.csproj" because it was not found.
  Skipping project "C:\Source\OASIS-master\Providers\Blockchain\NextGenSoftware.OASIS.API.Providers.MoralisDBOASIS\NextGenSoftware.OASIS.API.Providers.MoralisDBOASIS.csproj" because it was not found.
C:\Source\OASIS-master\External Libs\Spectre.Console\Spectre.Console\Spectre.Console.csproj : warning NU1505: Duplicate 'PackageDownload' items found. Remove the duplicate items or use the Update functionality to ensure a consistent restore behavior. The duplicate 'PackageDownload' items are: Microsoft.NETCore.App.Ref [3.0.0], Microsoft.NETCore.App.Ref [7.0.20]. [TargetFramework=net7.0]
C:\Program Files\dotnet\sdk\9.0.306\Sdks\Microsoft.NET.Sdk\targets\Microsoft.NET.TargetFrameworkInference.targets(187,5): warning NETSDK1215: Targeting .NET Standard prior to 2.0 is no longer recommended. See https://aka.ms/dotnet/dotnet-standard-guidance for more details. [C:\Source\OASIS-master\External Libs\net-ipfs-http-client-master\src\IpfsHttpClient.csproj::TargetFramework=netstandard14]
C:\Source\OASIS-master\OASIS Architecture\NextGenSoftware.OASIS.OASISBootLoader\NextGenSoftware.OASIS.OASISBootLoader.csproj : warning NU1608: Detected package version outside of dependency constraint: Google.Cloud.Storage.V1 3.7.0 requires Google.Api.Gax.Rest (>= 3.6.0 && < 4.0.0) but version Google.Api.Gax.Rest 4.6.0 was resolved. [C:\Source\OASIS-master\The OASIS.sln]
C:\Source\OASIS-master\OASIS Architecture\NextGenSoftware.OASIS.OASISBootLoader.UnitTests\NextGenSoftware.OASIS.OASISBootLoader.UnitTests.csproj : warning NU1608: Detected package version outside of dependency constraint: Google.Cloud.Storage.V1 3.7.0 requires Google.Api.Gax.Rest (>= 3.6.0 && < 4.0.0) but version Google.Api.Gax.Rest 4.6.0 was resolved. [C:\Source\OASIS-master\The OASIS.sln]
C:\Source\OASIS-master\ONODE\NextGenSoftware.OASIS.API.ONODE.OPORTAL\NextGenSoftware.OASIS.API.ONODE.OPORTAL.csproj : warning NU1701: Package 'Microsoft.AspNet.WebApi.Core 5.2.7' was restored using '.NETFramework,Version=v4.6.1, .NETFramework,Version=v4.6.2, .NETFramework,Version=v4.7, .NETFramework,Version=v4.7.1, .NETFramework,Version=v4.7.2, .NETFramework,Version=v4.8, .NETFramework,Version=v4.8.1' instead of the project target framework 'net8.0'. This package may not be fully compatible with your project. [C:\Source\OASIS-master\The OASIS.sln]
C:\Source\OASIS-master\ONODE\NextGenSoftware.OASIS.API.ONode.WebAPI\NextGenSoftware.OASIS.API.ONode.WebAPI.csproj : warning NU1902: Package 'System.IdentityModel.Tokens.Jwt' 7.0.3 has a known moderate severity vulnerability, https://github.com/advisories/GHSA-59j7-ghrg-fj52 [C:\Source\OASIS-master\The OASIS.sln]
C:\Source\OASIS-master\OASIS Architecture\NextGenSoftware.OASIS.API.Core\NextGenSoftware.OASIS.API.Core.csproj : warning NU1902: Package 'System.IdentityModel.Tokens.Jwt' 6.7.1 has a known moderate severity vulnerability, https://github.com/advisories/GHSA-59j7-ghrg-fj52 [C:\Source\OASIS-master\The OASIS.sln]
C:\Source\OASIS-master\OASIS Architecture\NextGenSoftware.OASIS.API.Core.TestHarness\NextGenSoftware.OASIS.API.Core.TestHarness.csproj : warning NU1608: Detected package version outside of dependency constraint: Google.Cloud.Storage.V1 3.7.0 requires Google.Api.Gax.Rest (>= 3.6.0 && < 4.0.0) but version Google.Api.Gax.Rest 4.6.0 was resolved. [C:\Source\OASIS-master\The OASIS.sln]
C:\Source\holochain-client-csharp\NextGenSoftware.Holochain.HoloNET.Client\NextGenSoftware.Holochain.HoloNET.Client.csproj : warning NU1902: Package 'MessagePack' 2.4.59 has a known moderate severity vulnerability, https://github.com/advisories/GHSA-4qm4-8hg2-g2xm [C:\Source\OASIS-master\The OASIS.sln]
C:\Source\OASIS-master\Providers\Blockchain\TestProjects\NextGenSoftware.OASIS.API.Providers.PolkadotOASIS.UnitTests\NextGenSoftware.OASIS.API.Providers.PolkadotOASIS.UnitTests.csproj : warning NU1608: Detected package version outside of dependency constraint: Google.Cloud.Storage.V1 3.7.0 requires Google.Api.Gax.Rest (>= 3.6.0 && < 4.0.0) but version Google.Api.Gax.Rest 4.6.0 was resolved. [C:\Source\OASIS-master\The OASIS.sln]
C:\Source\OASIS-master\Providers\Blockchain\TestProjects\NextGenSoftware.OASIS.API.Providers.PolkadotOASIS.TestHarness\NextGenSoftware.OASIS.API.Providers.PolkadotOASIS.TestHarness.csproj : warning NU1608: Detected package version outside of dependency constraint: Google.Cloud.Storage.V1 3.7.0 requires Google.Api.Gax.Rest (>= 3.6.0 && < 4.0.0) but version Google.Api.Gax.Rest 4.6.0 was resolved. [C:\Source\OASIS-master\The OASIS.sln]
C:\Source\OASIS-master\Providers\Blockchain\TestProjects\NextGenSoftware.OASIS.API.Providers.PolkadotOASIS.IntegrationTests\NextGenSoftware.OASIS.API.Providers.PolkadotOASIS.IntegrationTests.csproj : warning NU1608: Detected package version outside of dependency constraint: Google.Cloud.Storage.V1 3.7.0 requires Google.Api.Gax.Rest (>= 3.6.0 && < 4.0.0) but version Google.Api.Gax.Rest 4.6.0 was resolved. [C:\Source\OASIS-master\The OASIS.sln]
C:\Source\OASIS-master\Providers\Blockchain\NextGenSoftware.OASIS.API.Providers.PolkadotOASIS\NextGenSoftware.OASIS.API.Providers.PolkadotOASIS.csproj : warning NU1608: Detected package version outside of dependency constraint: Google.Cloud.Storage.V1 3.7.0 requires Google.Api.Gax.Rest (>= 3.6.0 && < 4.0.0) but version Google.Api.Gax.Rest 4.6.0 was resolved. [C:\Source\OASIS-master\The OASIS.sln]
C:\Source\OASIS-master\Providers\Other\NextGenSoftware.OASIS.API.Providers.CargoOASIS\NextGenSoftware.OASIS.API.Providers.CargoOASIS.csproj : warning NU1608: Detected package version outside of dependency constraint: Nethereum.KeyStore 4.0.5 requires Portable.BouncyCastle (>= 1.8.2 && < 1.9.0) but version Portable.BouncyCastle 1.9.0 was resolved. [C:\Source\OASIS-master\The OASIS.sln]
C:\Source\OASIS-master\Providers\Other\NextGenSoftware.OASIS.API.Providers.CargoOASIS\NextGenSoftware.OASIS.API.Providers.CargoOASIS.csproj : warning NU1608: Detected package version outside of dependency constraint: Nethereum.Signer 4.0.5 requires Portable.BouncyCastle (>= 1.8.2 && < 1.9.0) but version Portable.BouncyCastle 1.9.0 was resolved. [C:\Source\OASIS-master\The OASIS.sln]
C:\Source\OASIS-master\Providers\Cloud\TestProjects\NextGenSoftware.OASIS.API.Providers.GoogleCloudOASIS.UnitTests\NextGenSoftware.OASIS.API.Providers.GoogleCloudOASIS.UnitTests.csproj : warning NU1608: Detected package version outside of dependency constraint: Google.Cloud.Storage.V1 3.7.0 requires Google.Api.Gax.Rest (>= 3.6.0 && < 4.0.0) but version Google.Api.Gax.Rest 4.6.0 was resolved. [C:\Source\OASIS-master\The OASIS.sln]
C:\Source\OASIS-master\Providers\Cloud\TestProjects\NextGenSoftware.OASIS.API.Providers.GoogleCloudOASIS.IntegrationTests\NextGenSoftware.OASIS.API.Providers.GoogleCloudOASIS.IntegrationTests.csproj : warning NU1608: Detected package version outside of dependency constraint: Google.Cloud.Storage.V1 3.7.0 requires Google.Api.Gax.Rest (>= 3.6.0 && < 4.0.0) but version Google.Api.Gax.Rest 4.6.0 was resolved. [C:\Source\OASIS-master\The OASIS.sln]
C:\Source\OASIS-master\Providers\Cloud\NextGenSoftware.OASIS.API.Providers.GoogleCloudOASIS\NextGenSoftware.OASIS.API.Providers.GoogleCloudOASIS.csproj : warning NU1608: Detected package version outside of dependency constraint: Google.Cloud.Storage.V1 3.7.0 requires Google.Api.Gax.Rest (>= 3.6.0 && < 4.0.0) but version Google.Api.Gax.Rest 4.6.0 was resolved. [C:\Source\OASIS-master\The OASIS.sln]
C:\Source\OASIS-master\STAR ODK\NextGenSoftware.OASIS.STAR.WebUI\NextGenSoftware.OASIS.STAR.WebUI.csproj : warning NU1903: Package 'System.Text.Json' 8.0.0 has a known high severity vulnerability, https://github.com/advisories/GHSA-8g4q-xg66-9fp4 [C:\Source\OASIS-master\The OASIS.sln]
C:\Source\OASIS-master\STAR ODK\NextGenSoftware.OASIS.STAR.WebUI\NextGenSoftware.OASIS.STAR.WebUI.csproj : warning NU1903: Package 'System.Text.Json' 8.0.0 has a known high severity vulnerability, https://github.com/advisories/GHSA-hh2w-p6rv-4g7w [C:\Source\OASIS-master\The OASIS.sln]
C:\Source\OASIS-master\Providers\Other\TestProjects\NextGenSoftware.OASIS.API.Providers.CargoOASIS.UnitTests\NextGenSoftware.OASIS.API.Providers.CargoOASIS.UnitTests.csproj : warning NU1608: Detected package version outside of dependency constraint: Nethereum.KeyStore 4.0.5 requires Portable.BouncyCastle (>= 1.8.2 && < 1.9.0) but version Portable.BouncyCastle 1.9.0 was resolved. [C:\Source\OASIS-master\The OASIS.sln]
C:\Source\OASIS-master\Providers\Other\TestProjects\NextGenSoftware.OASIS.API.Providers.CargoOASIS.UnitTests\NextGenSoftware.OASIS.API.Providers.CargoOASIS.UnitTests.csproj : warning NU1608: Detected package version outside of dependency constraint: Nethereum.Signer 4.0.5 requires Portable.BouncyCastle (>= 1.8.2 && < 1.9.0) but version Portable.BouncyCastle 1.9.0 was resolved. [C:\Source\OASIS-master\The OASIS.sln]
C:\Source\OASIS-master\Providers\Other\TestProjects\NextGenSoftware.OASIS.API.Providers.CargoOASIS.TestHarness\NextGenSoftware.OASIS.API.Providers.CargoOASIS.TestHarness.csproj : warning NU1608: Detected package version outside of dependency constraint: Nethereum.KeyStore 4.0.5 requires Portable.BouncyCastle (>= 1.8.2 && < 1.9.0) but version Portable.BouncyCastle 1.9.0 was resolved. [C:\Source\OASIS-master\The OASIS.sln]
C:\Source\OASIS-master\Providers\Other\TestProjects\NextGenSoftware.OASIS.API.Providers.CargoOASIS.TestHarness\NextGenSoftware.OASIS.API.Providers.CargoOASIS.TestHarness.csproj : warning NU1608: Detected package version outside of dependency constraint: Nethereum.Signer 4.0.5 requires Portable.BouncyCastle (>= 1.8.2 && < 1.9.0) but version Portable.BouncyCastle 1.9.0 was resolved. [C:\Source\OASIS-master\The OASIS.sln]
C:\Source\OASIS-master\Providers\Other\TestProjects\NextGenSoftware.OASIS.API.Providers.CargoOASIS.IntegrationTests\NextGenSoftware.OASIS.API.Providers.CargoOASIS.IntegrationTests.csproj : warning NU1608: Detected package version outside of dependency constraint: Nethereum.KeyStore 4.0.5 requires Portable.BouncyCastle (>= 1.8.2 && < 1.9.0) but version Portable.BouncyCastle 1.9.0 was resolved. [C:\Source\OASIS-master\The OASIS.sln]
C:\Source\OASIS-master\Providers\Other\TestProjects\NextGenSoftware.OASIS.API.Providers.CargoOASIS.IntegrationTests\NextGenSoftware.OASIS.API.Providers.CargoOASIS.IntegrationTests.csproj : warning NU1608: Detected package version outside of dependency constraint: Nethereum.Signer 4.0.5 requires Portable.BouncyCastle (>= 1.8.2 && < 1.9.0) but version Portable.BouncyCastle 1.9.0 was resolved. [C:\Source\OASIS-master\The OASIS.sln]
  Restored C:\Source\OASIS-master\Providers\Storage\TestProjects\NextGenSoftware.OASIS.API.Providers.SQLLiteDBOASIS.TestHarness\NextGenSoftware.OASIS.API.Providers.SQLLiteDBOASIS.TestHarness.csproj (in 1.05 sec).
  Restored C:\Source\OASIS-master\Providers\Storage\TestProjects\NextGenSoftware.OASIS.API.Providers.Neo4jOASIS.TestHarness\NextGenSoftware.OASIS.API.Providers.Neo4jOASIS.TestHarness.csproj (in 1.55 sec).
  244 of 246 projects are up-to-date for restore.
C:\Source\OASIS-master\ONODE\NextGenSoftware.OASIS.API.ONODE.OPORTAL\NextGenSoftware.OASIS.API.ONODE.OPORTAL.csproj : warning NU1701: Package 'Microsoft.AspNet.WebApi.Core 5.2.7' was restored using '.NETFramework,Version=v4.6.1, .NETFramework,Version=v4.6.2, .NETFramework,Version=v4.7, .NETFramework,Version=v4.7.1, .NETFramework,Version=v4.7.2, .NETFramework,Version=v4.8, .NETFramework,Version=v4.8.1' instead of the project target framework 'net8.0'. This package may not be fully compatible with your project.
  NextGenSoftware.OASIS.API.ONODE.OPORTAL -> C:\Source\OASIS-master\ONODE\NextGenSoftware.OASIS.API.ONODE.OPORTAL\bin\Debug\net8.0\NextGenSoftware.OASIS.API.ONODE.OPORTAL.dll
C:\Source\OASIS-master\ONODE\NextGenSoftware.OASIS.API.ONode.WebAPI\NextGenSoftware.OASIS.API.ONode.WebAPI.csproj : warning NU1902: Package 'System.IdentityModel.Tokens.Jwt' 7.0.3 has a known moderate severity vulnerability, https://github.com/advisories/GHSA-59j7-ghrg-fj52
C:\Source\OASIS-master\OASIS Architecture\NextGenSoftware.OASIS.API.Core\NextGenSoftware.OASIS.API.Core.csproj : warning NU1902: Package 'System.IdentityModel.Tokens.Jwt' 6.7.1 has a known moderate severity vulnerability, https://github.com/advisories/GHSA-59j7-ghrg-fj52
C:\Program Files\dotnet\sdk\9.0.306\Sdks\Microsoft.NET.Sdk\targets\Microsoft.NET.Sdk.FrameworkReferenceResolution.targets(425,5): error NETSDK1127: The targeting pack Microsoft.NETCore.App is not installed. Please restore and try again. [C:\Source\OASIS-master\External Libs\Spectre.Console\Spectre.Console\Spectre.Console.csproj::TargetFramework=net7.0]
  NextGenSoftware.Utilities -> C:\Source\NextGenSoftware-Libraries\NextGenSoftware Libraries\NextGenSoftware.Utilities\bin\Debug\net8.0\NextGenSoftware.Utilities.dll
  NextGenSoftware.ErrorHandling -> C:\Source\NextGenSoftware-Libraries\NextGenSoftware Libraries\NextGenSoftware.ErrorHandling\bin\Debug\net8.0\NextGenSoftware.ErrorHandling.dll
  NextGenSoftware.ErrorHandling -> C:\Source\NextGenSoftware-Libraries\NextGenSoftware Libraries\NextGenSoftware.ErrorHandling\bin\Debug\net9.0\NextGenSoftware.ErrorHandling.dll
C:\Source\OASIS-master\OASIS Architecture\NextGenSoftware.OASIS.API.Core.TestHarness\NextGenSoftware.OASIS.API.Core.TestHarness.csproj : warning NU1608: Detected package version outside of dependency constraint: Google.Cloud.Storage.V1 3.7.0 requires Google.Api.Gax.Rest (>= 3.6.0 && < 4.0.0) but version Google.Api.Gax.Rest 4.6.0 was resolved.
C:\Program Files\dotnet\sdk\9.0.306\Microsoft.Common.CurrentVersion.targets(2433,5): warning MSB3245: Could not resolve this reference. Could not locate the assembly "AutoMapper". Check to make sure the assembly exists on disk. If this reference is required by your code, you may get compilation errors. [C:\Source\OASIS-master\STAR ODK\STAR OAPP DNA Templates\NextGenSoftware.OASIS.STAR.DNATemplates.OAPP.Console.DLL\NextGenSoftware.OASIS.STAR.DNATemplates.OAPP.Console.DLL.csproj]
C:\Program Files\dotnet\sdk\9.0.306\Microsoft.Common.CurrentVersion.targets(2433,5): warning MSB3245: Could not resolve this reference. Could not locate the assembly "AutoMapper.Extensions.Microsoft.DependencyInjection". Check to make sure the assembly exists on disk. If this reference is required by your code, you may get compilation errors. [C:\Source\OASIS-master\STAR ODK\STAR OAPP DNA Templates\NextGenSoftware.OASIS.STAR.DNATemplates.OAPP.Console.DLL\NextGenSoftware.OASIS.STAR.DNATemplates.OAPP.Console.DLL.csproj]
C:\Program Files\dotnet\sdk\9.0.306\Microsoft.Common.CurrentVersion.targets(2433,5): warning MSB3245: Could not resolve this reference. Could not locate the assembly "AWSSDK.Core". Check to make sure the assembly exists on disk. If this reference is required by your code, you may get compilation errors. [C:\Source\OASIS-master\STAR ODK\STAR OAPP DNA Templates\NextGenSoftware.OASIS.STAR.DNATemplates.OAPP.Console.DLL\NextGenSoftware.OASIS.STAR.DNATemplates.OAPP.Console.DLL.csproj]
C:\Program Files\dotnet\sdk\9.0.306\Microsoft.Common.CurrentVersion.targets(2433,5): warning MSB3245: Could not resolve this reference. Could not locate the assembly "AWSSDK.SecurityToken". Check to make sure the assembly exists on disk. If this reference is required by your code, you may get compilation errors. [C:\Source\OASIS-master\STAR ODK\STAR OAPP DNA Templates\NextGenSoftware.OASIS.STAR.DNATemplates.OAPP.Console.DLL\NextGenSoftware.OASIS.STAR.DNATemplates.OAPP.Console.DLL.csproj]
C:\Program Files\dotnet\sdk\9.0.306\Microsoft.Common.CurrentVersion.targets(2433,5): warning MSB3245: Could not resolve this reference. Could not locate the assembly "Azure.Core". Check to make sure the assembly exists on disk. If this reference is required by your code, you may get compilation errors. [C:\Source\OASIS-master\STAR ODK\STAR OAPP DNA Templates\NextGenSoftware.OASIS.STAR.DNATemplates.OAPP.Console.DLL\NextGenSoftware.OASIS.STAR.DNATemplates.OAPP.Console.DLL.csproj]
C:\Program Files\dotnet\sdk\9.0.306\Microsoft.Common.CurrentVersion.targets(2433,5): warning MSB3245: Could not resolve this reference. Could not locate the assembly "BCrypt.Net-Next". Check to make sure the assembly exists on disk. If this reference is required by your code, you may get compilation errors. [C:\Source\OASIS-master\STAR ODK\STAR OAPP DNA Templates\NextGenSoftware.OASIS.STAR.DNATemplates.OAPP.Console.DLL\NextGenSoftware.OASIS.STAR.DNATemplates.OAPP.Console.DLL.csproj]
C:\Program Files\dotnet\sdk\9.0.306\Microsoft.Common.CurrentVersion.targets(2433,5): warning MSB3245: Could not resolve this reference. Could not locate the assembly "BouncyCastle.Crypto". Check to make sure the assembly exists on disk. If this reference is required by your code, you may get compilation errors. [C:\Source\OASIS-master\STAR ODK\STAR OAPP DNA Templates\NextGenSoftware.OASIS.STAR.DNATemplates.OAPP.Console.DLL\NextGenSoftware.OASIS.STAR.DNATemplates.OAPP.Console.DLL.csproj]
C:\Program Files\dotnet\sdk\9.0.306\Microsoft.Common.CurrentVersion.targets(2433,5): warning MSB3245: Could not resolve this reference. Could not locate the assembly "CBOR". Check to make sure the assembly exists on disk. If this reference is required by your code, you may get compilation errors. [C:\Source\OASIS-master\STAR ODK\STAR OAPP DNA Templates\NextGenSoftware.OASIS.STAR.DNATemplates.OAPP.Console.DLL\NextGenSoftware.OASIS.STAR.DNATemplates.OAPP.Console.DLL.csproj]
C:\Program Files\dotnet\sdk\9.0.306\Microsoft.Common.CurrentVersion.targets(2433,5): warning MSB3245: Could not resolve this reference. Could not locate the assembly "Chaos.NaCl". Check to make sure the assembly exists on disk. If this reference is required by your code, you may get compilation errors. [C:\Source\OASIS-master\STAR ODK\STAR OAPP DNA Templates\NextGenSoftware.OASIS.STAR.DNATemplates.OAPP.Console.DLL\NextGenSoftware.OASIS.STAR.DNATemplates.OAPP.Console.DLL.csproj]
C:\Program Files\dotnet\sdk\9.0.306\Microsoft.Common.CurrentVersion.targets(2433,5): warning MSB3245: Could not resolve this reference. Could not locate the assembly "Colorful.Console". Check to make sure the assembly exists on disk. If this reference is required by your code, you may get compilation errors. [C:\Source\OASIS-master\STAR ODK\STAR OAPP DNA Templates\NextGenSoftware.OASIS.STAR.DNATemplates.OAPP.Console.DLL\NextGenSoftware.OASIS.STAR.DNATemplates.OAPP.Console.DLL.csproj]
C:\Program Files\dotnet\sdk\9.0.306\Microsoft.Common.CurrentVersion.targets(2433,5): warning MSB3245: Could not resolve this reference. Could not locate the assembly "Common.Logging". Check to make sure the assembly exists on disk. If this reference is required by your code, you may get compilation errors. [C:\Source\OASIS-master\STAR ODK\STAR OAPP DNA Templates\NextGenSoftware.OASIS.STAR.DNATemplates.OAPP.Console.DLL\NextGenSoftware.OASIS.STAR.DNATemplates.OAPP.Console.DLL.csproj]
C:\Program Files\dotnet\sdk\9.0.306\Microsoft.Common.CurrentVersion.targets(2433,5): warning MSB3245: Could not resolve this reference. Could not locate the assembly "Common.Logging.Core". Check to make sure the assembly exists on disk. If this reference is required by your code, you may get compilation errors. [C:\Source\OASIS-master\STAR ODK\STAR OAPP DNA Templates\NextGenSoftware.OASIS.STAR.DNATemplates.OAPP.Console.DLL\NextGenSoftware.OASIS.STAR.DNATemplates.OAPP.Console.DLL.csproj]
C:\Program Files\dotnet\sdk\9.0.306\Microsoft.Common.CurrentVersion.targets(2433,5): warning MSB3245: Could not resolve this reference. Could not locate the assembly "Cryptography.ECDSA". Check to make sure the assembly exists on disk. If this reference is required by your code, you may get compilation errors. [C:\Source\OASIS-master\STAR ODK\STAR OAPP DNA Templates\NextGenSoftware.OASIS.STAR.DNATemplates.OAPP.Console.DLL\NextGenSoftware.OASIS.STAR.DNATemplates.OAPP.Console.DLL.csproj]
C:\Program Files\dotnet\sdk\9.0.306\Microsoft.Common.CurrentVersion.targets(2433,5): warning MSB3245: Could not resolve this reference. Could not locate the assembly "DnsClient". Check to make sure the assembly exists on disk. If this reference is required by your code, you may get compilation errors. [C:\Source\OASIS-master\STAR ODK\STAR OAPP DNA Templates\NextGenSoftware.OASIS.STAR.DNATemplates.OAPP.Console.DLL\NextGenSoftware.OASIS.STAR.DNATemplates.OAPP.Console.DLL.csproj]
C:\Program Files\dotnet\sdk\9.0.306\Microsoft.Common.CurrentVersion.targets(2433,5): warning MSB3245: Could not resolve this reference. Could not locate the assembly "EosSharp". Check to make sure the assembly exists on disk. If this reference is required by your code, you may get compilation errors. [C:\Source\OASIS-master\STAR ODK\STAR OAPP DNA Templates\NextGenSoftware.OASIS.STAR.DNATemplates.OAPP.Console.DLL\NextGenSoftware.OASIS.STAR.DNATemplates.OAPP.Console.DLL.csproj]
C:\Program Files\dotnet\sdk\9.0.306\Microsoft.Common.CurrentVersion.targets(2433,5): warning MSB3245: Could not resolve this reference. Could not locate the assembly "EosSharp.Core". Check to make sure the assembly exists on disk. If this reference is required by your code, you may get compilation errors. [C:\Source\OASIS-master\STAR ODK\STAR OAPP DNA Templates\NextGenSoftware.OASIS.STAR.DNATemplates.OAPP.Console.DLL\NextGenSoftware.OASIS.STAR.DNATemplates.OAPP.Console.DLL.csproj]
C:\Program Files\dotnet\sdk\9.0.306\Microsoft.Common.CurrentVersion.targets(2433,5): warning MSB3245: Could not resolve this reference. Could not locate the assembly "Google.Protobuf". Check to make sure the assembly exists on disk. If this reference is required by your code, you may get compilation errors. [C:\Source\OASIS-master\STAR ODK\STAR OAPP DNA Templates\NextGenSoftware.OASIS.STAR.DNATemplates.OAPP.Console.DLL\NextGenSoftware.OASIS.STAR.DNATemplates.OAPP.Console.DLL.csproj]
C:\Program Files\dotnet\sdk\9.0.306\Microsoft.Common.CurrentVersion.targets(2433,5): warning MSB3245: Could not resolve this reference. Could not locate the assembly "Humanizer". Check to make sure the assembly exists on disk. If this reference is required by your code, you may get compilation errors. [C:\Source\OASIS-master\STAR ODK\STAR OAPP DNA Templates\NextGenSoftware.OASIS.STAR.DNATemplates.OAPP.Console.DLL\NextGenSoftware.OASIS.STAR.DNATemplates.OAPP.Console.DLL.csproj]
C:\Program Files\dotnet\sdk\9.0.306\Microsoft.Common.CurrentVersion.targets(2433,5): warning MSB3245: Could not resolve this reference. Could not locate the assembly "ICSharpCode.SharpZipLib". Check to make sure the assembly exists on disk. If this reference is required by your code, you may get compilation errors. [C:\Source\OASIS-master\STAR ODK\STAR OAPP DNA Templates\NextGenSoftware.OASIS.STAR.DNATemplates.OAPP.Console.DLL\NextGenSoftware.OASIS.STAR.DNATemplates.OAPP.Console.DLL.csproj]
C:\Program Files\dotnet\sdk\9.0.306\Microsoft.Common.CurrentVersion.targets(2433,5): warning MSB3245: Could not resolve this reference. Could not locate the assembly "Ipfs.Core". Check to make sure the assembly exists on disk. If this reference is required by your code, you may get compilation errors. [C:\Source\OASIS-master\STAR ODK\STAR OAPP DNA Templates\NextGenSoftware.OASIS.STAR.DNATemplates.OAPP.Console.DLL\NextGenSoftware.OASIS.STAR.DNATemplates.OAPP.Console.DLL.csproj]
C:\Program Files\dotnet\sdk\9.0.306\Microsoft.Common.CurrentVersion.targets(2433,5): warning MSB3245: Could not resolve this reference. Could not locate the assembly "Ipfs.Engine". Check to make sure the assembly exists on disk. If this reference is required by your code, you may get compilation errors. [C:\Source\OASIS-master\STAR ODK\STAR OAPP DNA Templates\NextGenSoftware.OASIS.STAR.DNATemplates.OAPP.Console.DLL\NextGenSoftware.OASIS.STAR.DNATemplates.OAPP.Console.DLL.csproj]
C:\Program Files\dotnet\sdk\9.0.306\Microsoft.Common.CurrentVersion.targets(2433,5): warning MSB3245: Could not resolve this reference. Could not locate the assembly "Ipfs.Http.Client". Check to make sure the assembly exists on disk. If this reference is required by your code, you may get compilation errors. [C:\Source\OASIS-master\STAR ODK\STAR OAPP DNA Templates\NextGenSoftware.OASIS.STAR.DNATemplates.OAPP.Console.DLL\NextGenSoftware.OASIS.STAR.DNATemplates.OAPP.Console.DLL.csproj]
C:\Program Files\dotnet\sdk\9.0.306\Microsoft.Common.CurrentVersion.targets(2433,5): warning MSB3245: Could not resolve this reference. Could not locate the assembly "MailKit". Check to make sure the assembly exists on disk. If this reference is required by your code, you may get compilation errors. [C:\Source\OASIS-master\STAR ODK\STAR OAPP DNA Templates\NextGenSoftware.OASIS.STAR.DNATemplates.OAPP.Console.DLL\NextGenSoftware.OASIS.STAR.DNATemplates.OAPP.Console.DLL.csproj]
C:\Program Files\dotnet\sdk\9.0.306\Microsoft.Common.CurrentVersion.targets(2433,5): warning MSB3245: Could not resolve this reference. Could not locate the assembly "Makaretu.Dns". Check to make sure the assembly exists on disk. If this reference is required by your code, you may get compilation errors. [C:\Source\OASIS-master\STAR ODK\STAR OAPP DNA Templates\NextGenSoftware.OASIS.STAR.DNATemplates.OAPP.Console.DLL\NextGenSoftware.OASIS.STAR.DNATemplates.OAPP.Console.DLL.csproj]
C:\Program Files\dotnet\sdk\9.0.306\Microsoft.Common.CurrentVersion.targets(2433,5): warning MSB3245: Could not resolve this reference. Could not locate the assembly "Makaretu.Dns.Multicast". Check to make sure the assembly exists on disk. If this reference is required by your code, you may get compilation errors. [C:\Source\OASIS-master\STAR ODK\STAR OAPP DNA Templates\NextGenSoftware.OASIS.STAR.DNATemplates.OAPP.Console.DLL\NextGenSoftware.OASIS.STAR.DNATemplates.OAPP.Console.DLL.csproj]
C:\Program Files\dotnet\sdk\9.0.306\Microsoft.Common.CurrentVersion.targets(2433,5): warning MSB3245: Could not resolve this reference. Could not locate the assembly "Makaretu.Dns.Unicast". Check to make sure the assembly exists on disk. If this reference is required by your code, you may get compilation errors. [C:\Source\OASIS-master\STAR ODK\STAR OAPP DNA Templates\NextGenSoftware.OASIS.STAR.DNATemplates.OAPP.Console.DLL\NextGenSoftware.OASIS.STAR.DNATemplates.OAPP.Console.DLL.csproj]
C:\Program Files\dotnet\sdk\9.0.306\Microsoft.Common.CurrentVersion.targets(2433,5): warning MSB3245: Could not resolve this reference. Could not locate the assembly "Makaretu.KBucket". Check to make sure the assembly exists on disk. If this reference is required by your code, you may get compilation errors. [C:\Source\OASIS-master\STAR ODK\STAR OAPP DNA Templates\NextGenSoftware.OASIS.STAR.DNATemplates.OAPP.Console.DLL\NextGenSoftware.OASIS.STAR.DNATemplates.OAPP.Console.DLL.csproj]
C:\Program Files\dotnet\sdk\9.0.306\Microsoft.Common.CurrentVersion.targets(2433,5): warning MSB3245: Could not resolve this reference. Could not locate the assembly "MessagePack". Check to make sure the assembly exists on disk. If this reference is required by your code, you may get compilation errors. [C:\Source\OASIS-master\STAR ODK\STAR OAPP DNA Templates\NextGenSoftware.OASIS.STAR.DNATemplates.OAPP.Console.DLL\NextGenSoftware.OASIS.STAR.DNATemplates.OAPP.Console.DLL.csproj]
C:\Program Files\dotnet\sdk\9.0.306\Microsoft.Common.CurrentVersion.targets(2433,5): warning MSB3245: Could not resolve this reference. Could not locate the assembly "MessagePack.Annotations". Check to make sure the assembly exists on disk. If this reference is required by your code, you may get compilation errors. [C:\Source\OASIS-master\STAR ODK\STAR OAPP DNA Templates\NextGenSoftware.OASIS.STAR.DNATemplates.OAPP.Console.DLL\NextGenSoftware.OASIS.STAR.DNATemplates.OAPP.Console.DLL.csproj]
C:\Program Files\dotnet\sdk\9.0.306\Microsoft.Common.CurrentVersion.targets(2433,5): warning MSB3245: Could not resolve this reference. Could not locate the assembly "Microsoft.AspNetCore.Authentication.JwtBearer". Check to make sure the assembly exists on disk. If this reference is required by your code, you may get compilation errors. [C:\Source\OASIS-master\STAR ODK\STAR OAPP DNA Templates\NextGenSoftware.OASIS.STAR.DNATemplates.OAPP.Console.DLL\NextGenSoftware.OASIS.STAR.DNATemplates.OAPP.Console.DLL.csproj]
C:\Program Files\dotnet\sdk\9.0.306\Microsoft.Common.CurrentVersion.targets(2433,5): warning MSB3245: Could not resolve this reference. Could not locate the assembly "Microsoft.Azure.Cosmos.Client". Check to make sure the assembly exists on disk. If this reference is required by your code, you may get compilation errors. [C:\Source\OASIS-master\STAR ODK\STAR OAPP DNA Templates\NextGenSoftware.OASIS.STAR.DNATemplates.OAPP.Console.DLL\NextGenSoftware.OASIS.STAR.DNATemplates.OAPP.Console.DLL.csproj]
C:\Program Files\dotnet\sdk\9.0.306\Microsoft.Common.CurrentVersion.targets(2433,5): warning MSB3245: Could not resolve this reference. Could not locate the assembly "Microsoft.Azure.Cosmos.Core". Check to make sure the assembly exists on disk. If this reference is required by your code, you may get compilation errors. [C:\Source\OASIS-master\STAR ODK\STAR OAPP DNA Templates\NextGenSoftware.OASIS.STAR.DNATemplates.OAPP.Console.DLL\NextGenSoftware.OASIS.STAR.DNATemplates.OAPP.Console.DLL.csproj]
C:\Program Files\dotnet\sdk\9.0.306\Microsoft.Common.CurrentVersion.targets(2433,5): warning MSB3245: Could not resolve this reference. Could not locate the assembly "Microsoft.Azure.Cosmos.Direct". Check to make sure the assembly exists on disk. If this reference is required by your code, you may get compilation errors. [C:\Source\OASIS-master\STAR ODK\STAR OAPP DNA Templates\NextGenSoftware.OASIS.STAR.DNATemplates.OAPP.Console.DLL\NextGenSoftware.OASIS.STAR.DNATemplates.OAPP.Console.DLL.csproj]
C:\Program Files\dotnet\sdk\9.0.306\Microsoft.Common.CurrentVersion.targets(2433,5): warning MSB3245: Could not resolve this reference. Could not locate the assembly "Microsoft.Azure.Cosmos.Serialization.HybridRow". Check to make sure the assembly exists on disk. If this reference is required by your code, you may get compilation errors. [C:\Source\OASIS-master\STAR ODK\STAR OAPP DNA Templates\NextGenSoftware.OASIS.STAR.DNATemplates.OAPP.Console.DLL\NextGenSoftware.OASIS.STAR.DNATemplates.OAPP.Console.DLL.csproj]
C:\Program Files\dotnet\sdk\9.0.306\Microsoft.Common.CurrentVersion.targets(2433,5): warning MSB3245: Could not resolve this reference. Could not locate the assembly "Microsoft.Azure.DocumentDB.Core". Check to make sure the assembly exists on disk. If this reference is required by your code, you may get compilation errors. [C:\Source\OASIS-master\STAR ODK\STAR OAPP DNA Templates\NextGenSoftware.OASIS.STAR.DNATemplates.OAPP.Console.DLL\NextGenSoftware.OASIS.STAR.DNATemplates.OAPP.Console.DLL.csproj]
C:\Program Files\dotnet\sdk\9.0.306\Microsoft.Common.CurrentVersion.targets(2433,5): warning MSB3245: Could not resolve this reference. Could not locate the assembly "Microsoft.Bcl.AsyncInterfaces". Check to make sure the assembly exists on disk. If this reference is required by your code, you may get compilation errors. [C:\Source\OASIS-master\STAR ODK\STAR OAPP DNA Templates\NextGenSoftware.OASIS.STAR.DNATemplates.OAPP.Console.DLL\NextGenSoftware.OASIS.STAR.DNATemplates.OAPP.Console.DLL.csproj]
C:\Program Files\dotnet\sdk\9.0.306\Microsoft.Common.CurrentVersion.targets(2433,5): warning MSB3245: Could not resolve this reference. Could not locate the assembly "Microsoft.Bcl.HashCode". Check to make sure the assembly exists on disk. If this reference is required by your code, you may get compilation errors. [C:\Source\OASIS-master\STAR ODK\STAR OAPP DNA Templates\NextGenSoftware.OASIS.STAR.DNATemplates.OAPP.Console.DLL\NextGenSoftware.OASIS.STAR.DNATemplates.OAPP.Console.DLL.csproj]
C:\Program Files\dotnet\sdk\9.0.306\Microsoft.Common.CurrentVersion.targets(2433,5): warning MSB3245: Could not resolve this reference. Could not locate the assembly "Microsoft.Data.Sqlite". Check to make sure the assembly exists on disk. If this reference is required by your code, you may get compilation errors. [C:\Source\OASIS-master\STAR ODK\STAR OAPP DNA Templates\NextGenSoftware.OASIS.STAR.DNATemplates.OAPP.Console.DLL\NextGenSoftware.OASIS.STAR.DNATemplates.OAPP.Console.DLL.csproj]
C:\Program Files\dotnet\sdk\9.0.306\Microsoft.Common.CurrentVersion.targets(2433,5): warning MSB3245: Could not resolve this reference. Could not locate the assembly "Microsoft.EntityFrameworkCore". Check to make sure the assembly exists on disk. If this reference is required by your code, you may get compilation errors. [C:\Source\OASIS-master\STAR ODK\STAR OAPP DNA Templates\NextGenSoftware.OASIS.STAR.DNATemplates.OAPP.Console.DLL\NextGenSoftware.OASIS.STAR.DNATemplates.OAPP.Console.DLL.csproj]
C:\Program Files\dotnet\sdk\9.0.306\Microsoft.Common.CurrentVersion.targets(2433,5): warning MSB3245: Could not resolve this reference. Could not locate the assembly "Microsoft.EntityFrameworkCore.Abstractions". Check to make sure the assembly exists on disk. If this reference is required by your code, you may get compilation errors. [C:\Source\OASIS-master\STAR ODK\STAR OAPP DNA Templates\NextGenSoftware.OASIS.STAR.DNATemplates.OAPP.Console.DLL\NextGenSoftware.OASIS.STAR.DNATemplates.OAPP.Console.DLL.csproj]
C:\Program Files\dotnet\sdk\9.0.306\Microsoft.Common.CurrentVersion.targets(2433,5): warning MSB3245: Could not resolve this reference. Could not locate the assembly "Microsoft.EntityFrameworkCore.Design". Check to make sure the assembly exists on disk. If this reference is required by your code, you may get compilation errors. [C:\Source\OASIS-master\STAR ODK\STAR OAPP DNA Templates\NextGenSoftware.OASIS.STAR.DNATemplates.OAPP.Console.DLL\NextGenSoftware.OASIS.STAR.DNATemplates.OAPP.Console.DLL.csproj]
C:\Program Files\dotnet\sdk\9.0.306\Microsoft.Common.CurrentVersion.targets(2433,5): warning MSB3245: Could not resolve this reference. Could not locate the assembly "Microsoft.EntityFrameworkCore.Relational". Check to make sure the assembly exists on disk. If this reference is required by your code, you may get compilation errors. [C:\Source\OASIS-master\STAR ODK\STAR OAPP DNA Templates\NextGenSoftware.OASIS.STAR.DNATemplates.OAPP.Console.DLL\NextGenSoftware.OASIS.STAR.DNATemplates.OAPP.Console.DLL.csproj]
C:\Program Files\dotnet\sdk\9.0.306\Microsoft.Common.CurrentVersion.targets(2433,5): warning MSB3245: Could not resolve this reference. Could not locate the assembly "Microsoft.EntityFrameworkCore.Sqlite". Check to make sure the assembly exists on disk. If this reference is required by your code, you may get compilation errors. [C:\Source\OASIS-master\STAR ODK\STAR OAPP DNA Templates\NextGenSoftware.OASIS.STAR.DNATemplates.OAPP.Console.DLL\NextGenSoftware.OASIS.STAR.DNATemplates.OAPP.Console.DLL.csproj]
C:\Program Files\dotnet\sdk\9.0.306\Microsoft.Common.CurrentVersion.targets(2433,5): warning MSB3245: Could not resolve this reference. Could not locate the assembly "Microsoft.Extensions.DependencyModel". Check to make sure the assembly exists on disk. If this reference is required by your code, you may get compilation errors. [C:\Source\OASIS-master\STAR ODK\STAR OAPP DNA Templates\NextGenSoftware.OASIS.STAR.DNATemplates.OAPP.Console.DLL\NextGenSoftware.OASIS.STAR.DNATemplates.OAPP.Console.DLL.csproj]
C:\Program Files\dotnet\sdk\9.0.306\Microsoft.Common.CurrentVersion.targets(2433,5): warning MSB3245: Could not resolve this reference. Could not locate the assembly "Microsoft.IdentityModel.Abstractions". Check to make sure the assembly exists on disk. If this reference is required by your code, you may get compilation errors. [C:\Source\OASIS-master\STAR ODK\STAR OAPP DNA Templates\NextGenSoftware.OASIS.STAR.DNATemplates.OAPP.Console.DLL\NextGenSoftware.OASIS.STAR.DNATemplates.OAPP.Console.DLL.csproj]
C:\Program Files\dotnet\sdk\9.0.306\Microsoft.Common.CurrentVersion.targets(2433,5): warning MSB3245: Could not resolve this reference. Could not locate the assembly "Microsoft.IdentityModel.JsonWebTokens". Check to make sure the assembly exists on disk. If this reference is required by your code, you may get compilation errors. [C:\Source\OASIS-master\STAR ODK\STAR OAPP DNA Templates\NextGenSoftware.OASIS.STAR.DNATemplates.OAPP.Console.DLL\NextGenSoftware.OASIS.STAR.DNATemplates.OAPP.Console.DLL.csproj]
C:\Program Files\dotnet\sdk\9.0.306\Microsoft.Common.CurrentVersion.targets(2433,5): warning MSB3245: Could not resolve this reference. Could not locate the assembly "Microsoft.IdentityModel.Logging". Check to make sure the assembly exists on disk. If this reference is required by your code, you may get compilation errors. [C:\Source\OASIS-master\STAR ODK\STAR OAPP DNA Templates\NextGenSoftware.OASIS.STAR.DNATemplates.OAPP.Console.DLL\NextGenSoftware.OASIS.STAR.DNATemplates.OAPP.Console.DLL.csproj]
C:\Program Files\dotnet\sdk\9.0.306\Microsoft.Common.CurrentVersion.targets(2433,5): warning MSB3245: Could not resolve this reference. Could not locate the assembly "Microsoft.IdentityModel.Protocols". Check to make sure the assembly exists on disk. If this reference is required by your code, you may get compilation errors. [C:\Source\OASIS-master\STAR ODK\STAR OAPP DNA Templates\NextGenSoftware.OASIS.STAR.DNATemplates.OAPP.Console.DLL\NextGenSoftware.OASIS.STAR.DNATemplates.OAPP.Console.DLL.csproj]
C:\Program Files\dotnet\sdk\9.0.306\Microsoft.Common.CurrentVersion.targets(2433,5): warning MSB3245: Could not resolve this reference. Could not locate the assembly "Microsoft.IdentityModel.Protocols.OpenIdConnect". Check to make sure the assembly exists on disk. If this reference is required by your code, you may get compilation errors. [C:\Source\OASIS-master\STAR ODK\STAR OAPP DNA Templates\NextGenSoftware.OASIS.STAR.DNATemplates.OAPP.Console.DLL\NextGenSoftware.OASIS.STAR.DNATemplates.OAPP.Console.DLL.csproj]
C:\Program Files\dotnet\sdk\9.0.306\Microsoft.Common.CurrentVersion.targets(2433,5): warning MSB3245: Could not resolve this reference. Could not locate the assembly "Microsoft.IdentityModel.Tokens". Check to make sure the assembly exists on disk. If this reference is required by your code, you may get compilation errors. [C:\Source\OASIS-master\STAR ODK\STAR OAPP DNA Templates\NextGenSoftware.OASIS.STAR.DNATemplates.OAPP.Console.DLL\NextGenSoftware.OASIS.STAR.DNATemplates.OAPP.Console.DLL.csproj]
C:\Program Files\dotnet\sdk\9.0.306\Microsoft.Common.CurrentVersion.targets(2433,5): warning MSB3245: Could not resolve this reference. Could not locate the assembly "Microsoft.NET.StringTools". Check to make sure the assembly exists on disk. If this reference is required by your code, you may get compilation errors. [C:\Source\OASIS-master\STAR ODK\STAR OAPP DNA Templates\NextGenSoftware.OASIS.STAR.DNATemplates.OAPP.Console.DLL\NextGenSoftware.OASIS.STAR.DNATemplates.OAPP.Console.DLL.csproj]
C:\Program Files\dotnet\sdk\9.0.306\Microsoft.Common.CurrentVersion.targets(2433,5): warning MSB3245: Could not resolve this reference. Could not locate the assembly "Microsoft.OpenApi". Check to make sure the assembly exists on disk. If this reference is required by your code, you may get compilation errors. [C:\Source\OASIS-master\STAR ODK\STAR OAPP DNA Templates\NextGenSoftware.OASIS.STAR.DNATemplates.OAPP.Console.DLL\NextGenSoftware.OASIS.STAR.DNATemplates.OAPP.Console.DLL.csproj]
C:\Program Files\dotnet\sdk\9.0.306\Microsoft.Common.CurrentVersion.targets(2433,5): warning MSB3245: Could not resolve this reference. Could not locate the assembly "Microsoft.Win32.SystemEvents". Check to make sure the assembly exists on disk. If this reference is required by your code, you may get compilation errors. [C:\Source\OASIS-master\STAR ODK\STAR OAPP DNA Templates\NextGenSoftware.OASIS.STAR.DNATemplates.OAPP.Console.DLL\NextGenSoftware.OASIS.STAR.DNATemplates.OAPP.Console.DLL.csproj]
C:\Program Files\dotnet\sdk\9.0.306\Microsoft.Common.CurrentVersion.targets(2433,5): warning MSB3245: Could not resolve this reference. Could not locate the assembly "MimeKit". Check to make sure the assembly exists on disk. If this reference is required by your code, you may get compilation errors. [C:\Source\OASIS-master\STAR ODK\STAR OAPP DNA Templates\NextGenSoftware.OASIS.STAR.DNATemplates.OAPP.Console.DLL\NextGenSoftware.OASIS.STAR.DNATemplates.OAPP.Console.DLL.csproj]
C:\Program Files\dotnet\sdk\9.0.306\Microsoft.Common.CurrentVersion.targets(2433,5): warning MSB3245: Could not resolve this reference. Could not locate the assembly "MongoDB.Bson". Check to make sure the assembly exists on disk. If this reference is required by your code, you may get compilation errors. [C:\Source\OASIS-master\STAR ODK\STAR OAPP DNA Templates\NextGenSoftware.OASIS.STAR.DNATemplates.OAPP.Console.DLL\NextGenSoftware.OASIS.STAR.DNATemplates.OAPP.Console.DLL.csproj]
C:\Program Files\dotnet\sdk\9.0.306\Microsoft.Common.CurrentVersion.targets(2433,5): warning MSB3245: Could not resolve this reference. Could not locate the assembly "MongoDB.Driver". Check to make sure the assembly exists on disk. If this reference is required by your code, you may get compilation errors. [C:\Source\OASIS-master\STAR ODK\STAR OAPP DNA Templates\NextGenSoftware.OASIS.STAR.DNATemplates.OAPP.Console.DLL\NextGenSoftware.OASIS.STAR.DNATemplates.OAPP.Console.DLL.csproj]
C:\Program Files\dotnet\sdk\9.0.306\Microsoft.Common.CurrentVersion.targets(2433,5): warning MSB3245: Could not resolve this reference. Could not locate the assembly "MongoDB.Driver.Core". Check to make sure the assembly exists on disk. If this reference is required by your code, you may get compilation errors. [C:\Source\OASIS-master\STAR ODK\STAR OAPP DNA Templates\NextGenSoftware.OASIS.STAR.DNATemplates.OAPP.Console.DLL\NextGenSoftware.OASIS.STAR.DNATemplates.OAPP.Console.DLL.csproj]
C:\Program Files\dotnet\sdk\9.0.306\Microsoft.Common.CurrentVersion.targets(2433,5): warning MSB3245: Could not resolve this reference. Could not locate the assembly "MongoDB.Libmongocrypt". Check to make sure the assembly exists on disk. If this reference is required by your code, you may get compilation errors. [C:\Source\OASIS-master\STAR ODK\STAR OAPP DNA Templates\NextGenSoftware.OASIS.STAR.DNATemplates.OAPP.Console.DLL\NextGenSoftware.OASIS.STAR.DNATemplates.OAPP.Console.DLL.csproj]
C:\Program Files\dotnet\sdk\9.0.306\Microsoft.Common.CurrentVersion.targets(2433,5): warning MSB3245: Could not resolve this reference. Could not locate the assembly "NBitcoin.Secp256k1". Check to make sure the assembly exists on disk. If this reference is required by your code, you may get compilation errors. [C:\Source\OASIS-master\STAR ODK\STAR OAPP DNA Templates\NextGenSoftware.OASIS.STAR.DNATemplates.OAPP.Console.DLL\NextGenSoftware.OASIS.STAR.DNATemplates.OAPP.Console.DLL.csproj]
C:\Program Files\dotnet\sdk\9.0.306\Microsoft.Common.CurrentVersion.targets(2433,5): warning MSB3245: Could not resolve this reference. Could not locate the assembly "Neo4j.Driver". Check to make sure the assembly exists on disk. If this reference is required by your code, you may get compilation errors. [C:\Source\OASIS-master\STAR ODK\STAR OAPP DNA Templates\NextGenSoftware.OASIS.STAR.DNATemplates.OAPP.Console.DLL\NextGenSoftware.OASIS.STAR.DNATemplates.OAPP.Console.DLL.csproj]
C:\Program Files\dotnet\sdk\9.0.306\Microsoft.Common.CurrentVersion.targets(2433,5): warning MSB3245: Could not resolve this reference. Could not locate the assembly "Neo4j.Driver.Simple". Check to make sure the assembly exists on disk. If this reference is required by your code, you may get compilation errors. [C:\Source\OASIS-master\STAR ODK\STAR OAPP DNA Templates\NextGenSoftware.OASIS.STAR.DNATemplates.OAPP.Console.DLL\NextGenSoftware.OASIS.STAR.DNATemplates.OAPP.Console.DLL.csproj]
C:\Program Files\dotnet\sdk\9.0.306\Microsoft.Common.CurrentVersion.targets(2433,5): warning MSB3245: Could not resolve this reference. Could not locate the assembly "Nethereum.ABI". Check to make sure the assembly exists on disk. If this reference is required by your code, you may get compilation errors. [C:\Source\OASIS-master\STAR ODK\STAR OAPP DNA Templates\NextGenSoftware.OASIS.STAR.DNATemplates.OAPP.Console.DLL\NextGenSoftware.OASIS.STAR.DNATemplates.OAPP.Console.DLL.csproj]
C:\Program Files\dotnet\sdk\9.0.306\Microsoft.Common.CurrentVersion.targets(2433,5): warning MSB3245: Could not resolve this reference. Could not locate the assembly "Nethereum.Accounts". Check to make sure the assembly exists on disk. If this reference is required by your code, you may get compilation errors. [C:\Source\OASIS-master\STAR ODK\STAR OAPP DNA Templates\NextGenSoftware.OASIS.STAR.DNATemplates.OAPP.Console.DLL\NextGenSoftware.OASIS.STAR.DNATemplates.OAPP.Console.DLL.csproj]
C:\Program Files\dotnet\sdk\9.0.306\Microsoft.Common.CurrentVersion.targets(2433,5): warning MSB3245: Could not resolve this reference. Could not locate the assembly "Nethereum.BlockchainProcessing". Check to make sure the assembly exists on disk. If this reference is required by your code, you may get compilation errors. [C:\Source\OASIS-master\STAR ODK\STAR OAPP DNA Templates\NextGenSoftware.OASIS.STAR.DNATemplates.OAPP.Console.DLL\NextGenSoftware.OASIS.STAR.DNATemplates.OAPP.Console.DLL.csproj]
C:\Program Files\dotnet\sdk\9.0.306\Microsoft.Common.CurrentVersion.targets(2433,5): warning MSB3245: Could not resolve this reference. Could not locate the assembly "Nethereum.Contracts". Check to make sure the assembly exists on disk. If this reference is required by your code, you may get compilation errors. [C:\Source\OASIS-master\STAR ODK\STAR OAPP DNA Templates\NextGenSoftware.OASIS.STAR.DNATemplates.OAPP.Console.DLL\NextGenSoftware.OASIS.STAR.DNATemplates.OAPP.Console.DLL.csproj]
C:\Program Files\dotnet\sdk\9.0.306\Microsoft.Common.CurrentVersion.targets(2433,5): warning MSB3245: Could not resolve this reference. Could not locate the assembly "Nethereum.Hex". Check to make sure the assembly exists on disk. If this reference is required by your code, you may get compilation errors. [C:\Source\OASIS-master\STAR ODK\STAR OAPP DNA Templates\NextGenSoftware.OASIS.STAR.DNATemplates.OAPP.Console.DLL\NextGenSoftware.OASIS.STAR.DNATemplates.OAPP.Console.DLL.csproj]
C:\Program Files\dotnet\sdk\9.0.306\Microsoft.Common.CurrentVersion.targets(2433,5): warning MSB3245: Could not resolve this reference. Could not locate the assembly "Nethereum.JsonRpc.Client". Check to make sure the assembly exists on disk. If this reference is required by your code, you may get compilation errors. [C:\Source\OASIS-master\STAR ODK\STAR OAPP DNA Templates\NextGenSoftware.OASIS.STAR.DNATemplates.OAPP.Console.DLL\NextGenSoftware.OASIS.STAR.DNATemplates.OAPP.Console.DLL.csproj]
C:\Program Files\dotnet\sdk\9.0.306\Microsoft.Common.CurrentVersion.targets(2433,5): warning MSB3245: Could not resolve this reference. Could not locate the assembly "Nethereum.JsonRpc.RpcClient". Check to make sure the assembly exists on disk. If this reference is required by your code, you may get compilation errors. [C:\Source\OASIS-master\STAR ODK\STAR OAPP DNA Templates\NextGenSoftware.OASIS.STAR.DNATemplates.OAPP.Console.DLL\NextGenSoftware.OASIS.STAR.DNATemplates.OAPP.Console.DLL.csproj]
C:\Program Files\dotnet\sdk\9.0.306\Microsoft.Common.CurrentVersion.targets(2433,5): warning MSB3245: Could not resolve this reference. Could not locate the assembly "Nethereum.KeyStore". Check to make sure the assembly exists on disk. If this reference is required by your code, you may get compilation errors. [C:\Source\OASIS-master\STAR ODK\STAR OAPP DNA Templates\NextGenSoftware.OASIS.STAR.DNATemplates.OAPP.Console.DLL\NextGenSoftware.OASIS.STAR.DNATemplates.OAPP.Console.DLL.csproj]
C:\Program Files\dotnet\sdk\9.0.306\Microsoft.Common.CurrentVersion.targets(2433,5): warning MSB3245: Could not resolve this reference. Could not locate the assembly "Nethereum.Model". Check to make sure the assembly exists on disk. If this reference is required by your code, you may get compilation errors. [C:\Source\OASIS-master\STAR ODK\STAR OAPP DNA Templates\NextGenSoftware.OASIS.STAR.DNATemplates.OAPP.Console.DLL\NextGenSoftware.OASIS.STAR.DNATemplates.OAPP.Console.DLL.csproj]
C:\Program Files\dotnet\sdk\9.0.306\Microsoft.Common.CurrentVersion.targets(2433,5): warning MSB3245: Could not resolve this reference. Could not locate the assembly "Nethereum.RLP". Check to make sure the assembly exists on disk. If this reference is required by your code, you may get compilation errors. [C:\Source\OASIS-master\STAR ODK\STAR OAPP DNA Templates\NextGenSoftware.OASIS.STAR.DNATemplates.OAPP.Console.DLL\NextGenSoftware.OASIS.STAR.DNATemplates.OAPP.Console.DLL.csproj]
C:\Program Files\dotnet\sdk\9.0.306\Microsoft.Common.CurrentVersion.targets(2433,5): warning MSB3245: Could not resolve this reference. Could not locate the assembly "Nethereum.RPC". Check to make sure the assembly exists on disk. If this reference is required by your code, you may get compilation errors. [C:\Source\OASIS-master\STAR ODK\STAR OAPP DNA Templates\NextGenSoftware.OASIS.STAR.DNATemplates.OAPP.Console.DLL\NextGenSoftware.OASIS.STAR.DNATemplates.OAPP.Console.DLL.csproj]
C:\Program Files\dotnet\sdk\9.0.306\Microsoft.Common.CurrentVersion.targets(2433,5): warning MSB3245: Could not resolve this reference. Could not locate the assembly "Nethereum.Signer". Check to make sure the assembly exists on disk. If this reference is required by your code, you may get compilation errors. [C:\Source\OASIS-master\STAR ODK\STAR OAPP DNA Templates\NextGenSoftware.OASIS.STAR.DNATemplates.OAPP.Console.DLL\NextGenSoftware.OASIS.STAR.DNATemplates.OAPP.Console.DLL.csproj]
C:\Program Files\dotnet\sdk\9.0.306\Microsoft.Common.CurrentVersion.targets(2433,5): warning MSB3245: Could not resolve this reference. Could not locate the assembly "Nethereum.Util". Check to make sure the assembly exists on disk. If this reference is required by your code, you may get compilation errors. [C:\Source\OASIS-master\STAR ODK\STAR OAPP DNA Templates\NextGenSoftware.OASIS.STAR.DNATemplates.OAPP.Console.DLL\NextGenSoftware.OASIS.STAR.DNATemplates.OAPP.Console.DLL.csproj]
C:\Program Files\dotnet\sdk\9.0.306\Microsoft.Common.CurrentVersion.targets(2433,5): warning MSB3245: Could not resolve this reference. Could not locate the assembly "Nethereum.Web3". Check to make sure the assembly exists on disk. If this reference is required by your code, you may get compilation errors. [C:\Source\OASIS-master\STAR ODK\STAR OAPP DNA Templates\NextGenSoftware.OASIS.STAR.DNATemplates.OAPP.Console.DLL\NextGenSoftware.OASIS.STAR.DNATemplates.OAPP.Console.DLL.csproj]
C:\Program Files\dotnet\sdk\9.0.306\Microsoft.Common.CurrentVersion.targets(2433,5): warning MSB3245: Could not resolve this reference. Could not locate the assembly "Newtonsoft.Json". Check to make sure the assembly exists on disk. If this reference is required by your code, you may get compilation errors. [C:\Source\OASIS-master\STAR ODK\STAR OAPP DNA Templates\NextGenSoftware.OASIS.STAR.DNATemplates.OAPP.Console.DLL\NextGenSoftware.OASIS.STAR.DNATemplates.OAPP.Console.DLL.csproj]
C:\Program Files\dotnet\sdk\9.0.306\Microsoft.Common.CurrentVersion.targets(2433,5): warning MSB3245: Could not resolve this reference. Could not locate the assembly "Newtonsoft.Json.Bson". Check to make sure the assembly exists on disk. If this reference is required by your code, you may get compilation errors. [C:\Source\OASIS-master\STAR ODK\STAR OAPP DNA Templates\NextGenSoftware.OASIS.STAR.DNATemplates.OAPP.Console.DLL\NextGenSoftware.OASIS.STAR.DNATemplates.OAPP.Console.DLL.csproj]
C:\Program Files\dotnet\sdk\9.0.306\Microsoft.Common.CurrentVersion.targets(2433,5): warning MSB3245: Could not resolve this reference. Could not locate the assembly "NextGenSoftware.CLI.Engine". Check to make sure the assembly exists on disk. If this reference is required by your code, you may get compilation errors. [C:\Source\OASIS-master\STAR ODK\STAR OAPP DNA Templates\NextGenSoftware.OASIS.STAR.DNATemplates.OAPP.Console.DLL\NextGenSoftware.OASIS.STAR.DNATemplates.OAPP.Console.DLL.csproj]
C:\Program Files\dotnet\sdk\9.0.306\Microsoft.Common.CurrentVersion.targets(2433,5): warning MSB3245: Could not resolve this reference. Could not locate the assembly "NextGenSoftware.ErrorHandling". Check to make sure the assembly exists on disk. If this reference is required by your code, you may get compilation errors. [C:\Source\OASIS-master\STAR ODK\STAR OAPP DNA Templates\NextGenSoftware.OASIS.STAR.DNATemplates.OAPP.Console.DLL\NextGenSoftware.OASIS.STAR.DNATemplates.OAPP.Console.DLL.csproj]
C:\Program Files\dotnet\sdk\9.0.306\Microsoft.Common.CurrentVersion.targets(2433,5): warning MSB3245: Could not resolve this reference. Could not locate the assembly "NextGenSoftware.Holochain.HoloNET.Client". Check to make sure the assembly exists on disk. If this reference is required by your code, you may get compilation errors. [C:\Source\OASIS-master\STAR ODK\STAR OAPP DNA Templates\NextGenSoftware.OASIS.STAR.DNATemplates.OAPP.Console.DLL\NextGenSoftware.OASIS.STAR.DNATemplates.OAPP.Console.DLL.csproj]
C:\Program Files\dotnet\sdk\9.0.306\Microsoft.Common.CurrentVersion.targets(2433,5): warning MSB3245: Could not resolve this reference. Could not locate the assembly "NextGenSoftware.Holochain.HoloNET.ORM". Check to make sure the assembly exists on disk. If this reference is required by your code, you may get compilation errors. [C:\Source\OASIS-master\STAR ODK\STAR OAPP DNA Templates\NextGenSoftware.OASIS.STAR.DNATemplates.OAPP.Console.DLL\NextGenSoftware.OASIS.STAR.DNATemplates.OAPP.Console.DLL.csproj]
C:\Program Files\dotnet\sdk\9.0.306\Microsoft.Common.CurrentVersion.targets(2433,5): warning MSB3245: Could not resolve this reference. Could not locate the assembly "NextGenSoftware.Logging". Check to make sure the assembly exists on disk. If this reference is required by your code, you may get compilation errors. [C:\Source\OASIS-master\STAR ODK\STAR OAPP DNA Templates\NextGenSoftware.OASIS.STAR.DNATemplates.OAPP.Console.DLL\NextGenSoftware.OASIS.STAR.DNATemplates.OAPP.Console.DLL.csproj]
C:\Program Files\dotnet\sdk\9.0.306\Microsoft.Common.CurrentVersion.targets(2433,5): warning MSB3245: Could not resolve this reference. Could not locate the assembly "NextGenSoftware.Logging.NLog". Check to make sure the assembly exists on disk. If this reference is required by your code, you may get compilation errors. [C:\Source\OASIS-master\STAR ODK\STAR OAPP DNA Templates\NextGenSoftware.OASIS.STAR.DNATemplates.OAPP.Console.DLL\NextGenSoftware.OASIS.STAR.DNATemplates.OAPP.Console.DLL.csproj]
C:\Program Files\dotnet\sdk\9.0.306\Microsoft.Common.CurrentVersion.targets(2433,5): warning MSB3245: Could not resolve this reference. Could not locate the assembly "NextGenSoftware.OASIS.API.Core". Check to make sure the assembly exists on disk. If this reference is required by your code, you may get compilation errors. [C:\Source\OASIS-master\STAR ODK\STAR OAPP DNA Templates\NextGenSoftware.OASIS.STAR.DNATemplates.OAPP.Console.DLL\NextGenSoftware.OASIS.STAR.DNATemplates.OAPP.Console.DLL.csproj]
C:\Program Files\dotnet\sdk\9.0.306\Microsoft.Common.CurrentVersion.targets(2433,5): warning MSB3245: Could not resolve this reference. Could not locate the assembly "NextGenSoftware.OASIS.API.Core.Apollo.Server". Check to make sure the assembly exists on disk. If this reference is required by your code, you may get compilation errors. [C:\Source\OASIS-master\STAR ODK\STAR OAPP DNA Templates\NextGenSoftware.OASIS.STAR.DNATemplates.OAPP.Console.DLL\NextGenSoftware.OASIS.STAR.DNATemplates.OAPP.Console.DLL.csproj]
C:\Program Files\dotnet\sdk\9.0.306\Microsoft.Common.CurrentVersion.targets(2433,5): warning MSB3245: Could not resolve this reference. Could not locate the assembly "NextGenSoftware.OASIS.API.COSMIC". Check to make sure the assembly exists on disk. If this reference is required by your code, you may get compilation errors. [C:\Source\OASIS-master\STAR ODK\STAR OAPP DNA Templates\NextGenSoftware.OASIS.STAR.DNATemplates.OAPP.Console.DLL\NextGenSoftware.OASIS.STAR.DNATemplates.OAPP.Console.DLL.csproj]
C:\Program Files\dotnet\sdk\9.0.306\Microsoft.Common.CurrentVersion.targets(2433,5): warning MSB3245: Could not resolve this reference. Could not locate the assembly "NextGenSoftware.OASIS.API.DNA". Check to make sure the assembly exists on disk. If this reference is required by your code, you may get compilation errors. [C:\Source\OASIS-master\STAR ODK\STAR OAPP DNA Templates\NextGenSoftware.OASIS.STAR.DNATemplates.OAPP.Console.DLL\NextGenSoftware.OASIS.STAR.DNATemplates.OAPP.Console.DLL.csproj]
C:\Program Files\dotnet\sdk\9.0.306\Microsoft.Common.CurrentVersion.targets(2433,5): warning MSB3245: Could not resolve this reference. Could not locate the assembly "NextGenSoftware.OASIS.API.Native.Integrated.EndPoint". Check to make sure the assembly exists on disk. If this reference is required by your code, you may get compilation errors. [C:\Source\OASIS-master\STAR ODK\STAR OAPP DNA Templates\NextGenSoftware.OASIS.STAR.DNATemplates.OAPP.Console.DLL\NextGenSoftware.OASIS.STAR.DNATemplates.OAPP.Console.DLL.csproj]
C:\Program Files\dotnet\sdk\9.0.306\Microsoft.Common.CurrentVersion.targets(2433,5): warning MSB3245: Could not resolve this reference. Could not locate the assembly "NextGenSoftware.OASIS.API.ONODEONODE.Core". Check to make sure the assembly exists on disk. If this reference is required by your code, you may get compilation errors. [C:\Source\OASIS-master\STAR ODK\STAR OAPP DNA Templates\NextGenSoftware.OASIS.STAR.DNATemplates.OAPP.Console.DLL\NextGenSoftware.OASIS.STAR.DNATemplates.OAPP.Console.DLL.csproj]
C:\Program Files\dotnet\sdk\9.0.306\Microsoft.Common.CurrentVersion.targets(2433,5): warning MSB3245: Could not resolve this reference. Could not locate the assembly "NextGenSoftware.OASIS.API.ONODEONODE.WebAPI". Check to make sure the assembly exists on disk. If this reference is required by your code, you may get compilation errors. [C:\Source\OASIS-master\STAR ODK\STAR OAPP DNA Templates\NextGenSoftware.OASIS.STAR.DNATemplates.OAPP.Console.DLL\NextGenSoftware.OASIS.STAR.DNATemplates.OAPP.Console.DLL.csproj]
C:\Program Files\dotnet\sdk\9.0.306\Microsoft.Common.CurrentVersion.targets(2433,5): warning MSB3245: Could not resolve this reference. Could not locate the assembly "NextGenSoftware.OASIS.API.Providers.ActivityPubOASIS". Check to make sure the assembly exists on disk. If this reference is required by your code, you may get compilation errors. [C:\Source\OASIS-master\STAR ODK\STAR OAPP DNA Templates\NextGenSoftware.OASIS.STAR.DNATemplates.OAPP.Console.DLL\NextGenSoftware.OASIS.STAR.DNATemplates.OAPP.Console.DLL.csproj]
C:\Program Files\dotnet\sdk\9.0.306\Microsoft.Common.CurrentVersion.targets(2433,5): warning MSB3245: Could not resolve this reference. Could not locate the assembly "NextGenSoftware.OASIS.API.Providers.AzureCosmosDBOASIS". Check to make sure the assembly exists on disk. If this reference is required by your code, you may get compilation errors. [C:\Source\OASIS-master\STAR ODK\STAR OAPP DNA Templates\NextGenSoftware.OASIS.STAR.DNATemplates.OAPP.Console.DLL\NextGenSoftware.OASIS.STAR.DNATemplates.OAPP.Console.DLL.csproj]
C:\Program Files\dotnet\sdk\9.0.306\Microsoft.Common.CurrentVersion.targets(2433,5): warning MSB3245: Could not resolve this reference. Could not locate the assembly "NextGenSoftware.OASIS.API.Providers.BlockStackOASIS". Check to make sure the assembly exists on disk. If this reference is required by your code, you may get compilation errors. [C:\Source\OASIS-master\STAR ODK\STAR OAPP DNA Templates\NextGenSoftware.OASIS.STAR.DNATemplates.OAPP.Console.DLL\NextGenSoftware.OASIS.STAR.DNATemplates.OAPP.Console.DLL.csproj]
C:\Program Files\dotnet\sdk\9.0.306\Microsoft.Common.CurrentVersion.targets(2433,5): warning MSB3245: Could not resolve this reference. Could not locate the assembly "NextGenSoftware.OASIS.API.Providers.ChainLinkOASIS". Check to make sure the assembly exists on disk. If this reference is required by your code, you may get compilation errors. [C:\Source\OASIS-master\STAR ODK\STAR OAPP DNA Templates\NextGenSoftware.OASIS.STAR.DNATemplates.OAPP.Console.DLL\NextGenSoftware.OASIS.STAR.DNATemplates.OAPP.Console.DLL.csproj]
C:\Program Files\dotnet\sdk\9.0.306\Microsoft.Common.CurrentVersion.targets(2433,5): warning MSB3245: Could not resolve this reference. Could not locate the assembly "NextGenSoftware.OASIS.API.Providers.EOSIOOASIS". Check to make sure the assembly exists on disk. If this reference is required by your code, you may get compilation errors. [C:\Source\OASIS-master\STAR ODK\STAR OAPP DNA Templates\NextGenSoftware.OASIS.STAR.DNATemplates.OAPP.Console.DLL\NextGenSoftware.OASIS.STAR.DNATemplates.OAPP.Console.DLL.csproj]
C:\Program Files\dotnet\sdk\9.0.306\Microsoft.Common.CurrentVersion.targets(2433,5): warning MSB3245: Could not resolve this reference. Could not locate the assembly "NextGenSoftware.OASIS.API.Providers.EthereumOASIS". Check to make sure the assembly exists on disk. If this reference is required by your code, you may get compilation errors. [C:\Source\OASIS-master\STAR ODK\STAR OAPP DNA Templates\NextGenSoftware.OASIS.STAR.DNATemplates.OAPP.Console.DLL\NextGenSoftware.OASIS.STAR.DNATemplates.OAPP.Console.DLL.csproj]
C:\Program Files\dotnet\sdk\9.0.306\Microsoft.Common.CurrentVersion.targets(2433,5): warning MSB3245: Could not resolve this reference. Could not locate the assembly "NextGenSoftware.OASIS.API.Providers.HashgraphOASIS". Check to make sure the assembly exists on disk. If this reference is required by your code, you may get compilation errors. [C:\Source\OASIS-master\STAR ODK\STAR OAPP DNA Templates\NextGenSoftware.OASIS.STAR.DNATemplates.OAPP.Console.DLL\NextGenSoftware.OASIS.STAR.DNATemplates.OAPP.Console.DLL.csproj]
C:\Program Files\dotnet\sdk\9.0.306\Microsoft.Common.CurrentVersion.targets(2433,5): warning MSB3245: Could not resolve this reference. Could not locate the assembly "NextGenSoftware.OASIS.API.Providers.HoloOASIS". Check to make sure the assembly exists on disk. If this reference is required by your code, you may get compilation errors. [C:\Source\OASIS-master\STAR ODK\STAR OAPP DNA Templates\NextGenSoftware.OASIS.STAR.DNATemplates.OAPP.Console.DLL\NextGenSoftware.OASIS.STAR.DNATemplates.OAPP.Console.DLL.csproj]
C:\Program Files\dotnet\sdk\9.0.306\Microsoft.Common.CurrentVersion.targets(2433,5): warning MSB3245: Could not resolve this reference. Could not locate the assembly "NextGenSoftware.OASIS.API.Providers.HoloWebOASIS". Check to make sure the assembly exists on disk. If this reference is required by your code, you may get compilation errors. [C:\Source\OASIS-master\STAR ODK\STAR OAPP DNA Templates\NextGenSoftware.OASIS.STAR.DNATemplates.OAPP.Console.DLL\NextGenSoftware.OASIS.STAR.DNATemplates.OAPP.Console.DLL.csproj]
C:\Program Files\dotnet\sdk\9.0.306\Microsoft.Common.CurrentVersion.targets(2433,5): warning MSB3245: Could not resolve this reference. Could not locate the assembly "NextGenSoftware.OASIS.API.Providers.IPFSOASIS". Check to make sure the assembly exists on disk. If this reference is required by your code, you may get compilation errors. [C:\Source\OASIS-master\STAR ODK\STAR OAPP DNA Templates\NextGenSoftware.OASIS.STAR.DNATemplates.OAPP.Console.DLL\NextGenSoftware.OASIS.STAR.DNATemplates.OAPP.Console.DLL.csproj]
C:\Program Files\dotnet\sdk\9.0.306\Microsoft.Common.CurrentVersion.targets(2433,5): warning MSB3245: Could not resolve this reference. Could not locate the assembly "NextGenSoftware.OASIS.API.Providers.LocalFileOASIS". Check to make sure the assembly exists on disk. If this reference is required by your code, you may get compilation errors. [C:\Source\OASIS-master\STAR ODK\STAR OAPP DNA Templates\NextGenSoftware.OASIS.STAR.DNATemplates.OAPP.Console.DLL\NextGenSoftware.OASIS.STAR.DNATemplates.OAPP.Console.DLL.csproj]
C:\Program Files\dotnet\sdk\9.0.306\Microsoft.Common.CurrentVersion.targets(2433,5): warning MSB3245: Could not resolve this reference. Could not locate the assembly "NextGenSoftware.OASIS.API.Providers.MongoDBOASIS". Check to make sure the assembly exists on disk. If this reference is required by your code, you may get compilation errors. [C:\Source\OASIS-master\STAR ODK\STAR OAPP DNA Templates\NextGenSoftware.OASIS.STAR.DNATemplates.OAPP.Console.DLL\NextGenSoftware.OASIS.STAR.DNATemplates.OAPP.Console.DLL.csproj]
C:\Program Files\dotnet\sdk\9.0.306\Microsoft.Common.CurrentVersion.targets(2433,5): warning MSB3245: Could not resolve this reference. Could not locate the assembly "NextGenSoftware.OASIS.API.Providers.Neo4jOASIS.Aura". Check to make sure the assembly exists on disk. If this reference is required by your code, you may get compilation errors. [C:\Source\OASIS-master\STAR ODK\STAR OAPP DNA Templates\NextGenSoftware.OASIS.STAR.DNATemplates.OAPP.Console.DLL\NextGenSoftware.OASIS.STAR.DNATemplates.OAPP.Console.DLL.csproj]
C:\Program Files\dotnet\sdk\9.0.306\Microsoft.Common.CurrentVersion.targets(2433,5): warning MSB3245: Could not resolve this reference. Could not locate the assembly "NextGenSoftware.OASIS.API.Providers.PLANOASIS". Check to make sure the assembly exists on disk. If this reference is required by your code, you may get compilation errors. [C:\Source\OASIS-master\STAR ODK\STAR OAPP DNA Templates\NextGenSoftware.OASIS.STAR.DNATemplates.OAPP.Console.DLL\NextGenSoftware.OASIS.STAR.DNATemplates.OAPP.Console.DLL.csproj]
C:\Program Files\dotnet\sdk\9.0.306\Microsoft.Common.CurrentVersion.targets(2433,5): warning MSB3245: Could not resolve this reference. Could not locate the assembly "NextGenSoftware.OASIS.API.Providers.ScuttlebuttOASIS". Check to make sure the assembly exists on disk. If this reference is required by your code, you may get compilation errors. [C:\Source\OASIS-master\STAR ODK\STAR OAPP DNA Templates\NextGenSoftware.OASIS.STAR.DNATemplates.OAPP.Console.DLL\NextGenSoftware.OASIS.STAR.DNATemplates.OAPP.Console.DLL.csproj]
C:\Program Files\dotnet\sdk\9.0.306\Microsoft.Common.CurrentVersion.targets(2433,5): warning MSB3245: Could not resolve this reference. Could not locate the assembly "NextGenSoftware.OASIS.API.Providers.SEEDSOASIS". Check to make sure the assembly exists on disk. If this reference is required by your code, you may get compilation errors. [C:\Source\OASIS-master\STAR ODK\STAR OAPP DNA Templates\NextGenSoftware.OASIS.STAR.DNATemplates.OAPP.Console.DLL\NextGenSoftware.OASIS.STAR.DNATemplates.OAPP.Console.DLL.csproj]
C:\Program Files\dotnet\sdk\9.0.306\Microsoft.Common.CurrentVersion.targets(2433,5): warning MSB3245: Could not resolve this reference. Could not locate the assembly "NextGenSoftware.OASIS.API.Providers.SOLANAOASIS". Check to make sure the assembly exists on disk. If this reference is required by your code, you may get compilation errors. [C:\Source\OASIS-master\STAR ODK\STAR OAPP DNA Templates\NextGenSoftware.OASIS.STAR.DNATemplates.OAPP.Console.DLL\NextGenSoftware.OASIS.STAR.DNATemplates.OAPP.Console.DLL.csproj]
C:\Program Files\dotnet\sdk\9.0.306\Microsoft.Common.CurrentVersion.targets(2433,5): warning MSB3245: Could not resolve this reference. Could not locate the assembly "NextGenSoftware.OASIS.API.Providers.SOLIDOASIS". Check to make sure the assembly exists on disk. If this reference is required by your code, you may get compilation errors. [C:\Source\OASIS-master\STAR ODK\STAR OAPP DNA Templates\NextGenSoftware.OASIS.STAR.DNATemplates.OAPP.Console.DLL\NextGenSoftware.OASIS.STAR.DNATemplates.OAPP.Console.DLL.csproj]
C:\Program Files\dotnet\sdk\9.0.306\Microsoft.Common.CurrentVersion.targets(2433,5): warning MSB3245: Could not resolve this reference. Could not locate the assembly "NextGenSoftware.OASIS.API.Providers.SQLLiteDBOASIS". Check to make sure the assembly exists on disk. If this reference is required by your code, you may get compilation errors. [C:\Source\OASIS-master\STAR ODK\STAR OAPP DNA Templates\NextGenSoftware.OASIS.STAR.DNATemplates.OAPP.Console.DLL\NextGenSoftware.OASIS.STAR.DNATemplates.OAPP.Console.DLL.csproj]
C:\Source\OASIS-master\External Libs\Spectre.Console\Spectre.Console\AnsiConsole.cs(10,32): warning CS8632: The annotation for nullable reference types should only be used in code within a '#nullable' annotations context. [C:\Source\OASIS-master\External Libs\Spectre.Console\Spectre.Console\Spectre.Console.csproj::TargetFramework=netstandard2.0]
C:\Program Files\dotnet\sdk\9.0.306\Microsoft.Common.CurrentVersion.targets(2433,5): warning MSB3245: Could not resolve this reference. Could not locate the assembly "NextGenSoftware.OASIS.API.Providers.TelosOASIS". Check to make sure the assembly exists on disk. If this reference is required by your code, you may get compilation errors. [C:\Source\OASIS-master\STAR ODK\STAR OAPP DNA Templates\NextGenSoftware.OASIS.STAR.DNATemplates.OAPP.Console.DLL\NextGenSoftware.OASIS.STAR.DNATemplates.OAPP.Console.DLL.csproj]
C:\Source\OASIS-master\External Libs\Spectre.Console\Spectre.Console\Extensions\Progress\StatusExtensions.cs(51,68): warning CS8632: The annotation for nullable reference types should only be used in code within a '#nullable' annotations context. [C:\Source\OASIS-master\External Libs\Spectre.Console\Spectre.Console\Spectre.Console.csproj::TargetFramework=netstandard2.0]
C:\Program Files\dotnet\sdk\9.0.306\Microsoft.Common.CurrentVersion.targets(2433,5): warning MSB3245: Could not resolve this reference. Could not locate the assembly "NextGenSoftware.OASIS.API.Providers.ThreeFoldOASIS". Check to make sure the assembly exists on disk. If this reference is required by your code, you may get compilation errors. [C:\Source\OASIS-master\STAR ODK\STAR OAPP DNA Templates\NextGenSoftware.OASIS.STAR.DNATemplates.OAPP.Console.DLL\NextGenSoftware.OASIS.STAR.DNATemplates.OAPP.Console.DLL.csproj]
C:\Program Files\dotnet\sdk\9.0.306\Microsoft.Common.CurrentVersion.targets(2433,5): warning MSB3245: Could not resolve this reference. Could not locate the assembly "NextGenSoftware.OASIS.API.Providers.TRONOASIS". Check to make sure the assembly exists on disk. If this reference is required by your code, you may get compilation errors. [C:\Source\OASIS-master\STAR ODK\STAR OAPP DNA Templates\NextGenSoftware.OASIS.STAR.DNATemplates.OAPP.Console.DLL\NextGenSoftware.OASIS.STAR.DNATemplates.OAPP.Console.DLL.csproj]
C:\Program Files\dotnet\sdk\9.0.306\Microsoft.Common.CurrentVersion.targets(2433,5): warning MSB3245: Could not resolve this reference. Could not locate the assembly "NextGenSoftware.OASIS.Common". Check to make sure the assembly exists on disk. If this reference is required by your code, you may get compilation errors. [C:\Source\OASIS-master\STAR ODK\STAR OAPP DNA Templates\NextGenSoftware.OASIS.STAR.DNATemplates.OAPP.Console.DLL\NextGenSoftware.OASIS.STAR.DNATemplates.OAPP.Console.DLL.csproj]
C:\Program Files\dotnet\sdk\9.0.306\Microsoft.Common.CurrentVersion.targets(2433,5): warning MSB3245: Could not resolve this reference. Could not locate the assembly "NextGenSoftware.OASIS.OASISBootLoader". Check to make sure the assembly exists on disk. If this reference is required by your code, you may get compilation errors. [C:\Source\OASIS-master\STAR ODK\STAR OAPP DNA Templates\NextGenSoftware.OASIS.STAR.DNATemplates.OAPP.Console.DLL\NextGenSoftware.OASIS.STAR.DNATemplates.OAPP.Console.DLL.csproj]
C:\Source\OASIS-master\External Libs\Spectre.Console\Spectre.Console\Internal\Ratio.cs(43,84): warning CS8632: The annotation for nullable reference types should only be used in code within a '#nullable' annotations context. [C:\Source\OASIS-master\External Libs\Spectre.Console\Spectre.Console\Spectre.Console.csproj::TargetFramework=netstandard2.0]
C:\Source\OASIS-master\External Libs\Spectre.Console\Spectre.Console\Internal\Text\Markup\MarkupParser.cs(9,57): warning CS8632: The annotation for nullable reference types should only be used in code within a '#nullable' annotations context. [C:\Source\OASIS-master\External Libs\Spectre.Console\Spectre.Console\Spectre.Console.csproj::TargetFramework=netstandard2.0]
C:\Program Files\dotnet\sdk\9.0.306\Microsoft.Common.CurrentVersion.targets(2433,5): warning MSB3245: Could not resolve this reference. Could not locate the assembly "NextGenSoftware.OASIS.STAR". Check to make sure the assembly exists on disk. If this reference is required by your code, you may get compilation errors. [C:\Source\OASIS-master\STAR ODK\STAR OAPP DNA Templates\NextGenSoftware.OASIS.STAR.DNATemplates.OAPP.Console.DLL\NextGenSoftware.OASIS.STAR.DNATemplates.OAPP.Console.DLL.csproj]
C:\Source\OASIS-master\External Libs\Spectre.Console\Spectre.Console\Extensions\StringBuilderExtensions.cs(9,86): warning CS8632: The annotation for nullable reference types should only be used in code within a '#nullable' annotations context. [C:\Source\OASIS-master\External Libs\Spectre.Console\Spectre.Console\Spectre.Console.csproj::TargetFramework=netstandard2.0]
C:\Source\OASIS-master\External Libs\Spectre.Console\Spectre.Console\Extensions\StringBuilderExtensions.cs(14,86): warning CS8632: The annotation for nullable reference types should only be used in code within a '#nullable' annotations context. [C:\Source\OASIS-master\External Libs\Spectre.Console\Spectre.Console\Spectre.Console.csproj::TargetFramework=netstandard2.0]
C:\Program Files\dotnet\sdk\9.0.306\Microsoft.Common.CurrentVersion.targets(2433,5): warning MSB3245: Could not resolve this reference. Could not locate the assembly "NextGenSoftware.OASIS.STAR.CLI". Check to make sure the assembly exists on disk. If this reference is required by your code, you may get compilation errors. [C:\Source\OASIS-master\STAR ODK\STAR OAPP DNA Templates\NextGenSoftware.OASIS.STAR.DNATemplates.OAPP.Console.DLL\NextGenSoftware.OASIS.STAR.DNATemplates.OAPP.Console.DLL.csproj]
C:\Source\OASIS-master\External Libs\Spectre.Console\Spectre.Console\Extensions\StringBuilderExtensions.cs(14,101): warning CS8632: The annotation for nullable reference types should only be used in code within a '#nullable' annotations context. [C:\Source\OASIS-master\External Libs\Spectre.Console\Spectre.Console\Spectre.Console.csproj::TargetFramework=netstandard2.0]
C:\Program Files\dotnet\sdk\9.0.306\Microsoft.Common.CurrentVersion.targets(2433,5): warning MSB3245: Could not resolve this reference. Could not locate the assembly "NextGenSoftware.OASIS.STAR.CLI.Lib". Check to make sure the assembly exists on disk. If this reference is required by your code, you may get compilation errors. [C:\Source\OASIS-master\STAR ODK\STAR OAPP DNA Templates\NextGenSoftware.OASIS.STAR.DNATemplates.OAPP.Console.DLL\NextGenSoftware.OASIS.STAR.DNATemplates.OAPP.Console.DLL.csproj]
C:\Source\OASIS-master\External Libs\Spectre.Console\Spectre.Console\Extensions\StringExtensions.cs(24,54): warning CS8632: The annotation for nullable reference types should only be used in code within a '#nullable' annotations context. [C:\Source\OASIS-master\External Libs\Spectre.Console\Spectre.Console\Spectre.Console.csproj::TargetFramework=netstandard2.0]
C:\Source\OASIS-master\External Libs\Spectre.Console\Spectre.Console\Extensions\StringExtensions.cs(41,54): warning CS8632: The annotation for nullable reference types should only be used in code within a '#nullable' annotations context. [C:\Source\OASIS-master\External Libs\Spectre.Console\Spectre.Console\Spectre.Console.csproj::TargetFramework=netstandard2.0]
C:\Program Files\dotnet\sdk\9.0.306\Microsoft.Common.CurrentVersion.targets(2433,5): warning MSB3245: Could not resolve this reference. Could not locate the assembly "NextGenSoftware.Utilities". Check to make sure the assembly exists on disk. If this reference is required by your code, you may get compilation errors. [C:\Source\OASIS-master\STAR ODK\STAR OAPP DNA Templates\NextGenSoftware.OASIS.STAR.DNATemplates.OAPP.Console.DLL\NextGenSoftware.OASIS.STAR.DNATemplates.OAPP.Console.DLL.csproj]
C:\Source\OASIS-master\External Libs\Spectre.Console\Spectre.Console\Extensions\StringExtensions.cs(67,65): warning CS8632: The annotation for nullable reference types should only be used in code within a '#nullable' annotations context. [C:\Source\OASIS-master\External Libs\Spectre.Console\Spectre.Console\Spectre.Console.csproj::TargetFramework=netstandard2.0]
C:\Source\OASIS-master\External Libs\Spectre.Console\Spectre.Console\Extensions\StringExtensions.cs(67,84): warning CS8632: The annotation for nullable reference types should only be used in code within a '#nullable' annotations context. [C:\Source\OASIS-master\External Libs\Spectre.Console\Spectre.Console\Spectre.Console.csproj::TargetFramework=netstandard2.0]
C:\Program Files\dotnet\sdk\9.0.306\Microsoft.Common.CurrentVersion.targets(2433,5): warning MSB3245: Could not resolve this reference. Could not locate the assembly "NextGenSoftware.WebSocket". Check to make sure the assembly exists on disk. If this reference is required by your code, you may get compilation errors. [C:\Source\OASIS-master\STAR ODK\STAR OAPP DNA Templates\NextGenSoftware.OASIS.STAR.DNATemplates.OAPP.Console.DLL\NextGenSoftware.OASIS.STAR.DNATemplates.OAPP.Console.DLL.csproj]
C:\Source\OASIS-master\External Libs\Spectre.Console\Spectre.Console\Extensions\StringExtensions.cs(84,59): warning CS8632: The annotation for nullable reference types should only be used in code within a '#nullable' annotations context. [C:\Source\OASIS-master\External Libs\Spectre.Console\Spectre.Console\Spectre.Console.csproj::TargetFramework=netstandard2.0]
C:\Source\OASIS-master\External Libs\Spectre.Console\Spectre.Console\Extensions\StringExtensions.cs(84,31): warning CS8632: The annotation for nullable reference types should only be used in code within a '#nullable' annotations context. [C:\Source\OASIS-master\External Libs\Spectre.Console\Spectre.Console\Spectre.Console.csproj::TargetFramework=netstandard2.0]
C:\Program Files\dotnet\sdk\9.0.306\Microsoft.Common.CurrentVersion.targets(2433,5): warning MSB3245: Could not resolve this reference. Could not locate the assembly "Nito.AsyncEx.Context". Check to make sure the assembly exists on disk. If this reference is required by your code, you may get compilation errors. [C:\Source\OASIS-master\STAR ODK\STAR OAPP DNA Templates\NextGenSoftware.OASIS.STAR.DNATemplates.OAPP.Console.DLL\NextGenSoftware.OASIS.STAR.DNATemplates.OAPP.Console.DLL.csproj]
C:\Source\OASIS-master\External Libs\Spectre.Console\Spectre.Console\Extensions\StringExtensions.cs(90,61): warning CS8632: The annotation for nullable reference types should only be used in code within a '#nullable' annotations context. [C:\Source\OASIS-master\External Libs\Spectre.Console\Spectre.Console\Spectre.Console.csproj::TargetFramework=netstandard2.0]
C:\Source\OASIS-master\External Libs\Spectre.Console\Spectre.Console\Widgets\Panel.cs(24,21): warning CS8632: The annotation for nullable reference types should only be used in code within a '#nullable' annotations context. [C:\Source\OASIS-master\External Libs\Spectre.Console\Spectre.Console\Spectre.Console.csproj::TargetFramework=netstandard2.0]
C:\Program Files\dotnet\sdk\9.0.306\Microsoft.Common.CurrentVersion.targets(2433,5): warning MSB3245: Could not resolve this reference. Could not locate the assembly "Nito.AsyncEx.Coordination". Check to make sure the assembly exists on disk. If this reference is required by your code, you may get compilation errors. [C:\Source\OASIS-master\STAR ODK\STAR OAPP DNA Templates\NextGenSoftware.OASIS.STAR.DNATemplates.OAPP.Console.DLL\NextGenSoftware.OASIS.STAR.DNATemplates.OAPP.Console.DLL.csproj]
C:\Source\OASIS-master\External Libs\Spectre.Console\Spectre.Console\Internal\Text\Markup\MarkupTokenizer.cs(10,27): warning CS8632: The annotation for nullable reference types should only be used in code within a '#nullable' annotations context. [C:\Source\OASIS-master\External Libs\Spectre.Console\Spectre.Console\Spectre.Console.csproj::TargetFramework=netstandard2.0]
C:\Source\OASIS-master\External Libs\Spectre.Console\Spectre.Console\Widgets\Panel.cs(41,27): warning CS8632: The annotation for nullable reference types should only be used in code within a '#nullable' annotations context. [C:\Source\OASIS-master\External Libs\Spectre.Console\Spectre.Console\Spectre.Console.csproj::TargetFramework=netstandard2.0]
C:\Program Files\dotnet\sdk\9.0.306\Microsoft.Common.CurrentVersion.targets(2433,5): warning MSB3245: Could not resolve this reference. Could not locate the assembly "Nito.AsyncEx.Interop.WaitHandles". Check to make sure the assembly exists on disk. If this reference is required by your code, you may get compilation errors. [C:\Source\OASIS-master\STAR ODK\STAR OAPP DNA Templates\NextGenSoftware.OASIS.STAR.DNATemplates.OAPP.Console.DLL\NextGenSoftware.OASIS.STAR.DNATemplates.OAPP.Console.DLL.csproj]
C:\Source\OASIS-master\External Libs\Spectre.Console\Spectre.Console\AnsiConsoleSettings.cs(24,34): warning CS8632: The annotation for nullable reference types should only be used in code within a '#nullable' annotations context. [C:\Source\OASIS-master\External Libs\Spectre.Console\Spectre.Console\Spectre.Console.csproj::TargetFramework=netstandard2.0]
C:\Source\OASIS-master\External Libs\Spectre.Console\Spectre.Console\AnsiConsoleSettings.cs(35,32): warning CS8632: The annotation for nullable reference types should only be used in code within a '#nullable' annotations context. [C:\Source\OASIS-master\External Libs\Spectre.Console\Spectre.Console\Spectre.Console.csproj::TargetFramework=netstandard2.0]
C:\Program Files\dotnet\sdk\9.0.306\Microsoft.Common.CurrentVersion.targets(2433,5): warning MSB3245: Could not resolve this reference. Could not locate the assembly "Nito.AsyncEx.Oop". Check to make sure the assembly exists on disk. If this reference is required by your code, you may get compilation errors. [C:\Source\OASIS-master\STAR ODK\STAR OAPP DNA Templates\NextGenSoftware.OASIS.STAR.DNATemplates.OAPP.Console.DLL\NextGenSoftware.OASIS.STAR.DNATemplates.OAPP.Console.DLL.csproj]
C:\Source\OASIS-master\External Libs\Spectre.Console\Spectre.Console\AnsiConsoleSettings.cs(46,42): warning CS8632: The annotation for nullable reference types should only be used in code within a '#nullable' annotations context. [C:\Source\OASIS-master\External Libs\Spectre.Console\Spectre.Console\Spectre.Console.csproj::TargetFramework=netstandard2.0]
C:\Source\OASIS-master\External Libs\Spectre.Console\Spectre.Console\IHasBorder.cs(18,21): warning CS8632: The annotation for nullable reference types should only be used in code within a '#nullable' annotations context. [C:\Source\OASIS-master\External Libs\Spectre.Console\Spectre.Console\Spectre.Console.csproj::TargetFramework=netstandard2.0]
C:\Program Files\dotnet\sdk\9.0.306\Microsoft.Common.CurrentVersion.targets(2433,5): warning MSB3245: Could not resolve this reference. Could not locate the assembly "Nito.AsyncEx.Tasks". Check to make sure the assembly exists on disk. If this reference is required by your code, you may get compilation errors. [C:\Source\OASIS-master\STAR ODK\STAR OAPP DNA Templates\NextGenSoftware.OASIS.STAR.DNATemplates.OAPP.Console.DLL\NextGenSoftware.OASIS.STAR.DNATemplates.OAPP.Console.DLL.csproj]
C:\Source\OASIS-master\External Libs\Spectre.Console\Spectre.Console\BoxBorder.cs(13,33): warning CS8632: The annotation for nullable reference types should only be used in code within a '#nullable' annotations context. [C:\Source\OASIS-master\External Libs\Spectre.Console\Spectre.Console\Spectre.Console.csproj::TargetFramework=netstandard2.0]
C:\Program Files\dotnet\sdk\9.0.306\Microsoft.Common.CurrentVersion.targets(2433,5): warning MSB3245: Could not resolve this reference. Could not locate the assembly "Nito.Cancellation". Check to make sure the assembly exists on disk. If this reference is required by your code, you may get compilation errors. [C:\Source\OASIS-master\STAR ODK\STAR OAPP DNA Templates\NextGenSoftware.OASIS.STAR.DNATemplates.OAPP.Console.DLL\NextGenSoftware.OASIS.STAR.DNATemplates.OAPP.Console.DLL.csproj]
C:\Source\OASIS-master\External Libs\Spectre.Console\Spectre.Console\Widgets\PanelHeader.cs(39,42): warning CS8632: The annotation for nullable reference types should only be used in code within a '#nullable' annotations context. [C:\Source\OASIS-master\External Libs\Spectre.Console\Spectre.Console\Spectre.Console.csproj::TargetFramework=netstandard2.0]
C:\Source\OASIS-master\External Libs\Spectre.Console\Spectre.Console\Extensions\StringExtensions.cs(173,86): warning CS8632: The annotation for nullable reference types should only be used in code within a '#nullable' annotations context. [C:\Source\OASIS-master\External Libs\Spectre.Console\Spectre.Console\Spectre.Console.csproj::TargetFramework=netstandard2.0]
C:\Program Files\dotnet\sdk\9.0.306\Microsoft.Common.CurrentVersion.targets(2433,5): warning MSB3245: Could not resolve this reference. Could not locate the assembly "Nito.Collections.Deque". Check to make sure the assembly exists on disk. If this reference is required by your code, you may get compilation errors. [C:\Source\OASIS-master\STAR ODK\STAR OAPP DNA Templates\NextGenSoftware.OASIS.STAR.DNATemplates.OAPP.Console.DLL\NextGenSoftware.OASIS.STAR.DNATemplates.OAPP.Console.DLL.csproj]
C:\Source\OASIS-master\External Libs\Spectre.Console\Spectre.Console\Widgets\Paragraph.cs(58,51): warning CS8632: The annotation for nullable reference types should only be used in code within a '#nullable' annotations context. [C:\Source\OASIS-master\External Libs\Spectre.Console\Spectre.Console\Spectre.Console.csproj::TargetFramework=netstandard2.0]
C:\Program Files\dotnet\sdk\9.0.306\Microsoft.Common.CurrentVersion.targets(2433,5): warning MSB3245: Could not resolve this reference. Could not locate the assembly "Nito.Disposables". Check to make sure the assembly exists on disk. If this reference is required by your code, you may get compilation errors. [C:\Source\OASIS-master\STAR ODK\STAR OAPP DNA Templates\NextGenSoftware.OASIS.STAR.DNATemplates.OAPP.Console.DLL\NextGenSoftware.OASIS.STAR.DNATemplates.OAPP.Console.DLL.csproj]
C:\Source\OASIS-master\External Libs\Spectre.Console\Spectre.Console\Padding.cs(65,43): warning CS8632: The annotation for nullable reference types should only be used in code within a '#nullable' annotations context. [C:\Source\OASIS-master\External Libs\Spectre.Console\Spectre.Console\Spectre.Console.csproj::TargetFramework=netstandard2.0]
C:\Source\OASIS-master\External Libs\Spectre.Console\Spectre.Console\Extensions\TableExtensions.cs(79,91): warning CS8632: The annotation for nullable reference types should only be used in code within a '#nullable' annotations context. [C:\Source\OASIS-master\External Libs\Spectre.Console\Spectre.Console\Spectre.Console.csproj::TargetFramework=netstandard2.0]
C:\Source\OASIS-master\External Libs\Spectre.Console\Spectre.Console\Extensions\TableExtensions.cs(234,71): warning CS8632: The annotation for nullable reference types should only be used in code within a '#nullable' annotations context. [C:\Source\OASIS-master\External Libs\Spectre.Console\Spectre.Console\Spectre.Console.csproj::TargetFramework=netstandard2.0]
C:\Program Files\dotnet\sdk\9.0.306\Microsoft.Common.CurrentVersion.targets(2433,5): warning MSB3245: Could not resolve this reference. Could not locate the assembly "NLog". Check to make sure the assembly exists on disk. If this reference is required by your code, you may get compilation errors. [C:\Source\OASIS-master\STAR ODK\STAR OAPP DNA Templates\NextGenSoftware.OASIS.STAR.DNATemplates.OAPP.Console.DLL\NextGenSoftware.OASIS.STAR.DNATemplates.OAPP.Console.DLL.csproj]
C:\Source\OASIS-master\External Libs\Spectre.Console\Spectre.Console\Extensions\TableExtensions.cs(273,73): warning CS8632: The annotation for nullable reference types should only be used in code within a '#nullable' annotations context. [C:\Source\OASIS-master\External Libs\Spectre.Console\Spectre.Console\Spectre.Console.csproj::TargetFramework=netstandard2.0]
C:\Source\OASIS-master\External Libs\Spectre.Console\Spectre.Console\Cli\Annotations\CommandOptionAttribute.cs(30,22): warning CS8632: The annotation for nullable reference types should only be used in code within a '#nullable' annotations context. [C:\Source\OASIS-master\External Libs\Spectre.Console\Spectre.Console\Spectre.Console.csproj::TargetFramework=netstandard2.0]
C:\Program Files\dotnet\sdk\9.0.306\Microsoft.Common.CurrentVersion.targets(2433,5): warning MSB3245: Could not resolve this reference. Could not locate the assembly "Numbers". Check to make sure the assembly exists on disk. If this reference is required by your code, you may get compilation errors. [C:\Source\OASIS-master\STAR ODK\STAR OAPP DNA Templates\NextGenSoftware.OASIS.STAR.DNATemplates.OAPP.Console.DLL\NextGenSoftware.OASIS.STAR.DNATemplates.OAPP.Console.DLL.csproj]
C:\Source\OASIS-master\External Libs\Spectre.Console\Spectre.Console\Extensions\TreeExtensions.cs(16,55): warning CS8632: The annotation for nullable reference types should only be used in code within a '#nullable' annotations context. [C:\Source\OASIS-master\External Libs\Spectre.Console\Spectre.Console\Spectre.Console.csproj::TargetFramework=netstandard2.0]
C:\Source\OASIS-master\External Libs\Spectre.Console\Spectre.Console\Widgets\Paragraph.cs(41,44): warning CS8632: The annotation for nullable reference types should only be used in code within a '#nullable' annotations context. [C:\Source\OASIS-master\External Libs\Spectre.Console\Spectre.Console\Spectre.Console.csproj::TargetFramework=netstandard2.0]
C:\Program Files\dotnet\sdk\9.0.306\Microsoft.Common.CurrentVersion.targets(2433,5): warning MSB3245: Could not resolve this reference. Could not locate the assembly "PeerTalk". Check to make sure the assembly exists on disk. If this reference is required by your code, you may get compilation errors. [C:\Source\OASIS-master\STAR ODK\STAR OAPP DNA Templates\NextGenSoftware.OASIS.STAR.DNATemplates.OAPP.Console.DLL\NextGenSoftware.OASIS.STAR.DNATemplates.OAPP.Console.DLL.csproj]
C:\Source\OASIS-master\External Libs\Spectre.Console\Spectre.Console\Widgets\ProgressBar.cs(23,27): warning CS8632: The annotation for nullable reference types should only be used in code within a '#nullable' annotations context. [C:\Source\OASIS-master\External Libs\Spectre.Console\Spectre.Console\Spectre.Console.csproj::TargetFramework=netstandard2.0]
C:\Source\OASIS-master\External Libs\Spectre.Console\Spectre.Console\Cli\Annotations\ParameterValidationAttribute.cs(33,85): warning CS8632: The annotation for nullable reference types should only be used in code within a '#nullable' annotations context. [C:\Source\OASIS-master\External Libs\Spectre.Console\Spectre.Console\Spectre.Console.csproj::TargetFramework=netstandard2.0]
C:\Program Files\dotnet\sdk\9.0.306\Microsoft.Common.CurrentVersion.targets(2433,5): warning MSB3245: Could not resolve this reference. Could not locate the assembly "protobuf-net". Check to make sure the assembly exists on disk. If this reference is required by your code, you may get compilation errors. [C:\Source\OASIS-master\STAR ODK\STAR OAPP DNA Templates\NextGenSoftware.OASIS.STAR.DNATemplates.OAPP.Console.DLL\NextGenSoftware.OASIS.STAR.DNATemplates.OAPP.Console.DLL.csproj]
C:\Source\OASIS-master\External Libs\Spectre.Console\Spectre.Console\IHasCulture.cs(13,20): warning CS8632: The annotation for nullable reference types should only be used in code within a '#nullable' annotations context. [C:\Source\OASIS-master\External Libs\Spectre.Console\Spectre.Console\Spectre.Console.csproj::TargetFramework=netstandard2.0]
C:\Source\OASIS-master\External Libs\Spectre.Console\Spectre.Console\Widgets\Progress\Columns\DownloadedColumn.cs(15,27): warning CS8632: The annotation for nullable reference types should only be used in code within a '#nullable' annotations context. [C:\Source\OASIS-master\External Libs\Spectre.Console\Spectre.Console\Spectre.Console.csproj::TargetFramework=netstandard2.0]
C:\Program Files\dotnet\sdk\9.0.306\Microsoft.Common.CurrentVersion.targets(2433,5): warning MSB3245: Could not resolve this reference. Could not locate the assembly "Rijndael256". Check to make sure the assembly exists on disk. If this reference is required by your code, you may get compilation errors. [C:\Source\OASIS-master\STAR ODK\STAR OAPP DNA Templates\NextGenSoftware.OASIS.STAR.DNATemplates.OAPP.Console.DLL\NextGenSoftware.OASIS.STAR.DNATemplates.OAPP.Console.DLL.csproj]
C:\Source\OASIS-master\External Libs\Spectre.Console\Spectre.Console\Style.cs(29,22): warning CS8632: The annotation for nullable reference types should only be used in code within a '#nullable' annotations context. [C:\Source\OASIS-master\External Libs\Spectre.Console\Spectre.Console\Spectre.Console.csproj::TargetFramework=netstandard2.0]
C:\Source\OASIS-master\External Libs\Spectre.Console\Spectre.Console\Style.cs(158,59): warning CS8632: The annotation for nullable reference types should only be used in code within a '#nullable' annotations context. [C:\Source\OASIS-master\External Libs\Spectre.Console\Spectre.Console\Spectre.Console.csproj::TargetFramework=netstandard2.0]
C:\Program Files\dotnet\sdk\9.0.306\Microsoft.Common.CurrentVersion.targets(2433,5): warning MSB3245: Could not resolve this reference. Could not locate the assembly "SauceControl.Blake2Fast". Check to make sure the assembly exists on disk. If this reference is required by your code, you may get compilation errors. [C:\Source\OASIS-master\STAR ODK\STAR OAPP DNA Templates\NextGenSoftware.OASIS.STAR.DNATemplates.OAPP.Console.DLL\NextGenSoftware.OASIS.STAR.DNATemplates.OAPP.Console.DLL.csproj]
C:\Source\OASIS-master\External Libs\Spectre.Console\Spectre.Console\Style.cs(227,43): warning CS8632: The annotation for nullable reference types should only be used in code within a '#nullable' annotations context. [C:\Source\OASIS-master\External Libs\Spectre.Console\Spectre.Console\Spectre.Console.csproj::TargetFramework=netstandard2.0]
C:\Source\OASIS-master\External Libs\Spectre.Console\Spectre.Console\Style.cs(233,33): warning CS8632: The annotation for nullable reference types should only be used in code within a '#nullable' annotations context. [C:\Source\OASIS-master\External Libs\Spectre.Console\Spectre.Console\Spectre.Console.csproj::TargetFramework=netstandard2.0]
C:\Program Files\dotnet\sdk\9.0.306\Microsoft.Common.CurrentVersion.targets(2433,5): warning MSB3245: Could not resolve this reference. Could not locate the assembly "Semver". Check to make sure the assembly exists on disk. If this reference is required by your code, you may get compilation errors. [C:\Source\OASIS-master\STAR ODK\STAR OAPP DNA Templates\NextGenSoftware.OASIS.STAR.DNATemplates.OAPP.Console.DLL\NextGenSoftware.OASIS.STAR.DNATemplates.OAPP.Console.DLL.csproj]
C:\Source\OASIS-master\External Libs\Spectre.Console\Spectre.Console\Style.cs(44,111): warning CS8632: The annotation for nullable reference types should only be used in code within a '#nullable' annotations context. [C:\Source\OASIS-master\External Libs\Spectre.Console\Spectre.Console\Spectre.Console.csproj::TargetFramework=netstandard2.0]
C:\Program Files\dotnet\sdk\9.0.306\Microsoft.Common.CurrentVersion.targets(2433,5): warning MSB3245: Could not resolve this reference. Could not locate the assembly "SharpCompress". Check to make sure the assembly exists on disk. If this reference is required by your code, you may get compilation errors. [C:\Source\OASIS-master\STAR ODK\STAR OAPP DNA Templates\NextGenSoftware.OASIS.STAR.DNATemplates.OAPP.Console.DLL\NextGenSoftware.OASIS.STAR.DNATemplates.OAPP.Console.DLL.csproj]
C:\Source\OASIS-master\External Libs\Spectre.Console\Spectre.Console\StyleParser.cs(32,60): warning CS8632: The annotation for nullable reference types should only be used in code within a '#nullable' annotations context. [C:\Source\OASIS-master\External Libs\Spectre.Console\Spectre.Console\Spectre.Console.csproj::TargetFramework=netstandard2.0]
C:\Source\OASIS-master\External Libs\Spectre.Console\Spectre.Console\StyleParser.cs(32,29): warning CS8632: The annotation for nullable reference types should only be used in code within a '#nullable' annotations context. [C:\Source\OASIS-master\External Libs\Spectre.Console\Spectre.Console\Spectre.Console.csproj::TargetFramework=netstandard2.0]
C:\Program Files\dotnet\sdk\9.0.306\Microsoft.Common.CurrentVersion.targets(2433,5): warning MSB3245: Could not resolve this reference. Could not locate the assembly "SimpleBase". Check to make sure the assembly exists on disk. If this reference is required by your code, you may get compilation errors. [C:\Source\OASIS-master\STAR ODK\STAR OAPP DNA Templates\NextGenSoftware.OASIS.STAR.DNATemplates.OAPP.Console.DLL\NextGenSoftware.OASIS.STAR.DNATemplates.OAPP.Console.DLL.csproj]
C:\Source\OASIS-master\External Libs\Spectre.Console\Spectre.Console\StyleParser.cs(26,59): warning CS8632: The annotation for nullable reference types should only be used in code within a '#nullable' annotations context. [C:\Source\OASIS-master\External Libs\Spectre.Console\Spectre.Console\Spectre.Console.csproj::TargetFramework=netstandard2.0]
C:\Source\OASIS-master\External Libs\Spectre.Console\Spectre.Console\StyleParser.cs(140,67): warning CS8632: The annotation for nullable reference types should only be used in code within a '#nullable' annotations context. [C:\Source\OASIS-master\External Libs\Spectre.Console\Spectre.Console\Spectre.Console.csproj::TargetFramework=netstandard2.0]
C:\Program Files\dotnet\sdk\9.0.306\Microsoft.Common.CurrentVersion.targets(2433,5): warning MSB3245: Could not resolve this reference. Could not locate the assembly "Snappier". Check to make sure the assembly exists on disk. If this reference is required by your code, you may get compilation errors. [C:\Source\OASIS-master\STAR ODK\STAR OAPP DNA Templates\NextGenSoftware.OASIS.STAR.DNATemplates.OAPP.Console.DLL\NextGenSoftware.OASIS.STAR.DNATemplates.OAPP.Console.DLL.csproj]
C:\Source\OASIS-master\External Libs\Spectre.Console\Spectre.Console\StyleParser.cs(177,67): warning CS8632: The annotation for nullable reference types should only be used in code within a '#nullable' annotations context. [C:\Source\OASIS-master\External Libs\Spectre.Console\Spectre.Console\Spectre.Console.csproj::TargetFramework=netstandard2.0]
C:\Source\OASIS-master\External Libs\Spectre.Console\Spectre.Console\TableBorder.cs(21,35): warning CS8632: The annotation for nullable reference types should only be used in code within a '#nullable' annotations context. [C:\Source\OASIS-master\External Libs\Spectre.Console\Spectre.Console\Spectre.Console.csproj::TargetFramework=netstandard2.0]
C:\Program Files\dotnet\sdk\9.0.306\Microsoft.Common.CurrentVersion.targets(2433,5): warning MSB3245: Could not resolve this reference. Could not locate the assembly "Sodium.Core". Check to make sure the assembly exists on disk. If this reference is required by your code, you may get compilation errors. [C:\Source\OASIS-master\STAR ODK\STAR OAPP DNA Templates\NextGenSoftware.OASIS.STAR.DNATemplates.OAPP.Console.DLL\NextGenSoftware.OASIS.STAR.DNATemplates.OAPP.Console.DLL.csproj]
C:\Source\OASIS-master\External Libs\Spectre.Console\Spectre.Console\Widgets\Progress\Columns\SpinnerColumn.cs(44,22): warning CS8632: The annotation for nullable reference types should only be used in code within a '#nullable' annotations context. [C:\Source\OASIS-master\External Libs\Spectre.Console\Spectre.Console\Spectre.Console.csproj::TargetFramework=netstandard2.0]
C:\Source\OASIS-master\External Libs\Spectre.Console\Spectre.Console\Widgets\Progress\Columns\SpinnerColumn.cs(58,22): warning CS8632: The annotation for nullable reference types should only be used in code within a '#nullable' annotations context. [C:\Source\OASIS-master\External Libs\Spectre.Console\Spectre.Console\Spectre.Console.csproj::TargetFramework=netstandard2.0]
C:\Program Files\dotnet\sdk\9.0.306\Microsoft.Common.CurrentVersion.targets(2433,5): warning MSB3245: Could not resolve this reference. Could not locate the assembly "Solnet.Extensions". Check to make sure the assembly exists on disk. If this reference is required by your code, you may get compilation errors. [C:\Source\OASIS-master\STAR ODK\STAR OAPP DNA Templates\NextGenSoftware.OASIS.STAR.DNATemplates.OAPP.Console.DLL\NextGenSoftware.OASIS.STAR.DNATemplates.OAPP.Console.DLL.csproj]
C:\Source\OASIS-master\External Libs\Spectre.Console\Spectre.Console\Widgets\Progress\Columns\SpinnerColumn.cs(71,21): warning CS8632: The annotation for nullable reference types should only be used in code within a '#nullable' annotations context. [C:\Source\OASIS-master\External Libs\Spectre.Console\Spectre.Console\Spectre.Console.csproj::TargetFramework=netstandard2.0]
C:\Source\OASIS-master\External Libs\Spectre.Console\Spectre.Console\Widgets\Progress\Columns\SpinnerColumn.cs(76,21): warning CS8632: The annotation for nullable reference types should only be used in code within a '#nullable' annotations context. [C:\Source\OASIS-master\External Libs\Spectre.Console\Spectre.Console\Spectre.Console.csproj::TargetFramework=netstandard2.0]
C:\Program Files\dotnet\sdk\9.0.306\Microsoft.Common.CurrentVersion.targets(2433,5): warning MSB3245: Could not resolve this reference. Could not locate the assembly "Solnet.KeyStore". Check to make sure the assembly exists on disk. If this reference is required by your code, you may get compilation errors. [C:\Source\OASIS-master\STAR ODK\STAR OAPP DNA Templates\NextGenSoftware.OASIS.STAR.DNATemplates.OAPP.Console.DLL\NextGenSoftware.OASIS.STAR.DNATemplates.OAPP.Console.DLL.csproj]
C:\Source\OASIS-master\External Libs\Spectre.Console\Spectre.Console\Widgets\Progress\Columns\SpinnerColumn.cs(81,21): warning CS8632: The annotation for nullable reference types should only be used in code within a '#nullable' annotations context. [C:\Source\OASIS-master\External Libs\Spectre.Console\Spectre.Console\Spectre.Console.csproj::TargetFramework=netstandard2.0]
C:\Source\OASIS-master\External Libs\Spectre.Console\Spectre.Console\Widgets\Progress\Columns\SpinnerColumn.cs(18,23): warning CS8632: The annotation for nullable reference types should only be used in code within a '#nullable' annotations context. [C:\Source\OASIS-master\External Libs\Spectre.Console\Spectre.Console\Spectre.Console.csproj::TargetFramework=netstandard2.0]
C:\Source\OASIS-master\External Libs\Spectre.Console\Spectre.Console\Widgets\Progress\Columns\SpinnerColumn.cs(19,23): warning CS8632: The annotation for nullable reference types should only be used in code within a '#nullable' annotations context. [C:\Source\OASIS-master\External Libs\Spectre.Console\Spectre.Console\Spectre.Console.csproj::TargetFramework=netstandard2.0]
C:\Program Files\dotnet\sdk\9.0.306\Microsoft.Common.CurrentVersion.targets(2433,5): warning MSB3245: Could not resolve this reference. Could not locate the assembly "Solnet.Programs". Check to make sure the assembly exists on disk. If this reference is required by your code, you may get compilation errors. [C:\Source\OASIS-master\STAR ODK\STAR OAPP DNA Templates\NextGenSoftware.OASIS.STAR.DNATemplates.OAPP.Console.DLL\NextGenSoftware.OASIS.STAR.DNATemplates.OAPP.Console.DLL.csproj]
C:\Source\OASIS-master\External Libs\Spectre.Console\Spectre.Console\Cli\CommandApp.cs(122,40): warning CS8632: The annotation for nullable reference types should only be used in code within a '#nullable' annotations context. [C:\Source\OASIS-master\External Libs\Spectre.Console\Spectre.Console\Spectre.Console.csproj::TargetFramework=netstandard2.0]
C:\Program Files\dotnet\sdk\9.0.306\Microsoft.Common.CurrentVersion.targets(2433,5): warning MSB3245: Could not resolve this reference. Could not locate the assembly "Solnet.Rpc". Check to make sure the assembly exists on disk. If this reference is required by your code, you may get compilation errors. [C:\Source\OASIS-master\STAR ODK\STAR OAPP DNA Templates\NextGenSoftware.OASIS.STAR.DNATemplates.OAPP.Console.DLL\NextGenSoftware.OASIS.STAR.DNATemplates.OAPP.Console.DLL.csproj]
C:\Source\OASIS-master\External Libs\Spectre.Console\Spectre.Console\Cli\CommandApp.cs(122,42): warning CS8632: The annotation for nullable reference types should only be used in code within a '#nullable' annotations context. [C:\Source\OASIS-master\External Libs\Spectre.Console\Spectre.Console\Spectre.Console.csproj::TargetFramework=netstandard2.0]
C:\Source\OASIS-master\External Libs\Spectre.Console\Spectre.Console\Widgets\Progress\Columns\TransferSpeedColumn.cs(15,27): warning CS8632: The annotation for nullable reference types should only be used in code within a '#nullable' annotations context. [C:\Source\OASIS-master\External Libs\Spectre.Console\Spectre.Console\Spectre.Console.csproj::TargetFramework=netstandard2.0]
C:\Program Files\dotnet\sdk\9.0.306\Microsoft.Common.CurrentVersion.targets(2433,5): warning MSB3245: Could not resolve this reference. Could not locate the assembly "Solnet.Serum". Check to make sure the assembly exists on disk. If this reference is required by your code, you may get compilation errors. [C:\Source\OASIS-master\STAR ODK\STAR OAPP DNA Templates\NextGenSoftware.OASIS.STAR.DNATemplates.OAPP.Console.DLL\NextGenSoftware.OASIS.STAR.DNATemplates.OAPP.Console.DLL.csproj]
C:\Source\OASIS-master\External Libs\Spectre.Console\Spectre.Console\Cli\CommandApp.cs(22,41): warning CS8632: The annotation for nullable reference types should only be used in code within a '#nullable' annotations context. [C:\Source\OASIS-master\External Libs\Spectre.Console\Spectre.Console\Spectre.Console.csproj::TargetFramework=netstandard2.0]
C:\Source\OASIS-master\External Libs\Spectre.Console\Spectre.Console\Cli\CommandAppException.cs(14,27): warning CS8632: The annotation for nullable reference types should only be used in code within a '#nullable' annotations context. [C:\Source\OASIS-master\External Libs\Spectre.Console\Spectre.Console\Spectre.Console.csproj::TargetFramework=netstandard2.0]
C:\Program Files\dotnet\sdk\9.0.306\Microsoft.Common.CurrentVersion.targets(2433,5): warning MSB3245: Could not resolve this reference. Could not locate the assembly "Solnet.Wallet". Check to make sure the assembly exists on disk. If this reference is required by your code, you may get compilation errors. [C:\Source\OASIS-master\STAR ODK\STAR OAPP DNA Templates\NextGenSoftware.OASIS.STAR.DNATemplates.OAPP.Console.DLL\NextGenSoftware.OASIS.STAR.DNATemplates.OAPP.Console.DLL.csproj]
C:\Source\OASIS-master\External Libs\Spectre.Console\Spectre.Console\Cli\CommandAppException.cs(18,65): warning CS8632: The annotation for nullable reference types should only be used in code within a '#nullable' annotations context. [C:\Source\OASIS-master\External Libs\Spectre.Console\Spectre.Console\Spectre.Console.csproj::TargetFramework=netstandard2.0]
C:\Source\OASIS-master\External Libs\Spectre.Console\Spectre.Console\Cli\CommandAppException.cs(24,79): warning CS8632: The annotation for nullable reference types should only be used in code within a '#nullable' annotations context. [C:\Source\OASIS-master\External Libs\Spectre.Console\Spectre.Console\Spectre.Console.csproj::TargetFramework=netstandard2.0]
C:\Program Files\dotnet\sdk\9.0.306\Microsoft.Common.CurrentVersion.targets(2433,5): warning MSB3245: Could not resolve this reference. Could not locate the assembly "SQLitePCLRaw.batteries_v2". Check to make sure the assembly exists on disk. If this reference is required by your code, you may get compilation errors. [C:\Source\OASIS-master\STAR ODK\STAR OAPP DNA Templates\NextGenSoftware.OASIS.STAR.DNATemplates.OAPP.Console.DLL\NextGenSoftware.OASIS.STAR.DNATemplates.OAPP.Console.DLL.csproj]
C:\Source\OASIS-master\External Libs\Spectre.Console\Spectre.Console\Widgets\Text.cs(27,39): warning CS8632: The annotation for nullable reference types should only be used in code within a '#nullable' annotations context. [C:\Source\OASIS-master\External Libs\Spectre.Console\Spectre.Console\Spectre.Console.csproj::TargetFramework=netstandard2.0]
C:\Source\OASIS-master\External Libs\Spectre.Console\Spectre.Console\Widgets\Progress\Progress.cs(43,34): warning CS8632: The annotation for nullable reference types should only be used in code within a '#nullable' annotations context. [C:\Source\OASIS-master\External Libs\Spectre.Console\Spectre.Console\Spectre.Console.csproj::TargetFramework=netstandard2.0]
C:\Program Files\dotnet\sdk\9.0.306\Microsoft.Common.CurrentVersion.targets(2433,5): warning MSB3245: Could not resolve this reference. Could not locate the assembly "SQLitePCLRaw.core". Check to make sure the assembly exists on disk. If this reference is required by your code, you may get compilation errors. [C:\Source\OASIS-master\STAR ODK\STAR OAPP DNA Templates\NextGenSoftware.OASIS.STAR.DNATemplates.OAPP.Console.DLL\NextGenSoftware.OASIS.STAR.DNATemplates.OAPP.Console.DLL.csproj]
C:\Source\OASIS-master\External Libs\Spectre.Console\Spectre.Console\TreeGuide.cs(13,33): warning CS8632: The annotation for nullable reference types should only be used in code within a '#nullable' annotations context. [C:\Source\OASIS-master\External Libs\Spectre.Console\Spectre.Console\Spectre.Console.csproj::TargetFramework=netstandard2.0]
C:\Source\OASIS-master\External Libs\Spectre.Console\Spectre.Console\Widgets\Tree.cs(18,21): warning CS8632: The annotation for nullable reference types should only be used in code within a '#nullable' annotations context. [C:\Source\OASIS-master\External Libs\Spectre.Console\Spectre.Console\Spectre.Console.csproj::TargetFramework=netstandard2.0]
C:\Program Files\dotnet\sdk\9.0.306\Microsoft.Common.CurrentVersion.targets(2433,5): warning MSB3245: Could not resolve this reference. Could not locate the assembly "SQLitePCLRaw.provider.e_sqlite3". Check to make sure the assembly exists on disk. If this reference is required by your code, you may get compilation errors. [C:\Source\OASIS-master\STAR ODK\STAR OAPP DNA Templates\NextGenSoftware.OASIS.STAR.DNATemplates.OAPP.Console.DLL\NextGenSoftware.OASIS.STAR.DNATemplates.OAPP.Console.DLL.csproj]
C:\Source\OASIS-master\External Libs\Spectre.Console\Spectre.Console\Widgets\Calendar.cs(73,21): warning CS8632: The annotation for nullable reference types should only be used in code within a '#nullable' annotations context. [C:\Source\OASIS-master\External Libs\Spectre.Console\Spectre.Console\Spectre.Console.csproj::TargetFramework=netstandard2.0]
C:\Source\OASIS-master\External Libs\Spectre.Console\Spectre.Console\Widgets\Calendar.cs(82,27): warning CS8632: The annotation for nullable reference types should only be used in code within a '#nullable' annotations context. [C:\Source\OASIS-master\External Libs\Spectre.Console\Spectre.Console\Spectre.Console.csproj::TargetFramework=netstandard2.0]
C:\Program Files\dotnet\sdk\9.0.306\Microsoft.Common.CurrentVersion.targets(2433,5): warning MSB3245: Could not resolve this reference. Could not locate the assembly "Swashbuckle.AspNetCore.Swagger". Check to make sure the assembly exists on disk. If this reference is required by your code, you may get compilation errors. [C:\Source\OASIS-master\STAR ODK\STAR OAPP DNA Templates\NextGenSoftware.OASIS.STAR.DNATemplates.OAPP.Console.DLL\NextGenSoftware.OASIS.STAR.DNATemplates.OAPP.Console.DLL.csproj]
C:\Source\OASIS-master\External Libs\Spectre.Console\Spectre.Console\Widgets\Calendar.cs(109,21): warning CS8632: The annotation for nullable reference types should only be used in code within a '#nullable' annotations context. [C:\Source\OASIS-master\External Libs\Spectre.Console\Spectre.Console\Spectre.Console.csproj::TargetFramework=netstandard2.0]
C:\Source\OASIS-master\External Libs\Spectre.Console\Spectre.Console\Enrichment\ProfileEnrichment.cs(20,38): warning CS8632: The annotation for nullable reference types should only be used in code within a '#nullable' annotations context. [C:\Source\OASIS-master\External Libs\Spectre.Console\Spectre.Console\Spectre.Console.csproj::TargetFramework=netstandard2.0]
C:\Program Files\dotnet\sdk\9.0.306\Microsoft.Common.CurrentVersion.targets(2433,5): warning MSB3245: Could not resolve this reference. Could not locate the assembly "Swashbuckle.AspNetCore.SwaggerGen". Check to make sure the assembly exists on disk. If this reference is required by your code, you may get compilation errors. [C:\Source\OASIS-master\STAR ODK\STAR OAPP DNA Templates\NextGenSoftware.OASIS.STAR.DNATemplates.OAPP.Console.DLL\NextGenSoftware.OASIS.STAR.DNATemplates.OAPP.Console.DLL.csproj]
C:\Source\OASIS-master\External Libs\Spectre.Console\Spectre.Console\Cli\CommandApp`1.cs(20,41): warning CS8632: The annotation for nullable reference types should only be used in code within a '#nullable' annotations context. [C:\Source\OASIS-master\External Libs\Spectre.Console\Spectre.Console\Spectre.Console.csproj::TargetFramework=netstandard2.0]
C:\Source\OASIS-master\External Libs\Spectre.Console\Spectre.Console\Cli\CommandConfigurationException.cs(14,75): warning CS8632: The annotation for nullable reference types should only be used in code within a '#nullable' annotations context. [C:\Source\OASIS-master\External Libs\Spectre.Console\Spectre.Console\Spectre.Console.csproj::TargetFramework=netstandard2.0]
C:\Program Files\dotnet\sdk\9.0.306\Microsoft.Common.CurrentVersion.targets(2433,5): warning MSB3245: Could not resolve this reference. Could not locate the assembly "Swashbuckle.AspNetCore.SwaggerUI". Check to make sure the assembly exists on disk. If this reference is required by your code, you may get compilation errors. [C:\Source\OASIS-master\STAR ODK\STAR OAPP DNA Templates\NextGenSoftware.OASIS.STAR.DNATemplates.OAPP.Console.DLL\NextGenSoftware.OASIS.STAR.DNATemplates.OAPP.Console.DLL.csproj]
C:\Source\OASIS-master\External Libs\Spectre.Console\Spectre.Console\Cli\CommandConfigurationException.cs(19,89): warning CS8632: The annotation for nullable reference types should only be used in code within a '#nullable' annotations context. [C:\Source\OASIS-master\External Libs\Spectre.Console\Spectre.Console\Spectre.Console.csproj::TargetFramework=netstandard2.0]
C:\Source\OASIS-master\External Libs\Spectre.Console\Spectre.Console\Cli\CommandContext.cs(30,22): warning CS8632: The annotation for nullable reference types should only be used in code within a '#nullable' annotations context. [C:\Source\OASIS-master\External Libs\Spectre.Console\Spectre.Console\Spectre.Console.csproj::TargetFramework=netstandard2.0]
C:\Program Files\dotnet\sdk\9.0.306\Microsoft.Common.CurrentVersion.targets(2433,5): warning MSB3245: Could not resolve this reference. Could not locate the assembly "System.Configuration.ConfigurationManager". Check to make sure the assembly exists on disk. If this reference is required by your code, you may get compilation errors. [C:\Source\OASIS-master\STAR ODK\STAR OAPP DNA Templates\NextGenSoftware.OASIS.STAR.DNATemplates.OAPP.Console.DLL\NextGenSoftware.OASIS.STAR.DNATemplates.OAPP.Console.DLL.csproj]
C:\Source\OASIS-master\External Libs\Spectre.Console\Spectre.Console\Cli\CommandContext.cs(38,81): warning CS8632: The annotation for nullable reference types should only be used in code within a '#nullable' annotations context. [C:\Source\OASIS-master\External Libs\Spectre.Console\Spectre.Console\Spectre.Console.csproj::TargetFramework=netstandard2.0]
C:\Source\OASIS-master\External Libs\Spectre.Console\Spectre.Console\Cli\CommandParseException.cs(23,73): warning CS8632: The annotation for nullable reference types should only be used in code within a '#nullable' annotations context. [C:\Source\OASIS-master\External Libs\Spectre.Console\Spectre.Console\Spectre.Console.csproj::TargetFramework=netstandard2.0]
C:\Program Files\dotnet\sdk\9.0.306\Microsoft.Common.CurrentVersion.targets(2433,5): warning MSB3245: Could not resolve this reference. Could not locate the assembly "System.Drawing.Common". Check to make sure the assembly exists on disk. If this reference is required by your code, you may get compilation errors. [C:\Source\OASIS-master\STAR ODK\STAR OAPP DNA Templates\NextGenSoftware.OASIS.STAR.DNATemplates.OAPP.Console.DLL\NextGenSoftware.OASIS.STAR.DNATemplates.OAPP.Console.DLL.csproj]
C:\Source\OASIS-master\External Libs\Spectre.Console\Spectre.Console\Cli\CommandParseException.cs(104,93): warning CS8632: The annotation for nullable reference types should only be used in code within a '#nullable' annotations context. [C:\Source\OASIS-master\External Libs\Spectre.Console\Spectre.Console\Spectre.Console.csproj::TargetFramework=netstandard2.0]
C:\Source\OASIS-master\External Libs\Spectre.Console\Spectre.Console\Cli\CommandParseException.cs(13,67): warning CS8632: The annotation for nullable reference types should only be used in code within a '#nullable' annotations context. [C:\Source\OASIS-master\External Libs\Spectre.Console\Spectre.Console\Spectre.Console.csproj::TargetFramework=netstandard2.0]
C:\Program Files\dotnet\sdk\9.0.306\Microsoft.Common.CurrentVersion.targets(2433,5): warning MSB3245: Could not resolve this reference. Could not locate the assembly "System.IdentityModel.Tokens.Jwt". Check to make sure the assembly exists on disk. If this reference is required by your code, you may get compilation errors. [C:\Source\OASIS-master\STAR ODK\STAR OAPP DNA Templates\NextGenSoftware.OASIS.STAR.DNATemplates.OAPP.Console.DLL\NextGenSoftware.OASIS.STAR.DNATemplates.OAPP.Console.DLL.csproj]
C:\Source\OASIS-master\External Libs\Spectre.Console\Spectre.Console\Cli\CommandRuntimeException.cs(21,89): warning CS8632: The annotation for nullable reference types should only be used in code within a '#nullable' annotations context. [C:\Source\OASIS-master\External Libs\Spectre.Console\Spectre.Console\Spectre.Console.csproj::TargetFramework=netstandard2.0]
C:\Source\OASIS-master\External Libs\Spectre.Console\Spectre.Console\Extensions\AnsiConsoleExtensions.Input.cs(13,73): warning CS8632: The annotation for nullable reference types should only be used in code within a '#nullable' annotations context. [C:\Source\OASIS-master\External Libs\Spectre.Console\Spectre.Console\Spectre.Console.csproj::TargetFramework=netstandard2.0]
C:\Program Files\dotnet\sdk\9.0.306\Microsoft.Common.CurrentVersion.targets(2433,5): warning MSB3245: Could not resolve this reference. Could not locate the assembly "System.Net.Http.Formatting". Check to make sure the assembly exists on disk. If this reference is required by your code, you may get compilation errors. [C:\Source\OASIS-master\STAR ODK\STAR OAPP DNA Templates\NextGenSoftware.OASIS.STAR.DNATemplates.OAPP.Console.DLL\NextGenSoftware.OASIS.STAR.DNATemplates.OAPP.Console.DLL.csproj]
C:\Source\OASIS-master\External Libs\Spectre.Console\Spectre.Console\Extensions\AnsiConsoleExtensions.Input.cs(13,114): warning CS8632: The annotation for nullable reference types should only be used in code within a '#nullable' annotations context. [C:\Source\OASIS-master\External Libs\Spectre.Console\Spectre.Console\Spectre.Console.csproj::TargetFramework=netstandard2.0]
C:\Source\OASIS-master\External Libs\Spectre.Console\Spectre.Console\Cli\CommandRuntimeException.cs(11,69): warning CS8632: The annotation for nullable reference types should only be used in code within a '#nullable' annotations context. [C:\Source\OASIS-master\External Libs\Spectre.Console\Spectre.Console\Spectre.Console.csproj::TargetFramework=netstandard2.0]
C:\Program Files\dotnet\sdk\9.0.306\Microsoft.Common.CurrentVersion.targets(2433,5): warning MSB3245: Could not resolve this reference. Could not locate the assembly "System.Net.IPNetwork". Check to make sure the assembly exists on disk. If this reference is required by your code, you may get compilation errors. [C:\Source\OASIS-master\STAR ODK\STAR OAPP DNA Templates\NextGenSoftware.OASIS.STAR.DNATemplates.OAPP.Console.DLL\NextGenSoftware.OASIS.STAR.DNATemplates.OAPP.Console.DLL.csproj]
C:\Source\OASIS-master\External Libs\Spectre.Console\Spectre.Console\Cli\CommandRuntimeException.cs(16,83): warning CS8632: The annotation for nullable reference types should only be used in code within a '#nullable' annotations context. [C:\Source\OASIS-master\External Libs\Spectre.Console\Spectre.Console\Spectre.Console.csproj::TargetFramework=netstandard2.0]
C:\Source\OASIS-master\External Libs\Spectre.Console\Spectre.Console\Widgets\Progress\ProgressRefreshThread.cs(12,32): warning CS8632: The annotation for nullable reference types should only be used in code within a '#nullable' annotations context. [C:\Source\OASIS-master\External Libs\Spectre.Console\Spectre.Console\Spectre.Console.csproj::TargetFramework=netstandard2.0]
C:\Program Files\dotnet\sdk\9.0.306\Microsoft.Common.CurrentVersion.targets(2433,5): warning MSB3245: Could not resolve this reference. Could not locate the assembly "System.Security.Cryptography.ProtectedData". Check to make sure the assembly exists on disk. If this reference is required by your code, you may get compilation errors. [C:\Source\OASIS-master\STAR ODK\STAR OAPP DNA Templates\NextGenSoftware.OASIS.STAR.DNATemplates.OAPP.Console.DLL\NextGenSoftware.OASIS.STAR.DNATemplates.OAPP.Console.DLL.csproj]
C:\Source\OASIS-master\External Libs\Spectre.Console\Spectre.Console\Cli\CommandTemplateException.cs(146,104): warning CS8632: The annotation for nullable reference types should only be used in code within a '#nullable' annotations context. [C:\Source\OASIS-master\External Libs\Spectre.Console\Spectre.Console\Spectre.Console.csproj::TargetFramework=netstandard2.0]
C:\Source\OASIS-master\External Libs\Spectre.Console\Spectre.Console\Widgets\Calendar.cs(24,22): warning CS8632: The annotation for nullable reference types should only be used in code within a '#nullable' annotations context. [C:\Source\OASIS-master\External Libs\Spectre.Console\Spectre.Console\Spectre.Console.csproj::TargetFramework=netstandard2.0]
C:\Program Files\dotnet\sdk\9.0.306\Microsoft.Common.CurrentVersion.targets(2433,5): warning MSB3245: Could not resolve this reference. Could not locate the assembly "System.Security.Permissions". Check to make sure the assembly exists on disk. If this reference is required by your code, you may get compilation errors. [C:\Source\OASIS-master\STAR ODK\STAR OAPP DNA Templates\NextGenSoftware.OASIS.STAR.DNATemplates.OAPP.Console.DLL\NextGenSoftware.OASIS.STAR.DNATemplates.OAPP.Console.DLL.csproj]
C:\Source\OASIS-master\External Libs\Spectre.Console\Spectre.Console\Widgets\Calendar.cs(25,28): warning CS8632: The annotation for nullable reference types should only be used in code within a '#nullable' annotations context. [C:\Source\OASIS-master\External Libs\Spectre.Console\Spectre.Console\Spectre.Console.csproj::TargetFramework=netstandard2.0]
C:\Source\OASIS-master\External Libs\Spectre.Console\Spectre.Console\Widgets\Calendar.cs(28,22): warning CS8632: The annotation for nullable reference types should only be used in code within a '#nullable' annotations context. [C:\Source\OASIS-master\External Libs\Spectre.Console\Spectre.Console\Spectre.Console.csproj::TargetFramework=netstandard2.0]
C:\Program Files\dotnet\sdk\9.0.306\Microsoft.Common.CurrentVersion.targets(2433,5): warning MSB3245: Could not resolve this reference. Could not locate the assembly "System.ServiceModel". Check to make sure the assembly exists on disk. If this reference is required by your code, you may get compilation errors. [C:\Source\OASIS-master\STAR ODK\STAR OAPP DNA Templates\NextGenSoftware.OASIS.STAR.DNATemplates.OAPP.Console.DLL\NextGenSoftware.OASIS.STAR.DNATemplates.OAPP.Console.DLL.csproj]
C:\Source\OASIS-master\External Libs\Spectre.Console\Spectre.Console\Widgets\Charts\BarChart.cs(27,22): warning CS8632: The annotation for nullable reference types should only be used in code within a '#nullable' annotations context. [C:\Source\OASIS-master\External Libs\Spectre.Console\Spectre.Console\Spectre.Console.csproj::TargetFramework=netstandard2.0]
C:\Source\OASIS-master\External Libs\Spectre.Console\Spectre.Console\Widgets\Progress\ProgressTask.cs(169,19): warning CS8632: The annotation for nullable reference types should only be used in code within a '#nullable' annotations context. [C:\Source\OASIS-master\External Libs\Spectre.Console\Spectre.Console\Spectre.Console.csproj::TargetFramework=netstandard2.0]
C:\Program Files\dotnet\sdk\9.0.306\Microsoft.Common.CurrentVersion.targets(2433,5): warning MSB3245: Could not resolve this reference. Could not locate the assembly "System.ServiceModel.Primitives". Check to make sure the assembly exists on disk. If this reference is required by your code, you may get compilation errors. [C:\Source\OASIS-master\STAR ODK\STAR OAPP DNA Templates\NextGenSoftware.OASIS.STAR.DNATemplates.OAPP.Console.DLL\NextGenSoftware.OASIS.STAR.DNATemplates.OAPP.Console.DLL.csproj]
C:\Source\OASIS-master\External Libs\Spectre.Console\Spectre.Console\Widgets\Charts\BarChart.cs(44,27): warning CS8632: The annotation for nullable reference types should only be used in code within a '#nullable' annotations context. [C:\Source\OASIS-master\External Libs\Spectre.Console\Spectre.Console\Spectre.Console.csproj::TargetFramework=netstandard2.0]
C:\Program Files\dotnet\sdk\9.0.306\Microsoft.Common.CurrentVersion.targets(2433,5): warning MSB3245: Could not resolve this reference. Could not locate the assembly "System.Web.Http". Check to make sure the assembly exists on disk. If this reference is required by your code, you may get compilation errors. [C:\Source\OASIS-master\STAR ODK\STAR OAPP DNA Templates\NextGenSoftware.OASIS.STAR.DNATemplates.OAPP.Console.DLL\NextGenSoftware.OASIS.STAR.DNATemplates.OAPP.Console.DLL.csproj]
C:\Source\OASIS-master\External Libs\Spectre.Console\Spectre.Console\Extensions\BarChartExtensions.cs(145,65): warning CS8632: The annotation for nullable reference types should only be used in code within a '#nullable' annotations context. [C:\Source\OASIS-master\External Libs\Spectre.Console\Spectre.Console\Spectre.Console.csproj::TargetFramework=netstandard2.0]
C:\Source\OASIS-master\External Libs\Spectre.Console\Spectre.Console\Rendering\Borders\Boxes\HeavyBoxBorder.cs(11,34): warning CS8632: The annotation for nullable reference types should only be used in code within a '#nullable' annotations context. [C:\Source\OASIS-master\External Libs\Spectre.Console\Spectre.Console\Spectre.Console.csproj::TargetFramework=netstandard2.0]
C:\Program Files\dotnet\sdk\9.0.306\Microsoft.Common.CurrentVersion.targets(2433,5): warning MSB3245: Could not resolve this reference. Could not locate the assembly "System.Windows.Extensions". Check to make sure the assembly exists on disk. If this reference is required by your code, you may get compilation errors. [C:\Source\OASIS-master\STAR ODK\STAR OAPP DNA Templates\NextGenSoftware.OASIS.STAR.DNATemplates.OAPP.Console.DLL\NextGenSoftware.OASIS.STAR.DNATemplates.OAPP.Console.DLL.csproj]
C:\Source\OASIS-master\External Libs\Spectre.Console\Spectre.Console\Rendering\Borders\Boxes\RoundedBoxBorder.cs(11,34): warning CS8632: The annotation for nullable reference types should only be used in code within a '#nullable' annotations context. [C:\Source\OASIS-master\External Libs\Spectre.Console\Spectre.Console\Spectre.Console.csproj::TargetFramework=netstandard2.0]
C:\Source\OASIS-master\External Libs\Spectre.Console\Spectre.Console\Internal\Colors\ColorTable.cs(46,29): warning CS8632: The annotation for nullable reference types should only be used in code within a '#nullable' annotations context. [C:\Source\OASIS-master\External Libs\Spectre.Console\Spectre.Console\Spectre.Console.csproj::TargetFramework=netstandard2.0]
C:\Program Files\dotnet\sdk\9.0.306\Microsoft.Common.CurrentVersion.targets(2433,5): warning MSB3245: Could not resolve this reference. Could not locate the assembly "YamlDotNet". Check to make sure the assembly exists on disk. If this reference is required by your code, you may get compilation errors. [C:\Source\OASIS-master\STAR ODK\STAR OAPP DNA Templates\NextGenSoftware.OASIS.STAR.DNATemplates.OAPP.Console.DLL\NextGenSoftware.OASIS.STAR.DNATemplates.OAPP.Console.DLL.csproj]
C:\Source\OASIS-master\External Libs\Spectre.Console\Spectre.Console\Widgets\Charts\BreakdownChart.cs(36,49): warning CS8632: The annotation for nullable reference types should only be used in code within a '#nullable' annotations context. [C:\Source\OASIS-master\External Libs\Spectre.Console\Spectre.Console\Spectre.Console.csproj::TargetFramework=netstandard2.0]
C:\Source\OASIS-master\External Libs\Spectre.Console\Spectre.Console\Widgets\Charts\BreakdownChart.cs(49,27): warning CS8632: The annotation for nullable reference types should only be used in code within a '#nullable' annotations context. [C:\Source\OASIS-master\External Libs\Spectre.Console\Spectre.Console\Spectre.Console.csproj::TargetFramework=netstandard2.0]
C:\Program Files\dotnet\sdk\9.0.306\Microsoft.Common.CurrentVersion.targets(2433,5): warning MSB3245: Could not resolve this reference. Could not locate the assembly "ZstdSharp". Check to make sure the assembly exists on disk. If this reference is required by your code, you may get compilation errors. [C:\Source\OASIS-master\STAR ODK\STAR OAPP DNA Templates\NextGenSoftware.OASIS.STAR.DNATemplates.OAPP.Console.DLL\NextGenSoftware.OASIS.STAR.DNATemplates.OAPP.Console.DLL.csproj]
C:\Source\OASIS-master\External Libs\Spectre.Console\Spectre.Console\Widgets\Progress\Renderers\FallbackProgressRenderer.cs(109,35): warning CS8632: The annotation for nullable reference types should only be used in code within a '#nullable' annotations context. [C:\Source\OASIS-master\External Libs\Spectre.Console\Spectre.Console\Spectre.Console.csproj::TargetFramework=netstandard2.0]
C:\Source\OASIS-master\External Libs\Spectre.Console\Spectre.Console\Widgets\Progress\Renderers\FallbackProgressRenderer.cs(14,28): warning CS8632: The annotation for nullable reference types should only be used in code within a '#nullable' annotations context. [C:\Source\OASIS-master\External Libs\Spectre.Console\Spectre.Console\Spectre.Console.csproj::TargetFramework=netstandard2.0]
C:\Source\OASIS-master\External Libs\Spectre.Console\Spectre.Console\Widgets\Charts\BreakdownTags.cs(13,27): warning CS8632: The annotation for nullable reference types should only be used in code within a '#nullable' annotations context. [C:\Source\OASIS-master\External Libs\Spectre.Console\Spectre.Console\Spectre.Console.csproj::TargetFramework=netstandard2.0]
C:\Source\OASIS-master\External Libs\Spectre.Console\Spectre.Console\Widgets\Charts\BreakdownTags.cs(15,49): warning CS8632: The annotation for nullable reference types should only be used in code within a '#nullable' annotations context. [C:\Source\OASIS-master\External Libs\Spectre.Console\Spectre.Console\Spectre.Console.csproj::TargetFramework=netstandard2.0]
C:\Source\OASIS-master\External Libs\Spectre.Console\Spectre.Console\Widgets\Progress\Renderers\FallbackStatusRenderer.cs(11,28): warning CS8632: The annotation for nullable reference types should only be used in code within a '#nullable' annotations context. [C:\Source\OASIS-master\External Libs\Spectre.Console\Spectre.Console\Spectre.Console.csproj::TargetFramework=netstandard2.0]
C:\Source\OASIS-master\External Libs\Spectre.Console\Spectre.Console\Widgets\Progress\Renderers\FallbackStatusRenderer.cs(12,23): warning CS8632: The annotation for nullable reference types should only be used in code within a '#nullable' annotations context. [C:\Source\OASIS-master\External Libs\Spectre.Console\Spectre.Console\Spectre.Console.csproj::TargetFramework=netstandard2.0]
C:\Source\OASIS-master\External Libs\Spectre.Console\Spectre.Console\Internal\FileSize.cs(24,41): warning CS8632: The annotation for nullable reference types should only be used in code within a '#nullable' annotations context. [C:\Source\OASIS-master\External Libs\Spectre.Console\Spectre.Console\Spectre.Console.csproj::TargetFramework=netstandard2.0]
C:\Source\OASIS-master\External Libs\Spectre.Console\Spectre.Console\Internal\FileSize.cs(44,63): warning CS8632: The annotation for nullable reference types should only be used in code within a '#nullable' annotations context. [C:\Source\OASIS-master\External Libs\Spectre.Console\Spectre.Console\Spectre.Console.csproj::TargetFramework=netstandard2.0]
C:\Source\OASIS-master\External Libs\Spectre.Console\Spectre.Console\Cli\IFlagValue.cs(23,15): warning CS8632: The annotation for nullable reference types should only be used in code within a '#nullable' annotations context. [C:\Source\OASIS-master\External Libs\Spectre.Console\Spectre.Console\Spectre.Console.csproj::TargetFramework=netstandard2.0]
C:\Source\OASIS-master\External Libs\Spectre.Console\Spectre.Console\Cli\FlagValue.cs(28,15): warning CS8632: The annotation for nullable reference types should only be used in code within a '#nullable' annotations context. [C:\Source\OASIS-master\External Libs\Spectre.Console\Spectre.Console\Spectre.Console.csproj::TargetFramework=netstandard2.0]
C:\Source\OASIS-master\External Libs\Spectre.Console\Spectre.Console\Cli\ICommandAppSettings.cs(11,15): warning CS8632: The annotation for nullable reference types should only be used in code within a '#nullable' annotations context. [C:\Source\OASIS-master\External Libs\Spectre.Console\Spectre.Console\Spectre.Console.csproj::TargetFramework=netstandard2.0]
C:\Source\OASIS-master\External Libs\Spectre.Console\Spectre.Console\Cli\ICommandAppSettings.cs(16,15): warning CS8632: The annotation for nullable reference types should only be used in code within a '#nullable' annotations context. [C:\Source\OASIS-master\External Libs\Spectre.Console\Spectre.Console\Spectre.Console.csproj::TargetFramework=netstandard2.0]
C:\Source\OASIS-master\External Libs\Spectre.Console\Spectre.Console\Cli\ICommandAppSettings.cs(21,21): warning CS8632: The annotation for nullable reference types should only be used in code within a '#nullable' annotations context. [C:\Source\OASIS-master\External Libs\Spectre.Console\Spectre.Console\Spectre.Console.csproj::TargetFramework=netstandard2.0]
C:\Source\OASIS-master\External Libs\Spectre.Console\Spectre.Console\Cli\ICommandAppSettings.cs(27,28): warning CS8632: The annotation for nullable reference types should only be used in code within a '#nullable' annotations context. [C:\Source\OASIS-master\External Libs\Spectre.Console\Spectre.Console\Spectre.Console.csproj::TargetFramework=netstandard2.0]
C:\Source\OASIS-master\External Libs\Spectre.Console\Spectre.Console\Cli\ICommandParameterInfo.cs(18,31): warning CS8632: The annotation for nullable reference types should only be used in code within a '#nullable' annotations context. [C:\Source\OASIS-master\External Libs\Spectre.Console\Spectre.Console\Spectre.Console.csproj::TargetFramework=netstandard2.0]
C:\Source\OASIS-master\External Libs\Spectre.Console\Spectre.Console\Rendering\Borders\Tables\HeavyEdgeTableBorder.cs(11,36): warning CS8632: The annotation for nullable reference types should only be used in code within a '#nullable' annotations context. [C:\Source\OASIS-master\External Libs\Spectre.Console\Spectre.Console\Spectre.Console.csproj::TargetFramework=netstandard2.0]
C:\Source\OASIS-master\External Libs\Spectre.Console\Spectre.Console\Rendering\Borders\Tables\HeavyHeadTableBorder.cs(11,36): warning CS8632: The annotation for nullable reference types should only be used in code within a '#nullable' annotations context. [C:\Source\OASIS-master\External Libs\Spectre.Console\Spectre.Console\Spectre.Console.csproj::TargetFramework=netstandard2.0]
C:\Source\OASIS-master\External Libs\Spectre.Console\Spectre.Console\Rendering\Borders\Tables\HeavyTableBorder.cs(11,36): warning CS8632: The annotation for nullable reference types should only be used in code within a '#nullable' annotations context. [C:\Source\OASIS-master\External Libs\Spectre.Console\Spectre.Console\Spectre.Console.csproj::TargetFramework=netstandard2.0]
C:\Source\OASIS-master\External Libs\Spectre.Console\Spectre.Console\Rendering\Borders\Tables\MinimalHeavyHeadTableBorder.cs(11,36): warning CS8632: The annotation for nullable reference types should only be used in code within a '#nullable' annotations context. [C:\Source\OASIS-master\External Libs\Spectre.Console\Spectre.Console\Spectre.Console.csproj::TargetFramework=netstandard2.0]
C:\Source\OASIS-master\External Libs\Spectre.Console\Spectre.Console\Widgets\Markup.cs(35,41): warning CS8632: The annotation for nullable reference types should only be used in code within a '#nullable' annotations context. [C:\Source\OASIS-master\External Libs\Spectre.Console\Spectre.Console\Spectre.Console.csproj::TargetFramework=netstandard2.0]
C:\Source\OASIS-master\External Libs\Spectre.Console\Spectre.Console\Widgets\Exceptions\ExceptionInfo.cs(10,29): warning CS8632: The annotation for nullable reference types should only be used in code within a '#nullable' annotations context. [C:\Source\OASIS-master\External Libs\Spectre.Console\Spectre.Console\Spectre.Console.csproj::TargetFramework=netstandard2.0]
C:\Source\OASIS-master\External Libs\Spectre.Console\Spectre.Console\Widgets\Exceptions\ExceptionInfo.cs(15,26): warning CS8632: The annotation for nullable reference types should only be used in code within a '#nullable' annotations context. [C:\Source\OASIS-master\External Libs\Spectre.Console\Spectre.Console\Spectre.Console.csproj::TargetFramework=netstandard2.0]
C:\Source\OASIS-master\External Libs\Spectre.Console\Spectre.Console\Widgets\Exceptions\ExceptionParser.cs(14,36): warning CS8632: The annotation for nullable reference types should only be used in code within a '#nullable' annotations context. [C:\Source\OASIS-master\External Libs\Spectre.Console\Spectre.Console\Spectre.Console.csproj::TargetFramework=netstandard2.0]
C:\Source\OASIS-master\External Libs\Spectre.Console\Spectre.Console\Widgets\Exceptions\ExceptionParser.cs(25,37): warning CS8632: The annotation for nullable reference types should only be used in code within a '#nullable' annotations context. [C:\Source\OASIS-master\External Libs\Spectre.Console\Spectre.Console\Spectre.Console.csproj::TargetFramework=netstandard2.0]
C:\Source\OASIS-master\External Libs\Spectre.Console\Spectre.Console\Widgets\Exceptions\ExceptionParser.cs(90,38): warning CS8632: The annotation for nullable reference types should only be used in code within a '#nullable' annotations context. [C:\Source\OASIS-master\External Libs\Spectre.Console\Spectre.Console\Spectre.Console.csproj::TargetFramework=netstandard2.0]
C:\Source\OASIS-master\External Libs\Spectre.Console\Spectre.Console\Widgets\Exceptions\ExceptionParser.cs(121,56): warning CS8632: The annotation for nullable reference types should only be used in code within a '#nullable' annotations context. [C:\Source\OASIS-master\External Libs\Spectre.Console\Spectre.Console\Spectre.Console.csproj::TargetFramework=netstandard2.0]
C:\Source\OASIS-master\External Libs\Spectre.Console\Spectre.Console\Rendering\Borders\Tables\RoundedTableBorder.cs(11,36): warning CS8632: The annotation for nullable reference types should only be used in code within a '#nullable' annotations context. [C:\Source\OASIS-master\External Libs\Spectre.Console\Spectre.Console\Spectre.Console.csproj::TargetFramework=netstandard2.0]
C:\Source\OASIS-master\External Libs\Spectre.Console\Spectre.Console\Cli\Internal\Binding\CommandValueBinder.cs(14,84): warning CS8632: The annotation for nullable reference types should only be used in code within a '#nullable' annotations context. [C:\Source\OASIS-master\External Libs\Spectre.Console\Spectre.Console\Spectre.Console.csproj::TargetFramework=netstandard2.0]
C:\Source\OASIS-master\External Libs\Spectre.Console\Spectre.Console\Cli\Internal\Binding\CommandValueBinder.cs(32,92): warning CS8632: The annotation for nullable reference types should only be used in code within a '#nullable' annotations context. [C:\Source\OASIS-master\External Libs\Spectre.Console\Spectre.Console\Spectre.Console.csproj::TargetFramework=netstandard2.0]
C:\Source\OASIS-master\External Libs\Spectre.Console\Spectre.Console\Cli\Internal\Binding\CommandValueBinder.cs(68,67): warning CS8632: The annotation for nullable reference types should only be used in code within a '#nullable' annotations context. [C:\Source\OASIS-master\External Libs\Spectre.Console\Spectre.Console\Spectre.Console.csproj::TargetFramework=netstandard2.0]
C:\Source\OASIS-master\External Libs\Spectre.Console\Spectre.Console\Cli\Internal\Binding\CommandValueBinder.cs(94,66): warning CS8632: The annotation for nullable reference types should only be used in code within a '#nullable' annotations context. [C:\Source\OASIS-master\External Libs\Spectre.Console\Spectre.Console\Spectre.Console.csproj::TargetFramework=netstandard2.0]
C:\Source\OASIS-master\External Libs\Spectre.Console\Spectre.Console\Rendering\Borders\Tables\SimpleHeavyTableBorder.cs(11,36): warning CS8632: The annotation for nullable reference types should only be used in code within a '#nullable' annotations context. [C:\Source\OASIS-master\External Libs\Spectre.Console\Spectre.Console\Spectre.Console.csproj::TargetFramework=netstandard2.0]
C:\Source\OASIS-master\External Libs\Spectre.Console\Spectre.Console\Cli\Internal\Binding\CommandValueLookup.cs(8,95): warning CS8632: The annotation for nullable reference types should only be used in code within a '#nullable' annotations context. [C:\Source\OASIS-master\External Libs\Spectre.Console\Spectre.Console\Spectre.Console.csproj::TargetFramework=netstandard2.0]
C:\Source\OASIS-master\External Libs\Spectre.Console\Spectre.Console\Widgets\Prompt\MultiSelectionPrompt.cs(18,22): warning CS8632: The annotation for nullable reference types should only be used in code within a '#nullable' annotations context. [C:\Source\OASIS-master\External Libs\Spectre.Console\Spectre.Console\Spectre.Console.csproj::TargetFramework=netstandard2.0]
C:\Source\OASIS-master\External Libs\Spectre.Console\Spectre.Console\Widgets\Prompt\MultiSelectionPrompt.cs(34,31): warning CS8632: The annotation for nullable reference types should only be used in code within a '#nullable' annotations context. [C:\Source\OASIS-master\External Libs\Spectre.Console\Spectre.Console\Spectre.Console.csproj::TargetFramework=netstandard2.0]
C:\Source\OASIS-master\External Libs\Spectre.Console\Spectre.Console\Widgets\Prompt\MultiSelectionPrompt.cs(45,21): warning CS8632: The annotation for nullable reference types should only be used in code within a '#nullable' annotations context. [C:\Source\OASIS-master\External Libs\Spectre.Console\Spectre.Console\Spectre.Console.csproj::TargetFramework=netstandard2.0]
C:\Source\OASIS-master\External Libs\Spectre.Console\Spectre.Console\Widgets\Prompt\MultiSelectionPrompt.cs(50,22): warning CS8632: The annotation for nullable reference types should only be used in code within a '#nullable' annotations context. [C:\Source\OASIS-master\External Libs\Spectre.Console\Spectre.Console\Spectre.Console.csproj::TargetFramework=netstandard2.0]
C:\Source\OASIS-master\External Libs\Spectre.Console\Spectre.Console\Widgets\Prompt\MultiSelectionPrompt.cs(55,22): warning CS8632: The annotation for nullable reference types should only be used in code within a '#nullable' annotations context. [C:\Source\OASIS-master\External Libs\Spectre.Console\Spectre.Console\Spectre.Console.csproj::TargetFramework=netstandard2.0]
C:\Source\OASIS-master\External Libs\Spectre.Console\Spectre.Console\Rendering\JustInTimeRenderable.cs(13,28): warning CS8632: The annotation for nullable reference types should only be used in code within a '#nullable' annotations context. [C:\Source\OASIS-master\External Libs\Spectre.Console\Spectre.Console\Spectre.Console.csproj::TargetFramework=netstandard2.0]
C:\Source\OASIS-master\External Libs\Spectre.Console\Spectre.Console\Rendering\LiveRenderable.cs(9,28): warning CS8632: The annotation for nullable reference types should only be used in code within a '#nullable' annotations context. [C:\Source\OASIS-master\External Libs\Spectre.Console\Spectre.Console\Spectre.Console.csproj::TargetFramework=netstandard2.0]
C:\Source\OASIS-master\External Libs\Spectre.Console\Spectre.Console\Rendering\Measurement.cs(32,43): warning CS8632: The annotation for nullable reference types should only be used in code within a '#nullable' annotations context. [C:\Source\OASIS-master\External Libs\Spectre.Console\Spectre.Console\Spectre.Console.csproj::TargetFramework=netstandard2.0]
C:\Source\OASIS-master\External Libs\Spectre.Console\Spectre.Console\Widgets\Prompt\MultiSelectionPromptExtensions.cs(139,96): warning CS8632: The annotation for nullable reference types should only be used in code within a '#nullable' annotations context. [C:\Source\OASIS-master\External Libs\Spectre.Console\Spectre.Console\Spectre.Console.csproj::TargetFramework=netstandard2.0]
C:\Source\OASIS-master\External Libs\Spectre.Console\Spectre.Console\Widgets\Prompt\MultiSelectionPromptExtensions.cs(198,106): warning CS8632: The annotation for nullable reference types should only be used in code within a '#nullable' annotations context. [C:\Source\OASIS-master\External Libs\Spectre.Console\Spectre.Console\Spectre.Console.csproj::TargetFramework=netstandard2.0]
C:\Source\OASIS-master\External Libs\Spectre.Console\Spectre.Console\Widgets\Prompt\MultiSelectionPromptExtensions.cs(216,107): warning CS8632: The annotation for nullable reference types should only be used in code within a '#nullable' annotations context. [C:\Source\OASIS-master\External Libs\Spectre.Console\Spectre.Console\Spectre.Console.csproj::TargetFramework=netstandard2.0]
C:\Source\OASIS-master\External Libs\Spectre.Console\Spectre.Console\Widgets\Prompt\MultiSelectionPromptExtensions.cs(274,112): warning CS8632: The annotation for nullable reference types should only be used in code within a '#nullable' annotations context. [C:\Source\OASIS-master\External Libs\Spectre.Console\Spectre.Console\Spectre.Console.csproj::TargetFramework=netstandard2.0]
C:\Source\OASIS-master\External Libs\Spectre.Console\Spectre.Console\Widgets\Prompt\Rendering\RenderableList.cs(20,108): warning CS8632: The annotation for nullable reference types should only be used in code within a '#nullable' annotations context. [C:\Source\OASIS-master\External Libs\Spectre.Console\Spectre.Console\Spectre.Console.csproj::TargetFramework=netstandard2.0]
C:\Source\OASIS-master\External Libs\Spectre.Console\Spectre.Console\Widgets\Exceptions\StackFrameInfo.cs(12,22): warning CS8632: The annotation for nullable reference types should only be used in code within a '#nullable' annotations context. [C:\Source\OASIS-master\External Libs\Spectre.Console\Spectre.Console\Spectre.Console.csproj::TargetFramework=netstandard2.0]
C:\Source\OASIS-master\External Libs\Spectre.Console\Spectre.Console\Widgets\Exceptions\StackFrameInfo.cs(25,58): warning CS8632: The annotation for nullable reference types should only be used in code within a '#nullable' annotations context. [C:\Source\OASIS-master\External Libs\Spectre.Console\Spectre.Console\Spectre.Console.csproj::TargetFramework=netstandard2.0]
C:\Source\OASIS-master\External Libs\Spectre.Console\Spectre.Console\Widgets\Exceptions\StackFrameInfo.cs(17,19): warning CS8632: The annotation for nullable reference types should only be used in code within a '#nullable' annotations context. [C:\Source\OASIS-master\External Libs\Spectre.Console\Spectre.Console\Spectre.Console.csproj::TargetFramework=netstandard2.0]
C:\Source\OASIS-master\External Libs\Spectre.Console\Spectre.Console\Cli\Internal\Binding\CommandValueLookup.cs(17,63): warning CS8632: The annotation for nullable reference types should only be used in code within a '#nullable' annotations context. [C:\Source\OASIS-master\External Libs\Spectre.Console\Spectre.Console\Spectre.Console.csproj::TargetFramework=netstandard2.0]
C:\Source\OASIS-master\External Libs\Spectre.Console\Spectre.Console\Cli\Internal\Binding\CommandValueLookup.cs(25,48): warning CS8632: The annotation for nullable reference types should only be used in code within a '#nullable' annotations context. [C:\Source\OASIS-master\External Libs\Spectre.Console\Spectre.Console\Spectre.Console.csproj::TargetFramework=netstandard2.0]
C:\Source\OASIS-master\External Libs\Spectre.Console\Spectre.Console\Cli\Internal\Binding\CommandValueLookup.cs(35,51): warning CS8632: The annotation for nullable reference types should only be used in code within a '#nullable' annotations context. [C:\Source\OASIS-master\External Libs\Spectre.Console\Spectre.Console\Spectre.Console.csproj::TargetFramework=netstandard2.0]
C:\Source\OASIS-master\External Libs\Spectre.Console\Spectre.Console\Cli\Internal\Binding\CommandValueLookup.cs(35,98): warning CS8632: The annotation for nullable reference types should only be used in code within a '#nullable' annotations context. [C:\Source\OASIS-master\External Libs\Spectre.Console\Spectre.Console\Spectre.Console.csproj::TargetFramework=netstandard2.0]
C:\Source\OASIS-master\External Libs\Spectre.Console\Spectre.Console\Cli\Internal\Binding\CommandValueLookup.cs(47,22): warning CS8632: The annotation for nullable reference types should only be used in code within a '#nullable' annotations context. [C:\Source\OASIS-master\External Libs\Spectre.Console\Spectre.Console\Spectre.Console.csproj::TargetFramework=netstandard2.0]
C:\Source\OASIS-master\External Libs\Spectre.Console\Spectre.Console\Cli\Internal\Binding\CommandValueLookup.cs(53,64): warning CS8632: The annotation for nullable reference types should only be used in code within a '#nullable' annotations context. [C:\Source\OASIS-master\External Libs\Spectre.Console\Spectre.Console\Spectre.Console.csproj::TargetFramework=netstandard2.0]
C:\Source\OASIS-master\External Libs\Spectre.Console\Spectre.Console\Cli\Internal\Binding\CommandValueLookup.cs(10,78): warning CS8632: The annotation for nullable reference types should only be used in code within a '#nullable' annotations context. [C:\Source\OASIS-master\External Libs\Spectre.Console\Spectre.Console\Spectre.Console.csproj::TargetFramework=netstandard2.0]
C:\Source\OASIS-master\External Libs\Spectre.Console\Spectre.Console\Cli\Internal\Binding\CommandValueResolver.cs(9,72): warning CS8632: The annotation for nullable reference types should only be used in code within a '#nullable' annotations context. [C:\Source\OASIS-master\External Libs\Spectre.Console\Spectre.Console\Spectre.Console.csproj::TargetFramework=netstandard2.0]
C:\Source\OASIS-master\External Libs\Spectre.Console\Spectre.Console\Cli\Internal\Binding\CommandValueResolver.cs(101,37): warning CS8632: The annotation for nullable reference types should only be used in code within a '#nullable' annotations context. [C:\Source\OASIS-master\External Libs\Spectre.Console\Spectre.Console\Spectre.Console.csproj::TargetFramework=netstandard2.0]
C:\Source\OASIS-master\External Libs\Spectre.Console\Spectre.Console\Cli\Internal\Collections\IMultiMap.cs(12,25): warning CS8632: The annotation for nullable reference types should only be used in code within a '#nullable' annotations context. [C:\Source\OASIS-master\External Libs\Spectre.Console\Spectre.Console\Spectre.Console.csproj::TargetFramework=netstandard2.0]
C:\Source\OASIS-master\External Libs\Spectre.Console\Spectre.Console\Cli\Internal\Collections\IMultiMap.cs(12,38): warning CS8632: The annotation for nullable reference types should only be used in code within a '#nullable' annotations context. [C:\Source\OASIS-master\External Libs\Spectre.Console\Spectre.Console\Spectre.Console.csproj::TargetFramework=netstandard2.0]
C:\Source\OASIS-master\External Libs\Spectre.Console\Spectre.Console\Rendering\Segment.cs(149,39): warning CS8632: The annotation for nullable reference types should only be used in code within a '#nullable' annotations context. [C:\Source\OASIS-master\External Libs\Spectre.Console\Spectre.Console\Spectre.Console.csproj::TargetFramework=netstandard2.0]
C:\Source\OASIS-master\External Libs\Spectre.Console\Spectre.Console\Widgets\Prompt\Rendering\RenderableMultiSelectionList.cs(15,32): warning CS8632: The annotation for nullable reference types should only be used in code within a '#nullable' annotations context. [C:\Source\OASIS-master\External Libs\Spectre.Console\Spectre.Console\Spectre.Console.csproj::TargetFramework=netstandard2.0]
C:\Source\OASIS-master\External Libs\Spectre.Console\Spectre.Console\Widgets\Prompt\Rendering\RenderableMultiSelectionList.cs(23,41): warning CS8632: The annotation for nullable reference types should only be used in code within a '#nullable' annotations context. [C:\Source\OASIS-master\External Libs\Spectre.Console\Spectre.Console\Spectre.Console.csproj::TargetFramework=netstandard2.0]
C:\Source\OASIS-master\External Libs\Spectre.Console\Spectre.Console\Widgets\Prompt\Rendering\RenderableMultiSelectionList.cs(25,28): warning CS8632: The annotation for nullable reference types should only be used in code within a '#nullable' annotations context. [C:\Source\OASIS-master\External Libs\Spectre.Console\Spectre.Console\Spectre.Console.csproj::TargetFramework=netstandard2.0]
C:\Source\OASIS-master\External Libs\Spectre.Console\Spectre.Console\Widgets\Prompt\Rendering\RenderableMultiSelectionList.cs(25,46): warning CS8632: The annotation for nullable reference types should only be used in code within a '#nullable' annotations context. [C:\Source\OASIS-master\External Libs\Spectre.Console\Spectre.Console\Spectre.Console.csproj::TargetFramework=netstandard2.0]
C:\Source\OASIS-master\External Libs\Spectre.Console\Spectre.Console\Widgets\Prompt\Rendering\RenderableMultiSelectionList.cs(26,19): warning CS8632: The annotation for nullable reference types should only be used in code within a '#nullable' annotations context. [C:\Source\OASIS-master\External Libs\Spectre.Console\Spectre.Console\Spectre.Console.csproj::TargetFramework=netstandard2.0]
C:\Source\OASIS-master\External Libs\Spectre.Console\Spectre.Console\Widgets\Prompt\Rendering\RenderableMultiSelectionList.cs(26,44): warning CS8632: The annotation for nullable reference types should only be used in code within a '#nullable' annotations context. [C:\Source\OASIS-master\External Libs\Spectre.Console\Spectre.Console\Spectre.Console.csproj::TargetFramework=netstandard2.0]
C:\Source\OASIS-master\External Libs\Spectre.Console\Spectre.Console\Widgets\Prompt\Rendering\RenderableSelectionList.cs(13,32): warning CS8632: The annotation for nullable reference types should only be used in code within a '#nullable' annotations context. [C:\Source\OASIS-master\External Libs\Spectre.Console\Spectre.Console\Spectre.Console.csproj::TargetFramework=netstandard2.0]
C:\Source\OASIS-master\External Libs\Spectre.Console\Spectre.Console\Widgets\Prompt\Rendering\RenderableSelectionList.cs(18,41): warning CS8632: The annotation for nullable reference types should only be used in code within a '#nullable' annotations context. [C:\Source\OASIS-master\External Libs\Spectre.Console\Spectre.Console\Spectre.Console.csproj::TargetFramework=netstandard2.0]
C:\Source\OASIS-master\External Libs\Spectre.Console\Spectre.Console\Widgets\Prompt\Rendering\RenderableSelectionList.cs(19,45): warning CS8632: The annotation for nullable reference types should only be used in code within a '#nullable' annotations context. [C:\Source\OASIS-master\External Libs\Spectre.Console\Spectre.Console\Spectre.Console.csproj::TargetFramework=netstandard2.0]
C:\Source\OASIS-master\External Libs\Spectre.Console\Spectre.Console\Widgets\Prompt\Rendering\RenderableSelectionList.cs(19,63): warning CS8632: The annotation for nullable reference types should only be used in code within a '#nullable' annotations context. [C:\Source\OASIS-master\External Libs\Spectre.Console\Spectre.Console\Spectre.Console.csproj::TargetFramework=netstandard2.0]
C:\Source\OASIS-master\External Libs\Spectre.Console\Spectre.Console\Widgets\Prompt\Rendering\RenderableSelectionList.cs(20,19): warning CS8632: The annotation for nullable reference types should only be used in code within a '#nullable' annotations context. [C:\Source\OASIS-master\External Libs\Spectre.Console\Spectre.Console\Spectre.Console.csproj::TargetFramework=netstandard2.0]
C:\Source\OASIS-master\External Libs\Spectre.Console\Spectre.Console\Widgets\Figlet\FigletFont.cs(111,33): warning CS8632: The annotation for nullable reference types should only be used in code within a '#nullable' annotations context. [C:\Source\OASIS-master\External Libs\Spectre.Console\Spectre.Console\Spectre.Console.csproj::TargetFramework=netstandard2.0]
C:\Source\OASIS-master\External Libs\Spectre.Console\Spectre.Console\Widgets\Prompt\SelectionPrompt.cs(17,22): warning CS8632: The annotation for nullable reference types should only be used in code within a '#nullable' annotations context. [C:\Source\OASIS-master\External Libs\Spectre.Console\Spectre.Console\Spectre.Console.csproj::TargetFramework=netstandard2.0]
C:\Source\OASIS-master\External Libs\Spectre.Console\Spectre.Console\Widgets\Prompt\SelectionPrompt.cs(28,31): warning CS8632: The annotation for nullable reference types should only be used in code within a '#nullable' annotations context. [C:\Source\OASIS-master\External Libs\Spectre.Console\Spectre.Console\Spectre.Console.csproj::TargetFramework=netstandard2.0]
C:\Source\OASIS-master\External Libs\Spectre.Console\Spectre.Console\Widgets\Prompt\SelectionPrompt.cs(39,21): warning CS8632: The annotation for nullable reference types should only be used in code within a '#nullable' annotations context. [C:\Source\OASIS-master\External Libs\Spectre.Console\Spectre.Console\Spectre.Console.csproj::TargetFramework=netstandard2.0]
C:\Source\OASIS-master\External Libs\Spectre.Console\Spectre.Console\Widgets\Prompt\SelectionPrompt.cs(44,22): warning CS8632: The annotation for nullable reference types should only be used in code within a '#nullable' annotations context. [C:\Source\OASIS-master\External Libs\Spectre.Console\Spectre.Console\Spectre.Console.csproj::TargetFramework=netstandard2.0]
C:\Source\OASIS-master\External Libs\Spectre.Console\Spectre.Console\Widgets\Prompt\SelectionPromptExtensions.cs(72,86): warning CS8632: The annotation for nullable reference types should only be used in code within a '#nullable' annotations context. [C:\Source\OASIS-master\External Libs\Spectre.Console\Spectre.Console\Spectre.Console.csproj::TargetFramework=netstandard2.0]
C:\Source\OASIS-master\External Libs\Spectre.Console\Spectre.Console\Widgets\Prompt\SelectionPromptExtensions.cs(131,96): warning CS8632: The annotation for nullable reference types should only be used in code within a '#nullable' annotations context. [C:\Source\OASIS-master\External Libs\Spectre.Console\Spectre.Console\Spectre.Console.csproj::TargetFramework=netstandard2.0]
C:\Source\OASIS-master\External Libs\Spectre.Console\Spectre.Console\Cli\Internal\CommandValidator.cs(5,66): warning CS8632: The annotation for nullable reference types should only be used in code within a '#nullable' annotations context. [C:\Source\OASIS-master\External Libs\Spectre.Console\Spectre.Console\Spectre.Console.csproj::TargetFramework=netstandard2.0]
C:\Source\OASIS-master\External Libs\Spectre.Console\Spectre.Console\Rendering\Segment.cs(423,48): warning CS8632: The annotation for nullable reference types should only be used in code within a '#nullable' annotations context. [C:\Source\OASIS-master\External Libs\Spectre.Console\Spectre.Console\Spectre.Console.csproj::TargetFramework=netstandard2.0]
C:\Source\OASIS-master\External Libs\Spectre.Console\Spectre.Console\Rendering\Segment.cs(423,30): warning CS8632: The annotation for nullable reference types should only be used in code within a '#nullable' annotations context. [C:\Source\OASIS-master\External Libs\Spectre.Console\Spectre.Console\Spectre.Console.csproj::TargetFramework=netstandard2.0]
C:\Source\OASIS-master\External Libs\Spectre.Console\Spectre.Console\Cli\Internal\Collections\MultiMap.cs(163,32): warning CS8632: The annotation for nullable reference types should only be used in code within a '#nullable' annotations context. [C:\Source\OASIS-master\External Libs\Spectre.Console\Spectre.Console\Spectre.Console.csproj::TargetFramework=netstandard2.0]
C:\Source\OASIS-master\External Libs\Spectre.Console\Spectre.Console\Cli\Internal\Collections\MultiMap.cs(163,45): warning CS8632: The annotation for nullable reference types should only be used in code within a '#nullable' annotations context. [C:\Source\OASIS-master\External Libs\Spectre.Console\Spectre.Console\Spectre.Console.csproj::TargetFramework=netstandard2.0]
C:\Source\OASIS-master\External Libs\Spectre.Console\Spectre.Console\Widgets\Prompt\SelectionPromptExtensions.cs(149,102): warning CS8632: The annotation for nullable reference types should only be used in code within a '#nullable' annotations context. [C:\Source\OASIS-master\External Libs\Spectre.Console\Spectre.Console\Spectre.Console.csproj::TargetFramework=netstandard2.0]
C:\Source\OASIS-master\External Libs\Spectre.Console\Spectre.Console\Widgets\Table\TableRenderer.cs(159,102): warning CS8632: The annotation for nullable reference types should only be used in code within a '#nullable' annotations context. [C:\Source\OASIS-master\External Libs\Spectre.Console\Spectre.Console\Spectre.Console.csproj::TargetFramework=netstandard2.0]
C:\Source\OASIS-master\External Libs\Spectre.Console\Spectre.Console\Widgets\Prompt\TextPrompt.cs(23,21): warning CS8632: The annotation for nullable reference types should only be used in code within a '#nullable' annotations context. [C:\Source\OASIS-master\External Libs\Spectre.Console\Spectre.Console\Spectre.Console.csproj::TargetFramework=netstandard2.0]
C:\Source\OASIS-master\External Libs\Spectre.Console\Spectre.Console\Widgets\Prompt\TextPrompt.cs(67,31): warning CS8632: The annotation for nullable reference types should only be used in code within a '#nullable' annotations context. [C:\Source\OASIS-master\External Libs\Spectre.Console\Spectre.Console\Spectre.Console.csproj::TargetFramework=netstandard2.0]
C:\Source\OASIS-master\External Libs\Spectre.Console\Spectre.Console\Widgets\Prompt\TextPrompt.cs(72,41): warning CS8632: The annotation for nullable reference types should only be used in code within a '#nullable' annotations context. [C:\Source\OASIS-master\External Libs\Spectre.Console\Spectre.Console\Spectre.Console.csproj::TargetFramework=netstandard2.0]
C:\Source\OASIS-master\External Libs\Spectre.Console\Spectre.Console\Widgets\Table\TableRendererContext.cs(37,26): warning CS8632: The annotation for nullable reference types should only be used in code within a '#nullable' annotations context. [C:\Source\OASIS-master\External Libs\Spectre.Console\Spectre.Console\Spectre.Console.csproj::TargetFramework=netstandard2.0]
C:\Source\OASIS-master\External Libs\Spectre.Console\Spectre.Console\Widgets\Table\TableRendererContext.cs(38,26): warning CS8632: The annotation for nullable reference types should only be used in code within a '#nullable' annotations context. [C:\Source\OASIS-master\External Libs\Spectre.Console\Spectre.Console\Spectre.Console.csproj::TargetFramework=netstandard2.0]
C:\Source\OASIS-master\External Libs\Spectre.Console\Spectre.Console\Widgets\Prompt\TextPrompt.cs(77,39): warning CS8632: The annotation for nullable reference types should only be used in code within a '#nullable' annotations context. [C:\Source\OASIS-master\External Libs\Spectre.Console\Spectre.Console\Spectre.Console.csproj::TargetFramework=netstandard2.0]
C:\Source\OASIS-master\External Libs\Spectre.Console\Spectre.Console\Widgets\Prompt\TextPrompt.cs(208,77): warning CS8632: The annotation for nullable reference types should only be used in code within a '#nullable' annotations context. [C:\Source\OASIS-master\External Libs\Spectre.Console\Spectre.Console\Spectre.Console.csproj::TargetFramework=netstandard2.0]
C:\Source\OASIS-master\External Libs\Spectre.Console\Spectre.Console\Widgets\Prompt\TextPrompt.cs(18,40): warning CS8632: The annotation for nullable reference types should only be used in code within a '#nullable' annotations context. [C:\Source\OASIS-master\External Libs\Spectre.Console\Spectre.Console\Spectre.Console.csproj::TargetFramework=netstandard2.0]
C:\Source\OASIS-master\External Libs\Spectre.Console\Spectre.Console\Widgets\Prompt\TextPrompt.cs(84,56): warning CS8632: The annotation for nullable reference types should only be used in code within a '#nullable' annotations context. [C:\Source\OASIS-master\External Libs\Spectre.Console\Spectre.Console\Spectre.Console.csproj::TargetFramework=netstandard2.0]
C:\Source\OASIS-master\External Libs\Spectre.Console\Spectre.Console\Widgets\Table\TableTitle.cs(18,21): warning CS8632: The annotation for nullable reference types should only be used in code within a '#nullable' annotations context. [C:\Source\OASIS-master\External Libs\Spectre.Console\Spectre.Console\Spectre.Console.csproj::TargetFramework=netstandard2.0]
C:\Source\OASIS-master\External Libs\Spectre.Console\Spectre.Console\Widgets\Table\TableTitle.cs(36,41): warning CS8632: The annotation for nullable reference types should only be used in code within a '#nullable' annotations context. [C:\Source\OASIS-master\External Libs\Spectre.Console\Spectre.Console\Spectre.Console.csproj::TargetFramework=netstandard2.0]
C:\Source\OASIS-master\External Libs\Spectre.Console\Spectre.Console\Widgets\Table\TableTitle.cs(25,45): warning CS8632: The annotation for nullable reference types should only be used in code within a '#nullable' annotations context. [C:\Source\OASIS-master\External Libs\Spectre.Console\Spectre.Console\Spectre.Console.csproj::TargetFramework=netstandard2.0]
C:\Source\OASIS-master\External Libs\Spectre.Console\Spectre.Console\Extensions\Progress\SpinnerColumnExtensions.cs(16,75): warning CS8632: The annotation for nullable reference types should only be used in code within a '#nullable' annotations context. [C:\Source\OASIS-master\External Libs\Spectre.Console\Spectre.Console\Spectre.Console.csproj::TargetFramework=netstandard2.0]
C:\Source\OASIS-master\External Libs\Spectre.Console\Spectre.Console\Cli\Internal\Configuration\CommandAppSettings.cs(7,22): warning CS8632: The annotation for nullable reference types should only be used in code within a '#nullable' annotations context. [C:\Source\OASIS-master\External Libs\Spectre.Console\Spectre.Console\Spectre.Console.csproj::TargetFramework=netstandard2.0]
C:\Source\OASIS-master\External Libs\Spectre.Console\Spectre.Console\Extensions\Progress\SpinnerColumnExtensions.cs(34,84): warning CS8632: The annotation for nullable reference types should only be used in code within a '#nullable' annotations context. [C:\Source\OASIS-master\External Libs\Spectre.Console\Spectre.Console\Spectre.Console.csproj::TargetFramework=netstandard2.0]
C:\Source\OASIS-master\External Libs\Spectre.Console\Spectre.Console\Cli\Internal\Configuration\CommandAppSettings.cs(8,22): warning CS8632: The annotation for nullable reference types should only be used in code within a '#nullable' annotations context. [C:\Source\OASIS-master\External Libs\Spectre.Console\Spectre.Console\Spectre.Console.csproj::TargetFramework=netstandard2.0]
C:\Source\OASIS-master\External Libs\Spectre.Console\Spectre.Console\Extensions\Progress\SpinnerColumnExtensions.cs(51,84): warning CS8632: The annotation for nullable reference types should only be used in code within a '#nullable' annotations context. [C:\Source\OASIS-master\External Libs\Spectre.Console\Spectre.Console\Spectre.Console.csproj::TargetFramework=netstandard2.0]
C:\Source\OASIS-master\External Libs\Spectre.Console\Spectre.Console\Cli\Internal\Configuration\CommandAppSettings.cs(9,28): warning CS8632: The annotation for nullable reference types should only be used in code within a '#nullable' annotations context. [C:\Source\OASIS-master\External Libs\Spectre.Console\Spectre.Console\Spectre.Console.csproj::TargetFramework=netstandard2.0]
C:\Source\OASIS-master\External Libs\Spectre.Console\Spectre.Console\Cli\Internal\Composition\Activators.cs(17,23): warning CS8632: The annotation for nullable reference types should only be used in code within a '#nullable' annotations context. [C:\Source\OASIS-master\External Libs\Spectre.Console\Spectre.Console\Spectre.Console.csproj::TargetFramework=netstandard2.0]
C:\Source\OASIS-master\External Libs\Spectre.Console\Spectre.Console\Cli\Internal\Configuration\CommandAppSettings.cs(10,35): warning CS8632: The annotation for nullable reference types should only be used in code within a '#nullable' annotations context. [C:\Source\OASIS-master\External Libs\Spectre.Console\Spectre.Console\Spectre.Console.csproj::TargetFramework=netstandard2.0]
C:\Source\OASIS-master\External Libs\Spectre.Console\Spectre.Console\Extensions\Progress\StatusContextExtensions.cs(50,83): warning CS8632: The annotation for nullable reference types should only be used in code within a '#nullable' annotations context. [C:\Source\OASIS-master\External Libs\Spectre.Console\Spectre.Console\Spectre.Console.csproj::TargetFramework=netstandard2.0]
C:\Source\OASIS-master\External Libs\Spectre.Console\Spectre.Console\Cli\Internal\Modelling\CommandModel.cs(11,22): warning CS8632: The annotation for nullable reference types should only be used in code within a '#nullable' annotations context. [C:\Source\OASIS-master\External Libs\Spectre.Console\Spectre.Console\Spectre.Console.csproj::TargetFramework=netstandard2.0]
C:\Source\OASIS-master\External Libs\Spectre.Console\Spectre.Console\Cli\Internal\Modelling\CommandModel.cs(13,27): warning CS8632: The annotation for nullable reference types should only be used in code within a '#nullable' annotations context. [C:\Source\OASIS-master\External Libs\Spectre.Console\Spectre.Console\Spectre.Console.csproj::TargetFramework=netstandard2.0]
C:\Source\OASIS-master\External Libs\Spectre.Console\Spectre.Console\Cli\Internal\Modelling\CommandModel.cs(38,30): warning CS8632: The annotation for nullable reference types should only be used in code within a '#nullable' annotations context. [C:\Source\OASIS-master\External Libs\Spectre.Console\Spectre.Console\Spectre.Console.csproj::TargetFramework=netstandard2.0]
C:\Source\OASIS-master\External Libs\Spectre.Console\Spectre.Console\Cli\Internal\Modelling\CommandModel.cs(19,24): warning CS8632: The annotation for nullable reference types should only be used in code within a '#nullable' annotations context. [C:\Source\OASIS-master\External Libs\Spectre.Console\Spectre.Console\Spectre.Console.csproj::TargetFramework=netstandard2.0]
C:\Source\OASIS-master\External Libs\Spectre.Console\Spectre.Console\Cli\Internal\Composition\ComponentRegistration.cs(12,96): warning CS8632: The annotation for nullable reference types should only be used in code within a '#nullable' annotations context. [C:\Source\OASIS-master\External Libs\Spectre.Console\Spectre.Console\Spectre.Console.csproj::TargetFramework=netstandard2.0]
C:\Source\OASIS-master\External Libs\Spectre.Console\Spectre.Console\Cli\Internal\Modelling\CommandModelBuilder.cs(51,53): warning CS8632: The annotation for nullable reference types should only be used in code within a '#nullable' annotations context. [C:\Source\OASIS-master\External Libs\Spectre.Console\Spectre.Console\Spectre.Console.csproj::TargetFramework=netstandard2.0]
C:\Source\OASIS-master\External Libs\Spectre.Console\Spectre.Console\Cli\Internal\Modelling\CommandModelBuilder.cs(218,39): warning CS8632: The annotation for nullable reference types should only be used in code within a '#nullable' annotations context. [C:\Source\OASIS-master\External Libs\Spectre.Console\Spectre.Console\Spectre.Console.csproj::TargetFramework=netstandard2.0]
C:\Source\OASIS-master\External Libs\Spectre.Console\Spectre.Console\Cli\Internal\Modelling\CommandModelBuilder.cs(219,35): warning CS8632: The annotation for nullable reference types should only be used in code within a '#nullable' annotations context. [C:\Source\OASIS-master\External Libs\Spectre.Console\Spectre.Console\Spectre.Console.csproj::TargetFramework=netstandard2.0]
C:\Source\OASIS-master\External Libs\Spectre.Console\Spectre.Console\Rendering\SegmentLineIterator.cs(22,15): warning CS8632: The annotation for nullable reference types should only be used in code within a '#nullable' annotations context. [C:\Source\OASIS-master\External Libs\Spectre.Console\Spectre.Console\Spectre.Console.csproj::TargetFramework=netstandard2.0]
C:\Source\OASIS-master\External Libs\Spectre.Console\Spectre.Console\Rendering\Tree\BoldLineTreeGuide.cs(11,34): warning CS8632: The annotation for nullable reference types should only be used in code within a '#nullable' annotations context. [C:\Source\OASIS-master\External Libs\Spectre.Console\Spectre.Console\Spectre.Console.csproj::TargetFramework=netstandard2.0]
C:\Source\OASIS-master\External Libs\Spectre.Console\Spectre.Console\Cli\Internal\Modelling\CommandModelValidator.cs(50,49): warning CS8632: The annotation for nullable reference types should only be used in code within a '#nullable' annotations context. [C:\Source\OASIS-master\External Libs\Spectre.Console\Spectre.Console\Spectre.Console.csproj::TargetFramework=netstandard2.0]
C:\Source\OASIS-master\External Libs\Spectre.Console\Spectre.Console\Rendering\Tree\DoubleLineTreeGuide.cs(11,34): warning CS8632: The annotation for nullable reference types should only be used in code within a '#nullable' annotations context. [C:\Source\OASIS-master\External Libs\Spectre.Console\Spectre.Console\Spectre.Console.csproj::TargetFramework=netstandard2.0]
C:\Source\OASIS-master\External Libs\Spectre.Console\Spectre.Console\Rendering\Tree\LineTreeGuide.cs(11,34): warning CS8632: The annotation for nullable reference types should only be used in code within a '#nullable' annotations context. [C:\Source\OASIS-master\External Libs\Spectre.Console\Spectre.Console\Spectre.Console.csproj::TargetFramework=netstandard2.0]
C:\Source\OASIS-master\External Libs\Spectre.Console\Spectre.Console\Cli\ITypeResolver.cs(15,29): warning CS8632: The annotation for nullable reference types should only be used in code within a '#nullable' annotations context. [C:\Source\OASIS-master\External Libs\Spectre.Console\Spectre.Console\Spectre.Console.csproj::TargetFramework=netstandard2.0]
C:\Source\OASIS-master\External Libs\Spectre.Console\Spectre.Console\Cli\ITypeResolver.cs(15,15): warning CS8632: The annotation for nullable reference types should only be used in code within a '#nullable' annotations context. [C:\Source\OASIS-master\External Libs\Spectre.Console\Spectre.Console\Spectre.Console.csproj::TargetFramework=netstandard2.0]
C:\Source\OASIS-master\External Libs\Spectre.Console\Spectre.Console\Cli\Internal\Modelling\CommandOption.cs(12,22): warning CS8632: The annotation for nullable reference types should only be used in code within a '#nullable' annotations context. [C:\Source\OASIS-master\External Libs\Spectre.Console\Spectre.Console\Spectre.Console.csproj::TargetFramework=netstandard2.0]
C:\Source\OASIS-master\External Libs\Spectre.Console\Spectre.Console\Cli\PairDeconstuctor.cs(17,71): warning CS8632: The annotation for nullable reference types should only be used in code within a '#nullable' annotations context. [C:\Source\OASIS-master\External Libs\Spectre.Console\Spectre.Console\Spectre.Console.csproj::TargetFramework=netstandard2.0]
C:\Source\OASIS-master\External Libs\Spectre.Console\Spectre.Console\Cli\Internal\Modelling\CommandOption.cs(17,91): warning CS8632: The annotation for nullable reference types should only be used in code within a '#nullable' annotations context. [C:\Source\OASIS-master\External Libs\Spectre.Console\Spectre.Console\Spectre.Console.csproj::TargetFramework=netstandard2.0]
C:\Source\OASIS-master\External Libs\Spectre.Console\Spectre.Console\Cli\Internal\Modelling\CommandOption.cs(18,35): warning CS8632: The annotation for nullable reference types should only be used in code within a '#nullable' annotations context. [C:\Source\OASIS-master\External Libs\Spectre.Console\Spectre.Console\Spectre.Console.csproj::TargetFramework=netstandard2.0]
C:\Source\OASIS-master\External Libs\Spectre.Console\Spectre.Console\Cli\Internal\Modelling\CommandOption.cs(18,74): warning CS8632: The annotation for nullable reference types should only be used in code within a '#nullable' annotations context. [C:\Source\OASIS-master\External Libs\Spectre.Console\Spectre.Console\Spectre.Console.csproj::TargetFramework=netstandard2.0]
C:\Source\OASIS-master\External Libs\Spectre.Console\Spectre.Console\Cli\Internal\Modelling\CommandOption.cs(20,34): warning CS8632: The annotation for nullable reference types should only be used in code within a '#nullable' annotations context. [C:\Source\OASIS-master\External Libs\Spectre.Console\Spectre.Console\Spectre.Console.csproj::TargetFramework=netstandard2.0]
C:\Source\OASIS-master\External Libs\Spectre.Console\Spectre.Console\Cli\Internal\Modelling\CommandParameter.cs(15,22): warning CS8632: The annotation for nullable reference types should only be used in code within a '#nullable' annotations context. [C:\Source\OASIS-master\External Libs\Spectre.Console\Spectre.Console\Spectre.Console.csproj::TargetFramework=netstandard2.0]
C:\Source\OASIS-master\External Libs\Spectre.Console\Spectre.Console\Cli\Internal\Modelling\CommandParameter.cs(16,37): warning CS8632: The annotation for nullable reference types should only be used in code within a '#nullable' annotations context. [C:\Source\OASIS-master\External Libs\Spectre.Console\Spectre.Console\Spectre.Console.csproj::TargetFramework=netstandard2.0]
C:\Source\OASIS-master\External Libs\Spectre.Console\Spectre.Console\Cli\Internal\Modelling\CommandParameter.cs(17,38): warning CS8632: The annotation for nullable reference types should only be used in code within a '#nullable' annotations context. [C:\Source\OASIS-master\External Libs\Spectre.Console\Spectre.Console\Spectre.Console.csproj::TargetFramework=netstandard2.0]
C:\Source\OASIS-master\External Libs\Spectre.Console\Spectre.Console\Cli\Internal\Modelling\CommandParameter.cs(18,42): warning CS8632: The annotation for nullable reference types should only be used in code within a '#nullable' annotations context. [C:\Source\OASIS-master\External Libs\Spectre.Console\Spectre.Console\Spectre.Console.csproj::TargetFramework=netstandard2.0]
C:\Source\OASIS-master\External Libs\Spectre.Console\Spectre.Console\Cli\Internal\IPairDeconstructor.cs(22,19): warning CS8632: The annotation for nullable reference types should only be used in code within a '#nullable' annotations context. [C:\Source\OASIS-master\External Libs\Spectre.Console\Spectre.Console\Spectre.Console.csproj::TargetFramework=netstandard2.0]
C:\Source\OASIS-master\External Libs\Spectre.Console\Spectre.Console\Cli\Internal\IPairDeconstructor.cs(18,16): warning CS8632: The annotation for nullable reference types should only be used in code within a '#nullable' annotations context. [C:\Source\OASIS-master\External Libs\Spectre.Console\Spectre.Console\Spectre.Console.csproj::TargetFramework=netstandard2.0]
C:\Source\OASIS-master\External Libs\Spectre.Console\Spectre.Console\Cli\Internal\IPairDeconstructor.cs(18,29): warning CS8632: The annotation for nullable reference types should only be used in code within a '#nullable' annotations context. [C:\Source\OASIS-master\External Libs\Spectre.Console\Spectre.Console\Spectre.Console.csproj::TargetFramework=netstandard2.0]
C:\Source\OASIS-master\External Libs\Spectre.Console\Spectre.Console\Cli\PairDeconstuctor.cs(20,129): warning CS8632: The annotation for nullable reference types should only be used in code within a '#nullable' annotations context. [C:\Source\OASIS-master\External Libs\Spectre.Console\Spectre.Console\Spectre.Console.csproj::TargetFramework=netstandard2.0]
C:\Source\OASIS-master\External Libs\Spectre.Console\Spectre.Console\Cli\PairDeconstuctor.cs(20,16): warning CS8632: The annotation for nullable reference types should only be used in code within a '#nullable' annotations context. [C:\Source\OASIS-master\External Libs\Spectre.Console\Spectre.Console\Spectre.Console.csproj::TargetFramework=netstandard2.0]
C:\Source\OASIS-master\External Libs\Spectre.Console\Spectre.Console\Cli\PairDeconstuctor.cs(20,29): warning CS8632: The annotation for nullable reference types should only be used in code within a '#nullable' annotations context. [C:\Source\OASIS-master\External Libs\Spectre.Console\Spectre.Console\Spectre.Console.csproj::TargetFramework=netstandard2.0]
C:\Source\OASIS-master\External Libs\Spectre.Console\Spectre.Console\Cli\Internal\Modelling\CommandParameter.cs(55,84): warning CS8632: The annotation for nullable reference types should only be used in code within a '#nullable' annotations context. [C:\Source\OASIS-master\External Libs\Spectre.Console\Spectre.Console\Spectre.Console.csproj::TargetFramework=netstandard2.0]
C:\Source\OASIS-master\STAR ODK\NextGenSoftware.OASIS.STAR.WebUI\NextGenSoftware.OASIS.STAR.WebUI.csproj : warning NU1903: Package 'System.Text.Json' 8.0.0 has a known high severity vulnerability, https://github.com/advisories/GHSA-8g4q-xg66-9fp4
C:\Source\OASIS-master\External Libs\Spectre.Console\Spectre.Console\Cli\Internal\Modelling\CommandParameter.cs(146,22): warning CS8632: The annotation for nullable reference types should only be used in code within a '#nullable' annotations context. [C:\Source\OASIS-master\External Libs\Spectre.Console\Spectre.Console\Spectre.Console.csproj::TargetFramework=netstandard2.0]
C:\Source\OASIS-master\STAR ODK\NextGenSoftware.OASIS.STAR.WebUI\NextGenSoftware.OASIS.STAR.WebUI.csproj : warning NU1903: Package 'System.Text.Json' 8.0.0 has a known high severity vulnerability, https://github.com/advisories/GHSA-hh2w-p6rv-4g7w
C:\Source\OASIS-master\External Libs\Spectre.Console\Spectre.Console\Extensions\BreakdownChartExtensions.cs(146,116): warning CS8632: The annotation for nullable reference types should only be used in code within a '#nullable' annotations context. [C:\Source\OASIS-master\External Libs\Spectre.Console\Spectre.Console\Spectre.Console.csproj::TargetFramework=netstandard2.0]
C:\Source\OASIS-master\External Libs\Spectre.Console\Spectre.Console\Cli\Internal\Modelling\CommandParameter.cs(28,19): warning CS8632: The annotation for nullable reference types should only be used in code within a '#nullable' annotations context. [C:\Source\OASIS-master\External Libs\Spectre.Console\Spectre.Console\Spectre.Console.csproj::TargetFramework=netstandard2.0]
C:\Source\OASIS-master\External Libs\Spectre.Console\Spectre.Console\Cli\Internal\Modelling\CommandParameter.cs(28,56): warning CS8632: The annotation for nullable reference types should only be used in code within a '#nullable' annotations context. [C:\Source\OASIS-master\External Libs\Spectre.Console\Spectre.Console\Spectre.Console.csproj::TargetFramework=netstandard2.0]
C:\Source\OASIS-master\External Libs\Spectre.Console\Spectre.Console\Cli\Internal\Modelling\CommandParameter.cs(29,34): warning CS8632: The annotation for nullable reference types should only be used in code within a '#nullable' annotations context. [C:\Source\OASIS-master\External Libs\Spectre.Console\Spectre.Console\Spectre.Console.csproj::TargetFramework=netstandard2.0]
C:\Source\OASIS-master\External Libs\Spectre.Console\Spectre.Console\Cli\Internal\Modelling\CommandParameter.cs(30,39): warning CS8632: The annotation for nullable reference types should only be used in code within a '#nullable' annotations context. [C:\Source\OASIS-master\External Libs\Spectre.Console\Spectre.Console\Spectre.Console.csproj::TargetFramework=netstandard2.0]
C:\Source\OASIS-master\External Libs\Spectre.Console\Spectre.Console\Widgets\Prompt\TextPromptExtensions.cs(193,104): warning CS8632: The annotation for nullable reference types should only be used in code within a '#nullable' annotations context. [C:\Source\OASIS-master\External Libs\Spectre.Console\Spectre.Console\Spectre.Console.csproj::TargetFramework=netstandard2.0]
C:\Source\OASIS-master\External Libs\Spectre.Console\Spectre.Console\Cli\Internal\CommandBinder.cs(7,55): warning CS8632: The annotation for nullable reference types should only be used in code within a '#nullable' annotations context. [C:\Source\OASIS-master\External Libs\Spectre.Console\Spectre.Console\Spectre.Console.csproj::TargetFramework=netstandard2.0]
C:\Source\OASIS-master\External Libs\Spectre.Console\Spectre.Console\Widgets\Prompt\TextPromptExtensions.cs(301,93): warning CS8632: The annotation for nullable reference types should only be used in code within a '#nullable' annotations context. [C:\Source\OASIS-master\External Libs\Spectre.Console\Spectre.Console\Spectre.Console.csproj::TargetFramework=netstandard2.0]
C:\Source\OASIS-master\External Libs\Spectre.Console\Spectre.Console\Widgets\Prompt\ValidationResult.cs(16,22): warning CS8632: The annotation for nullable reference types should only be used in code within a '#nullable' annotations context. [C:\Source\OASIS-master\External Libs\Spectre.Console\Spectre.Console\Spectre.Console.csproj::TargetFramework=netstandard2.0]
C:\Source\OASIS-master\External Libs\Spectre.Console\Spectre.Console\Cli\Internal\CommandSuggestor.cs(10,75): warning CS8632: The annotation for nullable reference types should only be used in code within a '#nullable' annotations context. [C:\Source\OASIS-master\External Libs\Spectre.Console\Spectre.Console\Spectre.Console.csproj::TargetFramework=netstandard2.0]
C:\Source\OASIS-master\External Libs\Spectre.Console\Spectre.Console\Cli\Internal\CommandSuggestor.cs(10,34): warning CS8632: The annotation for nullable reference types should only be used in code within a '#nullable' annotations context. [C:\Source\OASIS-master\External Libs\Spectre.Console\Spectre.Console\Spectre.Console.csproj::TargetFramework=netstandard2.0]
C:\Source\OASIS-master\External Libs\Spectre.Console\Spectre.Console\Widgets\Prompt\ValidationResult.cs(38,52): warning CS8632: The annotation for nullable reference types should only be used in code within a '#nullable' annotations context. [C:\Source\OASIS-master\External Libs\Spectre.Console\Spectre.Console\Spectre.Console.csproj::TargetFramework=netstandard2.0]
C:\Source\OASIS-master\External Libs\Spectre.Console\Spectre.Console\Widgets\Prompt\ValidationResult.cs(18,57): warning CS8632: The annotation for nullable reference types should only be used in code within a '#nullable' annotations context. [C:\Source\OASIS-master\External Libs\Spectre.Console\Spectre.Console\Spectre.Console.csproj::TargetFramework=netstandard2.0]
C:\Source\OASIS-master\External Libs\Spectre.Console\Spectre.Console\Widgets\Rule.cs(16,22): warning CS8632: The annotation for nullable reference types should only be used in code within a '#nullable' annotations context. [C:\Source\OASIS-master\External Libs\Spectre.Console\Spectre.Console\Spectre.Console.csproj::TargetFramework=netstandard2.0]
C:\Source\OASIS-master\External Libs\Spectre.Console\Spectre.Console\Widgets\Rule.cs(21,21): warning CS8632: The annotation for nullable reference types should only be used in code within a '#nullable' annotations context. [C:\Source\OASIS-master\External Libs\Spectre.Console\Spectre.Console\Spectre.Console.csproj::TargetFramework=netstandard2.0]
C:\Source\OASIS-master\External Libs\Spectre.Console\Spectre.Console\Cli\Internal\Configuration\ConfiguredCommand.cs(10,22): warning CS8632: The annotation for nullable reference types should only be used in code within a '#nullable' annotations context. [C:\Source\OASIS-master\External Libs\Spectre.Console\Spectre.Console\Spectre.Console.csproj::TargetFramework=netstandard2.0]
C:\Source\OASIS-master\External Libs\Spectre.Console\Spectre.Console\Cli\Internal\Configuration\ConfiguredCommand.cs(11,22): warning CS8632: The annotation for nullable reference types should only be used in code within a '#nullable' annotations context. [C:\Source\OASIS-master\External Libs\Spectre.Console\Spectre.Console\Spectre.Console.csproj::TargetFramework=netstandard2.0]
C:\Source\OASIS-master\External Libs\Spectre.Console\Spectre.Console\Cli\Internal\Configuration\ConfiguredCommand.cs(12,20): warning CS8632: The annotation for nullable reference types should only be used in code within a '#nullable' annotations context. [C:\Source\OASIS-master\External Libs\Spectre.Console\Spectre.Console\Spectre.Console.csproj::TargetFramework=netstandard2.0]
C:\Source\OASIS-master\External Libs\Spectre.Console\Spectre.Console\Cli\Internal\Configuration\ConfiguredCommand.cs(14,58): warning CS8632: The annotation for nullable reference types should only be used in code within a '#nullable' annotations context. [C:\Source\OASIS-master\External Libs\Spectre.Console\Spectre.Console\Spectre.Console.csproj::TargetFramework=netstandard2.0]
C:\Source\OASIS-master\External Libs\Spectre.Console\Spectre.Console\Cli\Internal\Configuration\ConfiguredCommand.cs(63,68): warning CS8632: The annotation for nullable reference types should only be used in code within a '#nullable' annotations context. [C:\Source\OASIS-master\External Libs\Spectre.Console\Spectre.Console\Spectre.Console.csproj::TargetFramework=netstandard2.0]
C:\Source\OASIS-master\External Libs\Spectre.Console\Spectre.Console\Cli\Internal\Configuration\ConfiguredCommand.cs(23,17): warning CS8632: The annotation for nullable reference types should only be used in code within a '#nullable' annotations context. [C:\Source\OASIS-master\External Libs\Spectre.Console\Spectre.Console\Spectre.Console.csproj::TargetFramework=netstandard2.0]
C:\Source\OASIS-master\External Libs\Spectre.Console\Spectre.Console\Cli\Internal\Configuration\ConfiguredCommand.cs(25,55): warning CS8632: The annotation for nullable reference types should only be used in code within a '#nullable' annotations context. [C:\Source\OASIS-master\External Libs\Spectre.Console\Spectre.Console\Spectre.Console.csproj::TargetFramework=netstandard2.0]
C:\Source\OASIS-master\External Libs\Spectre.Console\Spectre.Console\Cli\Internal\Configuration\IConfiguration.cs(23,26): warning CS8632: The annotation for nullable reference types should only be used in code within a '#nullable' annotations context. [C:\Source\OASIS-master\External Libs\Spectre.Console\Spectre.Console\Spectre.Console.csproj::TargetFramework=netstandard2.0]
C:\Source\OASIS-master\External Libs\Spectre.Console\Spectre.Console\Cli\Internal\Configuration\TemplateParser.cs(23,26): warning CS8632: The annotation for nullable reference types should only be used in code within a '#nullable' annotations context. [C:\Source\OASIS-master\External Libs\Spectre.Console\Spectre.Console\Spectre.Console.csproj::TargetFramework=netstandard2.0]
C:\Source\OASIS-master\External Libs\Spectre.Console\Spectre.Console\Extensions\BreakdownChartExtensions.cs(163,103): warning CS8632: The annotation for nullable reference types should only be used in code within a '#nullable' annotations context. [C:\Source\OASIS-master\External Libs\Spectre.Console\Spectre.Console\Spectre.Console.csproj::TargetFramework=netstandard2.0]
C:\Source\OASIS-master\External Libs\Spectre.Console\Spectre.Console\Cli\Internal\Modelling\CommandParameterComparer.cs(9,91): warning CS8632: The annotation for nullable reference types should only be used in code within a '#nullable' annotations context. [C:\Source\OASIS-master\External Libs\Spectre.Console\Spectre.Console\Spectre.Console.csproj::TargetFramework=netstandard2.0]
C:\Source\OASIS-master\External Libs\Spectre.Console\Spectre.Console\Extensions\CalendarExtensions.cs(72,76): warning CS8632: The annotation for nullable reference types should only be used in code within a '#nullable' annotations context. [C:\Source\OASIS-master\External Libs\Spectre.Console\Spectre.Console\Spectre.Console.csproj::TargetFramework=netstandard2.0]
C:\Source\OASIS-master\External Libs\Spectre.Console\Spectre.Console\Cli\Internal\Modelling\CommandParameterComparer.cs(11,48): warning CS8632: The annotation for nullable reference types should only be used in code within a '#nullable' annotations context. [C:\Source\OASIS-master\External Libs\Spectre.Console\Spectre.Console\Spectre.Console.csproj::TargetFramework=netstandard2.0]
C:\Source\OASIS-master\External Libs\Spectre.Console\Spectre.Console\Cli\Internal\Modelling\CommandParameterComparer.cs(11,69): warning CS8632: The annotation for nullable reference types should only be used in code within a '#nullable' annotations context. [C:\Source\OASIS-master\External Libs\Spectre.Console\Spectre.Console\Spectre.Console.csproj::TargetFramework=netstandard2.0]
C:\Source\OASIS-master\External Libs\Spectre.Console\Spectre.Console\Cli\Internal\Composition\DefaultTypeResolver.cs(26,36): warning CS8632: The annotation for nullable reference types should only be used in code within a '#nullable' annotations context. [C:\Source\OASIS-master\External Libs\Spectre.Console\Spectre.Console\Spectre.Console.csproj::TargetFramework=netstandard2.0]
C:\Source\OASIS-master\External Libs\Spectre.Console\Spectre.Console\Cli\Internal\Composition\DefaultTypeResolver.cs(26,22): warning CS8632: The annotation for nullable reference types should only be used in code within a '#nullable' annotations context. [C:\Source\OASIS-master\External Libs\Spectre.Console\Spectre.Console\Spectre.Console.csproj::TargetFramework=netstandard2.0]
C:\Source\OASIS-master\External Libs\Spectre.Console\Spectre.Console\Extensions\CalendarExtensions.cs(89,73): warning CS8632: The annotation for nullable reference types should only be used in code within a '#nullable' annotations context. [C:\Source\OASIS-master\External Libs\Spectre.Console\Spectre.Console\Spectre.Console.csproj::TargetFramework=netstandard2.0]
C:\Source\OASIS-master\External Libs\Spectre.Console\Spectre.Console\Cli\Internal\Modelling\CommandParameterComparer.cs(26,52): warning CS8632: The annotation for nullable reference types should only be used in code within a '#nullable' annotations context. [C:\Source\OASIS-master\External Libs\Spectre.Console\Spectre.Console\Spectre.Console.csproj::TargetFramework=netstandard2.0]
C:\Source\OASIS-master\External Libs\Spectre.Console\Spectre.Console\Cli\Internal\Composition\DefaultTypeResolver.cs(62,53): warning CS8632: The annotation for nullable reference types should only be used in code within a '#nullable' annotations context. [C:\Source\OASIS-master\External Libs\Spectre.Console\Spectre.Console\Spectre.Console.csproj::TargetFramework=netstandard2.0]
C:\Source\OASIS-master\External Libs\Spectre.Console\Spectre.Console\Cli\Internal\Composition\DefaultTypeResolver.cs(62,22): warning CS8632: The annotation for nullable reference types should only be used in code within a '#nullable' annotations context. [C:\Source\OASIS-master\External Libs\Spectre.Console\Spectre.Console\Spectre.Console.csproj::TargetFramework=netstandard2.0]
C:\Source\OASIS-master\External Libs\Spectre.Console\Spectre.Console\Cli\Internal\Composition\DefaultTypeResolver.cs(16,53): warning CS8632: The annotation for nullable reference types should only be used in code within a '#nullable' annotations context. [C:\Source\OASIS-master\External Libs\Spectre.Console\Spectre.Console\Spectre.Console.csproj::TargetFramework=netstandard2.0]
C:\Source\OASIS-master\External Libs\Spectre.Console\Spectre.Console\Cli\Internal\Configuration\ConfigurationHelper.cs(9,27): warning CS8632: The annotation for nullable reference types should only be used in code within a '#nullable' annotations context. [C:\Source\OASIS-master\External Libs\Spectre.Console\Spectre.Console\Spectre.Console.csproj::TargetFramework=netstandard2.0]
C:\Source\OASIS-master\External Libs\Spectre.Console\Spectre.Console\Cli\Internal\Configuration\ConfigurationHelper.cs(20,57): warning CS8632: The annotation for nullable reference types should only be used in code within a '#nullable' annotations context. [C:\Source\OASIS-master\External Libs\Spectre.Console\Spectre.Console\Spectre.Console.csproj::TargetFramework=netstandard2.0]
C:\Source\OASIS-master\External Libs\Spectre.Console\Spectre.Console\Cli\Internal\Configuration\ConfigurationHelper.cs(21,43): warning CS8632: The annotation for nullable reference types should only be used in code within a '#nullable' annotations context. [C:\Source\OASIS-master\External Libs\Spectre.Console\Spectre.Console\Spectre.Console.csproj::TargetFramework=netstandard2.0]
C:\Source\OASIS-master\External Libs\Spectre.Console\Spectre.Console\Cli\Internal\DefaultPairDeconstructor.cs(15,19): warning CS8632: The annotation for nullable reference types should only be used in code within a '#nullable' annotations context. [C:\Source\OASIS-master\External Libs\Spectre.Console\Spectre.Console\Spectre.Console.csproj::TargetFramework=netstandard2.0]
C:\Source\OASIS-master\External Libs\Spectre.Console\Spectre.Console\Cli\Internal\DefaultPairDeconstructor.cs(11,16): warning CS8632: The annotation for nullable reference types should only be used in code within a '#nullable' annotations context. [C:\Source\OASIS-master\External Libs\Spectre.Console\Spectre.Console\Spectre.Console.csproj::TargetFramework=netstandard2.0]
C:\Source\OASIS-master\External Libs\Spectre.Console\Spectre.Console\Cli\Internal\DefaultPairDeconstructor.cs(11,29): warning CS8632: The annotation for nullable reference types should only be used in code within a '#nullable' annotations context. [C:\Source\OASIS-master\External Libs\Spectre.Console\Spectre.Console\Spectre.Console.csproj::TargetFramework=netstandard2.0]
C:\Source\OASIS-master\External Libs\Spectre.Console\Spectre.Console\Cli\Internal\Parsing\CommandTree.cs(10,27): warning CS8632: The annotation for nullable reference types should only be used in code within a '#nullable' annotations context. [C:\Source\OASIS-master\External Libs\Spectre.Console\Spectre.Console\Spectre.Console.csproj::TargetFramework=netstandard2.0]
C:\Source\OASIS-master\External Libs\Spectre.Console\Spectre.Console\Cli\Internal\Parsing\CommandTree.cs(11,27): warning CS8632: The annotation for nullable reference types should only be used in code within a '#nullable' annotations context. [C:\Source\OASIS-master\External Libs\Spectre.Console\Spectre.Console\Spectre.Console.csproj::TargetFramework=netstandard2.0]
C:\Source\OASIS-master\External Libs\Spectre.Console\Spectre.Console\Cli\Internal\Parsing\CommandTree.cs(14,39): warning CS8632: The annotation for nullable reference types should only be used in code within a '#nullable' annotations context. [C:\Source\OASIS-master\External Libs\Spectre.Console\Spectre.Console\Spectre.Console.csproj::TargetFramework=netstandard2.0]
C:\Source\OASIS-master\External Libs\Spectre.Console\Spectre.Console\Cli\Internal\Configuration\Configurator.cs(13,33): warning CS8632: The annotation for nullable reference types should only be used in code within a '#nullable' annotations context. [C:\Source\OASIS-master\External Libs\Spectre.Console\Spectre.Console\Spectre.Console.csproj::TargetFramework=netstandard2.0]
C:\Source\OASIS-master\External Libs\Spectre.Console\Spectre.Console\Cli\Internal\Exceptions\CommandLineTemplateExceptionFactory.cs(7,87): warning CS8632: The annotation for nullable reference types should only be used in code within a '#nullable' annotations context. [C:\Source\OASIS-master\External Libs\Spectre.Console\Spectre.Console\Spectre.Console.csproj::TargetFramework=netstandard2.0]
C:\Source\OASIS-master\External Libs\Spectre.Console\Spectre.Console\Cli\Internal\Parsing\CommandTreeExtensions.cs(8,34): warning CS8632: The annotation for nullable reference types should only be used in code within a '#nullable' annotations context. [C:\Source\OASIS-master\External Libs\Spectre.Console\Spectre.Console\Spectre.Console.csproj::TargetFramework=netstandard2.0]
C:\Source\OASIS-master\External Libs\Spectre.Console\Spectre.Console\Cli\Internal\Exceptions\CommandLineTemplateExceptionFactory.cs(12,86): warning CS8632: The annotation for nullable reference types should only be used in code within a '#nullable' annotations context. [C:\Source\OASIS-master\External Libs\Spectre.Console\Spectre.Console\Spectre.Console.csproj::TargetFramework=netstandard2.0]
C:\Source\OASIS-master\External Libs\Spectre.Console\Spectre.Console\Cli\Internal\Parsing\CommandTreeExtensions.cs(33,38): warning CS8632: The annotation for nullable reference types should only be used in code within a '#nullable' annotations context. [C:\Source\OASIS-master\External Libs\Spectre.Console\Spectre.Console\Spectre.Console.csproj::TargetFramework=netstandard2.0]
C:\Source\OASIS-master\External Libs\Spectre.Console\Spectre.Console\Cli\Internal\Parsing\CommandTreeExtensions.cs(40,36): warning CS8632: The annotation for nullable reference types should only be used in code within a '#nullable' annotations context. [C:\Source\OASIS-master\External Libs\Spectre.Console\Spectre.Console\Spectre.Console.csproj::TargetFramework=netstandard2.0]
C:\Source\OASIS-master\External Libs\Spectre.Console\Spectre.Console\Cli\Internal\Extensions\AnsiConsoleExtensions.cs(16,64): warning CS8632: The annotation for nullable reference types should only be used in code within a '#nullable' annotations context. [C:\Source\OASIS-master\External Libs\Spectre.Console\Spectre.Console\Spectre.Console.csproj::TargetFramework=netstandard2.0]
C:\Source\OASIS-master\External Libs\Spectre.Console\Spectre.Console\Cli\Internal\Extensions\AnsiConsoleExtensions.cs(21,56): warning CS8632: The annotation for nullable reference types should only be used in code within a '#nullable' annotations context. [C:\Source\OASIS-master\External Libs\Spectre.Console\Spectre.Console\Spectre.Console.csproj::TargetFramework=netstandard2.0]
C:\Source\OASIS-master\External Libs\Spectre.Console\Spectre.Console\Cli\Internal\Extensions\AnsiConsoleExtensions.cs(21,78): warning CS8632: The annotation for nullable reference types should only be used in code within a '#nullable' annotations context. [C:\Source\OASIS-master\External Libs\Spectre.Console\Spectre.Console\Spectre.Console.csproj::TargetFramework=netstandard2.0]
C:\Source\OASIS-master\External Libs\Spectre.Console\Spectre.Console\Cli\Internal\Extensions\AnsiConsoleExtensions.cs(30,56): warning CS8632: The annotation for nullable reference types should only be used in code within a '#nullable' annotations context. [C:\Source\OASIS-master\External Libs\Spectre.Console\Spectre.Console\Spectre.Console.csproj::TargetFramework=netstandard2.0]
C:\Source\OASIS-master\External Libs\Spectre.Console\Spectre.Console\Cli\Internal\Extensions\AnsiConsoleExtensions.cs(30,90): warning CS8632: The annotation for nullable reference types should only be used in code within a '#nullable' annotations context. [C:\Source\OASIS-master\External Libs\Spectre.Console\Spectre.Console\Spectre.Console.csproj::TargetFramework=netstandard2.0]
C:\Source\OASIS-master\External Libs\Spectre.Console\Spectre.Console\Cli\Internal\Commands\ExplainCommand.cs(105,59): warning CS8632: The annotation for nullable reference types should only be used in code within a '#nullable' annotations context. [C:\Source\OASIS-master\External Libs\Spectre.Console\Spectre.Console\Spectre.Console.csproj::TargetFramework=netstandard2.0]
C:\Source\OASIS-master\External Libs\Spectre.Console\Spectre.Console\Cli\Internal\Commands\ExplainCommand.cs(122,84): warning CS8632: The annotation for nullable reference types should only be used in code within a '#nullable' annotations context. [C:\Source\OASIS-master\External Libs\Spectre.Console\Spectre.Console\Spectre.Console.csproj::TargetFramework=netstandard2.0]
C:\Source\OASIS-master\External Libs\Spectre.Console\Spectre.Console\Cli\Internal\Parsing\CommandTreeParser.cs(107,24): warning CS8632: The annotation for nullable reference types should only be used in code within a '#nullable' annotations context. [C:\Source\OASIS-master\External Libs\Spectre.Console\Spectre.Console\Spectre.Console.csproj::TargetFramework=netstandard2.0]
C:\Source\OASIS-master\External Libs\Spectre.Console\Spectre.Console\Cli\Internal\Parsing\CommandTreeParser.cs(129,24): warning CS8632: The annotation for nullable reference types should only be used in code within a '#nullable' annotations context. [C:\Source\OASIS-master\External Libs\Spectre.Console\Spectre.Console\Spectre.Console.csproj::TargetFramework=netstandard2.0]
C:\Source\OASIS-master\External Libs\Spectre.Console\Spectre.Console\Cli\Internal\Commands\ExplainCommand.cs(25,37): warning CS8632: The annotation for nullable reference types should only be used in code within a '#nullable' annotations context. [C:\Source\OASIS-master\External Libs\Spectre.Console\Spectre.Console\Spectre.Console.csproj::TargetFramework=netstandard2.0]
C:\Source\OASIS-master\External Libs\Spectre.Console\Spectre.Console\Cli\Internal\Commands\ExplainCommand.cs(33,28): warning CS8632: The annotation for nullable reference types should only be used in code within a '#nullable' annotations context. [C:\Source\OASIS-master\External Libs\Spectre.Console\Spectre.Console\Spectre.Console.csproj::TargetFramework=netstandard2.0]
C:\Source\OASIS-master\External Libs\Spectre.Console\Spectre.Console\Widgets\Table\Table.cs(30,21): warning CS8632: The annotation for nullable reference types should only be used in code within a '#nullable' annotations context. [C:\Source\OASIS-master\External Libs\Spectre.Console\Spectre.Console\Spectre.Console.csproj::TargetFramework=netstandard2.0]
C:\Source\OASIS-master\External Libs\Spectre.Console\Spectre.Console\Widgets\Table\Table.cs(60,26): warning CS8632: The annotation for nullable reference types should only be used in code within a '#nullable' annotations context. [C:\Source\OASIS-master\External Libs\Spectre.Console\Spectre.Console\Spectre.Console.csproj::TargetFramework=netstandard2.0]
C:\Source\OASIS-master\External Libs\Spectre.Console\Spectre.Console\Widgets\Table\Table.cs(65,26): warning CS8632: The annotation for nullable reference types should only be used in code within a '#nullable' annotations context. [C:\Source\OASIS-master\External Libs\Spectre.Console\Spectre.Console\Spectre.Console.csproj::TargetFramework=netstandard2.0]
C:\Source\OASIS-master\External Libs\Spectre.Console\Spectre.Console\Cli\Internal\Parsing\CommandTreeTokenizer.cs(95,19): warning CS8632: The annotation for nullable reference types should only be used in code within a '#nullable' annotations context. [C:\Source\OASIS-master\External Libs\Spectre.Console\Spectre.Console\Spectre.Console.csproj::TargetFramework=netstandard2.0]
C:\Source\OASIS-master\External Libs\Spectre.Console\Spectre.Console\Cli\Internal\Parsing\CommandTreeTokenStream.cs(16,32): warning CS8632: The annotation for nullable reference types should only be used in code within a '#nullable' annotations context. [C:\Source\OASIS-master\External Libs\Spectre.Console\Spectre.Console\Spectre.Console.csproj::TargetFramework=netstandard2.0]
C:\Source\OASIS-master\External Libs\Spectre.Console\Spectre.Console\Cli\Internal\Parsing\CommandTreeTokenStream.cs(35,32): warning CS8632: The annotation for nullable reference types should only be used in code within a '#nullable' annotations context. [C:\Source\OASIS-master\External Libs\Spectre.Console\Spectre.Console\Spectre.Console.csproj::TargetFramework=netstandard2.0]
C:\Source\OASIS-master\External Libs\Spectre.Console\Spectre.Console\Cli\Internal\Parsing\CommandTreeTokenStream.cs(46,32): warning CS8632: The annotation for nullable reference types should only be used in code within a '#nullable' annotations context. [C:\Source\OASIS-master\External Libs\Spectre.Console\Spectre.Console\Spectre.Console.csproj::TargetFramework=netstandard2.0]
C:\Source\OASIS-master\External Libs\Spectre.Console\Spectre.Console\Cli\Internal\Parsing\CommandTreeTokenStream.cs(58,32): warning CS8632: The annotation for nullable reference types should only be used in code within a '#nullable' annotations context. [C:\Source\OASIS-master\External Libs\Spectre.Console\Spectre.Console\Spectre.Console.csproj::TargetFramework=netstandard2.0]
C:\Source\OASIS-master\External Libs\Spectre.Console\Spectre.Console\Cli\Internal\Parsing\MappedCommandParameter.cs(7,22): warning CS8632: The annotation for nullable reference types should only be used in code within a '#nullable' annotations context. [C:\Source\OASIS-master\External Libs\Spectre.Console\Spectre.Console\Spectre.Console.csproj::TargetFramework=netstandard2.0]
C:\Source\OASIS-master\External Libs\Spectre.Console\Spectre.Console\Cli\Internal\Parsing\MappedCommandParameter.cs(9,73): warning CS8632: The annotation for nullable reference types should only be used in code within a '#nullable' annotations context. [C:\Source\OASIS-master\External Libs\Spectre.Console\Spectre.Console\Spectre.Console.csproj::TargetFramework=netstandard2.0]
C:\Source\OASIS-master\External Libs\Spectre.Console\Spectre.Console\Cli\Internal\RemainingArguments.cs(9,38): warning CS8632: The annotation for nullable reference types should only be used in code within a '#nullable' annotations context. [C:\Source\OASIS-master\External Libs\Spectre.Console\Spectre.Console\Spectre.Console.csproj::TargetFramework=netstandard2.0]
C:\Source\OASIS-master\External Libs\Spectre.Console\Spectre.Console\Cli\Internal\Parsing\CommandTreeParser.cs(297,29): warning CS8632: The annotation for nullable reference types should only be used in code within a '#nullable' annotations context. [C:\Source\OASIS-master\External Libs\Spectre.Console\Spectre.Console\Spectre.Console.csproj::TargetFramework=netstandard2.0]
C:\Source\OASIS-master\External Libs\Spectre.Console\Spectre.Console\Cli\Internal\Parsing\CommandTreeParser.cs(292,23): warning CS8632: The annotation for nullable reference types should only be used in code within a '#nullable' annotations context. [C:\Source\OASIS-master\External Libs\Spectre.Console\Spectre.Console\Spectre.Console.csproj::TargetFramework=netstandard2.0]
C:\Source\OASIS-master\External Libs\Spectre.Console\Spectre.Console\Widgets\Table\TableColumn.cs(19,27): warning CS8632: The annotation for nullable reference types should only be used in code within a '#nullable' annotations context. [C:\Source\OASIS-master\External Libs\Spectre.Console\Spectre.Console\Spectre.Console.csproj::TargetFramework=netstandard2.0]
C:\Source\OASIS-master\External Libs\Spectre.Console\Spectre.Console\Cli\Internal\Extensions\ListExtensions.cs(26,67): warning CS8632: The annotation for nullable reference types should only be used in code within a '#nullable' annotations context. [C:\Source\OASIS-master\External Libs\Spectre.Console\Spectre.Console\Spectre.Console.csproj::TargetFramework=netstandard2.0]
C:\Source\OASIS-master\External Libs\Spectre.Console\Spectre.Console\Cli\Internal\Extensions\ListExtensions.cs(35,84): warning CS8632: The annotation for nullable reference types should only be used in code within a '#nullable' annotations context. [C:\Source\OASIS-master\External Libs\Spectre.Console\Spectre.Console\Spectre.Console.csproj::TargetFramework=netstandard2.0]
C:\Source\OASIS-master\External Libs\Spectre.Console\Spectre.Console\Cli\Internal\Parsing\CommandTreeParserContext.cs(36,60): warning CS8632: The annotation for nullable reference types should only be used in code within a '#nullable' annotations context. [C:\Source\OASIS-master\External Libs\Spectre.Console\Spectre.Console\Spectre.Console.csproj::TargetFramework=netstandard2.0]
C:\Source\OASIS-master\External Libs\Spectre.Console\Spectre.Console\Cli\Internal\Parsing\CommandTreeParserContext.cs(50,38): warning CS8632: The annotation for nullable reference types should only be used in code within a '#nullable' annotations context. [C:\Source\OASIS-master\External Libs\Spectre.Console\Spectre.Console\Spectre.Console.csproj::TargetFramework=netstandard2.0]
C:\Source\OASIS-master\External Libs\Spectre.Console\Spectre.Console\Cli\Internal\Parsing\CommandTreeParserContext.cs(11,56): warning CS8632: The annotation for nullable reference types should only be used in code within a '#nullable' annotations context. [C:\Source\OASIS-master\External Libs\Spectre.Console\Spectre.Console\Spectre.Console.csproj::TargetFramework=netstandard2.0]
C:\Source\OASIS-master\External Libs\Spectre.Console\Spectre.Console\Cli\Internal\Extensions\XmlElementExtensions.cs(12,93): warning CS8632: The annotation for nullable reference types should only be used in code within a '#nullable' annotations context. [C:\Source\OASIS-master\External Libs\Spectre.Console\Spectre.Console\Spectre.Console.csproj::TargetFramework=netstandard2.0]
C:\Source\OASIS-master\External Libs\Spectre.Console\Spectre.Console\Cli\Internal\Extensions\XmlElementExtensions.cs(17,106): warning CS8632: The annotation for nullable reference types should only be used in code within a '#nullable' annotations context. [C:\Source\OASIS-master\External Libs\Spectre.Console\Spectre.Console\Spectre.Console.csproj::TargetFramework=netstandard2.0]
C:\Source\OASIS-master\External Libs\Spectre.Console\Spectre.Console\Cli\Internal\Parsing\CommandTreeParserResult.cs(6,27): warning CS8632: The annotation for nullable reference types should only be used in code within a '#nullable' annotations context. [C:\Source\OASIS-master\External Libs\Spectre.Console\Spectre.Console\Spectre.Console.csproj::TargetFramework=netstandard2.0]
C:\Source\OASIS-master\External Libs\Spectre.Console\Spectre.Console\Cli\Internal\Parsing\CommandTreeParserResult.cs(9,51): warning CS8632: The annotation for nullable reference types should only be used in code within a '#nullable' annotations context. [C:\Source\OASIS-master\External Libs\Spectre.Console\Spectre.Console\Spectre.Console.csproj::TargetFramework=netstandard2.0]
C:\Source\OASIS-master\External Libs\Spectre.Console\Spectre.Console\Cli\Internal\HelpWriter.cs(78,92): warning CS8632: The annotation for nullable reference types should only be used in code within a '#nullable' annotations context. [C:\Source\OASIS-master\External Libs\Spectre.Console\Spectre.Console\Spectre.Console.csproj::TargetFramework=netstandard2.0]
C:\Source\OASIS-master\External Libs\Spectre.Console\Spectre.Console\Cli\Internal\HelpWriter.cs(93,89): warning CS8632: The annotation for nullable reference types should only be used in code within a '#nullable' annotations context. [C:\Source\OASIS-master\External Libs\Spectre.Console\Spectre.Console\Spectre.Console.csproj::TargetFramework=netstandard2.0]
C:\Source\OASIS-master\External Libs\Spectre.Console\Spectre.Console\Cli\Internal\HelpWriter.cs(166,92): warning CS8632: The annotation for nullable reference types should only be used in code within a '#nullable' annotations context. [C:\Source\OASIS-master\External Libs\Spectre.Console\Spectre.Console\Spectre.Console.csproj::TargetFramework=netstandard2.0]
C:\Source\OASIS-master\External Libs\Spectre.Console\Spectre.Console\Cli\Internal\HelpWriter.cs(223,73): warning CS8632: The annotation for nullable reference types should only be used in code within a '#nullable' annotations context. [C:\Source\OASIS-master\External Libs\Spectre.Console\Spectre.Console\Spectre.Console.csproj::TargetFramework=netstandard2.0]
C:\Source\OASIS-master\External Libs\Spectre.Console\Spectre.Console\Cli\Internal\HelpWriter.cs(261,91): warning CS8632: The annotation for nullable reference types should only be used in code within a '#nullable' annotations context. [C:\Source\OASIS-master\External Libs\Spectre.Console\Spectre.Console\Spectre.Console.csproj::TargetFramework=netstandard2.0]
C:\Source\OASIS-master\External Libs\Spectre.Console\Spectre.Console\Cli\Internal\Configuration\Configurator`1.cs(10,40): warning CS8632: The annotation for nullable reference types should only be used in code within a '#nullable' annotations context. [C:\Source\OASIS-master\External Libs\Spectre.Console\Spectre.Console\Spectre.Console.csproj::TargetFramework=netstandard2.0]
C:\Source\OASIS-master\External Libs\Spectre.Console\Spectre.Console\Cli\Internal\Configuration\Configurator`1.cs(12,70): warning CS8632: The annotation for nullable reference types should only be used in code within a '#nullable' annotations context. [C:\Source\OASIS-master\External Libs\Spectre.Console\Spectre.Console\Spectre.Console.csproj::TargetFramework=netstandard2.0]
C:\Source\OASIS-master\External Libs\Spectre.Console\Spectre.Console\Cli\Internal\HelpWriter.cs(16,26): warning CS8632: The annotation for nullable reference types should only be used in code within a '#nullable' annotations context. [C:\Source\OASIS-master\External Libs\Spectre.Console\Spectre.Console\Spectre.Console.csproj::TargetFramework=netstandard2.0]
C:\Source\OASIS-master\External Libs\Spectre.Console\Spectre.Console\Cli\Internal\HelpWriter.cs(18,81): warning CS8632: The annotation for nullable reference types should only be used in code within a '#nullable' annotations context. [C:\Source\OASIS-master\External Libs\Spectre.Console\Spectre.Console\Spectre.Console.csproj::TargetFramework=netstandard2.0]
C:\Source\OASIS-master\External Libs\Spectre.Console\Spectre.Console\Cli\Internal\HelpWriter.cs(26,70): warning CS8632: The annotation for nullable reference types should only be used in code within a '#nullable' annotations context. [C:\Source\OASIS-master\External Libs\Spectre.Console\Spectre.Console\Spectre.Console.csproj::TargetFramework=netstandard2.0]
C:\Source\OASIS-master\External Libs\Spectre.Console\Spectre.Console\Cli\Internal\HelpWriter.cs(40,26): warning CS8632: The annotation for nullable reference types should only be used in code within a '#nullable' annotations context. [C:\Source\OASIS-master\External Libs\Spectre.Console\Spectre.Console\Spectre.Console.csproj::TargetFramework=netstandard2.0]
C:\Source\OASIS-master\External Libs\Spectre.Console\Spectre.Console\Cli\Internal\HelpWriter.cs(42,26): warning CS8632: The annotation for nullable reference types should only be used in code within a '#nullable' annotations context. [C:\Source\OASIS-master\External Libs\Spectre.Console\Spectre.Console\Spectre.Console.csproj::TargetFramework=netstandard2.0]
C:\Source\OASIS-master\External Libs\Spectre.Console\Spectre.Console\Cli\Internal\HelpWriter.cs(44,66): warning CS8632: The annotation for nullable reference types should only be used in code within a '#nullable' annotations context. [C:\Source\OASIS-master\External Libs\Spectre.Console\Spectre.Console\Spectre.Console.csproj::TargetFramework=netstandard2.0]
C:\Source\OASIS-master\External Libs\Spectre.Console\Spectre.Console\Cli\Internal\HelpWriter.cs(44,105): warning CS8632: The annotation for nullable reference types should only be used in code within a '#nullable' annotations context. [C:\Source\OASIS-master\External Libs\Spectre.Console\Spectre.Console\Spectre.Console.csproj::TargetFramework=netstandard2.0]
C:\Source\OASIS-master\External Libs\Spectre.Console\Spectre.Console\Cli\Internal\HelpWriter.cs(53,88): warning CS8632: The annotation for nullable reference types should only be used in code within a '#nullable' annotations context. [C:\Source\OASIS-master\External Libs\Spectre.Console\Spectre.Console\Spectre.Console.csproj::TargetFramework=netstandard2.0]
C:\Source\OASIS-master\External Libs\Spectre.Console\Spectre.Console\Cli\IRemainingArguments.cs(14,31): warning CS8632: The annotation for nullable reference types should only be used in code within a '#nullable' annotations context. [C:\Source\OASIS-master\External Libs\Spectre.Console\Spectre.Console\Spectre.Console.csproj::TargetFramework=netstandard2.0]
C:\Source\OASIS-master\External Libs\Spectre.Console\Spectre.Console\Cli\Internal\RemainingArguments.cs(12,35): warning CS8632: The annotation for nullable reference types should only be used in code within a '#nullable' annotations context. [C:\Source\OASIS-master\External Libs\Spectre.Console\Spectre.Console\Spectre.Console.csproj::TargetFramework=netstandard2.0]
C:\Source\OASIS-master\External Libs\Spectre.Console\Spectre.Console\Cli\Internal\TextBuffer.cs(22,37): warning CS8632: The annotation for nullable reference types should only be used in code within a '#nullable' annotations context. [C:\Source\OASIS-master\External Libs\Spectre.Console\Spectre.Console\Spectre.Console.csproj::TargetFramework=netstandard2.0]
C:\Source\OASIS-master\External Libs\Spectre.Console\Spectre.Console\Cli\Internal\Modelling\CommandArgument.cs(14,91): warning CS8632: The annotation for nullable reference types should only be used in code within a '#nullable' annotations context. [C:\Source\OASIS-master\External Libs\Spectre.Console\Spectre.Console\Spectre.Console.csproj::TargetFramework=netstandard2.0]
C:\Source\OASIS-master\External Libs\Spectre.Console\Spectre.Console\Cli\Internal\Modelling\CommandArgument.cs(15,35): warning CS8632: The annotation for nullable reference types should only be used in code within a '#nullable' annotations context. [C:\Source\OASIS-master\External Libs\Spectre.Console\Spectre.Console\Spectre.Console.csproj::TargetFramework=netstandard2.0]
C:\Source\OASIS-master\External Libs\Spectre.Console\Spectre.Console\Cli\Internal\Modelling\CommandArgument.cs(15,69): warning CS8632: The annotation for nullable reference types should only be used in code within a '#nullable' annotations context. [C:\Source\OASIS-master\External Libs\Spectre.Console\Spectre.Console\Spectre.Console.csproj::TargetFramework=netstandard2.0]
C:\Source\OASIS-master\External Libs\Spectre.Console\Spectre.Console\Cli\Internal\TypeResolverAdapter.cs(14,36): warning CS8632: The annotation for nullable reference types should only be used in code within a '#nullable' annotations context. [C:\Source\OASIS-master\External Libs\Spectre.Console\Spectre.Console\Spectre.Console.csproj::TargetFramework=netstandard2.0]
C:\Source\OASIS-master\External Libs\Spectre.Console\Spectre.Console\Cli\Internal\TypeResolverAdapter.cs(14,22): warning CS8632: The annotation for nullable reference types should only be used in code within a '#nullable' annotations context. [C:\Source\OASIS-master\External Libs\Spectre.Console\Spectre.Console\Spectre.Console.csproj::TargetFramework=netstandard2.0]
C:\Source\OASIS-master\External Libs\Spectre.Console\Spectre.Console\Cli\Internal\TypeResolverAdapter.cs(7,39): warning CS8632: The annotation for nullable reference types should only be used in code within a '#nullable' annotations context. [C:\Source\OASIS-master\External Libs\Spectre.Console\Spectre.Console\Spectre.Console.csproj::TargetFramework=netstandard2.0]
C:\Source\OASIS-master\External Libs\Spectre.Console\Spectre.Console\Cli\Internal\TypeResolverAdapter.cs(9,49): warning CS8632: The annotation for nullable reference types should only be used in code within a '#nullable' annotations context. [C:\Source\OASIS-master\External Libs\Spectre.Console\Spectre.Console\Spectre.Console.csproj::TargetFramework=netstandard2.0]
C:\Source\OASIS-master\External Libs\Spectre.Console\Spectre.Console\Cli\Internal\Modelling\CommandContainerExtensions.cs(7,34): warning CS8632: The annotation for nullable reference types should only be used in code within a '#nullable' annotations context. [C:\Source\OASIS-master\External Libs\Spectre.Console\Spectre.Console\Spectre.Console.csproj::TargetFramework=netstandard2.0]
C:\Source\OASIS-master\External Libs\Spectre.Console\Spectre.Console\Cli\Internal\Modelling\CommandInfo.cs(13,22): warning CS8632: The annotation for nullable reference types should only be used in code within a '#nullable' annotations context. [C:\Source\OASIS-master\External Libs\Spectre.Console\Spectre.Console\Spectre.Console.csproj::TargetFramework=netstandard2.0]
C:\Source\OASIS-master\External Libs\Spectre.Console\Spectre.Console\Cli\Internal\Modelling\CommandInfo.cs(14,22): warning CS8632: The annotation for nullable reference types should only be used in code within a '#nullable' annotations context. [C:\Source\OASIS-master\External Libs\Spectre.Console\Spectre.Console\Spectre.Console.csproj::TargetFramework=netstandard2.0]
C:\Source\OASIS-master\External Libs\Spectre.Console\Spectre.Console\Cli\Internal\Modelling\CommandInfo.cs(15,20): warning CS8632: The annotation for nullable reference types should only be used in code within a '#nullable' annotations context. [C:\Source\OASIS-master\External Libs\Spectre.Console\Spectre.Console\Spectre.Console.csproj::TargetFramework=netstandard2.0]
C:\Source\OASIS-master\External Libs\Spectre.Console\Spectre.Console\Cli\Internal\Modelling\CommandInfo.cs(17,58): warning CS8632: The annotation for nullable reference types should only be used in code within a '#nullable' annotations context. [C:\Source\OASIS-master\External Libs\Spectre.Console\Spectre.Console\Spectre.Console.csproj::TargetFramework=netstandard2.0]
C:\Source\OASIS-master\External Libs\Spectre.Console\Spectre.Console\Cli\Internal\Modelling\CommandInfo.cs(20,27): warning CS8632: The annotation for nullable reference types should only be used in code within a '#nullable' annotations context. [C:\Source\OASIS-master\External Libs\Spectre.Console\Spectre.Console\Spectre.Console.csproj::TargetFramework=netstandard2.0]
C:\Source\OASIS-master\External Libs\Spectre.Console\Spectre.Console\Cli\Internal\Modelling\CommandInfo.cs(28,39): warning CS8632: The annotation for nullable reference types should only be used in code within a '#nullable' annotations context. [C:\Source\OASIS-master\External Libs\Spectre.Console\Spectre.Console\Spectre.Console.csproj::TargetFramework=netstandard2.0]
C:\Source\OASIS-master\External Libs\Spectre.Console\Spectre.Console\Cli\Internal\VersionHelper.cs(7,49): warning CS8632: The annotation for nullable reference types should only be used in code within a '#nullable' annotations context. [C:\Source\OASIS-master\External Libs\Spectre.Console\Spectre.Console\Spectre.Console.csproj::TargetFramework=netstandard2.0]
C:\Source\OASIS-master\External Libs\Spectre.Console\Spectre.Console\Widgets\Progress\Status.cs(16,23): warning CS8632: The annotation for nullable reference types should only be used in code within a '#nullable' annotations context. [C:\Source\OASIS-master\External Libs\Spectre.Console\Spectre.Console\Spectre.Console.csproj::TargetFramework=netstandard2.0]
C:\Source\OASIS-master\External Libs\Spectre.Console\Spectre.Console\Widgets\Progress\Status.cs(21,21): warning CS8632: The annotation for nullable reference types should only be used in code within a '#nullable' annotations context. [C:\Source\OASIS-master\External Libs\Spectre.Console\Spectre.Console\Spectre.Console.csproj::TargetFramework=netstandard2.0]
C:\Source\OASIS-master\External Libs\Spectre.Console\Spectre.Console\Widgets\Progress\StatusContext.cs(35,21): warning CS8632: The annotation for nullable reference types should only be used in code within a '#nullable' annotations context. [C:\Source\OASIS-master\External Libs\Spectre.Console\Spectre.Console\Spectre.Console.csproj::TargetFramework=netstandard2.0]
C:\Source\OASIS-master\External Libs\Spectre.Console\Spectre.Console\Color.cs(105,43): warning CS8632: The annotation for nullable reference types should only be used in code within a '#nullable' annotations context. [C:\Source\OASIS-master\External Libs\Spectre.Console\Spectre.Console\Spectre.Console.csproj::TargetFramework=netstandard2.0]
C:\Source\OASIS-master\External Libs\Spectre.Console\Spectre.Console\Enrichment\ProfileEnricher.cs(29,40): warning CS8632: The annotation for nullable reference types should only be used in code within a '#nullable' annotations context. [C:\Source\OASIS-master\External Libs\Spectre.Console\Spectre.Console\Spectre.Console.csproj::TargetFramework=netstandard2.0]
C:\Source\OASIS-master\External Libs\Spectre.Console\Spectre.Console\Enrichment\ProfileEnricher.cs(71,103): warning CS8632: The annotation for nullable reference types should only be used in code within a '#nullable' annotations context. [C:\Source\OASIS-master\External Libs\Spectre.Console\Spectre.Console\Spectre.Console.csproj::TargetFramework=netstandard2.0]
C:\Source\OASIS-master\External Libs\Spectre.Console\Spectre.Console\Cli\CommandApp.cs(126,44): warning CS8632: The annotation for nullable reference types should only be used in code within a '#nullable' annotations context. [C:\Source\OASIS-master\External Libs\Spectre.Console\Spectre.Console\Spectre.Console.csproj::TargetFramework=netstandard2.0]
C:\Source\OASIS-master\External Libs\Spectre.Console\Spectre.Console\Cli\CommandApp.cs(131,53): warning CS8632: The annotation for nullable reference types should only be used in code within a '#nullable' annotations context. [C:\Source\OASIS-master\External Libs\Spectre.Console\Spectre.Console\Spectre.Console.csproj::TargetFramework=netstandard2.0]
C:\Source\OASIS-master\External Libs\Spectre.Console\Spectre.Console\Cli\Internal\Binding\CommandValueBinder.cs(36,38): warning CS8632: The annotation for nullable reference types should only be used in code within a '#nullable' annotations context. [C:\Source\OASIS-master\External Libs\Spectre.Console\Spectre.Console\Spectre.Console.csproj::TargetFramework=netstandard2.0]
C:\Source\OASIS-master\External Libs\Spectre.Console\Spectre.Console\Cli\Internal\Binding\CommandValueLookup.cs(14,69): warning CS8632: The annotation for nullable reference types should only be used in code within a '#nullable' annotations context. [C:\Source\OASIS-master\External Libs\Spectre.Console\Spectre.Console\Spectre.Console.csproj::TargetFramework=netstandard2.0]
C:\Source\OASIS-master\External Libs\Spectre.Console\Spectre.Console\Cli\Internal\Binding\CommandConstructorBinder.cs(16,45): warning CS8632: The annotation for nullable reference types should only be used in code within a '#nullable' annotations context. [C:\Source\OASIS-master\External Libs\Spectre.Console\Spectre.Console\Spectre.Console.csproj::TargetFramework=netstandard2.0]
C:\Source\OASIS-master\External Libs\Spectre.Console\Spectre.Console\Cli\Internal\Binding\CommandValueBinder.cs(71,31): warning CS8632: The annotation for nullable reference types should only be used in code within a '#nullable' annotations context. [C:\Source\OASIS-master\External Libs\Spectre.Console\Spectre.Console\Spectre.Console.csproj::TargetFramework=netstandard2.0]
C:\Source\OASIS-master\External Libs\Spectre.Console\Spectre.Console\Cli\Internal\Binding\CommandValueBinder.cs(96,40): warning CS8632: The annotation for nullable reference types should only be used in code within a '#nullable' annotations context. [C:\Source\OASIS-master\External Libs\Spectre.Console\Spectre.Console\Spectre.Console.csproj::TargetFramework=netstandard2.0]
C:\Source\OASIS-master\External Libs\Spectre.Console\Spectre.Console\Cli\Internal\Binding\CommandValueBinder.cs(99,40): warning CS8632: The annotation for nullable reference types should only be used in code within a '#nullable' annotations context. [C:\Source\OASIS-master\External Libs\Spectre.Console\Spectre.Console\Spectre.Console.csproj::TargetFramework=netstandard2.0]
C:\Source\OASIS-master\External Libs\Spectre.Console\Spectre.Console\Cli\Internal\Parsing\CommandTreeParserContext.cs(21,60): warning CS8632: The annotation for nullable reference types should only be used in code within a '#nullable' annotations context. [C:\Source\OASIS-master\External Libs\Spectre.Console\Spectre.Console\Spectre.Console.csproj::TargetFramework=netstandard2.0]
C:\Source\OASIS-master\External Libs\Spectre.Console\Spectre.Console\Cli\Internal\Parsing\CommandTreeParserContext.cs(42,56): warning CS8632: The annotation for nullable reference types should only be used in code within a '#nullable' annotations context. [C:\Source\OASIS-master\External Libs\Spectre.Console\Spectre.Console\Spectre.Console.csproj::TargetFramework=netstandard2.0]
C:\Source\OASIS-master\External Libs\Spectre.Console\Spectre.Console\Cli\Internal\CommandSuggestor.cs(12,38): warning CS8632: The annotation for nullable reference types should only be used in code within a '#nullable' annotations context. [C:\Source\OASIS-master\External Libs\Spectre.Console\Spectre.Console\Spectre.Console.csproj::TargetFramework=netstandard2.0]
C:\Source\OASIS-master\External Libs\Spectre.Console\Spectre.Console\Cli\Internal\Parsing\CommandTreeParserContext.cs(54,60): warning CS8632: The annotation for nullable reference types should only be used in code within a '#nullable' annotations context. [C:\Source\OASIS-master\External Libs\Spectre.Console\Spectre.Console\Spectre.Console.csproj::TargetFramework=netstandard2.0]
C:\Source\OASIS-master\External Libs\Spectre.Console\Spectre.Console\Cli\Internal\Commands\ExplainCommand.cs(66,28): warning CS8632: The annotation for nullable reference types should only be used in code within a '#nullable' annotations context. [C:\Source\OASIS-master\External Libs\Spectre.Console\Spectre.Console\Spectre.Console.csproj::TargetFramework=netstandard2.0]
C:\Source\OASIS-master\External Libs\Spectre.Console\Spectre.Console\Rendering\Segment.cs(464,36): warning CS8632: The annotation for nullable reference types should only be used in code within a '#nullable' annotations context. [C:\Source\OASIS-master\External Libs\Spectre.Console\Spectre.Console\Spectre.Console.csproj::TargetFramework=netstandard2.0]
C:\Source\OASIS-master\External Libs\Spectre.Console\Spectre.Console\Cli\Internal\Modelling\CommandParameter.cs(63,42): warning CS8632: The annotation for nullable reference types should only be used in code within a '#nullable' annotations context. [C:\Source\OASIS-master\External Libs\Spectre.Console\Spectre.Console\Spectre.Console.csproj::TargetFramework=netstandard2.0]
C:\Source\OASIS-master\External Libs\Spectre.Console\Spectre.Console\Cli\Internal\Modelling\CommandParameter.cs(97,35): warning CS8632: The annotation for nullable reference types should only be used in code within a '#nullable' annotations context. [C:\Source\OASIS-master\External Libs\Spectre.Console\Spectre.Console\Spectre.Console.csproj::TargetFramework=netstandard2.0]
C:\Source\OASIS-master\External Libs\Spectre.Console\Spectre.Console\Cli\Internal\Modelling\CommandParameter.cs(121,44): warning CS8632: The annotation for nullable reference types should only be used in code within a '#nullable' annotations context. [C:\Source\OASIS-master\External Libs\Spectre.Console\Spectre.Console\Spectre.Console.csproj::TargetFramework=netstandard2.0]
C:\Source\OASIS-master\External Libs\Spectre.Console\Spectre.Console\Cli\Internal\Modelling\CommandParameter.cs(124,44): warning CS8632: The annotation for nullable reference types should only be used in code within a '#nullable' annotations context. [C:\Source\OASIS-master\External Libs\Spectre.Console\Spectre.Console\Spectre.Console.csproj::TargetFramework=netstandard2.0]
C:\Source\OASIS-master\External Libs\Spectre.Console\Spectre.Console\Widgets\Prompt\TextPrompt.cs(134,22): warning CS8632: The annotation for nullable reference types should only be used in code within a '#nullable' annotations context. [C:\Source\OASIS-master\External Libs\Spectre.Console\Spectre.Console\Spectre.Console.csproj::TargetFramework=netstandard2.0]
C:\Source\OASIS-master\External Libs\Spectre.Console\Spectre.Console\Cli\Internal\Configuration\Configurator`1.cs(85,72): warning CS8632: The annotation for nullable reference types should only be used in code within a '#nullable' annotations context. [C:\Source\OASIS-master\External Libs\Spectre.Console\Spectre.Console\Spectre.Console.csproj::TargetFramework=netstandard2.0]
C:\Source\OASIS-master\External Libs\Spectre.Console\Spectre.Console\Cli\Internal\Configuration\Configurator.cs(86,72): warning CS8632: The annotation for nullable reference types should only be used in code within a '#nullable' annotations context. [C:\Source\OASIS-master\External Libs\Spectre.Console\Spectre.Console\Spectre.Console.csproj::TargetFramework=netstandard2.0]
C:\Source\OASIS-master\External Libs\Spectre.Console\Spectre.Console\Cli\Internal\Composition\Activators.cs(76,40): warning CS8632: The annotation for nullable reference types should only be used in code within a '#nullable' annotations context. [C:\Source\OASIS-master\External Libs\Spectre.Console\Spectre.Console\Spectre.Console.csproj::TargetFramework=netstandard2.0]
C:\Source\OASIS-master\External Libs\Spectre.Console\Spectre.Console\Cli\Internal\Composition\Activators.cs(113,28): warning CS8632: The annotation for nullable reference types should only be used in code within a '#nullable' annotations context. [C:\Source\OASIS-master\External Libs\Spectre.Console\Spectre.Console\Spectre.Console.csproj::TargetFramework=netstandard2.0]
C:\Source\OASIS-master\External Libs\Spectre.Console\Spectre.Console\Widgets\Progress\Status.cs(80,40): warning CS8632: The annotation for nullable reference types should only be used in code within a '#nullable' annotations context. [C:\Source\OASIS-master\External Libs\Spectre.Console\Spectre.Console\Spectre.Console.csproj::TargetFramework=netstandard2.0]
C:\Source\OASIS-master\External Libs\Spectre.Console\Spectre.Console\StyleParser.cs(37,40): warning CS8632: The annotation for nullable reference types should only be used in code within a '#nullable' annotations context. [C:\Source\OASIS-master\External Libs\Spectre.Console\Spectre.Console\Spectre.Console.csproj::TargetFramework=netstandard2.0]
C:\Source\OASIS-master\External Libs\Spectre.Console\Spectre.Console\Widgets\Exceptions\ExceptionParser.cs(42,39): warning CS8632: The annotation for nullable reference types should only be used in code within a '#nullable' annotations context. [C:\Source\OASIS-master\External Libs\Spectre.Console\Spectre.Console\Spectre.Console.csproj::TargetFramework=netstandard2.0]
C:\Source\OASIS-master\External Libs\Spectre.Console\Spectre.Console\Widgets\Progress\Progress.cs(101,40): warning CS8632: The annotation for nullable reference types should only be used in code within a '#nullable' annotations context. [C:\Source\OASIS-master\External Libs\Spectre.Console\Spectre.Console\Spectre.Console.csproj::TargetFramework=netstandard2.0]
C:\Source\OASIS-master\External Libs\Spectre.Console\Spectre.Console\Widgets\Paragraph.cs(203,39): warning CS8632: The annotation for nullable reference types should only be used in code within a '#nullable' annotations context. [C:\Source\OASIS-master\External Libs\Spectre.Console\Spectre.Console\Spectre.Console.csproj::TargetFramework=netstandard2.0]
  Spectre.Console -> C:\Source\OASIS-master\External Libs\Spectre.Console\Spectre.Console\bin\Debug\netstandard2.0\Spectre.Console.dll
C:\Source\OASIS-master\OASIS Architecture\NextGenSoftware.OASIS.OASISBootLoader\NextGenSoftware.OASIS.OASISBootLoader.csproj : warning NU1608: Detected package version outside of dependency constraint: Google.Cloud.Storage.V1 3.7.0 requires Google.Api.Gax.Rest (>= 3.6.0 && < 4.0.0) but version Google.Api.Gax.Rest 4.6.0 was resolved.
CSC : error CS5001: Program does not contain a static 'Main' method suitable for an entry point [C:\Source\OASIS-master\STAR ODK\STAR OAPP DNA Templates\NextGenSoftware.OASIS.STAR.DNATemplates.OAPP.Console.NuGet\NextGenSoftware.OASIS.STAR.DNATemplates.OApp.Console.NuGet.csproj]
CSC : error CS5001: Program does not contain a static 'Main' method suitable for an entry point [C:\Source\OASIS-master\STAR ODK\STAR OAPP DNA Templates\NextGenSoftware.OASIS.STAR.DNATemplates.OAPP.Console.DLL\NextGenSoftware.OASIS.STAR.DNATemplates.OAPP.Console.DLL.csproj]
C:\Source\holochain-client-csharp\NextGenSoftware.Holochain.HoloNET.Client\NextGenSoftware.Holochain.HoloNET.Client.csproj : warning NU1902: Package 'MessagePack' 2.4.59 has a known moderate severity vulnerability, https://github.com/advisories/GHSA-4qm4-8hg2-g2xm
  NextGenSoftware.CLI.Engine -> C:\Source\NextGenSoftware-Libraries\NextGenSoftware Libraries\NextGenSoftware.CLI.Engine\bin\Debug\net8.0\NextGenSoftware.CLI.Engine.dll
  IpfsHttpClient -> C:\Source\OASIS-master\External Libs\net-ipfs-http-client-master\src\bin\Debug\net5\Ipfs.Http.Client.dll
C:\Source\OASIS-master\Providers\Cloud\NextGenSoftware.OASIS.API.Providers.GoogleCloudOASIS\NextGenSoftware.OASIS.API.Providers.GoogleCloudOASIS.csproj : warning NU1608: Detected package version outside of dependency constraint: Google.Cloud.Storage.V1 3.7.0 requires Google.Api.Gax.Rest (>= 3.6.0 && < 4.0.0) but version Google.Api.Gax.Rest 4.6.0 was resolved.
  NextGenSoftware.Logging -> C:\Source\NextGenSoftware-Libraries\NextGenSoftware Libraries\NextGenSoftware.Logging\bin\Debug\net9.0\NextGenSoftware.Logging.dll
  NextGenSoftware.Logging -> C:\Source\NextGenSoftware-Libraries\NextGenSoftware Libraries\NextGenSoftware.Logging\bin\Debug\net8.0\NextGenSoftware.Logging.dll
  NextGenSoftware.WebSocket -> C:\Source\NextGenSoftware-Libraries\NextGenSoftware Libraries\NextGenSoftware.WebSocket\bin\Debug\net8.0\NextGenSoftware.WebSocket.dll
  NextGenSoftware.OASIS.Common -> C:\Source\OASIS-master\OASIS Architecture\NextGenSoftware.OASIS.Common\bin\Debug\net8.0\NextGenSoftware.OASIS.Common.dll
  NextGenSoftware.Logging.NLog -> C:\Source\NextGenSoftware-Libraries\NextGenSoftware Libraries\NextGenSoftware.Logging.NLog\bin\Debug\net8.0\NextGenSoftware.Logging.NLog.dll
  NextGenSoftware.OASIS.STAR.WebUI.IntegrationTests -> C:\Source\OASIS-master\STAR ODK\NextGenSoftware.OASIS.STAR.WebUI.IntegrationTests\bin\Debug\net9.0\NextGenSoftware.OASIS.STAR.WebUI.IntegrationTests.dll
  NextGenSoftware.OASIS.API.Contracts -> C:\Source\OASIS-master\OASIS Architecture\NextGenSoftware.OASIS.API.Contracts\bin\Debug\netstandard2.1\NextGenSoftware.OASIS.API.Contracts.dll
  NextGenSoftware.OASIS.API.DNA -> C:\Source\OASIS-master\OASIS Architecture\NextGenSoftware.OASIS.API.DNA\bin\Debug\net8.0\NextGenSoftware.OASIS.API.DNA.dll
C:\Source\OASIS-master\OASIS Architecture\NextGenSoftware.OASIS.OASISBootLoader.UnitTests\NextGenSoftware.OASIS.OASISBootLoader.UnitTests.csproj : warning NU1608: Detected package version outside of dependency constraint: Google.Cloud.Storage.V1 3.7.0 requires Google.Api.Gax.Rest (>= 3.6.0 && < 4.0.0) but version Google.Api.Gax.Rest 4.6.0 was resolved.
C:\Source\OASIS-master\STAR ODK\NextGenSoftware.OASIS.STAR.WebAPI.IntegrationTests\STARWebAPIIntegrationTests.cs(2,29): error CS0234: The type or namespace name 'API' does not exist in the namespace 'NextGenSoftware.OASIS' (are you missing an assembly reference?) [C:\Source\OASIS-master\STAR ODK\NextGenSoftware.OASIS.STAR.WebAPI.IntegrationTests\NextGenSoftware.OASIS.STAR.WebAPI.IntegrationTests.csproj]
C:\Source\OASIS-master\STAR ODK\NextGenSoftware.OASIS.STAR.WebAPI.IntegrationTests\STARWebAPIIntegrationTests.cs(3,29): error CS0234: The type or namespace name 'API' does not exist in the namespace 'NextGenSoftware.OASIS' (are you missing an assembly reference?) [C:\Source\OASIS-master\STAR ODK\NextGenSoftware.OASIS.STAR.WebAPI.IntegrationTests\NextGenSoftware.OASIS.STAR.WebAPI.IntegrationTests.csproj]
C:\Source\OASIS-master\STAR ODK\NextGenSoftware.OASIS.STAR.WebAPI.IntegrationTests\STARWebAPIIntegrationTests.cs(4,29): error CS0234: The type or namespace name 'API' does not exist in the namespace 'NextGenSoftware.OASIS' (are you missing an assembly reference?) [C:\Source\OASIS-master\STAR ODK\NextGenSoftware.OASIS.STAR.WebAPI.IntegrationTests\NextGenSoftware.OASIS.STAR.WebAPI.IntegrationTests.csproj]
C:\Source\OASIS-master\STAR ODK\NextGenSoftware.OASIS.STAR.WebAPI.IntegrationTests\STARWebAPIIntegrationTests.cs(5,29): error CS0234: The type or namespace name 'Common' does not exist in the namespace 'NextGenSoftware.OASIS' (are you missing an assembly reference?) [C:\Source\OASIS-master\STAR ODK\NextGenSoftware.OASIS.STAR.WebAPI.IntegrationTests\NextGenSoftware.OASIS.STAR.WebAPI.IntegrationTests.csproj]
C:\Source\OASIS-master\STAR ODK\NextGenSoftware.OASIS.STAR.WebAPI.IntegrationTests\STARWebAPIIntegrationTests.cs(7,7): error CS0246: The type or namespace name 'FluentAssertions' could not be found (are you missing a using directive or an assembly reference?) [C:\Source\OASIS-master\STAR ODK\NextGenSoftware.OASIS.STAR.WebAPI.IntegrationTests\NextGenSoftware.OASIS.STAR.WebAPI.IntegrationTests.csproj]
  NextGenSoftware.OASIS.API.Providers.HoloWebOASIS -> C:\Source\OASIS-master\Providers\Network\NextGenSoftware.OASIS.API.Providers.HoloWebOASIS\bin\Debug\netstandard2.0\NextGenSoftware.OASIS.API.Providers.HoloWebOASIS.dll
  NextGenSoftware.OASIS.API.Core -> C:\Source\OASIS-master\OASIS Architecture\NextGenSoftware.OASIS.API.Core\bin\Debug\net8.0\NextGenSoftware.OASIS.API.Core.dll
C:\Source\OASIS-master\Providers\Other\NextGenSoftware.OASIS.API.Providers.CargoOASIS\NextGenSoftware.OASIS.API.Providers.CargoOASIS.csproj : warning NU1608: Detected package version outside of dependency constraint: Nethereum.KeyStore 4.0.5 requires Portable.BouncyCastle (>= 1.8.2 && < 1.9.0) but version Portable.BouncyCastle 1.9.0 was resolved.
C:\Source\OASIS-master\Providers\Other\NextGenSoftware.OASIS.API.Providers.CargoOASIS\NextGenSoftware.OASIS.API.Providers.CargoOASIS.csproj : warning NU1608: Detected package version outside of dependency constraint: Nethereum.Signer 4.0.5 requires Portable.BouncyCastle (>= 1.8.2 && < 1.9.0) but version Portable.BouncyCastle 1.9.0 was resolved.
  NextGenSoftware.Holochain.HoloNET.Client -> C:\Source\holochain-client-csharp\NextGenSoftware.Holochain.HoloNET.Client\bin\Debug\net8.0\NextGenSoftware.Holochain.HoloNET.Client.dll
  NextGenSoftware.OASIS.API.Providers.AptosOASIS -> C:\Source\OASIS-master\Providers\Blockchain\NextGenSoftware.OASIS.API.Providers.AptosOASIS\bin\Debug\net8.0\NextGenSoftware.OASIS.API.Providers.AptosOASIS.dll
  NextGenSoftware.OASIS.API.Providers.AWSOASIS -> C:\Source\OASIS-master\Providers\Cloud\NextGenSoftware.OASIS.API.Providers.AWSOASIS\bin\Debug\net8.0\NextGenSoftware.OASIS.API.Providers.AWSOASIS.dll
  NextGenSoftware.Holochain.HoloNET.ORM -> C:\Source\holochain-client-csharp\NextGenSoftware.Holochain.HoloNET.ORM\bin\Debug\net8.0\NextGenSoftware.Holochain.HoloNET.ORM.dll
C:\Program Files\dotnet\sdk\9.0.306\Sdks\Microsoft.NET.Sdk\targets\Microsoft.NET.TargetFrameworkInference.targets(187,5): warning NETSDK1215: Targeting .NET Standard prior to 2.0 is no longer recommended. See https://aka.ms/dotnet/dotnet-standard-guidance for more details. [C:\Source\OASIS-master\External Libs\net-ipfs-http-client-master\src\IpfsHttpClient.csproj::TargetFramework=netstandard14]
C:\Source\OASIS-master\Providers\Blockchain\NextGenSoftware.OASIS.API.Providers.BitcoinOASIS\BitcoinOASIS.cs(18,7): warning CS0105: The using directive for 'NextGenSoftware.OASIS.API.Core.Managers' appeared previously in this namespace [C:\Source\OASIS-master\Providers\Blockchain\NextGenSoftware.OASIS.API.Providers.BitcoinOASIS\NextGenSoftware.OASIS.API.Providers.BitcoinOASIS.csproj]
C:\Source\OASIS-master\Providers\Blockchain\NextGenSoftware.OASIS.API.Providers.BitcoinOASIS\BitcoinOASIS.cs(134,55): warning CS1998: This async method lacks 'await' operators and will run synchronously. Consider using the 'await' operator to await non-blocking API calls, or 'await Task.Run(...)' to do CPU-bound work on a background thread. [C:\Source\OASIS-master\Providers\Blockchain\NextGenSoftware.OASIS.API.Providers.BitcoinOASIS\NextGenSoftware.OASIS.API.Providers.BitcoinOASIS.csproj]
C:\Source\OASIS-master\Providers\Blockchain\NextGenSoftware.OASIS.API.Providers.BitcoinOASIS\BitcoinOASIS.cs(1678,42): error CS4032: The 'await' operator can only be used within an async method. Consider marking this method with the 'async' modifier and changing its return type to 'Task<OASISResult<IEnumerable<IAvatar>>>'. [C:\Source\OASIS-master\Providers\Blockchain\NextGenSoftware.OASIS.API.Providers.BitcoinOASIS\NextGenSoftware.OASIS.API.Providers.BitcoinOASIS.csproj]
C:\Source\OASIS-master\Providers\Blockchain\NextGenSoftware.OASIS.API.Providers.BitcoinOASIS\BitcoinOASIS.cs(1688,66): error CS0103: The name 'version' does not exist in the current context [C:\Source\OASIS-master\Providers\Blockchain\NextGenSoftware.OASIS.API.Providers.BitcoinOASIS\NextGenSoftware.OASIS.API.Providers.BitcoinOASIS.csproj]
C:\Source\OASIS-master\Providers\Blockchain\NextGenSoftware.OASIS.API.Providers.BitcoinOASIS\BitcoinOASIS.cs(1688,40): error CS4032: The 'await' operator can only be used within an async method. Consider marking this method with the 'async' modifier and changing its return type to 'Task<OASISResult<IEnumerable<IAvatar>>>'. [C:\Source\OASIS-master\Providers\Blockchain\NextGenSoftware.OASIS.API.Providers.BitcoinOASIS\NextGenSoftware.OASIS.API.Providers.BitcoinOASIS.csproj]
C:\Source\OASIS-master\Providers\Blockchain\NextGenSoftware.OASIS.API.Providers.BitcoinOASIS\BitcoinOASIS.cs(1739,42): error CS4032: The 'await' operator can only be used within an async method. Consider marking this method with the 'async' modifier and changing its return type to 'Task<OASISResult<IEnumerable<IHolon>>>'. [C:\Source\OASIS-master\Providers\Blockchain\NextGenSoftware.OASIS.API.Providers.BitcoinOASIS\NextGenSoftware.OASIS.API.Providers.BitcoinOASIS.csproj]
C:\Source\OASIS-master\Providers\Blockchain\NextGenSoftware.OASIS.API.Providers.BitcoinOASIS\BitcoinOASIS.cs(1749,39): error CS4032: The 'await' operator can only be used within an async method. Consider marking this method with the 'async' modifier and changing its return type to 'Task<OASISResult<IEnumerable<IHolon>>>'. [C:\Source\OASIS-master\Providers\Blockchain\NextGenSoftware.OASIS.API.Providers.BitcoinOASIS\NextGenSoftware.OASIS.API.Providers.BitcoinOASIS.csproj]
C:\Source\OASIS-master\Providers\Blockchain\NextGenSoftware.OASIS.API.Providers.BitcoinOASIS\BitcoinOASIS.cs(1809,133): error CS0103: The name 'CreateDeterministicGuid' does not exist in the current context [C:\Source\OASIS-master\Providers\Blockchain\NextGenSoftware.OASIS.API.Providers.BitcoinOASIS\NextGenSoftware.OASIS.API.Providers.BitcoinOASIS.csproj]
C:\Source\OASIS-master\Providers\Blockchain\NextGenSoftware.OASIS.API.Providers.BitcoinOASIS\BitcoinOASIS.cs(1844,26): error CS0103: The name 'CreateDeterministicGuid' does not exist in the current context [C:\Source\OASIS-master\Providers\Blockchain\NextGenSoftware.OASIS.API.Providers.BitcoinOASIS\NextGenSoftware.OASIS.API.Providers.BitcoinOASIS.csproj]
C:\Source\OASIS-master\Providers\Blockchain\NextGenSoftware.OASIS.API.Providers.BitcoinOASIS\BitcoinOASIS.cs(1971,26): error CS0103: The name 'CreateDeterministicGuid' does not exist in the current context [C:\Source\OASIS-master\Providers\Blockchain\NextGenSoftware.OASIS.API.Providers.BitcoinOASIS\NextGenSoftware.OASIS.API.Providers.BitcoinOASIS.csproj]
C:\Source\OASIS-master\Providers\Blockchain\NextGenSoftware.OASIS.API.Providers.BitcoinOASIS\BitcoinOASIS.cs(2023,133): error CS0103: The name 'CreateDeterministicGuid' does not exist in the current context [C:\Source\OASIS-master\Providers\Blockchain\NextGenSoftware.OASIS.API.Providers.BitcoinOASIS\NextGenSoftware.OASIS.API.Providers.BitcoinOASIS.csproj]
C:\Source\OASIS-master\Providers\Blockchain\NextGenSoftware.OASIS.API.Providers.BitcoinOASIS\BitcoinOASIS.cs(2089,26): error CS0103: The name 'CreateDeterministicGuid' does not exist in the current context [C:\Source\OASIS-master\Providers\Blockchain\NextGenSoftware.OASIS.API.Providers.BitcoinOASIS\NextGenSoftware.OASIS.API.Providers.BitcoinOASIS.csproj]
C:\Source\OASIS-master\Providers\Blockchain\NextGenSoftware.OASIS.API.Providers.BitcoinOASIS\BitcoinOASIS.cs(2979,38): error CS1061: 'ISendWeb3NFTRequest' does not contain a definition for 'Web3NFTId' and no accessible extension method 'Web3NFTId' accepting a first argument of type 'ISendWeb3NFTRequest' could be found (are you missing a using directive or an assembly reference?) [C:\Source\OASIS-master\Providers\Blockchain\NextGenSoftware.OASIS.API.Providers.BitcoinOASIS\NextGenSoftware.OASIS.API.Providers.BitcoinOASIS.csproj]
C:\Source\OASIS-master\Providers\Blockchain\NextGenSoftware.OASIS.API.Providers.BitcoinOASIS\BitcoinOASIS.cs(2982,45): error CS1061: 'ISendWeb3NFTRequest' does not contain a definition for 'NFTTokenAddress' and no accessible extension method 'NFTTokenAddress' accepting a first argument of type 'ISendWeb3NFTRequest' could be found (are you missing a using directive or an assembly reference?) [C:\Source\OASIS-master\Providers\Blockchain\NextGenSoftware.OASIS.API.Providers.BitcoinOASIS\NextGenSoftware.OASIS.API.Providers.BitcoinOASIS.csproj]
C:\Source\OASIS-master\Providers\Blockchain\NextGenSoftware.OASIS.API.Providers.BitcoinOASIS\BitcoinOASIS.cs(3017,25): error CS0117: 'Web3NFTTransactionResponse' does not contain a definition for 'TransactionHash' [C:\Source\OASIS-master\Providers\Blockchain\NextGenSoftware.OASIS.API.Providers.BitcoinOASIS\NextGenSoftware.OASIS.API.Providers.BitcoinOASIS.csproj]
C:\Source\OASIS-master\Providers\Blockchain\NextGenSoftware.OASIS.API.Providers.BitcoinOASIS\BitcoinOASIS.cs(3018,25): error CS0117: 'Web3NFTTransactionResponse' does not contain a definition for 'IsSuccessful' [C:\Source\OASIS-master\Providers\Blockchain\NextGenSoftware.OASIS.API.Providers.BitcoinOASIS\NextGenSoftware.OASIS.API.Providers.BitcoinOASIS.csproj]
C:\Source\OASIS-master\Providers\Blockchain\NextGenSoftware.OASIS.API.Providers.BitcoinOASIS\BitcoinOASIS.cs(3019,25): error CS0117: 'Web3NFTTransactionResponse' does not contain a definition for 'Message' [C:\Source\OASIS-master\Providers\Blockchain\NextGenSoftware.OASIS.API.Providers.BitcoinOASIS\NextGenSoftware.OASIS.API.Providers.BitcoinOASIS.csproj]
C:\Source\OASIS-master\Providers\Blockchain\NextGenSoftware.OASIS.API.Providers.BitcoinOASIS\BitcoinOASIS.cs(3068,39): error CS1061: 'IMintWeb3NFTRequest' does not contain a definition for 'MintToAvatarId' and no accessible extension method 'MintToAvatarId' accepting a first argument of type 'IMintWeb3NFTRequest' could be found (are you missing a using directive or an assembly reference?) [C:\Source\OASIS-master\Providers\Blockchain\NextGenSoftware.OASIS.API.Providers.BitcoinOASIS\NextGenSoftware.OASIS.API.Providers.BitcoinOASIS.csproj]
C:\Source\OASIS-master\Providers\Blockchain\NextGenSoftware.OASIS.API.Providers.BitcoinOASIS\BitcoinOASIS.cs(3069,45): error CS1061: 'IMintWeb3NFTRequest' does not contain a definition for 'NFTTokenAddress' and no accessible extension method 'NFTTokenAddress' accepting a first argument of type 'IMintWeb3NFTRequest' could be found (are you missing a using directive or an assembly reference?) [C:\Source\OASIS-master\Providers\Blockchain\NextGenSoftware.OASIS.API.Providers.BitcoinOASIS\NextGenSoftware.OASIS.API.Providers.BitcoinOASIS.csproj]
C:\Source\OASIS-master\Providers\Blockchain\NextGenSoftware.OASIS.API.Providers.BitcoinOASIS\BitcoinOASIS.cs(3070,40): error CS1061: 'IMintWeb3NFTRequest' does not contain a definition for 'Metadata' and no accessible extension method 'Metadata' accepting a first argument of type 'IMintWeb3NFTRequest' could be found (are you missing a using directive or an assembly reference?) [C:\Source\OASIS-master\Providers\Blockchain\NextGenSoftware.OASIS.API.Providers.BitcoinOASIS\NextGenSoftware.OASIS.API.Providers.BitcoinOASIS.csproj]
C:\Source\OASIS-master\Providers\Blockchain\NextGenSoftware.OASIS.API.Providers.BitcoinOASIS\BitcoinOASIS.cs(3105,25): error CS0117: 'Web3NFTTransactionResponse' does not contain a definition for 'TransactionHash' [C:\Source\OASIS-master\Providers\Blockchain\NextGenSoftware.OASIS.API.Providers.BitcoinOASIS\NextGenSoftware.OASIS.API.Providers.BitcoinOASIS.csproj]
C:\Source\OASIS-master\Providers\Blockchain\NextGenSoftware.OASIS.API.Providers.BitcoinOASIS\BitcoinOASIS.cs(3106,25): error CS0117: 'Web3NFTTransactionResponse' does not contain a definition for 'IsSuccessful' [C:\Source\OASIS-master\Providers\Blockchain\NextGenSoftware.OASIS.API.Providers.BitcoinOASIS\NextGenSoftware.OASIS.API.Providers.BitcoinOASIS.csproj]
C:\Source\OASIS-master\Providers\Blockchain\NextGenSoftware.OASIS.API.Providers.BitcoinOASIS\BitcoinOASIS.cs(3107,25): error CS0117: 'Web3NFTTransactionResponse' does not contain a definition for 'Message' [C:\Source\OASIS-master\Providers\Blockchain\NextGenSoftware.OASIS.API.Providers.BitcoinOASIS\NextGenSoftware.OASIS.API.Providers.BitcoinOASIS.csproj]
C:\Source\OASIS-master\Providers\Blockchain\NextGenSoftware.OASIS.API.Providers.BitcoinOASIS\BitcoinOASIS.cs(3191,25): error CS0117: 'Web3NFTTransactionResponse' does not contain a definition for 'TransactionHash' [C:\Source\OASIS-master\Providers\Blockchain\NextGenSoftware.OASIS.API.Providers.BitcoinOASIS\NextGenSoftware.OASIS.API.Providers.BitcoinOASIS.csproj]
C:\Source\OASIS-master\Providers\Blockchain\NextGenSoftware.OASIS.API.Providers.BitcoinOASIS\BitcoinOASIS.cs(3192,25): error CS0117: 'Web3NFTTransactionResponse' does not contain a definition for 'IsSuccessful' [C:\Source\OASIS-master\Providers\Blockchain\NextGenSoftware.OASIS.API.Providers.BitcoinOASIS\NextGenSoftware.OASIS.API.Providers.BitcoinOASIS.csproj]
C:\Source\OASIS-master\Providers\Blockchain\NextGenSoftware.OASIS.API.Providers.BitcoinOASIS\BitcoinOASIS.cs(3193,25): error CS0117: 'Web3NFTTransactionResponse' does not contain a definition for 'Message' [C:\Source\OASIS-master\Providers\Blockchain\NextGenSoftware.OASIS.API.Providers.BitcoinOASIS\NextGenSoftware.OASIS.API.Providers.BitcoinOASIS.csproj]
C:\Source\OASIS-master\Providers\Blockchain\NextGenSoftware.OASIS.API.Providers.BitcoinOASIS\BitcoinOASIS.cs(3281,57): error CS0117: 'Web3NFT' does not contain a definition for 'TransactionHash' [C:\Source\OASIS-master\Providers\Blockchain\NextGenSoftware.OASIS.API.Providers.BitcoinOASIS\NextGenSoftware.OASIS.API.Providers.BitcoinOASIS.csproj]
C:\Source\OASIS-master\Providers\Blockchain\NextGenSoftware.OASIS.API.Providers.BitcoinOASIS\BitcoinOASIS.cs(3288,72): error CS0029: Cannot implicitly convert type 'System.Collections.Generic.Dictionary<string, object>' to 'System.Collections.Generic.Dictionary<string, string>' [C:\Source\OASIS-master\Providers\Blockchain\NextGenSoftware.OASIS.API.Providers.BitcoinOASIS\NextGenSoftware.OASIS.API.Providers.BitcoinOASIS.csproj]
C:\Source\OASIS-master\Providers\Blockchain\NextGenSoftware.OASIS.API.Providers.BitcoinOASIS\BitcoinOASIS.cs(3440,75): error CS0103: The name 'CreateDeterministicGuid' does not exist in the current context [C:\Source\OASIS-master\Providers\Blockchain\NextGenSoftware.OASIS.API.Providers.BitcoinOASIS\NextGenSoftware.OASIS.API.Providers.BitcoinOASIS.csproj]
C:\Source\OASIS-master\Providers\Blockchain\NextGenSoftware.OASIS.API.Providers.BitcoinOASIS\BitcoinOASIS.cs(3611,74): error CS1061: 'IMintWeb3TokenRequest' does not contain a definition for 'TokenAddress' and no accessible extension method 'TokenAddress' accepting a first argument of type 'IMintWeb3TokenRequest' could be found (are you missing a using directive or an assembly reference?) [C:\Source\OASIS-master\Providers\Blockchain\NextGenSoftware.OASIS.API.Providers.BitcoinOASIS\NextGenSoftware.OASIS.API.Providers.BitcoinOASIS.csproj]
C:\Source\OASIS-master\Providers\Blockchain\NextGenSoftware.OASIS.API.Providers.BitcoinOASIS\BitcoinOASIS.cs(3622,45): error CS1061: 'IMintWeb3TokenRequest' does not contain a definition for 'TokenAddress' and no accessible extension method 'TokenAddress' accepting a first argument of type 'IMintWeb3TokenRequest' could be found (are you missing a using directive or an assembly reference?) [C:\Source\OASIS-master\Providers\Blockchain\NextGenSoftware.OASIS.API.Providers.BitcoinOASIS\NextGenSoftware.OASIS.API.Providers.BitcoinOASIS.csproj]
C:\Source\OASIS-master\Providers\Blockchain\NextGenSoftware.OASIS.API.Providers.BitcoinOASIS\BitcoinOASIS.cs(3623,38): error CS1061: 'IMintWeb3TokenRequest' does not contain a definition for 'Amount' and no accessible extension method 'Amount' accepting a first argument of type 'IMintWeb3TokenRequest' could be found (are you missing a using directive or an assembly reference?) [C:\Source\OASIS-master\Providers\Blockchain\NextGenSoftware.OASIS.API.Providers.BitcoinOASIS\NextGenSoftware.OASIS.API.Providers.BitcoinOASIS.csproj]
C:\Source\OASIS-master\Providers\Blockchain\NextGenSoftware.OASIS.API.Providers.BitcoinOASIS\BitcoinOASIS.cs(3624,39): error CS1061: 'IMintWeb3TokenRequest' does not contain a definition for 'ToWalletAddress' and no accessible extension method 'ToWalletAddress' accepting a first argument of type 'IMintWeb3TokenRequest' could be found (are you missing a using directive or an assembly reference?) [C:\Source\OASIS-master\Providers\Blockchain\NextGenSoftware.OASIS.API.Providers.BitcoinOASIS\NextGenSoftware.OASIS.API.Providers.BitcoinOASIS.csproj]
C:\Source\OASIS-master\Providers\Blockchain\NextGenSoftware.OASIS.API.Providers.BitcoinOASIS\BitcoinOASIS.cs(3704,38): error CS1061: 'IBurnWeb3TokenRequest' does not contain a definition for 'Amount' and no accessible extension method 'Amount' accepting a first argument of type 'IBurnWeb3TokenRequest' could be found (are you missing a using directive or an assembly reference?) [C:\Source\OASIS-master\Providers\Blockchain\NextGenSoftware.OASIS.API.Providers.BitcoinOASIS\NextGenSoftware.OASIS.API.Providers.BitcoinOASIS.csproj]
C:\Source\OASIS-master\Providers\Blockchain\NextGenSoftware.OASIS.API.Providers.BitcoinOASIS\BitcoinOASIS.cs(3705,41): error CS1061: 'IBurnWeb3TokenRequest' does not contain a definition for 'FromWalletAddress' and no accessible extension method 'FromWalletAddress' accepting a first argument of type 'IBurnWeb3TokenRequest' could be found (are you missing a using directive or an assembly reference?) [C:\Source\OASIS-master\Providers\Blockchain\NextGenSoftware.OASIS.API.Providers.BitcoinOASIS\NextGenSoftware.OASIS.API.Providers.BitcoinOASIS.csproj]
C:\Source\OASIS-master\Providers\Blockchain\NextGenSoftware.OASIS.API.Providers.BitcoinOASIS\BitcoinOASIS.cs(3787,38): error CS1061: 'ILockWeb3TokenRequest' does not contain a definition for 'Amount' and no accessible extension method 'Amount' accepting a first argument of type 'ILockWeb3TokenRequest' could be found (are you missing a using directive or an assembly reference?) [C:\Source\OASIS-master\Providers\Blockchain\NextGenSoftware.OASIS.API.Providers.BitcoinOASIS\NextGenSoftware.OASIS.API.Providers.BitcoinOASIS.csproj]
C:\Source\OASIS-master\Providers\Blockchain\NextGenSoftware.OASIS.API.Providers.BitcoinOASIS\BitcoinOASIS.cs(3871,38): error CS1061: 'IUnlockWeb3TokenRequest' does not contain a definition for 'Amount' and no accessible extension method 'Amount' accepting a first argument of type 'IUnlockWeb3TokenRequest' could be found (are you missing a using directive or an assembly reference?) [C:\Source\OASIS-master\Providers\Blockchain\NextGenSoftware.OASIS.API.Providers.BitcoinOASIS\NextGenSoftware.OASIS.API.Providers.BitcoinOASIS.csproj]
C:\Source\OASIS-master\Providers\Blockchain\NextGenSoftware.OASIS.API.Providers.BitcoinOASIS\BitcoinOASIS.cs(3873,41): error CS1061: 'IUnlockWeb3TokenRequest' does not contain a definition for 'ToWalletAddress' and no accessible extension method 'ToWalletAddress' accepting a first argument of type 'IUnlockWeb3TokenRequest' could be found (are you missing a using directive or an assembly reference?) [C:\Source\OASIS-master\Providers\Blockchain\NextGenSoftware.OASIS.API.Providers.BitcoinOASIS\NextGenSoftware.OASIS.API.Providers.BitcoinOASIS.csproj]
C:\Source\OASIS-master\Providers\Blockchain\NextGenSoftware.OASIS.API.Providers.BitcoinOASIS\BitcoinOASIS.cs(4034,38): error CS0103: The name 'CreateDeterministicGuid' does not exist in the current context [C:\Source\OASIS-master\Providers\Blockchain\NextGenSoftware.OASIS.API.Providers.BitcoinOASIS\NextGenSoftware.OASIS.API.Providers.BitcoinOASIS.csproj]
C:\Source\OASIS-master\Providers\Blockchain\NextGenSoftware.OASIS.API.Providers.BitcoinOASIS\BitcoinOASIS.cs(4065,59): warning CS1998: This async method lacks 'await' operators and will run synchronously. Consider using the 'await' operator to await non-blocking API calls, or 'await Task.Run(...)' to do CPU-bound work on a background thread. [C:\Source\OASIS-master\Providers\Blockchain\NextGenSoftware.OASIS.API.Providers.BitcoinOASIS\NextGenSoftware.OASIS.API.Providers.BitcoinOASIS.csproj]
C:\Source\OASIS-master\Providers\Blockchain\NextGenSoftware.OASIS.API.Providers.BitcoinOASIS\BitcoinOASIS.cs(4164,98): warning CS1998: This async method lacks 'await' operators and will run synchronously. Consider using the 'await' operator to await non-blocking API calls, or 'await Task.Run(...)' to do CPU-bound work on a background thread. [C:\Source\OASIS-master\Providers\Blockchain\NextGenSoftware.OASIS.API.Providers.BitcoinOASIS\NextGenSoftware.OASIS.API.Providers.BitcoinOASIS.csproj]
C:\Source\OASIS-master\Providers\Blockchain\NextGenSoftware.OASIS.API.Providers.BitcoinOASIS\BitcoinOASIS.cs(4196,79): warning CS1998: This async method lacks 'await' operators and will run synchronously. Consider using the 'await' operator to await non-blocking API calls, or 'await Task.Run(...)' to do CPU-bound work on a background thread. [C:\Source\OASIS-master\Providers\Blockchain\NextGenSoftware.OASIS.API.Providers.BitcoinOASIS\NextGenSoftware.OASIS.API.Providers.BitcoinOASIS.csproj]
C:\Source\OASIS-master\Providers\Blockchain\NextGenSoftware.OASIS.API.Providers.BitcoinOASIS\BitcoinOASIS.cs(4251,41): error CS0103: The name '_contractAddress' does not exist in the current context [C:\Source\OASIS-master\Providers\Blockchain\NextGenSoftware.OASIS.API.Providers.BitcoinOASIS\NextGenSoftware.OASIS.API.Providers.BitcoinOASIS.csproj]
C:\Source\OASIS-master\Providers\Blockchain\NextGenSoftware.OASIS.API.Providers.BitcoinOASIS\BitcoinOASIS.cs(4271,51): error CS0103: The name 'CreateDeterministicGuid' does not exist in the current context [C:\Source\OASIS-master\Providers\Blockchain\NextGenSoftware.OASIS.API.Providers.BitcoinOASIS\NextGenSoftware.OASIS.API.Providers.BitcoinOASIS.csproj]
C:\Source\OASIS-master\Providers\Blockchain\NextGenSoftware.OASIS.API.Providers.BitcoinOASIS\BitcoinOASIS.cs(4344,51): error CS0103: The name 'CreateDeterministicGuid' does not exist in the current context [C:\Source\OASIS-master\Providers\Blockchain\NextGenSoftware.OASIS.API.Providers.BitcoinOASIS\NextGenSoftware.OASIS.API.Providers.BitcoinOASIS.csproj]
C:\Source\OASIS-master\Providers\Blockchain\NextGenSoftware.OASIS.API.Providers.BitcoinOASIS\BitcoinOASIS.cs(4344,108): error CS0103: The name 'senderAccountAddress' does not exist in the current context [C:\Source\OASIS-master\Providers\Blockchain\NextGenSoftware.OASIS.API.Providers.BitcoinOASIS\NextGenSoftware.OASIS.API.Providers.BitcoinOASIS.csproj]
  IpfsHttpClient -> C:\Source\OASIS-master\External Libs\net-ipfs-http-client-master\src\bin\Debug\netstandard14\Ipfs.Http.Client.dll
  NextGenSoftware.OASIS.API.Providers.CosmosBlockChainOASIS -> C:\Source\OASIS-master\Providers\Blockchain\NextGenSoftware.OASIS.API.Providers.CosmosBlockChainOASIS\bin\Debug\net8.0\NextGenSoftware.OASIS.API.Providers.CosmosBlockChainOASIS.dll
C:\Source\OASIS-master\Providers\Blockchain\NextGenSoftware.OASIS.API.Providers.SOLANAOASIS\SolanaOasis.cs(94,51): warning CS1998: This async method lacks 'await' operators and will run synchronously. Consider using the 'await' operator to await non-blocking API calls, or 'await Task.Run(...)' to do CPU-bound work on a background thread. [C:\Source\OASIS-master\Providers\Blockchain\NextGenSoftware.OASIS.API.Providers.SOLANAOASIS\NextGenSoftware.OASIS.API.Providers.SOLANAOASIS.csproj]
C:\Source\OASIS-master\Providers\Blockchain\NextGenSoftware.OASIS.API.Providers.SOLANAOASIS\SolanaOasis.cs(136,51): warning CS1998: This async method lacks 'await' operators and will run synchronously. Consider using the 'await' operator to await non-blocking API calls, or 'await Task.Run(...)' to do CPU-bound work on a background thread. [C:\Source\OASIS-master\Providers\Blockchain\NextGenSoftware.OASIS.API.Providers.SOLANAOASIS\NextGenSoftware.OASIS.API.Providers.SOLANAOASIS.csproj]
C:\Source\OASIS-master\Providers\Blockchain\NextGenSoftware.OASIS.API.Providers.SOLANAOASIS\SolanaOasis.cs(827,58): error CS0103: The name 'version' does not exist in the current context [C:\Source\OASIS-master\Providers\Blockchain\NextGenSoftware.OASIS.API.Providers.SOLANAOASIS\NextGenSoftware.OASIS.API.Providers.SOLANAOASIS.csproj]
C:\Source\OASIS-master\Providers\Blockchain\NextGenSoftware.OASIS.API.Providers.SOLANAOASIS\SolanaOasis.cs(1065,68): error CS1061: 'List<string>' does not contain a definition for 'Length' and no accessible extension method 'Length' accepting a first argument of type 'List<string>' could be found (are you missing a using directive or an assembly reference?) [C:\Source\OASIS-master\Providers\Blockchain\NextGenSoftware.OASIS.API.Providers.SOLANAOASIS\NextGenSoftware.OASIS.API.Providers.SOLANAOASIS.csproj]
C:\Source\OASIS-master\Providers\Blockchain\NextGenSoftware.OASIS.API.Providers.SOLANAOASIS\SolanaOasis.cs(1067,81): error CS1503: Argument 1: cannot convert from 'System.Collections.Generic.List<string>' to 'byte[]' [C:\Source\OASIS-master\Providers\Blockchain\NextGenSoftware.OASIS.API.Providers.SOLANAOASIS\NextGenSoftware.OASIS.API.Providers.SOLANAOASIS.csproj]
C:\Source\OASIS-master\Providers\Blockchain\NextGenSoftware.OASIS.API.Providers.SOLANAOASIS\SolanaOasis.cs(1089,42): warning CS0168: The variable 'ex' is declared but never used [C:\Source\OASIS-master\Providers\Blockchain\NextGenSoftware.OASIS.API.Providers.SOLANAOASIS\NextGenSoftware.OASIS.API.Providers.SOLANAOASIS.csproj]
C:\Source\OASIS-master\Providers\Blockchain\NextGenSoftware.OASIS.API.Providers.SOLANAOASIS\SolanaOasis.cs(1185,42): warning CS0168: The variable 'ex' is declared but never used [C:\Source\OASIS-master\Providers\Blockchain\NextGenSoftware.OASIS.API.Providers.SOLANAOASIS\NextGenSoftware.OASIS.API.Providers.SOLANAOASIS.csproj]
C:\Source\OASIS-master\Providers\Blockchain\NextGenSoftware.OASIS.API.Providers.SOLANAOASIS\SolanaOasis.cs(1547,68): error CS1061: 'List<string>' does not contain a definition for 'Length' and no accessible extension method 'Length' accepting a first argument of type 'List<string>' could be found (are you missing a using directive or an assembly reference?) [C:\Source\OASIS-master\Providers\Blockchain\NextGenSoftware.OASIS.API.Providers.SOLANAOASIS\NextGenSoftware.OASIS.API.Providers.SOLANAOASIS.csproj]
C:\Source\OASIS-master\Providers\Blockchain\NextGenSoftware.OASIS.API.Providers.SOLANAOASIS\SolanaOasis.cs(1549,81): error CS1503: Argument 1: cannot convert from 'System.Collections.Generic.List<string>' to 'byte[]' [C:\Source\OASIS-master\Providers\Blockchain\NextGenSoftware.OASIS.API.Providers.SOLANAOASIS\NextGenSoftware.OASIS.API.Providers.SOLANAOASIS.csproj]
C:\Source\OASIS-master\Providers\Blockchain\NextGenSoftware.OASIS.API.Providers.SOLANAOASIS\SolanaOasis.cs(1555,97): error CS1061: 'ISearchParams' does not contain a definition for 'SearchQuery' and no accessible extension method 'SearchQuery' accepting a first argument of type 'ISearchParams' could be found (are you missing a using directive or an assembly reference?) [C:\Source\OASIS-master\Providers\Blockchain\NextGenSoftware.OASIS.API.Providers.SOLANAOASIS\NextGenSoftware.OASIS.API.Providers.SOLANAOASIS.csproj]
C:\Source\OASIS-master\Providers\Blockchain\NextGenSoftware.OASIS.API.Providers.SOLANAOASIS\SolanaOasis.cs(1557,87): error CS1061: 'ISearchParams' does not contain a definition for 'SearchQuery' and no accessible extension method 'SearchQuery' accepting a first argument of type 'ISearchParams' could be found (are you missing a using directive or an assembly reference?) [C:\Source\OASIS-master\Providers\Blockchain\NextGenSoftware.OASIS.API.Providers.SOLANAOASIS\NextGenSoftware.OASIS.API.Providers.SOLANAOASIS.csproj]
C:\Source\OASIS-master\Providers\Blockchain\NextGenSoftware.OASIS.API.Providers.SOLANAOASIS\SolanaOasis.cs(1558,84): error CS1061: 'ISearchParams' does not contain a definition for 'SearchQuery' and no accessible extension method 'SearchQuery' accepting a first argument of type 'ISearchParams' could be found (are you missing a using directive or an assembly reference?) [C:\Source\OASIS-master\Providers\Blockchain\NextGenSoftware.OASIS.API.Providers.SOLANAOASIS\NextGenSoftware.OASIS.API.Providers.SOLANAOASIS.csproj]
C:\Source\OASIS-master\Providers\Blockchain\NextGenSoftware.OASIS.API.Providers.SOLANAOASIS\SolanaOasis.cs(1571,96): error CS1061: 'ISearchParams' does not contain a definition for 'SearchQuery' and no accessible extension method 'SearchQuery' accepting a first argument of type 'ISearchParams' could be found (are you missing a using directive or an assembly reference?) [C:\Source\OASIS-master\Providers\Blockchain\NextGenSoftware.OASIS.API.Providers.SOLANAOASIS\NextGenSoftware.OASIS.API.Providers.SOLANAOASIS.csproj]
C:\Source\OASIS-master\Providers\Blockchain\NextGenSoftware.OASIS.API.Providers.SOLANAOASIS\SolanaOasis.cs(1573,82): error CS1061: 'ISearchParams' does not contain a definition for 'SearchQuery' and no accessible extension method 'SearchQuery' accepting a first argument of type 'ISearchParams' could be found (are you missing a using directive or an assembly reference?) [C:\Source\OASIS-master\Providers\Blockchain\NextGenSoftware.OASIS.API.Providers.SOLANAOASIS\NextGenSoftware.OASIS.API.Providers.SOLANAOASIS.csproj]
C:\Source\OASIS-master\Providers\Blockchain\NextGenSoftware.OASIS.API.Providers.SOLANAOASIS\SolanaOasis.cs(1574,89): error CS1061: 'ISearchParams' does not contain a definition for 'SearchQuery' and no accessible extension method 'SearchQuery' accepting a first argument of type 'ISearchParams' could be found (are you missing a using directive or an assembly reference?) [C:\Source\OASIS-master\Providers\Blockchain\NextGenSoftware.OASIS.API.Providers.SOLANAOASIS\NextGenSoftware.OASIS.API.Providers.SOLANAOASIS.csproj]
C:\Source\OASIS-master\Providers\Blockchain\NextGenSoftware.OASIS.API.Providers.SOLANAOASIS\SolanaOasis.cs(1586,42): warning CS0168: The variable 'ex' is declared but never used [C:\Source\OASIS-master\Providers\Blockchain\NextGenSoftware.OASIS.API.Providers.SOLANAOASIS\NextGenSoftware.OASIS.API.Providers.SOLANAOASIS.csproj]
C:\Source\OASIS-master\Providers\Blockchain\NextGenSoftware.OASIS.API.Providers.SOLANAOASIS\SolanaOasis.cs(1707,38): error CS4032: The 'await' operator can only be used within an async method. Consider marking this method with the 'async' modifier and changing its return type to 'Task<OASISResult<IEnumerable<IAvatar>>>'. [C:\Source\OASIS-master\Providers\Blockchain\NextGenSoftware.OASIS.API.Providers.SOLANAOASIS\NextGenSoftware.OASIS.API.Providers.SOLANAOASIS.csproj]
C:\Source\OASIS-master\Providers\Blockchain\NextGenSoftware.OASIS.API.Providers.SOLANAOASIS\SolanaOasis.cs(1758,38): error CS4032: The 'await' operator can only be used within an async method. Consider marking this method with the 'async' modifier and changing its return type to 'Task<OASISResult<IEnumerable<IHolon>>>'. [C:\Source\OASIS-master\Providers\Blockchain\NextGenSoftware.OASIS.API.Providers.SOLANAOASIS\NextGenSoftware.OASIS.API.Providers.SOLANAOASIS.csproj]
C:\Source\OASIS-master\Providers\Blockchain\NextGenSoftware.OASIS.API.Providers.SOLANAOASIS\SolanaOasis.cs(2202,68): error CS1061: 'List<string>' does not contain a definition for 'Length' and no accessible extension method 'Length' accepting a first argument of type 'List<string>' could be found (are you missing a using directive or an assembly reference?) [C:\Source\OASIS-master\Providers\Blockchain\NextGenSoftware.OASIS.API.Providers.SOLANAOASIS\NextGenSoftware.OASIS.API.Providers.SOLANAOASIS.csproj]
C:\Source\OASIS-master\Providers\Blockchain\NextGenSoftware.OASIS.API.Providers.SOLANAOASIS\SolanaOasis.cs(2204,81): error CS1503: Argument 1: cannot convert from 'System.Collections.Generic.List<string>' to 'byte[]' [C:\Source\OASIS-master\Providers\Blockchain\NextGenSoftware.OASIS.API.Providers.SOLANAOASIS\NextGenSoftware.OASIS.API.Providers.SOLANAOASIS.csproj]
C:\Source\OASIS-master\Providers\Blockchain\NextGenSoftware.OASIS.API.Providers.SOLANAOASIS\SolanaOasis.cs(2207,66): error CS1061: 'SolanaHolonDto' does not contain a definition for 'CreatedByAvatarId' and no accessible extension method 'CreatedByAvatarId' accepting a first argument of type 'SolanaHolonDto' could be found (are you missing a using directive or an assembly reference?) [C:\Source\OASIS-master\Providers\Blockchain\NextGenSoftware.OASIS.API.Providers.SOLANAOASIS\NextGenSoftware.OASIS.API.Providers.SOLANAOASIS.csproj]
C:\Source\OASIS-master\Providers\Blockchain\NextGenSoftware.OASIS.API.Providers.SOLANAOASIS\SolanaOasis.cs(2221,42): warning CS0168: The variable 'ex' is declared but never used [C:\Source\OASIS-master\Providers\Blockchain\NextGenSoftware.OASIS.API.Providers.SOLANAOASIS\NextGenSoftware.OASIS.API.Providers.SOLANAOASIS.csproj]
C:\Source\OASIS-master\Providers\Blockchain\NextGenSoftware.OASIS.API.Providers.SOLANAOASIS\SolanaOasis.cs(2559,43): error CS1503: Argument 1: cannot convert from 'NextGenSoftware.OASIS.Common.OASISResult<string>' to 'string?' [C:\Source\OASIS-master\Providers\Blockchain\NextGenSoftware.OASIS.API.Providers.SOLANAOASIS\NextGenSoftware.OASIS.API.Providers.SOLANAOASIS.csproj]
C:\Source\OASIS-master\Providers\Blockchain\NextGenSoftware.OASIS.API.Providers.SOLANAOASIS\SolanaOasis.cs(2559,90): error CS1503: Argument 1: cannot convert from 'NextGenSoftware.OASIS.Common.OASISResult<string>' to 'string?' [C:\Source\OASIS-master\Providers\Blockchain\NextGenSoftware.OASIS.API.Providers.SOLANAOASIS\NextGenSoftware.OASIS.API.Providers.SOLANAOASIS.csproj]
C:\Source\OASIS-master\Providers\Blockchain\NextGenSoftware.OASIS.API.Providers.SOLANAOASIS\SolanaOasis.cs(2568,51): error CS1503: Argument 1: cannot convert from 'NextGenSoftware.OASIS.Common.OASISResult<string>' to 'byte[]' [C:\Source\OASIS-master\Providers\Blockchain\NextGenSoftware.OASIS.API.Providers.SOLANAOASIS\NextGenSoftware.OASIS.API.Providers.SOLANAOASIS.csproj]
C:\Source\OASIS-master\Providers\Blockchain\NextGenSoftware.OASIS.API.Providers.SOLANAOASIS\SolanaOasis.cs(2569,49): error CS1503: Argument 1: cannot convert from 'NextGenSoftware.OASIS.Common.OASISResult<string>' to 'byte[]' [C:\Source\OASIS-master\Providers\Blockchain\NextGenSoftware.OASIS.API.Providers.SOLANAOASIS\NextGenSoftware.OASIS.API.Providers.SOLANAOASIS.csproj]
C:\Source\OASIS-master\Providers\Blockchain\NextGenSoftware.OASIS.API.Providers.SOLANAOASIS\SolanaOasis.cs(2632,43): error CS1503: Argument 1: cannot convert from 'NextGenSoftware.OASIS.Common.OASISResult<string>' to 'string?' [C:\Source\OASIS-master\Providers\Blockchain\NextGenSoftware.OASIS.API.Providers.SOLANAOASIS\NextGenSoftware.OASIS.API.Providers.SOLANAOASIS.csproj]
C:\Source\OASIS-master\Providers\Blockchain\NextGenSoftware.OASIS.API.Providers.SOLANAOASIS\SolanaOasis.cs(2632,90): error CS1503: Argument 1: cannot convert from 'NextGenSoftware.OASIS.Common.OASISResult<string>' to 'string?' [C:\Source\OASIS-master\Providers\Blockchain\NextGenSoftware.OASIS.API.Providers.SOLANAOASIS\NextGenSoftware.OASIS.API.Providers.SOLANAOASIS.csproj]
C:\Source\OASIS-master\Providers\Blockchain\NextGenSoftware.OASIS.API.Providers.SOLANAOASIS\SolanaOasis.cs(2641,51): error CS1503: Argument 1: cannot convert from 'NextGenSoftware.OASIS.Common.OASISResult<string>' to 'byte[]' [C:\Source\OASIS-master\Providers\Blockchain\NextGenSoftware.OASIS.API.Providers.SOLANAOASIS\NextGenSoftware.OASIS.API.Providers.SOLANAOASIS.csproj]
C:\Source\OASIS-master\Providers\Blockchain\NextGenSoftware.OASIS.API.Providers.SOLANAOASIS\SolanaOasis.cs(2642,49): error CS1503: Argument 1: cannot convert from 'NextGenSoftware.OASIS.Common.OASISResult<string>' to 'byte[]' [C:\Source\OASIS-master\Providers\Blockchain\NextGenSoftware.OASIS.API.Providers.SOLANAOASIS\NextGenSoftware.OASIS.API.Providers.SOLANAOASIS.csproj]
C:\Source\OASIS-master\Providers\Blockchain\NextGenSoftware.OASIS.API.Providers.SOLANAOASIS\SolanaOasis.cs(2969,68): error CS1061: 'List<string>' does not contain a definition for 'Length' and no accessible extension method 'Length' accepting a first argument of type 'List<string>' could be found (are you missing a using directive or an assembly reference?) [C:\Source\OASIS-master\Providers\Blockchain\NextGenSoftware.OASIS.API.Providers.SOLANAOASIS\NextGenSoftware.OASIS.API.Providers.SOLANAOASIS.csproj]
C:\Source\OASIS-master\Providers\Blockchain\NextGenSoftware.OASIS.API.Providers.SOLANAOASIS\SolanaOasis.cs(2971,81): error CS1503: Argument 1: cannot convert from 'System.Collections.Generic.List<string>' to 'byte[]' [C:\Source\OASIS-master\Providers\Blockchain\NextGenSoftware.OASIS.API.Providers.SOLANAOASIS\NextGenSoftware.OASIS.API.Providers.SOLANAOASIS.csproj]
C:\Source\OASIS-master\Providers\Blockchain\NextGenSoftware.OASIS.API.Providers.SOLANAOASIS\SolanaOasis.cs(2990,42): warning CS0168: The variable 'ex' is declared but never used [C:\Source\OASIS-master\Providers\Blockchain\NextGenSoftware.OASIS.API.Providers.SOLANAOASIS\NextGenSoftware.OASIS.API.Providers.SOLANAOASIS.csproj]
C:\Source\OASIS-master\Providers\Blockchain\NextGenSoftware.OASIS.API.Providers.SOLANAOASIS\SolanaOasis.cs(3055,68): error CS1061: 'List<string>' does not contain a definition for 'Length' and no accessible extension method 'Length' accepting a first argument of type 'List<string>' could be found (are you missing a using directive or an assembly reference?) [C:\Source\OASIS-master\Providers\Blockchain\NextGenSoftware.OASIS.API.Providers.SOLANAOASIS\NextGenSoftware.OASIS.API.Providers.SOLANAOASIS.csproj]
C:\Source\OASIS-master\Providers\Blockchain\NextGenSoftware.OASIS.API.Providers.SOLANAOASIS\SolanaOasis.cs(3057,81): error CS1503: Argument 1: cannot convert from 'System.Collections.Generic.List<string>' to 'byte[]' [C:\Source\OASIS-master\Providers\Blockchain\NextGenSoftware.OASIS.API.Providers.SOLANAOASIS\NextGenSoftware.OASIS.API.Providers.SOLANAOASIS.csproj]
C:\Source\OASIS-master\Providers\Blockchain\NextGenSoftware.OASIS.API.Providers.SOLANAOASIS\SolanaOasis.cs(3091,42): warning CS0168: The variable 'ex' is declared but never used [C:\Source\OASIS-master\Providers\Blockchain\NextGenSoftware.OASIS.API.Providers.SOLANAOASIS\NextGenSoftware.OASIS.API.Providers.SOLANAOASIS.csproj]
C:\Source\OASIS-master\Providers\Blockchain\NextGenSoftware.OASIS.API.Providers.SOLANAOASIS\SolanaOasis.cs(3289,16): warning CS0219: The variable 'errorMessage' is assigned but its value is never used [C:\Source\OASIS-master\Providers\Blockchain\NextGenSoftware.OASIS.API.Providers.SOLANAOASIS\NextGenSoftware.OASIS.API.Providers.SOLANAOASIS.csproj]
C:\Source\OASIS-master\Providers\Blockchain\NextGenSoftware.OASIS.API.Providers.SOLANAOASIS\SolanaOasis.cs(3286,58): warning CS1998: This async method lacks 'await' operators and will run synchronously. Consider using the 'await' operator to await non-blocking API calls, or 'await Task.Run(...)' to do CPU-bound work on a background thread. [C:\Source\OASIS-master\Providers\Blockchain\NextGenSoftware.OASIS.API.Providers.SOLANAOASIS\NextGenSoftware.OASIS.API.Providers.SOLANAOASIS.csproj]
C:\Source\OASIS-master\Providers\Blockchain\NextGenSoftware.OASIS.API.Providers.SOLANAOASIS\SolanaOasis.cs(3416,16): warning CS0219: The variable 'errorMessage' is assigned but its value is never used [C:\Source\OASIS-master\Providers\Blockchain\NextGenSoftware.OASIS.API.Providers.SOLANAOASIS\NextGenSoftware.OASIS.API.Providers.SOLANAOASIS.csproj]
C:\Source\OASIS-master\Providers\Blockchain\NextGenSoftware.OASIS.API.Providers.SOLANAOASIS\SolanaOasis.cs(3413,58): warning CS1998: This async method lacks 'await' operators and will run synchronously. Consider using the 'await' operator to await non-blocking API calls, or 'await Task.Run(...)' to do CPU-bound work on a background thread. [C:\Source\OASIS-master\Providers\Blockchain\NextGenSoftware.OASIS.API.Providers.SOLANAOASIS\NextGenSoftware.OASIS.API.Providers.SOLANAOASIS.csproj]
C:\Source\OASIS-master\Providers\Blockchain\NextGenSoftware.OASIS.API.Providers.SOLANAOASIS\SolanaOasis.cs(3493,16): warning CS0219: The variable 'errorMessage' is assigned but its value is never used [C:\Source\OASIS-master\Providers\Blockchain\NextGenSoftware.OASIS.API.Providers.SOLANAOASIS\NextGenSoftware.OASIS.API.Providers.SOLANAOASIS.csproj]
C:\Source\OASIS-master\Providers\Blockchain\NextGenSoftware.OASIS.API.Providers.SOLANAOASIS\SolanaOasis.cs(3490,58): warning CS1998: This async method lacks 'await' operators and will run synchronously. Consider using the 'await' operator to await non-blocking API calls, or 'await Task.Run(...)' to do CPU-bound work on a background thread. [C:\Source\OASIS-master\Providers\Blockchain\NextGenSoftware.OASIS.API.Providers.SOLANAOASIS\NextGenSoftware.OASIS.API.Providers.SOLANAOASIS.csproj]
C:\Source\OASIS-master\Providers\Blockchain\NextGenSoftware.OASIS.API.Providers.SOLANAOASIS\SolanaOasis.cs(3719,16): warning CS0219: The variable 'errorMessage' is assigned but its value is never used [C:\Source\OASIS-master\Providers\Blockchain\NextGenSoftware.OASIS.API.Providers.SOLANAOASIS\NextGenSoftware.OASIS.API.Providers.SOLANAOASIS.csproj]
C:\Source\OASIS-master\Providers\Blockchain\NextGenSoftware.OASIS.API.Providers.SOLANAOASIS\SolanaOasis.cs(3716,63): warning CS1998: This async method lacks 'await' operators and will run synchronously. Consider using the 'await' operator to await non-blocking API calls, or 'await Task.Run(...)' to do CPU-bound work on a background thread. [C:\Source\OASIS-master\Providers\Blockchain\NextGenSoftware.OASIS.API.Providers.SOLANAOASIS\NextGenSoftware.OASIS.API.Providers.SOLANAOASIS.csproj]
C:\Source\OASIS-master\Providers\Blockchain\NextGenSoftware.OASIS.API.Providers.SOLANAOASIS\SolanaOasis.cs(3777,55): warning CS1998: This async method lacks 'await' operators and will run synchronously. Consider using the 'await' operator to await non-blocking API calls, or 'await Task.Run(...)' to do CPU-bound work on a background thread. [C:\Source\OASIS-master\Providers\Blockchain\NextGenSoftware.OASIS.API.Providers.SOLANAOASIS\NextGenSoftware.OASIS.API.Providers.SOLANAOASIS.csproj]
  NextGenSoftware.OASIS.API.Providers.EthereumOASIS -> C:\Source\OASIS-master\Providers\Blockchain\NextGenSoftware.OASIS.API.Providers.EthereumOASIS\bin\Debug\net8.0\NextGenSoftware.OASIS.API.Providers.EthereumOASIS.dll
  NextGenSoftware.OASIS.API.Providers.HashgraphOASIS -> C:\Source\OASIS-master\Providers\Blockchain\NextGenSoftware.OASIS.API.Providers.HashgraphOASIS\bin\Debug\net8.0\NextGenSoftware.OASIS.API.Providers.HashgraphOASIS.dll
  NextGenSoftware.OASIS.API.Providers.MongoDBOASIS -> C:\Source\OASIS-master\Providers\Storage\NextGenSoftware.OASIS.API.Providers.MongoOASIS\bin\Debug\net8.0\NextGenSoftware.OASIS.API.Providers.MongoDBOASIS.dll
C:\Program Files\dotnet\sdk\9.0.306\Microsoft.Common.CurrentVersion.targets(2433,5): warning MSB3245: Could not resolve this reference. Could not locate the assembly "Microsoft.AspNetCore.Mvc.RazorPages". Check to make sure the assembly exists on disk. If this reference is required by your code, you may get compilation errors. [C:\Source\OASIS-master\Providers\Network\NextGenSoftware.OASIS.API.Providers.SOLIDOASIS\NextGenSoftware.OASIS.API.Providers.SOLIDOASIS.csproj]
C:\Source\OASIS-master\Providers\Blockchain\NextGenSoftware.OASIS.API.Providers.BlockStackOASIS\BlockStackOASIS.cs(24,7): warning CS0105: The using directive for 'NextGenSoftware.OASIS.API.Core.Interfaces.NFT.Responses' appeared previously in this namespace [C:\Source\OASIS-master\Providers\Blockchain\NextGenSoftware.OASIS.API.Providers.BlockStackOASIS\NextGenSoftware.OASIS.API.Providers.BlockStackOASIS.csproj]
C:\Source\OASIS-master\Providers\Blockchain\NextGenSoftware.OASIS.API.Providers.BlockStackOASIS\BlockStackOASIS.cs(53,13): error CS0103: The name '_contractAddress' does not exist in the current context [C:\Source\OASIS-master\Providers\Blockchain\NextGenSoftware.OASIS.API.Providers.BlockStackOASIS\NextGenSoftware.OASIS.API.Providers.BlockStackOASIS.csproj]
C:\Source\OASIS-master\Providers\Blockchain\NextGenSoftware.OASIS.API.Providers.BlockStackOASIS\BlockStackOASIS.cs(58,55): warning CS1998: This async method lacks 'await' operators and will run synchronously. Consider using the 'await' operator to await non-blocking API calls, or 'await Task.Run(...)' to do CPU-bound work on a background thread. [C:\Source\OASIS-master\Providers\Blockchain\NextGenSoftware.OASIS.API.Providers.BlockStackOASIS\NextGenSoftware.OASIS.API.Providers.BlockStackOASIS.csproj]
C:\Source\OASIS-master\Providers\Blockchain\NextGenSoftware.OASIS.API.Providers.BlockStackOASIS\BlockStackOASIS.cs(80,55): warning CS1998: This async method lacks 'await' operators and will run synchronously. Consider using the 'await' operator to await non-blocking API calls, or 'await Task.Run(...)' to do CPU-bound work on a background thread. [C:\Source\OASIS-master\Providers\Blockchain\NextGenSoftware.OASIS.API.Providers.BlockStackOASIS\NextGenSoftware.OASIS.API.Providers.BlockStackOASIS.csproj]
C:\Source\OASIS-master\Providers\Blockchain\NextGenSoftware.OASIS.API.Providers.BlockStackOASIS\BlockStackOASIS.cs(2223,42): error CS4032: The 'await' operator can only be used within an async method. Consider marking this method with the 'async' modifier and changing its return type to 'Task<OASISResult<IEnumerable<IHolon>>>'. [C:\Source\OASIS-master\Providers\Blockchain\NextGenSoftware.OASIS.API.Providers.BlockStackOASIS\NextGenSoftware.OASIS.API.Providers.BlockStackOASIS.csproj]
C:\Source\OASIS-master\Providers\Blockchain\NextGenSoftware.OASIS.API.Providers.BlockStackOASIS\BlockStackOASIS.cs(2324,42): error CS4032: The 'await' operator can only be used within an async method. Consider marking this method with the 'async' modifier and changing its return type to 'Task<OASISResult<ITransactionResponse>>'. [C:\Source\OASIS-master\Providers\Blockchain\NextGenSoftware.OASIS.API.Providers.BlockStackOASIS\NextGenSoftware.OASIS.API.Providers.BlockStackOASIS.csproj]
C:\Source\OASIS-master\Providers\Blockchain\NextGenSoftware.OASIS.API.Providers.BlockStackOASIS\BlockStackOASIS.cs(2405,42): error CS4032: The 'await' operator can only be used within an async method. Consider marking this method with the 'async' modifier and changing its return type to 'Task<OASISResult<ITransactionResponse>>'. [C:\Source\OASIS-master\Providers\Blockchain\NextGenSoftware.OASIS.API.Providers.BlockStackOASIS\NextGenSoftware.OASIS.API.Providers.BlockStackOASIS.csproj]
C:\Source\OASIS-master\Providers\Blockchain\NextGenSoftware.OASIS.API.Providers.BlockStackOASIS\BlockStackOASIS.cs(2484,51): error CS1061: 'ISendWeb3TokenRequest' does not contain a definition for 'TokenAddress' and no accessible extension method 'TokenAddress' accepting a first argument of type 'ISendWeb3TokenRequest' could be found (are you missing a using directive or an assembly reference?) [C:\Source\OASIS-master\Providers\Blockchain\NextGenSoftware.OASIS.API.Providers.BlockStackOASIS\NextGenSoftware.OASIS.API.Providers.BlockStackOASIS.csproj]
C:\Source\OASIS-master\Providers\Blockchain\NextGenSoftware.OASIS.API.Providers.BlockStackOASIS\BlockStackOASIS.cs(2550,74): error CS1061: 'IMintWeb3TokenRequest' does not contain a definition for 'TokenAddress' and no accessible extension method 'TokenAddress' accepting a first argument of type 'IMintWeb3TokenRequest' could be found (are you missing a using directive or an assembly reference?) [C:\Source\OASIS-master\Providers\Blockchain\NextGenSoftware.OASIS.API.Providers.BlockStackOASIS\NextGenSoftware.OASIS.API.Providers.BlockStackOASIS.csproj]
C:\Source\OASIS-master\Providers\Blockchain\NextGenSoftware.OASIS.API.Providers.BlockStackOASIS\BlockStackOASIS.cs(2562,52): error CS1061: 'IMintWeb3TokenRequest' does not contain a definition for 'TokenAddress' and no accessible extension method 'TokenAddress' accepting a first argument of type 'IMintWeb3TokenRequest' could be found (are you missing a using directive or an assembly reference?) [C:\Source\OASIS-master\Providers\Blockchain\NextGenSoftware.OASIS.API.Providers.BlockStackOASIS\NextGenSoftware.OASIS.API.Providers.BlockStackOASIS.csproj]
C:\Source\OASIS-master\Providers\Blockchain\NextGenSoftware.OASIS.API.Providers.BlockStackOASIS\BlockStackOASIS.cs(2566,37): error CS1061: 'IMintWeb3TokenRequest' does not contain a definition for 'Amount' and no accessible extension method 'Amount' accepting a first argument of type 'IMintWeb3TokenRequest' could be found (are you missing a using directive or an assembly reference?) [C:\Source\OASIS-master\Providers\Blockchain\NextGenSoftware.OASIS.API.Providers.BlockStackOASIS\NextGenSoftware.OASIS.API.Providers.BlockStackOASIS.csproj]
C:\Source\OASIS-master\Providers\Blockchain\NextGenSoftware.OASIS.API.Providers.BlockStackOASIS\BlockStackOASIS.cs(2567,37): error CS1061: 'IMintWeb3TokenRequest' does not contain a definition for 'ToWalletAddress' and no accessible extension method 'ToWalletAddress' accepting a first argument of type 'IMintWeb3TokenRequest' could be found (are you missing a using directive or an assembly reference?) [C:\Source\OASIS-master\Providers\Blockchain\NextGenSoftware.OASIS.API.Providers.BlockStackOASIS\NextGenSoftware.OASIS.API.Providers.BlockStackOASIS.csproj]
C:\Source\OASIS-master\Providers\Blockchain\NextGenSoftware.OASIS.API.Providers.BlockStackOASIS\BlockStackOASIS.cs(2636,37): error CS1061: 'IBurnWeb3TokenRequest' does not contain a definition for 'Amount' and no accessible extension method 'Amount' accepting a first argument of type 'IBurnWeb3TokenRequest' could be found (are you missing a using directive or an assembly reference?) [C:\Source\OASIS-master\Providers\Blockchain\NextGenSoftware.OASIS.API.Providers.BlockStackOASIS\NextGenSoftware.OASIS.API.Providers.BlockStackOASIS.csproj]
C:\Source\OASIS-master\Providers\Blockchain\NextGenSoftware.OASIS.API.Providers.BlockStackOASIS\BlockStackOASIS.cs(2637,37): error CS1061: 'IBurnWeb3TokenRequest' does not contain a definition for 'FromWalletAddress' and no accessible extension method 'FromWalletAddress' accepting a first argument of type 'IBurnWeb3TokenRequest' could be found (are you missing a using directive or an assembly reference?) [C:\Source\OASIS-master\Providers\Blockchain\NextGenSoftware.OASIS.API.Providers.BlockStackOASIS\NextGenSoftware.OASIS.API.Providers.BlockStackOASIS.csproj]
C:\Source\OASIS-master\Providers\Blockchain\NextGenSoftware.OASIS.API.Providers.BlockStackOASIS\BlockStackOASIS.cs(2697,43): error CS0103: The name '_contractAddress' does not exist in the current context [C:\Source\OASIS-master\Providers\Blockchain\NextGenSoftware.OASIS.API.Providers.BlockStackOASIS\NextGenSoftware.OASIS.API.Providers.BlockStackOASIS.csproj]
C:\Source\OASIS-master\Providers\Blockchain\NextGenSoftware.OASIS.API.Providers.BlockStackOASIS\BlockStackOASIS.cs(2700,21): error CS0117: 'SendWeb3TokenRequest' does not contain a definition for 'TokenAddress' [C:\Source\OASIS-master\Providers\Blockchain\NextGenSoftware.OASIS.API.Providers.BlockStackOASIS\NextGenSoftware.OASIS.API.Providers.BlockStackOASIS.csproj]
C:\Source\OASIS-master\Providers\Blockchain\NextGenSoftware.OASIS.API.Providers.BlockStackOASIS\BlockStackOASIS.cs(2703,38): error CS1061: 'ILockWeb3TokenRequest' does not contain a definition for 'Amount' and no accessible extension method 'Amount' accepting a first argument of type 'ILockWeb3TokenRequest' could be found (are you missing a using directive or an assembly reference?) [C:\Source\OASIS-master\Providers\Blockchain\NextGenSoftware.OASIS.API.Providers.BlockStackOASIS\NextGenSoftware.OASIS.API.Providers.BlockStackOASIS.csproj]
C:\Source\OASIS-master\Providers\Blockchain\NextGenSoftware.OASIS.API.Providers.BlockStackOASIS\BlockStackOASIS.cs(2752,43): error CS0103: The name '_contractAddress' does not exist in the current context [C:\Source\OASIS-master\Providers\Blockchain\NextGenSoftware.OASIS.API.Providers.BlockStackOASIS\NextGenSoftware.OASIS.API.Providers.BlockStackOASIS.csproj]
C:\Source\OASIS-master\Providers\Blockchain\NextGenSoftware.OASIS.API.Providers.BlockStackOASIS\BlockStackOASIS.cs(2763,37): error CS1061: 'IUnlockWeb3TokenRequest' does not contain a definition for 'Amount' and no accessible extension method 'Amount' accepting a first argument of type 'IUnlockWeb3TokenRequest' could be found (are you missing a using directive or an assembly reference?) [C:\Source\OASIS-master\Providers\Blockchain\NextGenSoftware.OASIS.API.Providers.BlockStackOASIS\NextGenSoftware.OASIS.API.Providers.BlockStackOASIS.csproj]
C:\Source\OASIS-master\Providers\Blockchain\NextGenSoftware.OASIS.API.Providers.BlockStackOASIS\BlockStackOASIS.cs(2764,37): error CS1061: 'IUnlockWeb3TokenRequest' does not contain a definition for 'ToWalletAddress' and no accessible extension method 'ToWalletAddress' accepting a first argument of type 'IUnlockWeb3TokenRequest' could be found (are you missing a using directive or an assembly reference?) [C:\Source\OASIS-master\Providers\Blockchain\NextGenSoftware.OASIS.API.Providers.BlockStackOASIS\NextGenSoftware.OASIS.API.Providers.BlockStackOASIS.csproj]
C:\Source\OASIS-master\Providers\Blockchain\NextGenSoftware.OASIS.API.Providers.BlockStackOASIS\BlockStackOASIS.cs(2899,41): error CS1061: 'IGetWeb3TransactionsRequest' does not contain a definition for 'Limit' and no accessible extension method 'Limit' accepting a first argument of type 'IGetWeb3TransactionsRequest' could be found (are you missing a using directive or an assembly reference?) [C:\Source\OASIS-master\Providers\Blockchain\NextGenSoftware.OASIS.API.Providers.BlockStackOASIS\NextGenSoftware.OASIS.API.Providers.BlockStackOASIS.csproj]
C:\Source\OASIS-master\Providers\Blockchain\NextGenSoftware.OASIS.API.Providers.BlockStackOASIS\BlockStackOASIS.cs(2899,61): error CS1061: 'IGetWeb3TransactionsRequest' does not contain a definition for 'Limit' and no accessible extension method 'Limit' accepting a first argument of type 'IGetWeb3TransactionsRequest' could be found (are you missing a using directive or an assembly reference?) [C:\Source\OASIS-master\Providers\Blockchain\NextGenSoftware.OASIS.API.Providers.BlockStackOASIS\NextGenSoftware.OASIS.API.Providers.BlockStackOASIS.csproj]
C:\Source\OASIS-master\Providers\Blockchain\NextGenSoftware.OASIS.API.Providers.BlockStackOASIS\BlockStackOASIS.cs(2900,42): error CS1061: 'IGetWeb3TransactionsRequest' does not contain a definition for 'Offset' and no accessible extension method 'Offset' accepting a first argument of type 'IGetWeb3TransactionsRequest' could be found (are you missing a using directive or an assembly reference?) [C:\Source\OASIS-master\Providers\Blockchain\NextGenSoftware.OASIS.API.Providers.BlockStackOASIS\NextGenSoftware.OASIS.API.Providers.BlockStackOASIS.csproj]
C:\Source\OASIS-master\Providers\Blockchain\NextGenSoftware.OASIS.API.Providers.BlockStackOASIS\BlockStackOASIS.cs(2900,63): error CS1061: 'IGetWeb3TransactionsRequest' does not contain a definition for 'Offset' and no accessible extension method 'Offset' accepting a first argument of type 'IGetWeb3TransactionsRequest' could be found (are you missing a using directive or an assembly reference?) [C:\Source\OASIS-master\Providers\Blockchain\NextGenSoftware.OASIS.API.Providers.BlockStackOASIS\NextGenSoftware.OASIS.API.Providers.BlockStackOASIS.csproj]
C:\Source\OASIS-master\Providers\Blockchain\NextGenSoftware.OASIS.API.Providers.BlockStackOASIS\BlockStackOASIS.cs(2925,71): error CS0117: 'TransactionType' does not contain a definition for 'Send' [C:\Source\OASIS-master\Providers\Blockchain\NextGenSoftware.OASIS.API.Providers.BlockStackOASIS\NextGenSoftware.OASIS.API.Providers.BlockStackOASIS.csproj]
C:\Source\OASIS-master\Providers\Blockchain\NextGenSoftware.OASIS.API.Providers.BlockStackOASIS\BlockStackOASIS.cs(2926,79): error CS0117: 'TransactionCategory' does not contain a definition for 'Transfer' [C:\Source\OASIS-master\Providers\Blockchain\NextGenSoftware.OASIS.API.Providers.BlockStackOASIS\NextGenSoftware.OASIS.API.Providers.BlockStackOASIS.csproj]
C:\Source\OASIS-master\Providers\Blockchain\NextGenSoftware.OASIS.API.Providers.BlockStackOASIS\BlockStackOASIS.cs(2979,37): error CS0246: The type or namespace name 'KeyPairAndWallet' could not be found (are you missing a using directive or an assembly reference?) [C:\Source\OASIS-master\Providers\Blockchain\NextGenSoftware.OASIS.API.Providers.BlockStackOASIS\NextGenSoftware.OASIS.API.Providers.BlockStackOASIS.csproj]
C:\Source\OASIS-master\Providers\Blockchain\NextGenSoftware.OASIS.API.Providers.BlockStackOASIS\BlockStackOASIS.cs(3081,74): error CS1061: 'ISendWeb3NFTRequest' does not contain a definition for 'ToAvatarId' and no accessible extension method 'ToAvatarId' accepting a first argument of type 'ISendWeb3NFTRequest' could be found (are you missing a using directive or an assembly reference?) [C:\Source\OASIS-master\Providers\Blockchain\NextGenSoftware.OASIS.API.Providers.BlockStackOASIS\NextGenSoftware.OASIS.API.Providers.BlockStackOASIS.csproj]
C:\Source\OASIS-master\Providers\Blockchain\NextGenSoftware.OASIS.API.Providers.BlockStackOASIS\BlockStackOASIS.cs(3095,55): error CS1061: 'ISendWeb3NFTRequest' does not contain a definition for 'NFTTokenAddress' and no accessible extension method 'NFTTokenAddress' accepting a first argument of type 'ISendWeb3NFTRequest' could be found (are you missing a using directive or an assembly reference?) [C:\Source\OASIS-master\Providers\Blockchain\NextGenSoftware.OASIS.API.Providers.BlockStackOASIS\NextGenSoftware.OASIS.API.Providers.BlockStackOASIS.csproj]
C:\Source\OASIS-master\Providers\Blockchain\NextGenSoftware.OASIS.API.Providers.BlockStackOASIS\BlockStackOASIS.cs(3096,47): error CS1061: 'ISendWeb3NFTRequest' does not contain a definition for 'Web3NFTId' and no accessible extension method 'Web3NFTId' accepting a first argument of type 'ISendWeb3NFTRequest' could be found (are you missing a using directive or an assembly reference?) [C:\Source\OASIS-master\Providers\Blockchain\NextGenSoftware.OASIS.API.Providers.BlockStackOASIS\NextGenSoftware.OASIS.API.Providers.BlockStackOASIS.csproj]
C:\Source\OASIS-master\Providers\Blockchain\NextGenSoftware.OASIS.API.Providers.BlockStackOASIS\BlockStackOASIS.cs(3106,41): error CS1061: 'ISendWeb3NFTRequest' does not contain a definition for 'FromAvatarId' and no accessible extension method 'FromAvatarId' accepting a first argument of type 'ISendWeb3NFTRequest' could be found (are you missing a using directive or an assembly reference?) [C:\Source\OASIS-master\Providers\Blockchain\NextGenSoftware.OASIS.API.Providers.BlockStackOASIS\NextGenSoftware.OASIS.API.Providers.BlockStackOASIS.csproj]
C:\Source\OASIS-master\Providers\Blockchain\NextGenSoftware.OASIS.API.Providers.BlockStackOASIS\BlockStackOASIS.cs(3107,41): error CS1061: 'ISendWeb3NFTRequest' does not contain a definition for 'ToAvatarId' and no accessible extension method 'ToAvatarId' accepting a first argument of type 'ISendWeb3NFTRequest' could be found (are you missing a using directive or an assembly reference?) [C:\Source\OASIS-master\Providers\Blockchain\NextGenSoftware.OASIS.API.Providers.BlockStackOASIS\NextGenSoftware.OASIS.API.Providers.BlockStackOASIS.csproj]
C:\Source\OASIS-master\Providers\Blockchain\NextGenSoftware.OASIS.API.Providers.BlockStackOASIS\BlockStackOASIS.cs(3125,49): error CS0246: The type or namespace name 'Web3NFTTransactionResponse' could not be found (are you missing a using directive or an assembly reference?) [C:\Source\OASIS-master\Providers\Blockchain\NextGenSoftware.OASIS.API.Providers.BlockStackOASIS\NextGenSoftware.OASIS.API.Providers.BlockStackOASIS.csproj]
C:\Source\OASIS-master\Providers\Blockchain\NextGenSoftware.OASIS.API.Providers.BlockStackOASIS\BlockStackOASIS.cs(3174,74): error CS1061: 'IMintWeb3NFTRequest' does not contain a definition for 'MintToAvatarId' and no accessible extension method 'MintToAvatarId' accepting a first argument of type 'IMintWeb3NFTRequest' could be found (are you missing a using directive or an assembly reference?) [C:\Source\OASIS-master\Providers\Blockchain\NextGenSoftware.OASIS.API.Providers.BlockStackOASIS\NextGenSoftware.OASIS.API.Providers.BlockStackOASIS.csproj]
C:\Source\OASIS-master\Providers\Blockchain\NextGenSoftware.OASIS.API.Providers.BlockStackOASIS\BlockStackOASIS.cs(3188,55): error CS1061: 'IMintWeb3NFTRequest' does not contain a definition for 'NFTTokenAddress' and no accessible extension method 'NFTTokenAddress' accepting a first argument of type 'IMintWeb3NFTRequest' could be found (are you missing a using directive or an assembly reference?) [C:\Source\OASIS-master\Providers\Blockchain\NextGenSoftware.OASIS.API.Providers.BlockStackOASIS\NextGenSoftware.OASIS.API.Providers.BlockStackOASIS.csproj]
C:\Source\OASIS-master\Providers\Blockchain\NextGenSoftware.OASIS.API.Providers.BlockStackOASIS\BlockStackOASIS.cs(3197,41): error CS1061: 'IMintWeb3NFTRequest' does not contain a definition for 'MintToAvatarId' and no accessible extension method 'MintToAvatarId' accepting a first argument of type 'IMintWeb3NFTRequest' could be found (are you missing a using directive or an assembly reference?) [C:\Source\OASIS-master\Providers\Blockchain\NextGenSoftware.OASIS.API.Providers.BlockStackOASIS\NextGenSoftware.OASIS.API.Providers.BlockStackOASIS.csproj]
C:\Source\OASIS-master\Providers\Blockchain\NextGenSoftware.OASIS.API.Providers.BlockStackOASIS\BlockStackOASIS.cs(3215,49): error CS0246: The type or namespace name 'Web3NFTTransactionResponse' could not be found (are you missing a using directive or an assembly reference?) [C:\Source\OASIS-master\Providers\Blockchain\NextGenSoftware.OASIS.API.Providers.BlockStackOASIS\NextGenSoftware.OASIS.API.Providers.BlockStackOASIS.csproj]
C:\Source\OASIS-master\Providers\Blockchain\NextGenSoftware.OASIS.API.Providers.BlockStackOASIS\BlockStackOASIS.cs(3362,49): error CS0103: The name '_contractAddress' does not exist in the current context [C:\Source\OASIS-master\Providers\Blockchain\NextGenSoftware.OASIS.API.Providers.BlockStackOASIS\NextGenSoftware.OASIS.API.Providers.BlockStackOASIS.csproj]
C:\Source\OASIS-master\Providers\Blockchain\NextGenSoftware.OASIS.API.Providers.BlockStackOASIS\BlockStackOASIS.cs(3387,29): error CS0117: 'BridgeTransactionResponse' does not contain a definition for 'TransactionHash' [C:\Source\OASIS-master\Providers\Blockchain\NextGenSoftware.OASIS.API.Providers.BlockStackOASIS\NextGenSoftware.OASIS.API.Providers.BlockStackOASIS.csproj]
C:\Source\OASIS-master\Providers\Blockchain\NextGenSoftware.OASIS.API.Providers.BlockStackOASIS\BlockStackOASIS.cs(3389,29): error CS0117: 'BridgeTransactionResponse' does not contain a definition for 'SourceProvider' [C:\Source\OASIS-master\Providers\Blockchain\NextGenSoftware.OASIS.API.Providers.BlockStackOASIS\NextGenSoftware.OASIS.API.Providers.BlockStackOASIS.csproj]
C:\Source\OASIS-master\Providers\Blockchain\NextGenSoftware.OASIS.API.Providers.BlockStackOASIS\BlockStackOASIS.cs(3390,29): error CS0117: 'BridgeTransactionResponse' does not contain a definition for 'DestinationProvider' [C:\Source\OASIS-master\Providers\Blockchain\NextGenSoftware.OASIS.API.Providers.BlockStackOASIS\NextGenSoftware.OASIS.API.Providers.BlockStackOASIS.csproj]
C:\Source\OASIS-master\Providers\Blockchain\NextGenSoftware.OASIS.API.Providers.BlockStackOASIS\BlockStackOASIS.cs(3435,49): error CS0103: The name '_contractAddress' does not exist in the current context [C:\Source\OASIS-master\Providers\Blockchain\NextGenSoftware.OASIS.API.Providers.BlockStackOASIS\NextGenSoftware.OASIS.API.Providers.BlockStackOASIS.csproj]
C:\Source\OASIS-master\Providers\Blockchain\NextGenSoftware.OASIS.API.Providers.BlockStackOASIS\BlockStackOASIS.cs(3460,29): error CS0117: 'BridgeTransactionResponse' does not contain a definition for 'TransactionHash' [C:\Source\OASIS-master\Providers\Blockchain\NextGenSoftware.OASIS.API.Providers.BlockStackOASIS\NextGenSoftware.OASIS.API.Providers.BlockStackOASIS.csproj]
C:\Source\OASIS-master\Providers\Blockchain\NextGenSoftware.OASIS.API.Providers.BlockStackOASIS\BlockStackOASIS.cs(3462,29): error CS0117: 'BridgeTransactionResponse' does not contain a definition for 'SourceProvider' [C:\Source\OASIS-master\Providers\Blockchain\NextGenSoftware.OASIS.API.Providers.BlockStackOASIS\NextGenSoftware.OASIS.API.Providers.BlockStackOASIS.csproj]
C:\Source\OASIS-master\Providers\Blockchain\NextGenSoftware.OASIS.API.Providers.BlockStackOASIS\BlockStackOASIS.cs(3463,29): error CS0117: 'BridgeTransactionResponse' does not contain a definition for 'DestinationProvider' [C:\Source\OASIS-master\Providers\Blockchain\NextGenSoftware.OASIS.API.Providers.BlockStackOASIS\NextGenSoftware.OASIS.API.Providers.BlockStackOASIS.csproj]
C:\Source\OASIS-master\Providers\Blockchain\NextGenSoftware.OASIS.API.Providers.BlockStackOASIS\BlockStackOASIS.cs(3608,45): error CS0117: 'Web3NFT' does not contain a definition for 'TransactionHash' [C:\Source\OASIS-master\Providers\Blockchain\NextGenSoftware.OASIS.API.Providers.BlockStackOASIS\NextGenSoftware.OASIS.API.Providers.BlockStackOASIS.csproj]
C:\Source\OASIS-master\Providers\Blockchain\NextGenSoftware.OASIS.API.Providers.BlockStackOASIS\BlockStackOASIS.cs(3658,57): error CS1061: 'IAvatar' does not contain a definition for 'Wallet' and no accessible extension method 'Wallet' accepting a first argument of type 'IAvatar' could be found (are you missing a using directive or an assembly reference?) [C:\Source\OASIS-master\Providers\Blockchain\NextGenSoftware.OASIS.API.Providers.BlockStackOASIS\NextGenSoftware.OASIS.API.Providers.BlockStackOASIS.csproj]
C:\Source\OASIS-master\Providers\Blockchain\NextGenSoftware.OASIS.API.Providers.BlockStackOASIS\BlockStackOASIS.cs(3658,114): error CS1061: 'IAvatar' does not contain a definition for 'ProviderKey' and no accessible extension method 'ProviderKey' accepting a first argument of type 'IAvatar' could be found (are you missing a using directive or an assembly reference?) [C:\Source\OASIS-master\Providers\Blockchain\NextGenSoftware.OASIS.API.Providers.BlockStackOASIS\NextGenSoftware.OASIS.API.Providers.BlockStackOASIS.csproj]
C:\Source\OASIS-master\Providers\Blockchain\NextGenSoftware.OASIS.API.Providers.BlockStackOASIS\BlockStackOASIS.cs(3764,57): error CS1061: 'IAvatar' does not contain a definition for 'Wallet' and no accessible extension method 'Wallet' accepting a first argument of type 'IAvatar' could be found (are you missing a using directive or an assembly reference?) [C:\Source\OASIS-master\Providers\Blockchain\NextGenSoftware.OASIS.API.Providers.BlockStackOASIS\NextGenSoftware.OASIS.API.Providers.BlockStackOASIS.csproj]
C:\Source\OASIS-master\Providers\Blockchain\NextGenSoftware.OASIS.API.Providers.BlockStackOASIS\BlockStackOASIS.cs(3764,114): error CS1061: 'IAvatar' does not contain a definition for 'ProviderKey' and no accessible extension method 'ProviderKey' accepting a first argument of type 'IAvatar' could be found (are you missing a using directive or an assembly reference?) [C:\Source\OASIS-master\Providers\Blockchain\NextGenSoftware.OASIS.API.Providers.BlockStackOASIS\NextGenSoftware.OASIS.API.Providers.BlockStackOASIS.csproj]
C:\Source\OASIS-master\Providers\Blockchain\NextGenSoftware.OASIS.API.Providers.BlockStackOASIS\BlockStackOASIS.cs(3884,34): error CS0246: The type or namespace name 'Web4GeoSpatialNFT' could not be found (are you missing a using directive or an assembly reference?) [C:\Source\OASIS-master\Providers\Blockchain\NextGenSoftware.OASIS.API.Providers.BlockStackOASIS\NextGenSoftware.OASIS.API.Providers.BlockStackOASIS.csproj]
C:\Source\OASIS-master\Providers\Blockchain\NextGenSoftware.OASIS.API.Providers.BlockStackOASIS\BlockStackOASIS.cs(3894,28): error CS1061: 'IWeb4GeoSpatialNFT' does not contain a definition for 'Latitude' and no accessible extension method 'Latitude' accepting a first argument of type 'IWeb4GeoSpatialNFT' could be found (are you missing a using directive or an assembly reference?) [C:\Source\OASIS-master\Providers\Blockchain\NextGenSoftware.OASIS.API.Providers.BlockStackOASIS\NextGenSoftware.OASIS.API.Providers.BlockStackOASIS.csproj]
C:\Source\OASIS-master\Providers\Blockchain\NextGenSoftware.OASIS.API.Providers.BlockStackOASIS\BlockStackOASIS.cs(3895,28): error CS1061: 'IWeb4GeoSpatialNFT' does not contain a definition for 'Longitude' and no accessible extension method 'Longitude' accepting a first argument of type 'IWeb4GeoSpatialNFT' could be found (are you missing a using directive or an assembly reference?) [C:\Source\OASIS-master\Providers\Blockchain\NextGenSoftware.OASIS.API.Providers.BlockStackOASIS\NextGenSoftware.OASIS.API.Providers.BlockStackOASIS.csproj]
C:\Source\OASIS-master\Providers\Blockchain\NextGenSoftware.OASIS.API.Providers.BlockStackOASIS\BlockStackOASIS.cs(3945,21): error CS0117: 'MintWeb3NFTRequest' does not contain a definition for 'MintToAvatarId' [C:\Source\OASIS-master\Providers\Blockchain\NextGenSoftware.OASIS.API.Providers.BlockStackOASIS\NextGenSoftware.OASIS.API.Providers.BlockStackOASIS.csproj]
C:\Source\OASIS-master\Providers\Blockchain\NextGenSoftware.OASIS.API.Providers.BlockStackOASIS\BlockStackOASIS.cs(3945,46): error CS1061: 'IMintAndPlaceWeb4GeoSpatialNFTRequest' does not contain a definition for 'MintToAvatarId' and no accessible extension method 'MintToAvatarId' accepting a first argument of type 'IMintAndPlaceWeb4GeoSpatialNFTRequest' could be found (are you missing a using directive or an assembly reference?) [C:\Source\OASIS-master\Providers\Blockchain\NextGenSoftware.OASIS.API.Providers.BlockStackOASIS\NextGenSoftware.OASIS.API.Providers.BlockStackOASIS.csproj]
C:\Source\OASIS-master\Providers\Blockchain\NextGenSoftware.OASIS.API.Providers.BlockStackOASIS\BlockStackOASIS.cs(3946,21): error CS0117: 'MintWeb3NFTRequest' does not contain a definition for 'NFTTokenAddress' [C:\Source\OASIS-master\Providers\Blockchain\NextGenSoftware.OASIS.API.Providers.BlockStackOASIS\NextGenSoftware.OASIS.API.Providers.BlockStackOASIS.csproj]
C:\Source\OASIS-master\Providers\Blockchain\NextGenSoftware.OASIS.API.Providers.BlockStackOASIS\BlockStackOASIS.cs(3946,47): error CS1061: 'IMintAndPlaceWeb4GeoSpatialNFTRequest' does not contain a definition for 'NFTTokenAddress' and no accessible extension method 'NFTTokenAddress' accepting a first argument of type 'IMintAndPlaceWeb4GeoSpatialNFTRequest' could be found (are you missing a using directive or an assembly reference?) [C:\Source\OASIS-master\Providers\Blockchain\NextGenSoftware.OASIS.API.Providers.BlockStackOASIS\NextGenSoftware.OASIS.API.Providers.BlockStackOASIS.csproj]
C:\Source\OASIS-master\Providers\Blockchain\NextGenSoftware.OASIS.API.Providers.BlockStackOASIS\BlockStackOASIS.cs(3947,21): error CS0117: 'MintWeb3NFTRequest' does not contain a definition for 'Metadata' [C:\Source\OASIS-master\Providers\Blockchain\NextGenSoftware.OASIS.API.Providers.BlockStackOASIS\NextGenSoftware.OASIS.API.Providers.BlockStackOASIS.csproj]
C:\Source\OASIS-master\Providers\Blockchain\NextGenSoftware.OASIS.API.Providers.BlockStackOASIS\BlockStackOASIS.cs(3947,40): error CS1061: 'IMintAndPlaceWeb4GeoSpatialNFTRequest' does not contain a definition for 'Metadata' and no accessible extension method 'Metadata' accepting a first argument of type 'IMintAndPlaceWeb4GeoSpatialNFTRequest' could be found (are you missing a using directive or an assembly reference?) [C:\Source\OASIS-master\Providers\Blockchain\NextGenSoftware.OASIS.API.Providers.BlockStackOASIS\NextGenSoftware.OASIS.API.Providers.BlockStackOASIS.csproj]
C:\Source\OASIS-master\Providers\Blockchain\NextGenSoftware.OASIS.API.Providers.BlockStackOASIS\BlockStackOASIS.cs(3958,34): error CS0246: The type or namespace name 'Web4GeoSpatialNFT' could not be found (are you missing a using directive or an assembly reference?) [C:\Source\OASIS-master\Providers\Blockchain\NextGenSoftware.OASIS.API.Providers.BlockStackOASIS\NextGenSoftware.OASIS.API.Providers.BlockStackOASIS.csproj]
C:\Source\OASIS-master\Providers\Blockchain\NextGenSoftware.OASIS.API.Providers.BlockStackOASIS\BlockStackOASIS.cs(3964,57): error CS1061: 'IWeb3NFTTransactionResponse' does not contain a definition for 'TransactionHash' and no accessible extension method 'TransactionHash' accepting a first argument of type 'IWeb3NFTTransactionResponse' could be found (are you missing a using directive or an assembly reference?) [C:\Source\OASIS-master\Providers\Blockchain\NextGenSoftware.OASIS.API.Providers.BlockStackOASIS\NextGenSoftware.OASIS.API.Providers.BlockStackOASIS.csproj]
C:\Source\OASIS-master\Providers\Blockchain\NextGenSoftware.OASIS.API.Providers.BlockStackOASIS\BlockStackOASIS.cs(3968,40): error CS0246: The type or namespace name 'PlaceWeb4GeoSpatialNFTRequest' could not be found (are you missing a using directive or an assembly reference?) [C:\Source\OASIS-master\Providers\Blockchain\NextGenSoftware.OASIS.API.Providers.BlockStackOASIS\NextGenSoftware.OASIS.API.Providers.BlockStackOASIS.csproj]
C:\Source\OASIS-master\Providers\Blockchain\NextGenSoftware.OASIS.API.Providers.BlockStackOASIS\BlockStackOASIS.cs(3973,48): error CS1061: 'IMintAndPlaceWeb4GeoSpatialNFTRequest' does not contain a definition for 'MintToAvatarId' and no accessible extension method 'MintToAvatarId' accepting a first argument of type 'IMintAndPlaceWeb4GeoSpatialNFTRequest' could be found (are you missing a using directive or an assembly reference?) [C:\Source\OASIS-master\Providers\Blockchain\NextGenSoftware.OASIS.API.Providers.BlockStackOASIS\NextGenSoftware.OASIS.API.Providers.BlockStackOASIS.csproj]
C:\Source\OASIS-master\Providers\Blockchain\NextGenSoftware.OASIS.API.Providers.BlockStackOASIS\BlockStackOASIS.cs(3985,72): error CS1061: 'IWeb3NFTTransactionResponse' does not contain a definition for 'TransactionHash' and no accessible extension method 'TransactionHash' accepting a first argument of type 'IWeb3NFTTransactionResponse' could be found (are you missing a using directive or an assembly reference?) [C:\Source\OASIS-master\Providers\Blockchain\NextGenSoftware.OASIS.API.Providers.BlockStackOASIS\NextGenSoftware.OASIS.API.Providers.BlockStackOASIS.csproj]
C:\Source\OASIS-master\Providers\Blockchain\NextGenSoftware.OASIS.API.Providers.BlockStackOASIS\BlockStackOASIS.cs(4063,37): error CS0117: 'Web3NFT' does not contain a definition for 'TokenId' [C:\Source\OASIS-master\Providers\Blockchain\NextGenSoftware.OASIS.API.Providers.BlockStackOASIS\NextGenSoftware.OASIS.API.Providers.BlockStackOASIS.csproj]
C:\Source\OASIS-master\Providers\Blockchain\NextGenSoftware.OASIS.API.Providers.BlockStackOASIS\BlockStackOASIS.cs(4064,37): error CS0117: 'Web3NFT' does not contain a definition for 'TokenAddress' [C:\Source\OASIS-master\Providers\Blockchain\NextGenSoftware.OASIS.API.Providers.BlockStackOASIS\NextGenSoftware.OASIS.API.Providers.BlockStackOASIS.csproj]
C:\Source\OASIS-master\Providers\Blockchain\NextGenSoftware.OASIS.API.Providers.BlockStackOASIS\BlockStackOASIS.cs(4065,37): error CS0117: 'Web3NFT' does not contain a definition for 'Name' [C:\Source\OASIS-master\Providers\Blockchain\NextGenSoftware.OASIS.API.Providers.BlockStackOASIS\NextGenSoftware.OASIS.API.Providers.BlockStackOASIS.csproj]
C:\Source\OASIS-master\Providers\Blockchain\NextGenSoftware.OASIS.API.Providers.BlockStackOASIS\BlockStackOASIS.cs(4068,37): error CS0117: 'Web3NFT' does not contain a definition for 'ExternalUrl' [C:\Source\OASIS-master\Providers\Blockchain\NextGenSoftware.OASIS.API.Providers.BlockStackOASIS\NextGenSoftware.OASIS.API.Providers.BlockStackOASIS.csproj]
  NextGenSoftware.OASIS.API.Providers.SOLIDOASIS -> C:\Source\OASIS-master\Providers\Network\NextGenSoftware.OASIS.API.Providers.SOLIDOASIS\bin\Debug\net8.0\NextGenSoftware.OASIS.API.Providers.SOLIDOASIS.dll
  NextGenSoftware.OASIS.API.Providers.TRONOASIS -> C:\Source\OASIS-master\Providers\Blockchain\NextGenSoftware.OASIS.API.Providers.TRONOASIS\bin\Debug\net8.0\NextGenSoftware.OASIS.API.Providers.TRONOASIS.dll
C:\Source\OASIS-master\Providers\Storage\NextGenSoftware.OASIS.API.Providers.Neo4jOASIS\Neo4jOASIS.cs(1681,97): error CS0117: 'MetaKeyValuePairMatchMode' does not contain a definition for 'ExactMatch' [C:\Source\OASIS-master\Providers\Storage\NextGenSoftware.OASIS.API.Providers.Neo4jOASIS\NextGenSoftware.OASIS.API.Providers.Neo4jOASIS.csproj]
C:\Source\OASIS-master\Providers\Storage\NextGenSoftware.OASIS.API.Providers.Neo4jOASIS\Neo4jOASIS.cs(1705,80): error CS0117: 'MetaKeyValuePairMatchMode' does not contain a definition for 'ExactMatch' [C:\Source\OASIS-master\Providers\Storage\NextGenSoftware.OASIS.API.Providers.Neo4jOASIS\NextGenSoftware.OASIS.API.Providers.Neo4jOASIS.csproj]
C:\Source\OASIS-master\Providers\Storage\NextGenSoftware.OASIS.API.Providers.Neo4jOASIS\Neo4jOASIS.cs(2158,33): error CS0117: 'Holon' does not contain a definition for 'ProviderKey' [C:\Source\OASIS-master\Providers\Storage\NextGenSoftware.OASIS.API.Providers.Neo4jOASIS\NextGenSoftware.OASIS.API.Providers.Neo4jOASIS.csproj]
C:\Source\OASIS-master\Providers\Storage\NextGenSoftware.OASIS.API.Providers.Neo4jOASIS\Neo4jOASIS.cs(2161,93): error CS1061: 'object' does not contain a definition for 'IsNull' and no accessible extension method 'IsNull' accepting a first argument of type 'object' could be found (are you missing a using directive or an assembly reference?) [C:\Source\OASIS-master\Providers\Storage\NextGenSoftware.OASIS.API.Providers.Neo4jOASIS\NextGenSoftware.OASIS.API.Providers.Neo4jOASIS.csproj]
C:\Source\OASIS-master\Providers\Storage\NextGenSoftware.OASIS.API.Providers.Neo4jOASIS\Neo4jOASIS.cs(2206,58): error CS1503: Argument 1: cannot convert from 'string' to 'System.Guid' [C:\Source\OASIS-master\Providers\Storage\NextGenSoftware.OASIS.API.Providers.Neo4jOASIS\NextGenSoftware.OASIS.API.Providers.Neo4jOASIS.csproj]
C:\Source\OASIS-master\Providers\Storage\NextGenSoftware.OASIS.API.Providers.Neo4jOASIS\Neo4jOASIS.cs(2309,33): error CS0117: 'Holon' does not contain a definition for 'ProviderKey' [C:\Source\OASIS-master\Providers\Storage\NextGenSoftware.OASIS.API.Providers.Neo4jOASIS\NextGenSoftware.OASIS.API.Providers.Neo4jOASIS.csproj]
C:\Source\OASIS-master\Providers\Storage\NextGenSoftware.OASIS.API.Providers.Neo4jOASIS\Neo4jOASIS.cs(2312,93): error CS1061: 'object' does not contain a definition for 'IsNull' and no accessible extension method 'IsNull' accepting a first argument of type 'object' could be found (are you missing a using directive or an assembly reference?) [C:\Source\OASIS-master\Providers\Storage\NextGenSoftware.OASIS.API.Providers.Neo4jOASIS\NextGenSoftware.OASIS.API.Providers.Neo4jOASIS.csproj]
  NextGenSoftware.OASIS.API.Providers.ChainLinkOASIS -> C:\Source\OASIS-master\Providers\Blockchain\NextGenSoftware.OASIS.API.Providers.ChainLinkOASIS\bin\Debug\net8.0\NextGenSoftware.OASIS.API.Providers.ChainLinkOASIS.dll
  NextGenSoftware.OASIS.API.Providers.CargoOASIS -> C:\Source\OASIS-master\Providers\Other\NextGenSoftware.OASIS.API.Providers.CargoOASIS\bin\Debug\net8.0\NextGenSoftware.OASIS.API.Providers.CargoOASIS.dll
  NextGenSoftware.OASIS.API.Providers.MapboxOASIS -> C:\Source\OASIS-master\Providers\Maps\NextGenSoftware.OASIS.API.Providers.MapboxOASIS\bin\Debug\net8.0\NextGenSoftware.OASIS.API.Providers.MapboxOASIS.dll
  NextGenSoftware.OASIS.API.Providers.CardanoOASIS -> C:\Source\OASIS-master\Providers\Blockchain\NextGenSoftware.OASIS.API.Providers.CardanoOASIS\bin\Debug\net8.0\NextGenSoftware.OASIS.API.Providers.CardanoOASIS.dll
  IpfsHttpClient -> C:\Source\OASIS-master\External Libs\net-ipfs-http-client-master\src\bin\Debug\netstandard2\Ipfs.Http.Client.dll
  NextGenSoftware.OASIS.API.Providers.BaseOASIS -> C:\Source\OASIS-master\Providers\Blockchain\NextGenSoftware.OASIS.API.Providers.BaseOASIS\bin\Debug\net8.0\NextGenSoftware.OASIS.API.Providers.BaseOASIS.dll
  NextGenSoftware.OASIS.API.Providers.GoogleCloudOASIS -> C:\Source\OASIS-master\Providers\Cloud\NextGenSoftware.OASIS.API.Providers.GoogleCloudOASIS\bin\Debug\net8.0\NextGenSoftware.OASIS.API.Providers.GoogleCloudOASIS.dll
  IpfsHttpClient -> C:\Source\OASIS-master\External Libs\net-ipfs-http-client-master\src\bin\Debug\net9.0\Ipfs.Http.Client.dll
  NextGenSoftware.OASIS.API.Providers.Web3CoreOASIS -> C:\Source\OASIS-master\Providers\Blockchain\NextGenSoftware.OASIS.API.Providers.Web3CoreOASIS\bin\Debug\net8.0\NextGenSoftware.OASIS.API.Providers.Web3CoreOASIS.dll
  NextGenSoftware.OASIS.API.Providers.LocalFileOASIS -> C:\Source\OASIS-master\Providers\Storage\NextGenSoftware.OASIS.API.Providers.LocalFileOASIS\bin\Debug\net8.0\NextGenSoftware.OASIS.API.Providers.LocalFileOASIS.dll
  NextGenSoftware.OASIS.API.Providers.EOSIOOASIS -> C:\Source\OASIS-master\Providers\Blockchain\NextGenSoftware.OASIS.API.Providers.EOSIOOASIS\bin\Debug\net8.0\NextGenSoftware.OASIS.API.Providers.EOSIOOASIS.dll
  NextGenSoftware.OASIS.API.Providers.Neo4jOASIS.Aura -> C:\Source\OASIS-master\Providers\Storage\NextGenSoftware.OASIS.API.Providers.Neo4jOASIS.Aura\bin\Debug\net8.0\NextGenSoftware.OASIS.API.Providers.Neo4jOASIS.Aura.dll
  NextGenSoftware.OASIS.API.Providers.SQLLiteDBOASIS -> C:\Source\OASIS-master\Providers\Storage\NextGenSoftware.OASIS.API.Providers.SQLLiteDBOASIS\bin\Debug\net8.0\NextGenSoftware.OASIS.API.Providers.SQLLiteDBOASIS.dll
  NextGenSoftware.OASIS.API.Providers.ThreeFoldOASIS -> C:\Source\OASIS-master\Providers\Network\NextGenSoftware.OASIS.API.Providers.ThreeFoldOASIS\bin\Debug\net8.0\NextGenSoftware.OASIS.API.Providers.ThreeFoldOASIS.dll
  NextGenSoftware.OASIS.API.Providers.HoloOASIS -> C:\Source\OASIS-master\Providers\Network\NextGenSoftware.OASIS.API.Providers.HoloOASIS\bin\Debug\net8.0\NextGenSoftware.OASIS.API.Providers.HoloOASIS.dll
  NextGenSoftware.OASIS.API.Providers.Neo4jOASIS2 -> C:\Source\OASIS-master\Providers\Storage\NextGenSoftware.OASIS.API.Providers.Neo4jOASIS2\bin\Debug\net8.0\NextGenSoftware.OASIS.API.Providers.Neo4jOASIS2.dll
  NextGenSoftware.OASIS.API.Providers.OrionProtocolOASIS -> C:\Source\OASIS-master\Providers\Other\NextGenSoftware.OASIS.API.Providers.OrionProtocolOASIS\bin\Debug\net8.0\NextGenSoftware.OASIS.API.Providers.OrionProtocolOASIS.dll
  NextGenSoftware.OASIS.API.Providers.GOMapOASIS -> C:\Source\OASIS-master\Providers\Maps\NextGenSoftware.OASIS.API.Providers.GOMapOASIS\bin\Debug\netstandard2.1\NextGenSoftware.OASIS.API.Providers.GOMapOASIS.dll
C:\Source\OASIS-master\OASIS Architecture\NextGenSoftware.OASIS.API.DNA.UnitTests\DNATests.cs(42,26): error CS1061: 'ObjectAssertions' does not contain a definition for 'HaveProperty' and no accessible extension method 'HaveProperty' accepting a first argument of type 'ObjectAssertions' could be found (are you missing a using directive or an assembly reference?) [C:\Source\OASIS-master\OASIS Architecture\NextGenSoftware.OASIS.API.DNA.UnitTests\NextGenSoftware.OASIS.API.DNA.UnitTests.csproj]
  NextGenSoftware.OASIS.API.Core.UnitTests -> C:\Source\OASIS-master\OASIS Architecture\NextGenSoftware.OASIS.API.Core.UnitTests\bin\Debug\net9.0\NextGenSoftware.OASIS.API.Core.UnitTests.dll
C:\Source\OASIS-master\Providers\Blockchain\TestProjects\NextGenSoftware.OASIS.API.Providers.ChainLinkOASIS.IntegrationTests\ChainLinkOASISIntegrationTests.cs(66,53): error CS1061: 'IWeb3NFT' does not contain a definition for 'TokenId' and no accessible extension method 'TokenId' accepting a first argument of type 'IWeb3NFT' could be found (are you missing a using directive or an assembly reference?) [C:\Source\OASIS-master\Providers\Blockchain\TestProjects\NextGenSoftware.OASIS.API.Providers.ChainLinkOASIS.IntegrationTests\NextGenSoftware.OASIS.API.Providers.ChainLinkOASIS.IntegrationTests.csproj]
C:\Source\OASIS-master\Providers\Blockchain\TestProjects\NextGenSoftware.OASIS.API.Providers.ChainLinkOASIS.IntegrationTests\ChainLinkOASISIntegrationTests.cs(67,64): error CS1061: 'IWeb3NFT' does not contain a definition for 'Name' and no accessible extension method 'Name' accepting a first argument of type 'IWeb3NFT' could be found (are you missing a using directive or an assembly reference?) [C:\Source\OASIS-master\Providers\Blockchain\TestProjects\NextGenSoftware.OASIS.API.Providers.ChainLinkOASIS.IntegrationTests\NextGenSoftware.OASIS.API.Providers.ChainLinkOASIS.IntegrationTests.csproj]
C:\Source\OASIS-master\Providers\Blockchain\TestProjects\NextGenSoftware.OASIS.API.Providers.ChainLinkOASIS.IntegrationTests\ChainLinkOASISIntegrationTests.cs(84,54): error CS1061: 'IWeb3NFT' does not contain a definition for 'TokenId' and no accessible extension method 'TokenId' accepting a first argument of type 'IWeb3NFT' could be found (are you missing a using directive or an assembly reference?) [C:\Source\OASIS-master\Providers\Blockchain\TestProjects\NextGenSoftware.OASIS.API.Providers.ChainLinkOASIS.IntegrationTests\NextGenSoftware.OASIS.API.Providers.ChainLinkOASIS.IntegrationTests.csproj]
C:\Source\OASIS-master\Providers\Blockchain\TestProjects\NextGenSoftware.OASIS.API.Providers.ChainLinkOASIS.IntegrationTests\ChainLinkOASISIntegrationTests.cs(85,60): error CS1061: 'IWeb3NFT' does not contain a definition for 'Name' and no accessible extension method 'Name' accepting a first argument of type 'IWeb3NFT' could be found (are you missing a using directive or an assembly reference?) [C:\Source\OASIS-master\Providers\Blockchain\TestProjects\NextGenSoftware.OASIS.API.Providers.ChainLinkOASIS.IntegrationTests\NextGenSoftware.OASIS.API.Providers.ChainLinkOASIS.IntegrationTests.csproj]
  NextGenSoftware.OASIS.API.Providers.IPFSOASIS -> C:\Source\OASIS-master\Providers\Network\NextGenSoftware.OASIS.API.Providers.IPFSOASIS\bin\Debug\net8.0\NextGenSoftware.OASIS.API.Providers.IPFSOASIS.dll
C:\Source\OASIS-master\Providers\Blockchain\TestProjects\NextGenSoftware.OASIS.API.Providers.EthereumOASIS.TestHarness\Program.cs(502,48): error CS0246: The type or namespace name 'WalletTransaction' could not be found (are you missing a using directive or an assembly reference?) [C:\Source\OASIS-master\Providers\Blockchain\TestProjects\NextGenSoftware.OASIS.API.Providers.EthereumOASIS.TestHarness\NextGenSoftware.OASIS.API.Providers.EthereumOASIS.TestHarness.csproj]
  NextGenSoftware.OASIS.Common.UnitTests -> C:\Source\OASIS-master\OASIS Architecture\NextGenSoftware.OASIS.Common.UnitTests\bin\Debug\net9.0\NextGenSoftware.OASIS.Common.UnitTests.dll
  NextGenSoftware.OASIS.API.Providers.FantomOASIS -> C:\Source\OASIS-master\Providers\Blockchain\NextGenSoftware.OASIS.API.Providers.FantomOASIS\bin\Debug\net8.0\NextGenSoftware.OASIS.API.Providers.FantomOASIS.dll
  NextGenSoftware.OASIS.API.Providers.AvalancheOASIS -> C:\Source\OASIS-master\Providers\Blockchain\NextGenSoftware.OASIS.API.Providers.AvalancheOASIS\bin\Debug\net8.0\NextGenSoftware.OASIS.API.Providers.AvalancheOASIS.dll
  NextGenSoftware.OASIS.API.Providers.ChainLinkOASIS.TestHarness -> C:\Source\OASIS-master\Providers\Blockchain\TestProjects\NextGenSoftware.OASIS.API.Providers.ChainLinkOASIS.TestHarness\bin\Debug\net8.0\NextGenSoftware.OASIS.API.Providers.ChainLinkOASIS.TestHarness.dll
  NextGenSoftware.OASIS.API.Providers.OptimismOASIS -> C:\Source\OASIS-master\Providers\Blockchain\NextGenSoftware.OASIS.API.Providers.OptimismOASIS\bin\Debug\net8.0\NextGenSoftware.OASIS.API.Providers.OptimismOASIS.dll
  NextGenSoftware.OASIS.API.Providers.BNBChainOASIS -> C:\Source\OASIS-master\Providers\Blockchain\NextGenSoftware.OASIS.API.Providers.BNBChainOASIS\bin\Debug\net8.0\NextGenSoftware.OASIS.API.Providers.BNBChainOASIS.dll
  NextGenSoftware.OASIS.API.Providers.PolygonOASIS -> C:\Source\OASIS-master\Providers\Blockchain\NextGenSoftware.OASIS.API.Providers.PolygonOASIS\bin\Debug\net8.0\NextGenSoftware.OASIS.API.Providers.PolygonOASIS.dll
  NextGenSoftware.OASIS.API.Providers.PinataOASIS -> C:\Source\OASIS-master\Providers\Network\NextGenSoftware.OASIS.API.Providers.PinataOASIS\bin\Debug\net8.0\NextGenSoftware.OASIS.API.Providers.PinataOASIS.dll
C:\Source\OASIS-master\Providers\Blockchain\NextGenSoftware.OASIS.API.Providers.ArbitrumOASIS\ArbitrumOASIS.cs(4388,91): error CS0103: The name 'CreateDeterministicGuid' does not exist in the current context [C:\Source\OASIS-master\Providers\Blockchain\NextGenSoftware.OASIS.API.Providers.ArbitrumOASIS\NextGenSoftware.OASIS.API.Providers.ArbitrumOASIS.csproj]
C:\Source\OASIS-master\Providers\Blockchain\NextGenSoftware.OASIS.API.Providers.ArbitrumOASIS\ArbitrumOASIS.cs(4410,26): warning CS0168: The variable 'ex' is declared but never used [C:\Source\OASIS-master\Providers\Blockchain\NextGenSoftware.OASIS.API.Providers.ArbitrumOASIS\NextGenSoftware.OASIS.API.Providers.ArbitrumOASIS.csproj]
C:\Source\OASIS-master\Providers\Blockchain\NextGenSoftware.OASIS.API.Providers.ArbitrumOASIS\ArbitrumOASIS.cs(4430,91): error CS0103: The name 'CreateDeterministicGuid' does not exist in the current context [C:\Source\OASIS-master\Providers\Blockchain\NextGenSoftware.OASIS.API.Providers.ArbitrumOASIS\NextGenSoftware.OASIS.API.Providers.ArbitrumOASIS.csproj]
C:\Source\OASIS-master\Providers\Blockchain\NextGenSoftware.OASIS.API.Providers.ArbitrumOASIS\ArbitrumOASIS.cs(4446,26): warning CS0168: The variable 'ex' is declared but never used [C:\Source\OASIS-master\Providers\Blockchain\NextGenSoftware.OASIS.API.Providers.ArbitrumOASIS\NextGenSoftware.OASIS.API.Providers.ArbitrumOASIS.csproj]
C:\Source\OASIS-master\Providers\Blockchain\NextGenSoftware.OASIS.API.Providers.ArbitrumOASIS\ArbitrumOASIS.cs(4463,121): error CS0103: The name 'CreateDeterministicGuid' does not exist in the current context [C:\Source\OASIS-master\Providers\Blockchain\NextGenSoftware.OASIS.API.Providers.ArbitrumOASIS\NextGenSoftware.OASIS.API.Providers.ArbitrumOASIS.csproj]
C:\Source\OASIS-master\Providers\Blockchain\NextGenSoftware.OASIS.API.Providers.ArbitrumOASIS\ArbitrumOASIS.cs(4477,26): warning CS0168: The variable 'ex' is declared but never used [C:\Source\OASIS-master\Providers\Blockchain\NextGenSoftware.OASIS.API.Providers.ArbitrumOASIS\NextGenSoftware.OASIS.API.Providers.ArbitrumOASIS.csproj]
C:\Source\OASIS-master\Providers\Blockchain\NextGenSoftware.OASIS.API.Providers.ArbitrumOASIS\ArbitrumOASIS.cs(4497,91): error CS0103: The name 'CreateDeterministicGuid' does not exist in the current context [C:\Source\OASIS-master\Providers\Blockchain\NextGenSoftware.OASIS.API.Providers.ArbitrumOASIS\NextGenSoftware.OASIS.API.Providers.ArbitrumOASIS.csproj]
C:\Source\OASIS-master\Providers\Blockchain\NextGenSoftware.OASIS.API.Providers.ArbitrumOASIS\ArbitrumOASIS.cs(4515,26): warning CS0168: The variable 'ex' is declared but never used [C:\Source\OASIS-master\Providers\Blockchain\NextGenSoftware.OASIS.API.Providers.ArbitrumOASIS\NextGenSoftware.OASIS.API.Providers.ArbitrumOASIS.csproj]
C:\Source\OASIS-master\Providers\Blockchain\NextGenSoftware.OASIS.API.Providers.ArbitrumOASIS\ArbitrumOASIS.cs(3112,26): warning CS0168: The variable 'ex' is declared but never used [C:\Source\OASIS-master\Providers\Blockchain\NextGenSoftware.OASIS.API.Providers.ArbitrumOASIS\NextGenSoftware.OASIS.API.Providers.ArbitrumOASIS.csproj]
C:\Source\OASIS-master\Providers\Blockchain\NextGenSoftware.OASIS.API.Providers.ArbitrumOASIS\ArbitrumOASIS.cs(3148,26): warning CS0168: The variable 'ex' is declared but never used [C:\Source\OASIS-master\Providers\Blockchain\NextGenSoftware.OASIS.API.Providers.ArbitrumOASIS\NextGenSoftware.OASIS.API.Providers.ArbitrumOASIS.csproj]
C:\Source\OASIS-master\Providers\Blockchain\NextGenSoftware.OASIS.API.Providers.ArbitrumOASIS\ArbitrumOASIS.cs(3188,26): warning CS0168: The variable 'ex' is declared but never used [C:\Source\OASIS-master\Providers\Blockchain\NextGenSoftware.OASIS.API.Providers.ArbitrumOASIS\NextGenSoftware.OASIS.API.Providers.ArbitrumOASIS.csproj]
C:\Source\OASIS-master\Providers\Blockchain\NextGenSoftware.OASIS.API.Providers.ArbitrumOASIS\ArbitrumOASIS.cs(3226,26): warning CS0168: The variable 'ex' is declared but never used [C:\Source\OASIS-master\Providers\Blockchain\NextGenSoftware.OASIS.API.Providers.ArbitrumOASIS\NextGenSoftware.OASIS.API.Providers.ArbitrumOASIS.csproj]
C:\Source\OASIS-master\Providers\Blockchain\NextGenSoftware.OASIS.API.Providers.ArbitrumOASIS\ArbitrumOASIS.cs(3691,55): warning CS1998: This async method lacks 'await' operators and will run synchronously. Consider using the 'await' operator to await non-blocking API calls, or 'await Task.Run(...)' to do CPU-bound work on a background thread. [C:\Source\OASIS-master\Providers\Blockchain\NextGenSoftware.OASIS.API.Providers.ArbitrumOASIS\NextGenSoftware.OASIS.API.Providers.ArbitrumOASIS.csproj]
  NextGenSoftware.OASIS.API.Providers.ScuttlebuttOASIS -> C:\Source\OASIS-master\Providers\Network\NextGenSoftware.OASIS.API.Providers.ScuttlebuttOASIS\bin\Debug\net8.0\NextGenSoftware.OASIS.API.Providers.ScuttlebuttOASIS.dll
  NextGenSoftware.OASIS.API.Providers.RootstockOASIS -> C:\Source\OASIS-master\Providers\Blockchain\NextGenSoftware.OASIS.API.Providers.RootstockOASIS\bin\Debug\net8.0\NextGenSoftware.OASIS.API.Providers.RootstockOASIS.dll
  NextGenSoftware.OASIS.API.Providers.SuiOASIS -> C:\Source\OASIS-master\Providers\Blockchain\NextGenSoftware.OASIS.API.Providers.SuiOASIS\bin\Debug\net8.0\NextGenSoftware.OASIS.API.Providers.SuiOASIS.dll
  NextGenSoftware.OASIS.API.Providers.ElrondOASIS -> C:\Source\OASIS-master\Providers\Blockchain\NextGenSoftware.OASIS.API.Providers.ElrondOASIS\bin\Debug\net8.0\NextGenSoftware.OASIS.API.Providers.ElrondOASIS.dll
C:\Source\OASIS-master\Providers\Blockchain\TestProjects\NextGenSoftware.OASIS.API.Providers.EthereumOASIS.IntegrationTests\EthereumOASISIntegrationTests.cs(17,29): error CS7036: There is no argument given that corresponds to the required parameter 'hostUri' of 'EthereumOASIS.EthereumOASIS(string, string, BigInteger, string)' [C:\Source\OASIS-master\Providers\Blockchain\TestProjects\NextGenSoftware.OASIS.API.Providers.EthereumOASIS.IntegrationTests\NextGenSoftware.OASIS.API.Providers.EthereumOASIS.IntegrationTests.csproj]
C:\Source\OASIS-master\Providers\Blockchain\TestProjects\NextGenSoftware.OASIS.API.Providers.EthereumOASIS.IntegrationTests\EthereumOASISIntegrationTests.cs(25,42): error CS1061: 'OASISResult<bool>' does not contain a definition for 'IsSuccess' and no accessible extension method 'IsSuccess' accepting a first argument of type 'OASISResult<bool>' could be found (are you missing a using directive or an assembly reference?) [C:\Source\OASIS-master\Providers\Blockchain\TestProjects\NextGenSoftware.OASIS.API.Providers.EthereumOASIS.IntegrationTests\NextGenSoftware.OASIS.API.Providers.EthereumOASIS.IntegrationTests.csproj]
C:\Source\OASIS-master\Providers\Blockchain\TestProjects\NextGenSoftware.OASIS.API.Providers.EthereumOASIS.IntegrationTests\EthereumOASISIntegrationTests.cs(28,30): error CS0246: The type or namespace name 'Avatar' could not be found (are you missing a using directive or an assembly reference?) [C:\Source\OASIS-master\Providers\Blockchain\TestProjects\NextGenSoftware.OASIS.API.Providers.EthereumOASIS.IntegrationTests\NextGenSoftware.OASIS.API.Providers.EthereumOASIS.IntegrationTests.csproj]
C:\Source\OASIS-master\Providers\Blockchain\TestProjects\NextGenSoftware.OASIS.API.Providers.EthereumOASIS.IntegrationTests\EthereumOASISIntegrationTests.cs(41,45): error CS1061: 'OASISResult<IAvatar>' does not contain a definition for 'IsSuccess' and no accessible extension method 'IsSuccess' accepting a first argument of type 'OASISResult<IAvatar>' could be found (are you missing a using directive or an assembly reference?) [C:\Source\OASIS-master\Providers\Blockchain\TestProjects\NextGenSoftware.OASIS.API.Providers.EthereumOASIS.IntegrationTests\NextGenSoftware.OASIS.API.Providers.EthereumOASIS.IntegrationTests.csproj]
C:\Source\OASIS-master\Providers\Blockchain\TestProjects\NextGenSoftware.OASIS.API.Providers.EthereumOASIS.IntegrationTests\EthereumOASISIntegrationTests.cs(45,29): error CS0246: The type or namespace name 'Holon' could not be found (are you missing a using directive or an assembly reference?) [C:\Source\OASIS-master\Providers\Blockchain\TestProjects\NextGenSoftware.OASIS.API.Providers.EthereumOASIS.IntegrationTests\NextGenSoftware.OASIS.API.Providers.EthereumOASIS.IntegrationTests.csproj]
C:\Source\OASIS-master\Providers\Blockchain\TestProjects\NextGenSoftware.OASIS.API.Providers.EthereumOASIS.IntegrationTests\EthereumOASISIntegrationTests.cs(56,44): error CS1061: 'OASISResult<IHolon>' does not contain a definition for 'IsSuccess' and no accessible extension method 'IsSuccess' accepting a first argument of type 'OASISResult<IHolon>' could be found (are you missing a using directive or an assembly reference?) [C:\Source\OASIS-master\Providers\Blockchain\TestProjects\NextGenSoftware.OASIS.API.Providers.EthereumOASIS.IntegrationTests\NextGenSoftware.OASIS.API.Providers.EthereumOASIS.IntegrationTests.csproj]
C:\Source\OASIS-master\Providers\Blockchain\TestProjects\NextGenSoftware.OASIS.API.Providers.EthereumOASIS.IntegrationTests\EthereumOASISIntegrationTests.cs(60,35): error CS0246: The type or namespace name 'MintNFTTransactionRequest' could not be found (are you missing a using directive or an assembly reference?) [C:\Source\OASIS-master\Providers\Blockchain\TestProjects\NextGenSoftware.OASIS.API.Providers.EthereumOASIS.IntegrationTests\NextGenSoftware.OASIS.API.Providers.EthereumOASIS.IntegrationTests.csproj]
C:\Source\OASIS-master\Providers\Blockchain\TestProjects\NextGenSoftware.OASIS.API.Providers.EthereumOASIS.IntegrationTests\EthereumOASISIntegrationTests.cs(65,49): error CS1061: 'EthereumOASIS' does not contain a definition for 'LoadNFTAsync' and no accessible extension method 'LoadNFTAsync' accepting a first argument of type 'EthereumOASIS' could be found (are you missing a using directive or an assembly reference?) [C:\Source\OASIS-master\Providers\Blockchain\TestProjects\NextGenSoftware.OASIS.API.Providers.EthereumOASIS.IntegrationTests\NextGenSoftware.OASIS.API.Providers.EthereumOASIS.IntegrationTests.csproj]
C:\Source\OASIS-master\Providers\Blockchain\TestProjects\NextGenSoftware.OASIS.API.Providers.EthereumOASIS.IntegrationTests\EthereumOASISIntegrationTests.cs(70,35): error CS0246: The type or namespace name 'WalletTransactionRequest' could not be found (are you missing a using directive or an assembly reference?) [C:\Source\OASIS-master\Providers\Blockchain\TestProjects\NextGenSoftware.OASIS.API.Providers.EthereumOASIS.IntegrationTests\NextGenSoftware.OASIS.API.Providers.EthereumOASIS.IntegrationTests.csproj]
C:\Source\OASIS-master\Providers\Blockchain\TestProjects\NextGenSoftware.OASIS.API.Providers.EthereumOASIS.IntegrationTests\EthereumOASISIntegrationTests.cs(76,36): error CS0246: The type or namespace name 'PlaceGeoSpatialNFTRequest' could not be found (are you missing a using directive or an assembly reference?) [C:\Source\OASIS-master\Providers\Blockchain\TestProjects\NextGenSoftware.OASIS.API.Providers.EthereumOASIS.IntegrationTests\NextGenSoftware.OASIS.API.Providers.EthereumOASIS.IntegrationTests.csproj]
C:\Source\OASIS-master\Providers\Blockchain\TestProjects\NextGenSoftware.OASIS.API.Providers.EthereumOASIS.IntegrationTests\EthereumOASISIntegrationTests.cs(77,53): error CS1061: 'EthereumOASIS' does not contain a definition for 'PlaceGeoNFTAsync' and no accessible extension method 'PlaceGeoNFTAsync' accepting a first argument of type 'EthereumOASIS' could be found (are you missing a using directive or an assembly reference?) [C:\Source\OASIS-master\Providers\Blockchain\TestProjects\NextGenSoftware.OASIS.API.Providers.EthereumOASIS.IntegrationTests\NextGenSoftware.OASIS.API.Providers.EthereumOASIS.IntegrationTests.csproj]
C:\Source\OASIS-master\Providers\Blockchain\TestProjects\NextGenSoftware.OASIS.API.Providers.EthereumOASIS.IntegrationTests\EthereumOASISIntegrationTests.cs(81,53): error CS1061: 'EthereumOASIS' does not contain a definition for 'LoadAllGeoNFTsForAvatarAsync' and no accessible extension method 'LoadAllGeoNFTsForAvatarAsync' accepting a first argument of type 'EthereumOASIS' could be found (are you missing a using directive or an assembly reference?) [C:\Source\OASIS-master\Providers\Blockchain\TestProjects\NextGenSoftware.OASIS.API.Providers.EthereumOASIS.IntegrationTests\NextGenSoftware.OASIS.API.Providers.EthereumOASIS.IntegrationTests.csproj]
C:\Source\OASIS-master\Providers\Blockchain\TestProjects\NextGenSoftware.OASIS.API.Providers.EthereumOASIS.IntegrationTests\EthereumOASISIntegrationTests.cs(86,36): error CS0246: The type or namespace name 'SearchParams' could not be found (are you missing a using directive or an assembly reference?) [C:\Source\OASIS-master\Providers\Blockchain\TestProjects\NextGenSoftware.OASIS.API.Providers.EthereumOASIS.IntegrationTests\NextGenSoftware.OASIS.API.Providers.EthereumOASIS.IntegrationTests.csproj]
C:\Source\OASIS-master\Providers\Blockchain\TestProjects\NextGenSoftware.OASIS.API.Providers.EthereumOASIS.IntegrationTests\EthereumOASISIntegrationTests.cs(88,41): error CS1061: 'OASISResult<ISearchResults>' does not contain a definition for 'IsSuccess' and no accessible extension method 'IsSuccess' accepting a first argument of type 'OASISResult<ISearchResults>' could be found (are you missing a using directive or an assembly reference?) [C:\Source\OASIS-master\Providers\Blockchain\TestProjects\NextGenSoftware.OASIS.API.Providers.EthereumOASIS.IntegrationTests\NextGenSoftware.OASIS.API.Providers.EthereumOASIS.IntegrationTests.csproj]
C:\Source\OASIS-master\Providers\Blockchain\TestProjects\NextGenSoftware.OASIS.API.Providers.EthereumOASIS.IntegrationTests\EthereumOASISIntegrationTests.cs(94,41): error CS1061: 'OASISResult<bool>' does not contain a definition for 'IsSuccess' and no accessible extension method 'IsSuccess' accepting a first argument of type 'OASISResult<bool>' could be found (are you missing a using directive or an assembly reference?) [C:\Source\OASIS-master\Providers\Blockchain\TestProjects\NextGenSoftware.OASIS.API.Providers.EthereumOASIS.IntegrationTests\NextGenSoftware.OASIS.API.Providers.EthereumOASIS.IntegrationTests.csproj]
C:\Source\OASIS-master\Providers\Blockchain\TestProjects\NextGenSoftware.OASIS.API.Providers.EthereumOASIS.IntegrationTests\EthereumOASISIntegrationTests.cs(98,41): error CS1061: 'OASISResult<IEnumerable<IHolon>>' does not contain a definition for 'IsSuccess' and no accessible extension method 'IsSuccess' accepting a first argument of type 'OASISResult<IEnumerable<IHolon>>' could be found (are you missing a using directive or an assembly reference?) [C:\Source\OASIS-master\Providers\Blockchain\TestProjects\NextGenSoftware.OASIS.API.Providers.EthereumOASIS.IntegrationTests\NextGenSoftware.OASIS.API.Providers.EthereumOASIS.IntegrationTests.csproj]
C:\Source\OASIS-master\Providers\Blockchain\TestProjects\NextGenSoftware.OASIS.API.Providers.EthereumOASIS.IntegrationTests\EthereumOASISIntegrationTests.cs(103,44): error CS1061: 'OASISResult<bool>' does not contain a definition for 'IsSuccess' and no accessible extension method 'IsSuccess' accepting a first argument of type 'OASISResult<bool>' could be found (are you missing a using directive or an assembly reference?) [C:\Source\OASIS-master\Providers\Blockchain\TestProjects\NextGenSoftware.OASIS.API.Providers.EthereumOASIS.IntegrationTests\NextGenSoftware.OASIS.API.Providers.EthereumOASIS.IntegrationTests.csproj]
C:\Source\OASIS-master\Providers\Blockchain\TestProjects\NextGenSoftware.OASIS.API.Providers.EthereumOASIS.IntegrationTests\EthereumOASISIntegrationTests.cs(110,20): error CS0411: The type arguments for method 'Assert.AreEqual<T>(T?, T?)' cannot be inferred from the usage. Try specifying the type arguments explicitly. [C:\Source\OASIS-master\Providers\Blockchain\TestProjects\NextGenSoftware.OASIS.API.Providers.EthereumOASIS.IntegrationTests\NextGenSoftware.OASIS.API.Providers.EthereumOASIS.IntegrationTests.csproj]
C:\Source\OASIS-master\Providers\Blockchain\TestProjects\NextGenSoftware.OASIS.API.Providers.EthereumOASIS.IntegrationTests\EthereumOASISIntegrationTests.cs(111,46): error CS0117: 'ProviderCategory' does not contain a definition for 'BlockchainStorage' [C:\Source\OASIS-master\Providers\Blockchain\TestProjects\NextGenSoftware.OASIS.API.Providers.EthereumOASIS.IntegrationTests\NextGenSoftware.OASIS.API.Providers.EthereumOASIS.IntegrationTests.csproj]
C:\Source\OASIS-master\Providers\Blockchain\TestProjects\NextGenSoftware.OASIS.API.Providers.EthereumOASIS.IntegrationTests\EthereumOASISIntegrationTests.cs(115,42): error CS1061: 'OASISResult<bool>' does not contain a definition for 'IsSuccess' and no accessible extension method 'IsSuccess' accepting a first argument of type 'OASISResult<bool>' could be found (are you missing a using directive or an assembly reference?) [C:\Source\OASIS-master\Providers\Blockchain\TestProjects\NextGenSoftware.OASIS.API.Providers.EthereumOASIS.IntegrationTests\NextGenSoftware.OASIS.API.Providers.EthereumOASIS.IntegrationTests.csproj]
C:\Source\OASIS-master\Providers\Blockchain\TestProjects\NextGenSoftware.OASIS.API.Providers.EthereumOASIS.IntegrationTests\EthereumOASISIntegrationTests.cs(119,44): error CS1061: 'OASISResult<bool>' does not contain a definition for 'IsSuccess' and no accessible extension method 'IsSuccess' accepting a first argument of type 'OASISResult<bool>' could be found (are you missing a using directive or an assembly reference?) [C:\Source\OASIS-master\Providers\Blockchain\TestProjects\NextGenSoftware.OASIS.API.Providers.EthereumOASIS.IntegrationTests\NextGenSoftware.OASIS.API.Providers.EthereumOASIS.IntegrationTests.csproj]
C:\Source\OASIS-master\Providers\Blockchain\TestProjects\NextGenSoftware.OASIS.API.Providers.EthereumOASIS.IntegrationTests\EthereumOASISIntegrationTests.cs(127,30): error CS0246: The type or namespace name 'Avatar' could not be found (are you missing a using directive or an assembly reference?) [C:\Source\OASIS-master\Providers\Blockchain\TestProjects\NextGenSoftware.OASIS.API.Providers.EthereumOASIS.IntegrationTests\NextGenSoftware.OASIS.API.Providers.EthereumOASIS.IntegrationTests.csproj]
C:\Source\OASIS-master\Providers\Blockchain\TestProjects\NextGenSoftware.OASIS.API.Providers.EthereumOASIS.IntegrationTests\EthereumOASISIntegrationTests.cs(132,29): error CS0246: The type or namespace name 'Holon' could not be found (are you missing a using directive or an assembly reference?) [C:\Source\OASIS-master\Providers\Blockchain\TestProjects\NextGenSoftware.OASIS.API.Providers.EthereumOASIS.IntegrationTests\NextGenSoftware.OASIS.API.Providers.EthereumOASIS.IntegrationTests.csproj]
C:\Source\OASIS-master\Providers\Blockchain\TestProjects\NextGenSoftware.OASIS.API.Providers.EthereumOASIS.IntegrationTests\EthereumOASISIntegrationTests.cs(137,35): error CS0246: The type or namespace name 'WalletTransactionRequest' could not be found (are you missing a using directive or an assembly reference?) [C:\Source\OASIS-master\Providers\Blockchain\TestProjects\NextGenSoftware.OASIS.API.Providers.EthereumOASIS.IntegrationTests\NextGenSoftware.OASIS.API.Providers.EthereumOASIS.IntegrationTests.csproj]
C:\Source\OASIS-master\Providers\Blockchain\TestProjects\NextGenSoftware.OASIS.API.Providers.EthereumOASIS.IntegrationTests\EthereumOASISIntegrationTests.cs(142,38): error CS0246: The type or namespace name 'NFTWalletTransactionRequest' could not be found (are you missing a using directive or an assembly reference?) [C:\Source\OASIS-master\Providers\Blockchain\TestProjects\NextGenSoftware.OASIS.API.Providers.EthereumOASIS.IntegrationTests\NextGenSoftware.OASIS.API.Providers.EthereumOASIS.IntegrationTests.csproj]
C:\Source\OASIS-master\Providers\Blockchain\TestProjects\NextGenSoftware.OASIS.API.Providers.EthereumOASIS.IntegrationTests\EthereumOASISIntegrationTests.cs(156,27): error CS1061: 'EthereumOASIS' does not contain a definition for 'LoadAllNFTsForAvatarAsync' and no accessible extension method 'LoadAllNFTsForAvatarAsync' accepting a first argument of type 'EthereumOASIS' could be found (are you missing a using directive or an assembly reference?) [C:\Source\OASIS-master\Providers\Blockchain\TestProjects\NextGenSoftware.OASIS.API.Providers.EthereumOASIS.IntegrationTests\NextGenSoftware.OASIS.API.Providers.EthereumOASIS.IntegrationTests.csproj]
C:\Source\OASIS-master\Providers\Blockchain\TestProjects\NextGenSoftware.OASIS.API.Providers.EthereumOASIS.IntegrationTests\EthereumOASISIntegrationTests.cs(157,27): error CS1061: 'EthereumOASIS' does not contain a definition for 'LoadAllGeoNFTsForAvatarAsync' and no accessible extension method 'LoadAllGeoNFTsForAvatarAsync' accepting a first argument of type 'EthereumOASIS' could be found (are you missing a using directive or an assembly reference?) [C:\Source\OASIS-master\Providers\Blockchain\TestProjects\NextGenSoftware.OASIS.API.Providers.EthereumOASIS.IntegrationTests\NextGenSoftware.OASIS.API.Providers.EthereumOASIS.IntegrationTests.csproj]
C:\Source\OASIS-master\Providers\Blockchain\TestProjects\NextGenSoftware.OASIS.API.Providers.EthereumOASIS.IntegrationTests\EthereumOASISIntegrationTests.cs(162,17): error CS0815: Cannot assign void to an implicitly-typed variable [C:\Source\OASIS-master\Providers\Blockchain\TestProjects\NextGenSoftware.OASIS.API.Providers.EthereumOASIS.IntegrationTests\NextGenSoftware.OASIS.API.Providers.EthereumOASIS.IntegrationTests.csproj]
C:\Source\OASIS-master\Providers\Blockchain\TestProjects\NextGenSoftware.OASIS.API.Providers.EthereumOASIS.IntegrationTests\EthereumOASISIntegrationTests.cs(177,35): error CS1061: 'OASISResult<bool>' does not contain a definition for 'IsSuccess' and no accessible extension method 'IsSuccess' accepting a first argument of type 'OASISResult<bool>' could be found (are you missing a using directive or an assembly reference?) [C:\Source\OASIS-master\Providers\Blockchain\TestProjects\NextGenSoftware.OASIS.API.Providers.EthereumOASIS.IntegrationTests\NextGenSoftware.OASIS.API.Providers.EthereumOASIS.IntegrationTests.csproj]
C:\Source\OASIS-master\Providers\Blockchain\TestProjects\NextGenSoftware.OASIS.API.Providers.EthereumOASIS.IntegrationTests\EthereumOASISIntegrationTests.cs(178,35): error CS1061: 'OASISResult<bool>' does not contain a definition for 'IsSuccess' and no accessible extension method 'IsSuccess' accepting a first argument of type 'OASISResult<bool>' could be found (are you missing a using directive or an assembly reference?) [C:\Source\OASIS-master\Providers\Blockchain\TestProjects\NextGenSoftware.OASIS.API.Providers.EthereumOASIS.IntegrationTests\NextGenSoftware.OASIS.API.Providers.EthereumOASIS.IntegrationTests.csproj]
C:\Source\OASIS-master\Providers\Blockchain\TestProjects\NextGenSoftware.OASIS.API.Providers.EthereumOASIS.IntegrationTests\EthereumOASISIntegrationTests.cs(179,35): error CS1061: 'OASISResult<bool>' does not contain a definition for 'IsSuccess' and no accessible extension method 'IsSuccess' accepting a first argument of type 'OASISResult<bool>' could be found (are you missing a using directive or an assembly reference?) [C:\Source\OASIS-master\Providers\Blockchain\TestProjects\NextGenSoftware.OASIS.API.Providers.EthereumOASIS.IntegrationTests\NextGenSoftware.OASIS.API.Providers.EthereumOASIS.IntegrationTests.csproj]
C:\Source\OASIS-master\Providers\Blockchain\TestProjects\NextGenSoftware.OASIS.API.Providers.EthereumOASIS.IntegrationTests\EthereumOASISIntegrationTests.cs(186,45): error CS1061: 'OASISResult<bool>' does not contain a definition for 'IsSuccess' and no accessible extension method 'IsSuccess' accepting a first argument of type 'OASISResult<bool>' could be found (are you missing a using directive or an assembly reference?) [C:\Source\OASIS-master\Providers\Blockchain\TestProjects\NextGenSoftware.OASIS.API.Providers.EthereumOASIS.IntegrationTests\NextGenSoftware.OASIS.API.Providers.EthereumOASIS.IntegrationTests.csproj]
C:\Source\OASIS-master\Providers\Blockchain\TestProjects\NextGenSoftware.OASIS.API.Providers.EthereumOASIS.IntegrationTests\EthereumOASISIntegrationTests.cs(187,45): error CS1061: 'OASISResult<bool>' does not contain a definition for 'IsSuccess' and no accessible extension method 'IsSuccess' accepting a first argument of type 'OASISResult<bool>' could be found (are you missing a using directive or an assembly reference?) [C:\Source\OASIS-master\Providers\Blockchain\TestProjects\NextGenSoftware.OASIS.API.Providers.EthereumOASIS.IntegrationTests\NextGenSoftware.OASIS.API.Providers.EthereumOASIS.IntegrationTests.csproj]
C:\Source\OASIS-master\Providers\Blockchain\TestProjects\NextGenSoftware.OASIS.API.Providers.EthereumOASIS.IntegrationTests\EthereumOASISIntegrationTests.cs(198,54): error CS1061: 'EthereumOASIS' does not contain a definition for 'LoadNFTAsync' and no accessible extension method 'LoadNFTAsync' accepting a first argument of type 'EthereumOASIS' could be found (are you missing a using directive or an assembly reference?) [C:\Source\OASIS-master\Providers\Blockchain\TestProjects\NextGenSoftware.OASIS.API.Providers.EthereumOASIS.IntegrationTests\NextGenSoftware.OASIS.API.Providers.EthereumOASIS.IntegrationTests.csproj]
C:\Source\OASIS-master\Providers\Blockchain\TestProjects\NextGenSoftware.OASIS.API.Providers.EthereumOASIS.IntegrationTests\EthereumOASISIntegrationTests.cs(212,20): error CS0411: The type arguments for method 'Assert.AreEqual<T>(T?, T?)' cannot be inferred from the usage. Try specifying the type arguments explicitly. [C:\Source\OASIS-master\Providers\Blockchain\TestProjects\NextGenSoftware.OASIS.API.Providers.EthereumOASIS.IntegrationTests\NextGenSoftware.OASIS.API.Providers.EthereumOASIS.IntegrationTests.csproj]
C:\Source\OASIS-master\Providers\Blockchain\TestProjects\NextGenSoftware.OASIS.API.Providers.COSMOSOASIS.TestHarness\Program.cs(38,44): error CS0266: Cannot implicitly convert type 'NextGenSoftware.OASIS.Common.OASISResult<System.Collections.Generic.IEnumerable<NextGenSoftware.OASIS.API.Core.Interfaces.IAvatar>>' to 'System.Collections.Generic.IEnumerable<NextGenSoftware.OASIS.API.Core.Interfaces.IAvatar>'. An explicit conversion exists (are you missing a cast?) [C:\Source\OASIS-master\Providers\Blockchain\TestProjects\NextGenSoftware.OASIS.API.Providers.COSMOSOASIS.TestHarness\NextGenSoftware.OASIS.API.Providers.COSMOSOASIS.TestHarness.csproj]
C:\Source\OASIS-master\Providers\Blockchain\TestProjects\NextGenSoftware.OASIS.API.Providers.EthereumOASIS.IntegrationTests\EthereumOASISIntegrationTests.cs(213,46): error CS0117: 'ProviderCategory' does not contain a definition for 'BlockchainStorage' [C:\Source\OASIS-master\Providers\Blockchain\TestProjects\NextGenSoftware.OASIS.API.Providers.EthereumOASIS.IntegrationTests\NextGenSoftware.OASIS.API.Providers.EthereumOASIS.IntegrationTests.csproj]
C:\Source\OASIS-master\Providers\Blockchain\TestProjects\NextGenSoftware.OASIS.API.Providers.COSMOSOASIS.TestHarness\Program.cs(40,66): error CS1503: Argument 1: cannot convert from 'string' to 'System.Guid' [C:\Source\OASIS-master\Providers\Blockchain\TestProjects\NextGenSoftware.OASIS.API.Providers.COSMOSOASIS.TestHarness\NextGenSoftware.OASIS.API.Providers.COSMOSOASIS.TestHarness.csproj]
C:\Source\OASIS-master\Providers\Blockchain\TestProjects\NextGenSoftware.OASIS.API.Providers.COSMOSOASIS.TestHarness\Program.cs(40,75): error CS1503: Argument 2: cannot convert from 'string' to 'int' [C:\Source\OASIS-master\Providers\Blockchain\TestProjects\NextGenSoftware.OASIS.API.Providers.COSMOSOASIS.TestHarness\NextGenSoftware.OASIS.API.Providers.COSMOSOASIS.TestHarness.csproj]
C:\Source\OASIS-master\Providers\Blockchain\TestProjects\NextGenSoftware.OASIS.API.Providers.COSMOSOASIS.TestHarness\Program.cs(42,30): error CS0029: Cannot implicitly convert type 'NextGenSoftware.OASIS.Common.OASISResult<bool>' to 'bool' [C:\Source\OASIS-master\Providers\Blockchain\TestProjects\NextGenSoftware.OASIS.API.Providers.COSMOSOASIS.TestHarness\NextGenSoftware.OASIS.API.Providers.COSMOSOASIS.TestHarness.csproj]
C:\Source\OASIS-master\Providers\Blockchain\TestProjects\NextGenSoftware.OASIS.API.Providers.EthereumOASIS.IntegrationTests\EthereumOASISIntegrationTests.cs(214,59): error CS1061: 'EthereumOASIS' does not contain a definition for 'Description' and no accessible extension method 'Description' accepting a first argument of type 'EthereumOASIS' could be found (are you missing a using directive or an assembly reference?) [C:\Source\OASIS-master\Providers\Blockchain\TestProjects\NextGenSoftware.OASIS.API.Providers.EthereumOASIS.IntegrationTests\NextGenSoftware.OASIS.API.Providers.EthereumOASIS.IntegrationTests.csproj]
C:\Source\OASIS-master\Providers\Blockchain\TestProjects\NextGenSoftware.OASIS.API.Providers.EthereumOASIS.IntegrationTests\EthereumOASISIntegrationTests.cs(208,27): warning CS1998: This async method lacks 'await' operators and will run synchronously. Consider using the 'await' operator to await non-blocking API calls, or 'await Task.Run(...)' to do CPU-bound work on a background thread. [C:\Source\OASIS-master\Providers\Blockchain\TestProjects\NextGenSoftware.OASIS.API.Providers.EthereumOASIS.IntegrationTests\NextGenSoftware.OASIS.API.Providers.EthereumOASIS.IntegrationTests.csproj]
C:\Source\OASIS-master\Providers\Blockchain\TestProjects\NextGenSoftware.OASIS.API.Providers.EthereumOASIS.IntegrationTests\EthereumOASISIntegrationTests.cs(12,31): warning CS8618: Non-nullable field '_provider' must contain a non-null value when exiting constructor. Consider adding the 'required' modifier or declaring the field as nullable. [C:\Source\OASIS-master\Providers\Blockchain\TestProjects\NextGenSoftware.OASIS.API.Providers.EthereumOASIS.IntegrationTests\NextGenSoftware.OASIS.API.Providers.EthereumOASIS.IntegrationTests.csproj]
  NextGenSoftware.OASIS.API.Providers.ActivityPubOASIS -> C:\Source\OASIS-master\Providers\Network\NextGenSoftware.OASIS.API.Providers.ActivityPubOASIS\bin\Debug\net8.0\NextGenSoftware.OASIS.API.Providers.ActivityPubOASIS.dll
  NextGenSoftware.OASIS.STAR.DNA -> C:\Source\OASIS-master\STAR ODK\NextGenSoftware.OASIS.STAR.STARDNA\bin\Debug\net8.0\NextGenSoftware.OASIS.STAR.DNA.dll
C:\Program Files\dotnet\sdk\9.0.306\Sdks\Microsoft.NET.Sdk\targets\Microsoft.NET.Sdk.targets(323,5): warning NETSDK1206: Found version-specific or distribution-specific runtime identifier(s): win7-x64. Affected libraries: Microsoft.Azure.DocumentDB.Core. In .NET 8.0 and higher, assets for version-specific and distribution-specific runtime identifiers will not be found by default. See https://aka.ms/dotnet/rid-usage for details. [C:\Source\OASIS-master\Providers\Cloud\NextGenSoftware.OASIS.API.Providers.AzureCosmosDBOASIS\NextGenSoftware.OASIS.API.Providers.AzureCosmosDBOASIS.csproj]
C:\Source\OASIS-master\Providers\Blockchain\TestProjects\NextGenSoftware.OASIS.API.Providers.EOSIOOASIS.TestHarness\Program.cs(13,54): error CS0234: The type or namespace name 'Requests' does not exist in the namespace 'NextGenSoftware.OASIS.API.Core.Objects.Wallets' (are you missing an assembly reference?) [C:\Source\OASIS-master\Providers\Blockchain\TestProjects\NextGenSoftware.OASIS.API.Providers.EOSIOOASIS.TestHarness\NextGenSoftware.OASIS.API.Providers.EOSIOOASIS.TestHarness.csproj]
  NextGenSoftware.OASIS.API.Providers.AzureCosmosDBOASIS -> C:\Source\OASIS-master\Providers\Cloud\NextGenSoftware.OASIS.API.Providers.AzureCosmosDBOASIS\bin\Debug\net8.0\NextGenSoftware.OASIS.API.Providers.AzureCosmosDBOASIS.dll
  NextGenSoftware.WebSocket -> C:\Source\NextGenSoftware-Libraries\NextGenSoftware Libraries\NextGenSoftware.WebSocket\bin\Debug\net9.0\NextGenSoftware.WebSocket.dll
C:\Source\OASIS-master\Providers\Blockchain\TestProjects\NextGenSoftware.OASIS.API.Providers.ChainLinkOASIS.UnitTests\ChainLinkOASISTests.cs(107,54): error CS1061: 'IWeb3NFT' does not contain a definition for 'TokenId' and no accessible extension method 'TokenId' accepting a first argument of type 'IWeb3NFT' could be found (are you missing a using directive or an assembly reference?) [C:\Source\OASIS-master\Providers\Blockchain\TestProjects\NextGenSoftware.OASIS.API.Providers.ChainLinkOASIS.UnitTests\NextGenSoftware.OASIS.API.Providers.ChainLinkOASIS.UnitTests.csproj]
C:\Source\OASIS-master\Providers\Blockchain\TestProjects\NextGenSoftware.OASIS.API.Providers.ChainLinkOASIS.UnitTests\ChainLinkOASISTests.cs(108,60): error CS1061: 'IWeb3NFT' does not contain a definition for 'Name' and no accessible extension method 'Name' accepting a first argument of type 'IWeb3NFT' could be found (are you missing a using directive or an assembly reference?) [C:\Source\OASIS-master\Providers\Blockchain\TestProjects\NextGenSoftware.OASIS.API.Providers.ChainLinkOASIS.UnitTests\NextGenSoftware.OASIS.API.Providers.ChainLinkOASIS.UnitTests.csproj]
  NextGenSoftware.OASIS.STAR.TestHarness -> C:\Source\OASIS-master\STAR ODK\NextGenSoftware.OASIS.STAR.TestHarness\bin\Debug\net9.0\NextGenSoftware.OASIS.STAR.TestHarness.dll
C:\Program Files\dotnet\sdk\9.0.306\Microsoft.Common.CurrentVersion.targets(2189,5): warning MSB9008: The referenced project ..\..\..\OASIS Architecture\NextGenSoftware.OASIS.API.Core\NextGenSoftware.OASIS.API.Core.csproj does not exist. [C:\Source\OASIS-master\Providers\Blockchain\TestProjects\NextGenSoftware.OASIS.API.Providers.BNBChainOASIS.IntegrationTests\NextGenSoftware.OASIS.API.Providers.BNBChainOASIS.IntegrationTests.csproj]
  NextGenSoftware.OASIS.API.Providers.Web3CoreOASIS.TestHarness -> C:\Source\OASIS-master\Providers\Blockchain\TestProjects\NextGenSoftware.OASIS.API.Providers.Web3CoreOASIS.TestHarness\bin\Debug\net8.0\NextGenSoftware.OASIS.API.Providers.Web3CoreOASIS.TestHarness.dll
C:\Source\OASIS-master\Providers\Blockchain\TestProjects\NextGenSoftware.OASIS.API.Providers.PolygonOASIS.IntegrationTests\PolygonOASISIntegrationTests.cs(17,29): error CS7036: There is no argument given that corresponds to the required parameter 'hostUri' of 'PolygonOASIS.PolygonOASIS(string, string, string)' [C:\Source\OASIS-master\Providers\Blockchain\TestProjects\NextGenSoftware.OASIS.API.Providers.PolygonOASIS.IntegrationTests\NextGenSoftware.OASIS.API.Providers.PolygonOASIS.IntegrationTests.csproj]
C:\Source\OASIS-master\Providers\Blockchain\TestProjects\NextGenSoftware.OASIS.API.Providers.PolygonOASIS.IntegrationTests\PolygonOASISIntegrationTests.cs(25,42): error CS1061: 'OASISResult<bool>' does not contain a definition for 'IsSuccess' and no accessible extension method 'IsSuccess' accepting a first argument of type 'OASISResult<bool>' could be found (are you missing a using directive or an assembly reference?) [C:\Source\OASIS-master\Providers\Blockchain\TestProjects\NextGenSoftware.OASIS.API.Providers.PolygonOASIS.IntegrationTests\NextGenSoftware.OASIS.API.Providers.PolygonOASIS.IntegrationTests.csproj]
C:\Source\OASIS-master\Providers\Blockchain\TestProjects\NextGenSoftware.OASIS.API.Providers.PolygonOASIS.IntegrationTests\PolygonOASISIntegrationTests.cs(28,30): error CS0246: The type or namespace name 'Avatar' could not be found (are you missing a using directive or an assembly reference?) [C:\Source\OASIS-master\Providers\Blockchain\TestProjects\NextGenSoftware.OASIS.API.Providers.PolygonOASIS.IntegrationTests\NextGenSoftware.OASIS.API.Providers.PolygonOASIS.IntegrationTests.csproj]
C:\Source\OASIS-master\Providers\Blockchain\TestProjects\NextGenSoftware.OASIS.API.Providers.PolygonOASIS.IntegrationTests\PolygonOASISIntegrationTests.cs(41,45): error CS1061: 'OASISResult<IAvatar>' does not contain a definition for 'IsSuccess' and no accessible extension method 'IsSuccess' accepting a first argument of type 'OASISResult<IAvatar>' could be found (are you missing a using directive or an assembly reference?) [C:\Source\OASIS-master\Providers\Blockchain\TestProjects\NextGenSoftware.OASIS.API.Providers.PolygonOASIS.IntegrationTests\NextGenSoftware.OASIS.API.Providers.PolygonOASIS.IntegrationTests.csproj]
C:\Source\OASIS-master\Providers\Blockchain\TestProjects\NextGenSoftware.OASIS.API.Providers.PolygonOASIS.IntegrationTests\PolygonOASISIntegrationTests.cs(45,29): error CS0246: The type or namespace name 'Holon' could not be found (are you missing a using directive or an assembly reference?) [C:\Source\OASIS-master\Providers\Blockchain\TestProjects\NextGenSoftware.OASIS.API.Providers.PolygonOASIS.IntegrationTests\NextGenSoftware.OASIS.API.Providers.PolygonOASIS.IntegrationTests.csproj]
C:\Source\OASIS-master\Providers\Blockchain\TestProjects\NextGenSoftware.OASIS.API.Providers.PolygonOASIS.IntegrationTests\PolygonOASISIntegrationTests.cs(56,44): error CS1061: 'OASISResult<IHolon>' does not contain a definition for 'IsSuccess' and no accessible extension method 'IsSuccess' accepting a first argument of type 'OASISResult<IHolon>' could be found (are you missing a using directive or an assembly reference?) [C:\Source\OASIS-master\Providers\Blockchain\TestProjects\NextGenSoftware.OASIS.API.Providers.PolygonOASIS.IntegrationTests\NextGenSoftware.OASIS.API.Providers.PolygonOASIS.IntegrationTests.csproj]
C:\Source\OASIS-master\Providers\Blockchain\TestProjects\NextGenSoftware.OASIS.API.Providers.PolygonOASIS.IntegrationTests\PolygonOASISIntegrationTests.cs(60,35): error CS0246: The type or namespace name 'MintNFTTransactionRequest' could not be found (are you missing a using directive or an assembly reference?) [C:\Source\OASIS-master\Providers\Blockchain\TestProjects\NextGenSoftware.OASIS.API.Providers.PolygonOASIS.IntegrationTests\NextGenSoftware.OASIS.API.Providers.PolygonOASIS.IntegrationTests.csproj]
C:\Source\OASIS-master\Providers\Blockchain\TestProjects\NextGenSoftware.OASIS.API.Providers.PolygonOASIS.IntegrationTests\PolygonOASISIntegrationTests.cs(65,49): error CS1061: 'PolygonOASIS' does not contain a definition for 'LoadNFTAsync' and no accessible extension method 'LoadNFTAsync' accepting a first argument of type 'PolygonOASIS' could be found (are you missing a using directive or an assembly reference?) [C:\Source\OASIS-master\Providers\Blockchain\TestProjects\NextGenSoftware.OASIS.API.Providers.PolygonOASIS.IntegrationTests\NextGenSoftware.OASIS.API.Providers.PolygonOASIS.IntegrationTests.csproj]
C:\Source\OASIS-master\Providers\Blockchain\TestProjects\NextGenSoftware.OASIS.API.Providers.PolygonOASIS.IntegrationTests\PolygonOASISIntegrationTests.cs(70,35): error CS0246: The type or namespace name 'WalletTransactionRequest' could not be found (are you missing a using directive or an assembly reference?) [C:\Source\OASIS-master\Providers\Blockchain\TestProjects\NextGenSoftware.OASIS.API.Providers.PolygonOASIS.IntegrationTests\NextGenSoftware.OASIS.API.Providers.PolygonOASIS.IntegrationTests.csproj]
C:\Source\OASIS-master\Providers\Blockchain\TestProjects\NextGenSoftware.OASIS.API.Providers.PolygonOASIS.IntegrationTests\PolygonOASISIntegrationTests.cs(76,36): error CS0246: The type or namespace name 'PlaceGeoSpatialNFTRequest' could not be found (are you missing a using directive or an assembly reference?) [C:\Source\OASIS-master\Providers\Blockchain\TestProjects\NextGenSoftware.OASIS.API.Providers.PolygonOASIS.IntegrationTests\NextGenSoftware.OASIS.API.Providers.PolygonOASIS.IntegrationTests.csproj]
C:\Source\OASIS-master\Providers\Blockchain\TestProjects\NextGenSoftware.OASIS.API.Providers.PolygonOASIS.IntegrationTests\PolygonOASISIntegrationTests.cs(77,53): error CS1061: 'PolygonOASIS' does not contain a definition for 'PlaceGeoNFTAsync' and no accessible extension method 'PlaceGeoNFTAsync' accepting a first argument of type 'PolygonOASIS' could be found (are you missing a using directive or an assembly reference?) [C:\Source\OASIS-master\Providers\Blockchain\TestProjects\NextGenSoftware.OASIS.API.Providers.PolygonOASIS.IntegrationTests\NextGenSoftware.OASIS.API.Providers.PolygonOASIS.IntegrationTests.csproj]
C:\Source\OASIS-master\Providers\Blockchain\TestProjects\NextGenSoftware.OASIS.API.Providers.PolygonOASIS.IntegrationTests\PolygonOASISIntegrationTests.cs(81,53): error CS1061: 'PolygonOASIS' does not contain a definition for 'LoadAllGeoNFTsForAvatarAsync' and no accessible extension method 'LoadAllGeoNFTsForAvatarAsync' accepting a first argument of type 'PolygonOASIS' could be found (are you missing a using directive or an assembly reference?) [C:\Source\OASIS-master\Providers\Blockchain\TestProjects\NextGenSoftware.OASIS.API.Providers.PolygonOASIS.IntegrationTests\NextGenSoftware.OASIS.API.Providers.PolygonOASIS.IntegrationTests.csproj]
C:\Source\OASIS-master\Providers\Blockchain\TestProjects\NextGenSoftware.OASIS.API.Providers.PolygonOASIS.IntegrationTests\PolygonOASISIntegrationTests.cs(86,36): error CS0246: The type or namespace name 'SearchParams' could not be found (are you missing a using directive or an assembly reference?) [C:\Source\OASIS-master\Providers\Blockchain\TestProjects\NextGenSoftware.OASIS.API.Providers.PolygonOASIS.IntegrationTests\NextGenSoftware.OASIS.API.Providers.PolygonOASIS.IntegrationTests.csproj]
C:\Source\OASIS-master\Providers\Blockchain\TestProjects\NextGenSoftware.OASIS.API.Providers.PolygonOASIS.IntegrationTests\PolygonOASISIntegrationTests.cs(88,41): error CS1061: 'OASISResult<ISearchResults>' does not contain a definition for 'IsSuccess' and no accessible extension method 'IsSuccess' accepting a first argument of type 'OASISResult<ISearchResults>' could be found (are you missing a using directive or an assembly reference?) [C:\Source\OASIS-master\Providers\Blockchain\TestProjects\NextGenSoftware.OASIS.API.Providers.PolygonOASIS.IntegrationTests\NextGenSoftware.OASIS.API.Providers.PolygonOASIS.IntegrationTests.csproj]
C:\Source\OASIS-master\Providers\Blockchain\TestProjects\NextGenSoftware.OASIS.API.Providers.PolygonOASIS.IntegrationTests\PolygonOASISIntegrationTests.cs(94,41): error CS1061: 'OASISResult<bool>' does not contain a definition for 'IsSuccess' and no accessible extension method 'IsSuccess' accepting a first argument of type 'OASISResult<bool>' could be found (are you missing a using directive or an assembly reference?) [C:\Source\OASIS-master\Providers\Blockchain\TestProjects\NextGenSoftware.OASIS.API.Providers.PolygonOASIS.IntegrationTests\NextGenSoftware.OASIS.API.Providers.PolygonOASIS.IntegrationTests.csproj]
C:\Source\OASIS-master\Providers\Blockchain\TestProjects\NextGenSoftware.OASIS.API.Providers.PolygonOASIS.IntegrationTests\PolygonOASISIntegrationTests.cs(98,41): error CS1061: 'OASISResult<IEnumerable<IHolon>>' does not contain a definition for 'IsSuccess' and no accessible extension method 'IsSuccess' accepting a first argument of type 'OASISResult<IEnumerable<IHolon>>' could be found (are you missing a using directive or an assembly reference?) [C:\Source\OASIS-master\Providers\Blockchain\TestProjects\NextGenSoftware.OASIS.API.Providers.PolygonOASIS.IntegrationTests\NextGenSoftware.OASIS.API.Providers.PolygonOASIS.IntegrationTests.csproj]
C:\Source\OASIS-master\Providers\Blockchain\TestProjects\NextGenSoftware.OASIS.API.Providers.PolygonOASIS.IntegrationTests\PolygonOASISIntegrationTests.cs(103,44): error CS1061: 'OASISResult<bool>' does not contain a definition for 'IsSuccess' and no accessible extension method 'IsSuccess' accepting a first argument of type 'OASISResult<bool>' could be found (are you missing a using directive or an assembly reference?) [C:\Source\OASIS-master\Providers\Blockchain\TestProjects\NextGenSoftware.OASIS.API.Providers.PolygonOASIS.IntegrationTests\NextGenSoftware.OASIS.API.Providers.PolygonOASIS.IntegrationTests.csproj]
C:\Source\OASIS-master\Providers\Blockchain\TestProjects\NextGenSoftware.OASIS.API.Providers.PolygonOASIS.IntegrationTests\PolygonOASISIntegrationTests.cs(110,20): error CS0411: The type arguments for method 'Assert.AreEqual<T>(T?, T?)' cannot be inferred from the usage. Try specifying the type arguments explicitly. [C:\Source\OASIS-master\Providers\Blockchain\TestProjects\NextGenSoftware.OASIS.API.Providers.PolygonOASIS.IntegrationTests\NextGenSoftware.OASIS.API.Providers.PolygonOASIS.IntegrationTests.csproj]
C:\Source\OASIS-master\Providers\Blockchain\TestProjects\NextGenSoftware.OASIS.API.Providers.PolygonOASIS.IntegrationTests\PolygonOASISIntegrationTests.cs(111,46): error CS0117: 'ProviderCategory' does not contain a definition for 'BlockchainStorage' [C:\Source\OASIS-master\Providers\Blockchain\TestProjects\NextGenSoftware.OASIS.API.Providers.PolygonOASIS.IntegrationTests\NextGenSoftware.OASIS.API.Providers.PolygonOASIS.IntegrationTests.csproj]
C:\Source\OASIS-master\Providers\Blockchain\TestProjects\NextGenSoftware.OASIS.API.Providers.PolygonOASIS.IntegrationTests\PolygonOASISIntegrationTests.cs(115,42): error CS1061: 'OASISResult<bool>' does not contain a definition for 'IsSuccess' and no accessible extension method 'IsSuccess' accepting a first argument of type 'OASISResult<bool>' could be found (are you missing a using directive or an assembly reference?) [C:\Source\OASIS-master\Providers\Blockchain\TestProjects\NextGenSoftware.OASIS.API.Providers.PolygonOASIS.IntegrationTests\NextGenSoftware.OASIS.API.Providers.PolygonOASIS.IntegrationTests.csproj]
C:\Source\OASIS-master\Providers\Blockchain\TestProjects\NextGenSoftware.OASIS.API.Providers.PolygonOASIS.IntegrationTests\PolygonOASISIntegrationTests.cs(119,44): error CS1061: 'OASISResult<bool>' does not contain a definition for 'IsSuccess' and no accessible extension method 'IsSuccess' accepting a first argument of type 'OASISResult<bool>' could be found (are you missing a using directive or an assembly reference?) [C:\Source\OASIS-master\Providers\Blockchain\TestProjects\NextGenSoftware.OASIS.API.Providers.PolygonOASIS.IntegrationTests\NextGenSoftware.OASIS.API.Providers.PolygonOASIS.IntegrationTests.csproj]
C:\Source\OASIS-master\Providers\Blockchain\TestProjects\NextGenSoftware.OASIS.API.Providers.PolygonOASIS.IntegrationTests\PolygonOASISIntegrationTests.cs(127,30): error CS0246: The type or namespace name 'Avatar' could not be found (are you missing a using directive or an assembly reference?) [C:\Source\OASIS-master\Providers\Blockchain\TestProjects\NextGenSoftware.OASIS.API.Providers.PolygonOASIS.IntegrationTests\NextGenSoftware.OASIS.API.Providers.PolygonOASIS.IntegrationTests.csproj]
C:\Source\OASIS-master\Providers\Blockchain\TestProjects\NextGenSoftware.OASIS.API.Providers.PolygonOASIS.IntegrationTests\PolygonOASISIntegrationTests.cs(132,29): error CS0246: The type or namespace name 'Holon' could not be found (are you missing a using directive or an assembly reference?) [C:\Source\OASIS-master\Providers\Blockchain\TestProjects\NextGenSoftware.OASIS.API.Providers.PolygonOASIS.IntegrationTests\NextGenSoftware.OASIS.API.Providers.PolygonOASIS.IntegrationTests.csproj]
C:\Source\OASIS-master\Providers\Blockchain\TestProjects\NextGenSoftware.OASIS.API.Providers.PolygonOASIS.IntegrationTests\PolygonOASISIntegrationTests.cs(137,35): error CS0246: The type or namespace name 'WalletTransactionRequest' could not be found (are you missing a using directive or an assembly reference?) [C:\Source\OASIS-master\Providers\Blockchain\TestProjects\NextGenSoftware.OASIS.API.Providers.PolygonOASIS.IntegrationTests\NextGenSoftware.OASIS.API.Providers.PolygonOASIS.IntegrationTests.csproj]
C:\Source\OASIS-master\Providers\Blockchain\TestProjects\NextGenSoftware.OASIS.API.Providers.PolygonOASIS.IntegrationTests\PolygonOASISIntegrationTests.cs(142,38): error CS0246: The type or namespace name 'NFTWalletTransactionRequest' could not be found (are you missing a using directive or an assembly reference?) [C:\Source\OASIS-master\Providers\Blockchain\TestProjects\NextGenSoftware.OASIS.API.Providers.PolygonOASIS.IntegrationTests\NextGenSoftware.OASIS.API.Providers.PolygonOASIS.IntegrationTests.csproj]
C:\Source\OASIS-master\Providers\Blockchain\TestProjects\NextGenSoftware.OASIS.API.Providers.PolygonOASIS.IntegrationTests\PolygonOASISIntegrationTests.cs(156,27): error CS1061: 'PolygonOASIS' does not contain a definition for 'LoadAllNFTsForAvatarAsync' and no accessible extension method 'LoadAllNFTsForAvatarAsync' accepting a first argument of type 'PolygonOASIS' could be found (are you missing a using directive or an assembly reference?) [C:\Source\OASIS-master\Providers\Blockchain\TestProjects\NextGenSoftware.OASIS.API.Providers.PolygonOASIS.IntegrationTests\NextGenSoftware.OASIS.API.Providers.PolygonOASIS.IntegrationTests.csproj]
C:\Source\OASIS-master\Providers\Blockchain\TestProjects\NextGenSoftware.OASIS.API.Providers.PolygonOASIS.IntegrationTests\PolygonOASISIntegrationTests.cs(157,27): error CS1061: 'PolygonOASIS' does not contain a definition for 'LoadAllGeoNFTsForAvatarAsync' and no accessible extension method 'LoadAllGeoNFTsForAvatarAsync' accepting a first argument of type 'PolygonOASIS' could be found (are you missing a using directive or an assembly reference?) [C:\Source\OASIS-master\Providers\Blockchain\TestProjects\NextGenSoftware.OASIS.API.Providers.PolygonOASIS.IntegrationTests\NextGenSoftware.OASIS.API.Providers.PolygonOASIS.IntegrationTests.csproj]
C:\Source\OASIS-master\Providers\Blockchain\TestProjects\NextGenSoftware.OASIS.API.Providers.PolygonOASIS.IntegrationTests\PolygonOASISIntegrationTests.cs(162,17): error CS0815: Cannot assign void to an implicitly-typed variable [C:\Source\OASIS-master\Providers\Blockchain\TestProjects\NextGenSoftware.OASIS.API.Providers.PolygonOASIS.IntegrationTests\NextGenSoftware.OASIS.API.Providers.PolygonOASIS.IntegrationTests.csproj]
C:\Source\OASIS-master\Providers\Blockchain\TestProjects\NextGenSoftware.OASIS.API.Providers.PolygonOASIS.IntegrationTests\PolygonOASISIntegrationTests.cs(177,35): error CS1061: 'OASISResult<bool>' does not contain a definition for 'IsSuccess' and no accessible extension method 'IsSuccess' accepting a first argument of type 'OASISResult<bool>' could be found (are you missing a using directive or an assembly reference?) [C:\Source\OASIS-master\Providers\Blockchain\TestProjects\NextGenSoftware.OASIS.API.Providers.PolygonOASIS.IntegrationTests\NextGenSoftware.OASIS.API.Providers.PolygonOASIS.IntegrationTests.csproj]
C:\Source\OASIS-master\Providers\Blockchain\TestProjects\NextGenSoftware.OASIS.API.Providers.PolygonOASIS.IntegrationTests\PolygonOASISIntegrationTests.cs(178,35): error CS1061: 'OASISResult<bool>' does not contain a definition for 'IsSuccess' and no accessible extension method 'IsSuccess' accepting a first argument of type 'OASISResult<bool>' could be found (are you missing a using directive or an assembly reference?) [C:\Source\OASIS-master\Providers\Blockchain\TestProjects\NextGenSoftware.OASIS.API.Providers.PolygonOASIS.IntegrationTests\NextGenSoftware.OASIS.API.Providers.PolygonOASIS.IntegrationTests.csproj]
C:\Source\OASIS-master\Providers\Blockchain\TestProjects\NextGenSoftware.OASIS.API.Providers.PolygonOASIS.IntegrationTests\PolygonOASISIntegrationTests.cs(179,35): error CS1061: 'OASISResult<bool>' does not contain a definition for 'IsSuccess' and no accessible extension method 'IsSuccess' accepting a first argument of type 'OASISResult<bool>' could be found (are you missing a using directive or an assembly reference?) [C:\Source\OASIS-master\Providers\Blockchain\TestProjects\NextGenSoftware.OASIS.API.Providers.PolygonOASIS.IntegrationTests\NextGenSoftware.OASIS.API.Providers.PolygonOASIS.IntegrationTests.csproj]
C:\Source\OASIS-master\Providers\Blockchain\TestProjects\NextGenSoftware.OASIS.API.Providers.PolygonOASIS.IntegrationTests\PolygonOASISIntegrationTests.cs(186,45): error CS1061: 'OASISResult<bool>' does not contain a definition for 'IsSuccess' and no accessible extension method 'IsSuccess' accepting a first argument of type 'OASISResult<bool>' could be found (are you missing a using directive or an assembly reference?) [C:\Source\OASIS-master\Providers\Blockchain\TestProjects\NextGenSoftware.OASIS.API.Providers.PolygonOASIS.IntegrationTests\NextGenSoftware.OASIS.API.Providers.PolygonOASIS.IntegrationTests.csproj]
C:\Source\OASIS-master\Providers\Blockchain\TestProjects\NextGenSoftware.OASIS.API.Providers.PolygonOASIS.IntegrationTests\PolygonOASISIntegrationTests.cs(187,45): error CS1061: 'OASISResult<bool>' does not contain a definition for 'IsSuccess' and no accessible extension method 'IsSuccess' accepting a first argument of type 'OASISResult<bool>' could be found (are you missing a using directive or an assembly reference?) [C:\Source\OASIS-master\Providers\Blockchain\TestProjects\NextGenSoftware.OASIS.API.Providers.PolygonOASIS.IntegrationTests\NextGenSoftware.OASIS.API.Providers.PolygonOASIS.IntegrationTests.csproj]
C:\Source\OASIS-master\Providers\Blockchain\TestProjects\NextGenSoftware.OASIS.API.Providers.PolygonOASIS.IntegrationTests\PolygonOASISIntegrationTests.cs(198,54): error CS1061: 'PolygonOASIS' does not contain a definition for 'LoadNFTAsync' and no accessible extension method 'LoadNFTAsync' accepting a first argument of type 'PolygonOASIS' could be found (are you missing a using directive or an assembly reference?) [C:\Source\OASIS-master\Providers\Blockchain\TestProjects\NextGenSoftware.OASIS.API.Providers.PolygonOASIS.IntegrationTests\NextGenSoftware.OASIS.API.Providers.PolygonOASIS.IntegrationTests.csproj]
C:\Source\OASIS-master\Providers\Blockchain\TestProjects\NextGenSoftware.OASIS.API.Providers.PolygonOASIS.IntegrationTests\PolygonOASISIntegrationTests.cs(212,20): error CS0411: The type arguments for method 'Assert.AreEqual<T>(T?, T?)' cannot be inferred from the usage. Try specifying the type arguments explicitly. [C:\Source\OASIS-master\Providers\Blockchain\TestProjects\NextGenSoftware.OASIS.API.Providers.PolygonOASIS.IntegrationTests\NextGenSoftware.OASIS.API.Providers.PolygonOASIS.IntegrationTests.csproj]
C:\Source\OASIS-master\Providers\Blockchain\TestProjects\NextGenSoftware.OASIS.API.Providers.PolygonOASIS.IntegrationTests\PolygonOASISIntegrationTests.cs(213,46): error CS0117: 'ProviderCategory' does not contain a definition for 'BlockchainStorage' [C:\Source\OASIS-master\Providers\Blockchain\TestProjects\NextGenSoftware.OASIS.API.Providers.PolygonOASIS.IntegrationTests\NextGenSoftware.OASIS.API.Providers.PolygonOASIS.IntegrationTests.csproj]
C:\Source\OASIS-master\Providers\Blockchain\TestProjects\NextGenSoftware.OASIS.API.Providers.PolygonOASIS.IntegrationTests\PolygonOASISIntegrationTests.cs(214,59): error CS1061: 'PolygonOASIS' does not contain a definition for 'Description' and no accessible extension method 'Description' accepting a first argument of type 'PolygonOASIS' could be found (are you missing a using directive or an assembly reference?) [C:\Source\OASIS-master\Providers\Blockchain\TestProjects\NextGenSoftware.OASIS.API.Providers.PolygonOASIS.IntegrationTests\NextGenSoftware.OASIS.API.Providers.PolygonOASIS.IntegrationTests.csproj]
C:\Source\OASIS-master\Providers\Blockchain\TestProjects\NextGenSoftware.OASIS.API.Providers.PolygonOASIS.IntegrationTests\PolygonOASISIntegrationTests.cs(208,27): warning CS1998: This async method lacks 'await' operators and will run synchronously. Consider using the 'await' operator to await non-blocking API calls, or 'await Task.Run(...)' to do CPU-bound work on a background thread. [C:\Source\OASIS-master\Providers\Blockchain\TestProjects\NextGenSoftware.OASIS.API.Providers.PolygonOASIS.IntegrationTests\NextGenSoftware.OASIS.API.Providers.PolygonOASIS.IntegrationTests.csproj]
C:\Source\OASIS-master\Providers\Blockchain\TestProjects\NextGenSoftware.OASIS.API.Providers.PolygonOASIS.IntegrationTests\PolygonOASISIntegrationTests.cs(12,30): warning CS8618: Non-nullable field '_provider' must contain a non-null value when exiting constructor. Consider adding the 'required' modifier or declaring the field as nullable. [C:\Source\OASIS-master\Providers\Blockchain\TestProjects\NextGenSoftware.OASIS.API.Providers.PolygonOASIS.IntegrationTests\NextGenSoftware.OASIS.API.Providers.PolygonOASIS.IntegrationTests.csproj]
C:\Program Files\dotnet\sdk\9.0.306\Microsoft.Common.CurrentVersion.targets(2189,5): warning MSB9008: The referenced project ..\..\..\OASIS Architecture\NextGenSoftware.OASIS.API.Core\NextGenSoftware.OASIS.API.Core.csproj does not exist. [C:\Source\OASIS-master\Providers\Blockchain\TestProjects\NextGenSoftware.OASIS.API.Providers.BNBChainOASIS.UnitTests\NextGenSoftware.OASIS.API.Providers.BNBChainOASIS.UnitTests.csproj]
C:\Source\OASIS-master\Providers\Blockchain\TestProjects\NextGenSoftware.OASIS.API.Providers.EthereumOASIS.UnitTests\EthereumOASISTests.cs(17,29): error CS7036: There is no argument given that corresponds to the required parameter 'hostUri' of 'EthereumOASIS.EthereumOASIS(string, string, BigInteger, string)' [C:\Source\OASIS-master\Providers\Blockchain\TestProjects\NextGenSoftware.OASIS.API.Providers.EthereumOASIS.UnitTests\NextGenSoftware.OASIS.API.Providers.EthereumOASIS.UnitTests.csproj]
C:\Source\OASIS-master\Providers\Blockchain\TestProjects\NextGenSoftware.OASIS.API.Providers.EthereumOASIS.UnitTests\EthereumOASISTests.cs(27,34): error CS1061: 'OASISResult<bool>' does not contain a definition for 'IsSuccess' and no accessible extension method 'IsSuccess' accepting a first argument of type 'OASISResult<bool>' could be found (are you missing a using directive or an assembly reference?) [C:\Source\OASIS-master\Providers\Blockchain\TestProjects\NextGenSoftware.OASIS.API.Providers.EthereumOASIS.UnitTests\NextGenSoftware.OASIS.API.Providers.EthereumOASIS.UnitTests.csproj]
C:\Source\OASIS-master\Providers\Blockchain\TestProjects\NextGenSoftware.OASIS.API.Providers.EthereumOASIS.UnitTests\EthereumOASISTests.cs(37,34): error CS1061: 'OASISResult<bool>' does not contain a definition for 'IsSuccess' and no accessible extension method 'IsSuccess' accepting a first argument of type 'OASISResult<bool>' could be found (are you missing a using directive or an assembly reference?) [C:\Source\OASIS-master\Providers\Blockchain\TestProjects\NextGenSoftware.OASIS.API.Providers.EthereumOASIS.UnitTests\NextGenSoftware.OASIS.API.Providers.EthereumOASIS.UnitTests.csproj]
C:\Source\OASIS-master\Providers\Blockchain\TestProjects\NextGenSoftware.OASIS.API.Providers.EthereumOASIS.UnitTests\EthereumOASISTests.cs(44,30): error CS0246: The type or namespace name 'Avatar' could not be found (are you missing a using directive or an assembly reference?) [C:\Source\OASIS-master\Providers\Blockchain\TestProjects\NextGenSoftware.OASIS.API.Providers.EthereumOASIS.UnitTests\NextGenSoftware.OASIS.API.Providers.EthereumOASIS.UnitTests.csproj]
C:\Source\OASIS-master\Providers\Blockchain\TestProjects\NextGenSoftware.OASIS.API.Providers.EthereumOASIS.UnitTests\EthereumOASISTests.cs(67,35): error CS1061: 'OASISResult<IEnumerable<IAvatar>>' does not contain a definition for 'IsSuccess' and no accessible extension method 'IsSuccess' accepting a first argument of type 'OASISResult<IEnumerable<IAvatar>>' could be found (are you missing a using directive or an assembly reference?) [C:\Source\OASIS-master\Providers\Blockchain\TestProjects\NextGenSoftware.OASIS.API.Providers.EthereumOASIS.UnitTests\NextGenSoftware.OASIS.API.Providers.EthereumOASIS.UnitTests.csproj]
C:\Source\OASIS-master\Providers\Blockchain\TestProjects\NextGenSoftware.OASIS.API.Providers.EthereumOASIS.UnitTests\EthereumOASISTests.cs(78,35): error CS1061: 'OASISResult<IAvatar>' does not contain a definition for 'IsSuccess' and no accessible extension method 'IsSuccess' accepting a first argument of type 'OASISResult<IAvatar>' could be found (are you missing a using directive or an assembly reference?) [C:\Source\OASIS-master\Providers\Blockchain\TestProjects\NextGenSoftware.OASIS.API.Providers.EthereumOASIS.UnitTests\NextGenSoftware.OASIS.API.Providers.EthereumOASIS.UnitTests.csproj]
C:\Source\OASIS-master\Providers\Blockchain\TestProjects\NextGenSoftware.OASIS.API.Providers.EthereumOASIS.UnitTests\EthereumOASISTests.cs(89,35): error CS1061: 'OASISResult<IAvatar>' does not contain a definition for 'IsSuccess' and no accessible extension method 'IsSuccess' accepting a first argument of type 'OASISResult<IAvatar>' could be found (are you missing a using directive or an assembly reference?) [C:\Source\OASIS-master\Providers\Blockchain\TestProjects\NextGenSoftware.OASIS.API.Providers.EthereumOASIS.UnitTests\NextGenSoftware.OASIS.API.Providers.EthereumOASIS.UnitTests.csproj]
C:\Source\OASIS-master\Providers\Blockchain\TestProjects\NextGenSoftware.OASIS.API.Providers.EthereumOASIS.UnitTests\EthereumOASISTests.cs(100,35): error CS1061: 'OASISResult<IAvatar>' does not contain a definition for 'IsSuccess' and no accessible extension method 'IsSuccess' accepting a first argument of type 'OASISResult<IAvatar>' could be found (are you missing a using directive or an assembly reference?) [C:\Source\OASIS-master\Providers\Blockchain\TestProjects\NextGenSoftware.OASIS.API.Providers.EthereumOASIS.UnitTests\NextGenSoftware.OASIS.API.Providers.EthereumOASIS.UnitTests.csproj]
C:\Source\OASIS-master\Providers\Blockchain\TestProjects\NextGenSoftware.OASIS.API.Providers.EthereumOASIS.UnitTests\EthereumOASISTests.cs(111,35): error CS1061: 'OASISResult<IAvatar>' does not contain a definition for 'IsSuccess' and no accessible extension method 'IsSuccess' accepting a first argument of type 'OASISResult<IAvatar>' could be found (are you missing a using directive or an assembly reference?) [C:\Source\OASIS-master\Providers\Blockchain\TestProjects\NextGenSoftware.OASIS.API.Providers.EthereumOASIS.UnitTests\NextGenSoftware.OASIS.API.Providers.EthereumOASIS.UnitTests.csproj]
C:\Source\OASIS-master\Providers\Blockchain\TestProjects\NextGenSoftware.OASIS.API.Providers.EthereumOASIS.UnitTests\EthereumOASISTests.cs(119,29): error CS0246: The type or namespace name 'Holon' could not be found (are you missing a using directive or an assembly reference?) [C:\Source\OASIS-master\Providers\Blockchain\TestProjects\NextGenSoftware.OASIS.API.Providers.EthereumOASIS.UnitTests\NextGenSoftware.OASIS.API.Providers.EthereumOASIS.UnitTests.csproj]
C:\Source\OASIS-master\Providers\Blockchain\TestProjects\NextGenSoftware.OASIS.API.Providers.EthereumOASIS.UnitTests\EthereumOASISTests.cs(140,35): error CS1061: 'OASISResult<IEnumerable<IHolon>>' does not contain a definition for 'IsSuccess' and no accessible extension method 'IsSuccess' accepting a first argument of type 'OASISResult<IEnumerable<IHolon>>' could be found (are you missing a using directive or an assembly reference?) [C:\Source\OASIS-master\Providers\Blockchain\TestProjects\NextGenSoftware.OASIS.API.Providers.EthereumOASIS.UnitTests\NextGenSoftware.OASIS.API.Providers.EthereumOASIS.UnitTests.csproj]
C:\Source\OASIS-master\Providers\Blockchain\TestProjects\NextGenSoftware.OASIS.API.Providers.EthereumOASIS.UnitTests\EthereumOASISTests.cs(151,35): error CS1061: 'OASISResult<IHolon>' does not contain a definition for 'IsSuccess' and no accessible extension method 'IsSuccess' accepting a first argument of type 'OASISResult<IHolon>' could be found (are you missing a using directive or an assembly reference?) [C:\Source\OASIS-master\Providers\Blockchain\TestProjects\NextGenSoftware.OASIS.API.Providers.EthereumOASIS.UnitTests\NextGenSoftware.OASIS.API.Providers.EthereumOASIS.UnitTests.csproj]
C:\Source\OASIS-master\Providers\Blockchain\TestProjects\NextGenSoftware.OASIS.API.Providers.EthereumOASIS.UnitTests\EthereumOASISTests.cs(162,35): error CS1061: 'OASISResult<IEnumerable<IHolon>>' does not contain a definition for 'IsSuccess' and no accessible extension method 'IsSuccess' accepting a first argument of type 'OASISResult<IEnumerable<IHolon>>' could be found (are you missing a using directive or an assembly reference?) [C:\Source\OASIS-master\Providers\Blockchain\TestProjects\NextGenSoftware.OASIS.API.Providers.EthereumOASIS.UnitTests\NextGenSoftware.OASIS.API.Providers.EthereumOASIS.UnitTests.csproj]
C:\Source\OASIS-master\Providers\Blockchain\TestProjects\NextGenSoftware.OASIS.API.Providers.EthereumOASIS.UnitTests\EthereumOASISTests.cs(173,35): error CS1061: 'OASISResult<IHolon>' does not contain a definition for 'IsSuccess' and no accessible extension method 'IsSuccess' accepting a first argument of type 'OASISResult<IHolon>' could be found (are you missing a using directive or an assembly reference?) [C:\Source\OASIS-master\Providers\Blockchain\TestProjects\NextGenSoftware.OASIS.API.Providers.EthereumOASIS.UnitTests\NextGenSoftware.OASIS.API.Providers.EthereumOASIS.UnitTests.csproj]
C:\Source\OASIS-master\Providers\Blockchain\TestProjects\NextGenSoftware.OASIS.API.Providers.EthereumOASIS.UnitTests\EthereumOASISTests.cs(181,36): error CS0246: The type or namespace name 'AvatarDetail' could not be found (are you missing a using directive or an assembly reference?) [C:\Source\OASIS-master\Providers\Blockchain\TestProjects\NextGenSoftware.OASIS.API.Providers.EthereumOASIS.UnitTests\NextGenSoftware.OASIS.API.Providers.EthereumOASIS.UnitTests.csproj]
C:\Source\OASIS-master\Providers\Blockchain\TestProjects\NextGenSoftware.OASIS.API.Providers.EthereumOASIS.UnitTests\EthereumOASISTests.cs(202,35): error CS1061: 'OASISResult<IAvatarDetail>' does not contain a definition for 'IsSuccess' and no accessible extension method 'IsSuccess' accepting a first argument of type 'OASISResult<IAvatarDetail>' could be found (are you missing a using directive or an assembly reference?) [C:\Source\OASIS-master\Providers\Blockchain\TestProjects\NextGenSoftware.OASIS.API.Providers.EthereumOASIS.UnitTests\NextGenSoftware.OASIS.API.Providers.EthereumOASIS.UnitTests.csproj]
C:\Source\OASIS-master\Providers\Blockchain\TestProjects\NextGenSoftware.OASIS.API.Providers.EthereumOASIS.UnitTests\EthereumOASISTests.cs(213,35): error CS1061: 'OASISResult<IAvatarDetail>' does not contain a definition for 'IsSuccess' and no accessible extension method 'IsSuccess' accepting a first argument of type 'OASISResult<IAvatarDetail>' could be found (are you missing a using directive or an assembly reference?) [C:\Source\OASIS-master\Providers\Blockchain\TestProjects\NextGenSoftware.OASIS.API.Providers.EthereumOASIS.UnitTests\NextGenSoftware.OASIS.API.Providers.EthereumOASIS.UnitTests.csproj]
C:\Source\OASIS-master\Providers\Blockchain\TestProjects\NextGenSoftware.OASIS.API.Providers.EthereumOASIS.UnitTests\EthereumOASISTests.cs(224,35): error CS1061: 'OASISResult<IAvatarDetail>' does not contain a definition for 'IsSuccess' and no accessible extension method 'IsSuccess' accepting a first argument of type 'OASISResult<IAvatarDetail>' could be found (are you missing a using directive or an assembly reference?) [C:\Source\OASIS-master\Providers\Blockchain\TestProjects\NextGenSoftware.OASIS.API.Providers.EthereumOASIS.UnitTests\NextGenSoftware.OASIS.API.Providers.EthereumOASIS.UnitTests.csproj]
C:\Source\OASIS-master\Providers\Blockchain\TestProjects\NextGenSoftware.OASIS.API.Providers.EthereumOASIS.UnitTests\EthereumOASISTests.cs(232,36): error CS1061: 'EthereumOASIS' does not contain a definition for 'GetPlayersNearMe' and no accessible extension method 'GetPlayersNearMe' accepting a first argument of type 'EthereumOASIS' could be found (are you missing a using directive or an assembly reference?) [C:\Source\OASIS-master\Providers\Blockchain\TestProjects\NextGenSoftware.OASIS.API.Providers.EthereumOASIS.UnitTests\NextGenSoftware.OASIS.API.Providers.EthereumOASIS.UnitTests.csproj]
C:\Source\OASIS-master\Providers\Blockchain\TestProjects\NextGenSoftware.OASIS.API.Providers.EthereumOASIS.UnitTests\EthereumOASISTests.cs(243,36): error CS1061: 'EthereumOASIS' does not contain a definition for 'GetHolonsNearMe' and no accessible extension method 'GetHolonsNearMe' accepting a first argument of type 'EthereumOASIS' could be found (are you missing a using directive or an assembly reference?) [C:\Source\OASIS-master\Providers\Blockchain\TestProjects\NextGenSoftware.OASIS.API.Providers.EthereumOASIS.UnitTests\NextGenSoftware.OASIS.API.Providers.EthereumOASIS.UnitTests.csproj]
C:\Source\OASIS-master\Providers\Blockchain\TestProjects\NextGenSoftware.OASIS.API.Providers.EthereumOASIS.UnitTests\EthereumOASISTests.cs(254,35): error CS0246: The type or namespace name 'WalletTransactionRequest' could not be found (are you missing a using directive or an assembly reference?) [C:\Source\OASIS-master\Providers\Blockchain\TestProjects\NextGenSoftware.OASIS.API.Providers.EthereumOASIS.UnitTests\NextGenSoftware.OASIS.API.Providers.EthereumOASIS.UnitTests.csproj]
C:\Source\OASIS-master\Providers\Blockchain\TestProjects\NextGenSoftware.OASIS.API.Providers.EthereumOASIS.UnitTests\EthereumOASISTests.cs(268,38): error CS0246: The type or namespace name 'NFTWalletTransactionRequest' could not be found (are you missing a using directive or an assembly reference?) [C:\Source\OASIS-master\Providers\Blockchain\TestProjects\NextGenSoftware.OASIS.API.Providers.EthereumOASIS.UnitTests\NextGenSoftware.OASIS.API.Providers.EthereumOASIS.UnitTests.csproj]
C:\Source\OASIS-master\Providers\Blockchain\TestProjects\NextGenSoftware.OASIS.API.Providers.EthereumOASIS.UnitTests\EthereumOASISTests.cs(282,35): error CS0246: The type or namespace name 'MintNFTTransactionRequest' could not be found (are you missing a using directive or an assembly reference?) [C:\Source\OASIS-master\Providers\Blockchain\TestProjects\NextGenSoftware.OASIS.API.Providers.EthereumOASIS.UnitTests\NextGenSoftware.OASIS.API.Providers.EthereumOASIS.UnitTests.csproj]
C:\Source\OASIS-master\Providers\Blockchain\TestProjects\NextGenSoftware.OASIS.API.Providers.EthereumOASIS.UnitTests\EthereumOASISTests.cs(296,42): error CS1061: 'EthereumOASIS' does not contain a definition for 'LoadNFTAsync' and no accessible extension method 'LoadNFTAsync' accepting a first argument of type 'EthereumOASIS' could be found (are you missing a using directive or an assembly reference?) [C:\Source\OASIS-master\Providers\Blockchain\TestProjects\NextGenSoftware.OASIS.API.Providers.EthereumOASIS.UnitTests\NextGenSoftware.OASIS.API.Providers.EthereumOASIS.UnitTests.csproj]
C:\Source\OASIS-master\Providers\Blockchain\TestProjects\NextGenSoftware.OASIS.API.Providers.EthereumOASIS.UnitTests\EthereumOASISTests.cs(307,42): error CS1061: 'EthereumOASIS' does not contain a definition for 'LoadNFTAsync' and no accessible extension method 'LoadNFTAsync' accepting a first argument of type 'EthereumOASIS' could be found (are you missing a using directive or an assembly reference?) [C:\Source\OASIS-master\Providers\Blockchain\TestProjects\NextGenSoftware.OASIS.API.Providers.EthereumOASIS.UnitTests\NextGenSoftware.OASIS.API.Providers.EthereumOASIS.UnitTests.csproj]
C:\Source\OASIS-master\Providers\Blockchain\TestProjects\NextGenSoftware.OASIS.API.Providers.EthereumOASIS.UnitTests\EthereumOASISTests.cs(318,42): error CS1061: 'EthereumOASIS' does not contain a definition for 'LoadAllNFTsForAvatarAsync' and no accessible extension method 'LoadAllNFTsForAvatarAsync' accepting a first argument of type 'EthereumOASIS' could be found (are you missing a using directive or an assembly reference?) [C:\Source\OASIS-master\Providers\Blockchain\TestProjects\NextGenSoftware.OASIS.API.Providers.EthereumOASIS.UnitTests\NextGenSoftware.OASIS.API.Providers.EthereumOASIS.UnitTests.csproj]
C:\Source\OASIS-master\Providers\Blockchain\TestProjects\NextGenSoftware.OASIS.API.Providers.EthereumOASIS.UnitTests\EthereumOASISTests.cs(329,42): error CS1061: 'EthereumOASIS' does not contain a definition for 'LoadAllGeoNFTsForAvatarAsync' and no accessible extension method 'LoadAllGeoNFTsForAvatarAsync' accepting a first argument of type 'EthereumOASIS' could be found (are you missing a using directive or an assembly reference?) [C:\Source\OASIS-master\Providers\Blockchain\TestProjects\NextGenSoftware.OASIS.API.Providers.EthereumOASIS.UnitTests\NextGenSoftware.OASIS.API.Providers.EthereumOASIS.UnitTests.csproj]
C:\Source\OASIS-master\Providers\Blockchain\TestProjects\NextGenSoftware.OASIS.API.Providers.EthereumOASIS.UnitTests\EthereumOASISTests.cs(340,36): error CS0246: The type or namespace name 'PlaceGeoSpatialNFTRequest' could not be found (are you missing a using directive or an assembly reference?) [C:\Source\OASIS-master\Providers\Blockchain\TestProjects\NextGenSoftware.OASIS.API.Providers.EthereumOASIS.UnitTests\NextGenSoftware.OASIS.API.Providers.EthereumOASIS.UnitTests.csproj]
C:\Source\OASIS-master\Providers\Blockchain\TestProjects\NextGenSoftware.OASIS.API.Providers.EthereumOASIS.UnitTests\EthereumOASISTests.cs(343,42): error CS1061: 'EthereumOASIS' does not contain a definition for 'PlaceGeoNFTAsync' and no accessible extension method 'PlaceGeoNFTAsync' accepting a first argument of type 'EthereumOASIS' could be found (are you missing a using directive or an assembly reference?) [C:\Source\OASIS-master\Providers\Blockchain\TestProjects\NextGenSoftware.OASIS.API.Providers.EthereumOASIS.UnitTests\NextGenSoftware.OASIS.API.Providers.EthereumOASIS.UnitTests.csproj]
C:\Source\OASIS-master\Providers\Blockchain\TestProjects\NextGenSoftware.OASIS.API.Providers.EthereumOASIS.UnitTests\EthereumOASISTests.cs(354,43): error CS0246: The type or namespace name 'MintAndPlaceGeoSpatialNFTRequest' could not be found (are you missing a using directive or an assembly reference?) [C:\Source\OASIS-master\Providers\Blockchain\TestProjects\NextGenSoftware.OASIS.API.Providers.EthereumOASIS.UnitTests\NextGenSoftware.OASIS.API.Providers.EthereumOASIS.UnitTests.csproj]
C:\Source\OASIS-master\Providers\Blockchain\TestProjects\NextGenSoftware.OASIS.API.Providers.EthereumOASIS.UnitTests\EthereumOASISTests.cs(357,42): error CS1061: 'EthereumOASIS' does not contain a definition for 'MintAndPlaceGeoNFTAsync' and no accessible extension method 'MintAndPlaceGeoNFTAsync' accepting a first argument of type 'EthereumOASIS' could be found (are you missing a using directive or an assembly reference?) [C:\Source\OASIS-master\Providers\Blockchain\TestProjects\NextGenSoftware.OASIS.API.Providers.EthereumOASIS.UnitTests\NextGenSoftware.OASIS.API.Providers.EthereumOASIS.UnitTests.csproj]
C:\Source\OASIS-master\Providers\Blockchain\TestProjects\NextGenSoftware.OASIS.API.Providers.EthereumOASIS.UnitTests\EthereumOASISTests.cs(368,36): error CS0246: The type or namespace name 'SearchParams' could not be found (are you missing a using directive or an assembly reference?) [C:\Source\OASIS-master\Providers\Blockchain\TestProjects\NextGenSoftware.OASIS.API.Providers.EthereumOASIS.UnitTests\NextGenSoftware.OASIS.API.Providers.EthereumOASIS.UnitTests.csproj]
C:\Source\OASIS-master\Providers\Blockchain\TestProjects\NextGenSoftware.OASIS.API.Providers.EthereumOASIS.UnitTests\EthereumOASISTests.cs(374,35): error CS1061: 'OASISResult<ISearchResults>' does not contain a definition for 'IsSuccess' and no accessible extension method 'IsSuccess' accepting a first argument of type 'OASISResult<ISearchResults>' could be found (are you missing a using directive or an assembly reference?) [C:\Source\OASIS-master\Providers\Blockchain\TestProjects\NextGenSoftware.OASIS.API.Providers.EthereumOASIS.UnitTests\NextGenSoftware.OASIS.API.Providers.EthereumOASIS.UnitTests.csproj]
C:\Source\OASIS-master\Providers\Blockchain\TestProjects\NextGenSoftware.OASIS.API.Providers.EthereumOASIS.UnitTests\EthereumOASISTests.cs(365,27): warning CS1998: This async method lacks 'await' operators and will run synchronously. Consider using the 'await' operator to await non-blocking API calls, or 'await Task.Run(...)' to do CPU-bound work on a background thread. [C:\Source\OASIS-master\Providers\Blockchain\TestProjects\NextGenSoftware.OASIS.API.Providers.EthereumOASIS.UnitTests\NextGenSoftware.OASIS.API.Providers.EthereumOASIS.UnitTests.csproj]
C:\Source\OASIS-master\Providers\Blockchain\TestProjects\NextGenSoftware.OASIS.API.Providers.EthereumOASIS.UnitTests\EthereumOASISTests.cs(388,35): error CS1061: 'OASISResult<bool>' does not contain a definition for 'IsSuccess' and no accessible extension method 'IsSuccess' accepting a first argument of type 'OASISResult<bool>' could be found (are you missing a using directive or an assembly reference?) [C:\Source\OASIS-master\Providers\Blockchain\TestProjects\NextGenSoftware.OASIS.API.Providers.EthereumOASIS.UnitTests\NextGenSoftware.OASIS.API.Providers.EthereumOASIS.UnitTests.csproj]
C:\Source\OASIS-master\Providers\Blockchain\TestProjects\NextGenSoftware.OASIS.API.Providers.EthereumOASIS.UnitTests\EthereumOASISTests.cs(399,35): error CS1061: 'OASISResult<IEnumerable<IHolon>>' does not contain a definition for 'IsSuccess' and no accessible extension method 'IsSuccess' accepting a first argument of type 'OASISResult<IEnumerable<IHolon>>' could be found (are you missing a using directive or an assembly reference?) [C:\Source\OASIS-master\Providers\Blockchain\TestProjects\NextGenSoftware.OASIS.API.Providers.EthereumOASIS.UnitTests\NextGenSoftware.OASIS.API.Providers.EthereumOASIS.UnitTests.csproj]
C:\Source\OASIS-master\Providers\Blockchain\TestProjects\NextGenSoftware.OASIS.API.Providers.EthereumOASIS.UnitTests\EthereumOASISTests.cs(410,35): error CS1061: 'OASISResult<IEnumerable<IHolon>>' does not contain a definition for 'IsSuccess' and no accessible extension method 'IsSuccess' accepting a first argument of type 'OASISResult<IEnumerable<IHolon>>' could be found (are you missing a using directive or an assembly reference?) [C:\Source\OASIS-master\Providers\Blockchain\TestProjects\NextGenSoftware.OASIS.API.Providers.EthereumOASIS.UnitTests\NextGenSoftware.OASIS.API.Providers.EthereumOASIS.UnitTests.csproj]
C:\Source\OASIS-master\Providers\Blockchain\TestProjects\NextGenSoftware.OASIS.API.Providers.EthereumOASIS.UnitTests\EthereumOASISTests.cs(421,35): error CS1061: 'OASISResult<IEnumerable<IHolon>>' does not contain a definition for 'IsSuccess' and no accessible extension method 'IsSuccess' accepting a first argument of type 'OASISResult<IEnumerable<IHolon>>' could be found (are you missing a using directive or an assembly reference?) [C:\Source\OASIS-master\Providers\Blockchain\TestProjects\NextGenSoftware.OASIS.API.Providers.EthereumOASIS.UnitTests\NextGenSoftware.OASIS.API.Providers.EthereumOASIS.UnitTests.csproj]
C:\Source\OASIS-master\Providers\Blockchain\TestProjects\NextGenSoftware.OASIS.API.Providers.EthereumOASIS.UnitTests\EthereumOASISTests.cs(432,35): error CS1061: 'OASISResult<IEnumerable<IHolon>>' does not contain a definition for 'IsSuccess' and no accessible extension method 'IsSuccess' accepting a first argument of type 'OASISResult<IEnumerable<IHolon>>' could be found (are you missing a using directive or an assembly reference?) [C:\Source\OASIS-master\Providers\Blockchain\TestProjects\NextGenSoftware.OASIS.API.Providers.EthereumOASIS.UnitTests\NextGenSoftware.OASIS.API.Providers.EthereumOASIS.UnitTests.csproj]
C:\Source\OASIS-master\Providers\Blockchain\TestProjects\NextGenSoftware.OASIS.API.Providers.EthereumOASIS.UnitTests\EthereumOASISTests.cs(440,20): error CS0411: The type arguments for method 'Assert.AreEqual<T>(T?, T?)' cannot be inferred from the usage. Try specifying the type arguments explicitly. [C:\Source\OASIS-master\Providers\Blockchain\TestProjects\NextGenSoftware.OASIS.API.Providers.EthereumOASIS.UnitTests\NextGenSoftware.OASIS.API.Providers.EthereumOASIS.UnitTests.csproj]
C:\Source\OASIS-master\Providers\Blockchain\TestProjects\NextGenSoftware.OASIS.API.Providers.EthereumOASIS.UnitTests\EthereumOASISTests.cs(447,46): error CS0117: 'ProviderCategory' does not contain a definition for 'BlockchainStorage' [C:\Source\OASIS-master\Providers\Blockchain\TestProjects\NextGenSoftware.OASIS.API.Providers.EthereumOASIS.UnitTests\NextGenSoftware.OASIS.API.Providers.EthereumOASIS.UnitTests.csproj]
C:\Source\OASIS-master\Providers\Blockchain\TestProjects\NextGenSoftware.OASIS.API.Providers.EthereumOASIS.UnitTests\EthereumOASISTests.cs(12,31): warning CS8618: Non-nullable field '_provider' must contain a non-null value when exiting constructor. Consider adding the 'required' modifier or declaring the field as nullable. [C:\Source\OASIS-master\Providers\Blockchain\TestProjects\NextGenSoftware.OASIS.API.Providers.EthereumOASIS.UnitTests\NextGenSoftware.OASIS.API.Providers.EthereumOASIS.UnitTests.csproj]
C:\Program Files\dotnet\sdk\9.0.306\Microsoft.Common.CurrentVersion.targets(2189,5): warning MSB9008: The referenced project ..\..\..\OASIS Architecture\NextGenSoftware.OASIS.API.Core\NextGenSoftware.OASIS.API.Core.csproj does not exist. [C:\Source\OASIS-master\Providers\Blockchain\TestProjects\NextGenSoftware.OASIS.API.Providers.BNBChainOASIS.TestHarness\NextGenSoftware.OASIS.API.Providers.BNBChainOASIS.TestHarness.csproj]
C:\Source\OASIS-master\Providers\Blockchain\TestProjects\NextGenSoftware.OASIS.API.Providers.BNBChainOASIS.IntegrationTests\BNBChainOASISIntegrationTests.cs(32,35): error CS1061: 'BNBChainOASIS' does not contain a definition for 'IsActivated' and no accessible extension method 'IsActivated' accepting a first argument of type 'BNBChainOASIS' could be found (are you missing a using directive or an assembly reference?) [C:\Source\OASIS-master\Providers\Blockchain\TestProjects\NextGenSoftware.OASIS.API.Providers.BNBChainOASIS.IntegrationTests\NextGenSoftware.OASIS.API.Providers.BNBChainOASIS.IntegrationTests.csproj]
C:\Source\OASIS-master\Providers\Blockchain\TestProjects\NextGenSoftware.OASIS.API.Providers.BNBChainOASIS.IntegrationTests\BNBChainOASISIntegrationTests.cs(42,42): error CS1061: 'BNBChainOASIS' does not contain a definition for 'ConnectAsync' and no accessible extension method 'ConnectAsync' accepting a first argument of type 'BNBChainOASIS' could be found (are you missing a using directive or an assembly reference?) [C:\Source\OASIS-master\Providers\Blockchain\TestProjects\NextGenSoftware.OASIS.API.Providers.BNBChainOASIS.IntegrationTests\NextGenSoftware.OASIS.API.Providers.BNBChainOASIS.IntegrationTests.csproj]
C:\Source\OASIS-master\Providers\Blockchain\TestProjects\NextGenSoftware.OASIS.API.Providers.BNBChainOASIS.IntegrationTests\BNBChainOASISIntegrationTests.cs(46,35): error CS1061: 'BNBChainOASIS' does not contain a definition for 'IsProviderConnected' and no accessible extension method 'IsProviderConnected' accepting a first argument of type 'BNBChainOASIS' could be found (are you missing a using directive or an assembly reference?) [C:\Source\OASIS-master\Providers\Blockchain\TestProjects\NextGenSoftware.OASIS.API.Providers.BNBChainOASIS.IntegrationTests\NextGenSoftware.OASIS.API.Providers.BNBChainOASIS.IntegrationTests.csproj]
C:\Source\OASIS-master\Providers\Blockchain\TestProjects\NextGenSoftware.OASIS.API.Providers.BNBChainOASIS.IntegrationTests\BNBChainOASISIntegrationTests.cs(54,30): error CS0246: The type or namespace name 'Avatar' could not be found (are you missing a using directive or an assembly reference?) [C:\Source\OASIS-master\Providers\Blockchain\TestProjects\NextGenSoftware.OASIS.API.Providers.BNBChainOASIS.IntegrationTests\NextGenSoftware.OASIS.API.Providers.BNBChainOASIS.IntegrationTests.csproj]
C:\Source\OASIS-master\Providers\Blockchain\TestProjects\NextGenSoftware.OASIS.API.Providers.BNBChainOASIS.IntegrationTests\BNBChainOASISIntegrationTests.cs(76,30): error CS0246: The type or namespace name 'Avatar' could not be found (are you missing a using directive or an assembly reference?) [C:\Source\OASIS-master\Providers\Blockchain\TestProjects\NextGenSoftware.OASIS.API.Providers.BNBChainOASIS.IntegrationTests\NextGenSoftware.OASIS.API.Providers.BNBChainOASIS.IntegrationTests.csproj]
C:\Source\OASIS-master\Providers\Blockchain\TestProjects\NextGenSoftware.OASIS.API.Providers.BNBChainOASIS.IntegrationTests\BNBChainOASISIntegrationTests.cs(100,29): error CS0246: The type or namespace name 'Holon' could not be found (are you missing a using directive or an assembly reference?) [C:\Source\OASIS-master\Providers\Blockchain\TestProjects\NextGenSoftware.OASIS.API.Providers.BNBChainOASIS.IntegrationTests\NextGenSoftware.OASIS.API.Providers.BNBChainOASIS.IntegrationTests.csproj]
C:\Source\OASIS-master\Providers\Blockchain\TestProjects\NextGenSoftware.OASIS.API.Providers.BNBChainOASIS.IntegrationTests\BNBChainOASISIntegrationTests.cs(104,39): error CS0117: 'HolonType' does not contain a definition for 'Generic' [C:\Source\OASIS-master\Providers\Blockchain\TestProjects\NextGenSoftware.OASIS.API.Providers.BNBChainOASIS.IntegrationTests\NextGenSoftware.OASIS.API.Providers.BNBChainOASIS.IntegrationTests.csproj]
C:\Source\OASIS-master\Providers\Blockchain\TestProjects\NextGenSoftware.OASIS.API.Providers.BNBChainOASIS.IntegrationTests\BNBChainOASISIntegrationTests.cs(121,29): error CS0246: The type or namespace name 'Holon' could not be found (are you missing a using directive or an assembly reference?) [C:\Source\OASIS-master\Providers\Blockchain\TestProjects\NextGenSoftware.OASIS.API.Providers.BNBChainOASIS.IntegrationTests\NextGenSoftware.OASIS.API.Providers.BNBChainOASIS.IntegrationTests.csproj]
C:\Source\OASIS-master\Providers\Blockchain\TestProjects\NextGenSoftware.OASIS.API.Providers.BNBChainOASIS.IntegrationTests\BNBChainOASISIntegrationTests.cs(125,39): error CS0117: 'HolonType' does not contain a definition for 'Generic' [C:\Source\OASIS-master\Providers\Blockchain\TestProjects\NextGenSoftware.OASIS.API.Providers.BNBChainOASIS.IntegrationTests\NextGenSoftware.OASIS.API.Providers.BNBChainOASIS.IntegrationTests.csproj]
C:\Source\OASIS-master\Providers\Blockchain\TestProjects\NextGenSoftware.OASIS.API.Providers.BNBChainOASIS.IntegrationTests\BNBChainOASISIntegrationTests.cs(144,30): error CS0246: The type or namespace name 'Avatar' could not be found (are you missing a using directive or an assembly reference?) [C:\Source\OASIS-master\Providers\Blockchain\TestProjects\NextGenSoftware.OASIS.API.Providers.BNBChainOASIS.IntegrationTests\NextGenSoftware.OASIS.API.Providers.BNBChainOASIS.IntegrationTests.csproj]
C:\Source\OASIS-master\Providers\Blockchain\TestProjects\NextGenSoftware.OASIS.API.Providers.BNBChainOASIS.IntegrationTests\BNBChainOASISIntegrationTests.cs(155,42): error CS1061: 'BNBChainOASIS' does not contain a definition for 'SearchAvatarsAsync' and no accessible extension method 'SearchAvatarsAsync' accepting a first argument of type 'BNBChainOASIS' could be found (are you missing a using directive or an assembly reference?) [C:\Source\OASIS-master\Providers\Blockchain\TestProjects\NextGenSoftware.OASIS.API.Providers.BNBChainOASIS.IntegrationTests\NextGenSoftware.OASIS.API.Providers.BNBChainOASIS.IntegrationTests.csproj]
C:\Source\OASIS-master\Providers\Blockchain\TestProjects\NextGenSoftware.OASIS.API.Providers.BNBChainOASIS.IntegrationTests\BNBChainOASISIntegrationTests.cs(167,29): error CS0246: The type or namespace name 'Holon' could not be found (are you missing a using directive or an assembly reference?) [C:\Source\OASIS-master\Providers\Blockchain\TestProjects\NextGenSoftware.OASIS.API.Providers.BNBChainOASIS.IntegrationTests\NextGenSoftware.OASIS.API.Providers.BNBChainOASIS.IntegrationTests.csproj]
C:\Source\OASIS-master\Providers\Blockchain\TestProjects\NextGenSoftware.OASIS.API.Providers.BNBChainOASIS.IntegrationTests\BNBChainOASISIntegrationTests.cs(171,39): error CS0117: 'HolonType' does not contain a definition for 'Generic' [C:\Source\OASIS-master\Providers\Blockchain\TestProjects\NextGenSoftware.OASIS.API.Providers.BNBChainOASIS.IntegrationTests\NextGenSoftware.OASIS.API.Providers.BNBChainOASIS.IntegrationTests.csproj]
C:\Source\OASIS-master\Providers\Blockchain\TestProjects\NextGenSoftware.OASIS.API.Providers.BNBChainOASIS.IntegrationTests\BNBChainOASISIntegrationTests.cs(177,42): error CS1061: 'BNBChainOASIS' does not contain a definition for 'SearchHolonsAsync' and no accessible extension method 'SearchHolonsAsync' accepting a first argument of type 'BNBChainOASIS' could be found (are you missing a using directive or an assembly reference?) [C:\Source\OASIS-master\Providers\Blockchain\TestProjects\NextGenSoftware.OASIS.API.Providers.BNBChainOASIS.IntegrationTests\NextGenSoftware.OASIS.API.Providers.BNBChainOASIS.IntegrationTests.csproj]
C:\Source\OASIS-master\Providers\Blockchain\TestProjects\NextGenSoftware.OASIS.API.Providers.BNBChainOASIS.TestHarness\Program.cs(31,65): error CS1061: 'BNBChainOASIS' does not contain a definition for 'ProviderVersion' and no accessible extension method 'ProviderVersion' accepting a first argument of type 'BNBChainOASIS' could be found (are you missing a using directive or an assembly reference?) [C:\Source\OASIS-master\Providers\Blockchain\TestProjects\NextGenSoftware.OASIS.API.Providers.BNBChainOASIS.TestHarness\NextGenSoftware.OASIS.API.Providers.BNBChainOASIS.TestHarness.csproj]
C:\Source\OASIS-master\Providers\Blockchain\TestProjects\NextGenSoftware.OASIS.API.Providers.BNBChainOASIS.TestHarness\Program.cs(79,34): error CS0246: The type or namespace name 'Avatar' could not be found (are you missing a using directive or an assembly reference?) [C:\Source\OASIS-master\Providers\Blockchain\TestProjects\NextGenSoftware.OASIS.API.Providers.BNBChainOASIS.TestHarness\NextGenSoftware.OASIS.API.Providers.BNBChainOASIS.TestHarness.csproj]
C:\Source\OASIS-master\Providers\Blockchain\TestProjects\NextGenSoftware.OASIS.API.Providers.BNBChainOASIS.TestHarness\Program.cs(107,51): error CS1061: 'BNBChainOASIS' does not contain a definition for 'SearchAvatarsAsync' and no accessible extension method 'SearchAvatarsAsync' accepting a first argument of type 'BNBChainOASIS' could be found (are you missing a using directive or an assembly reference?) [C:\Source\OASIS-master\Providers\Blockchain\TestProjects\NextGenSoftware.OASIS.API.Providers.BNBChainOASIS.TestHarness\NextGenSoftware.OASIS.API.Providers.BNBChainOASIS.TestHarness.csproj]
C:\Source\OASIS-master\Providers\Blockchain\TestProjects\NextGenSoftware.OASIS.API.Providers.BNBChainOASIS.TestHarness\Program.cs(127,33): error CS0246: The type or namespace name 'Holon' could not be found (are you missing a using directive or an assembly reference?) [C:\Source\OASIS-master\Providers\Blockchain\TestProjects\NextGenSoftware.OASIS.API.Providers.BNBChainOASIS.TestHarness\NextGenSoftware.OASIS.API.Providers.BNBChainOASIS.TestHarness.csproj]
C:\Source\OASIS-master\Providers\Blockchain\TestProjects\NextGenSoftware.OASIS.API.Providers.BNBChainOASIS.TestHarness\Program.cs(131,43): error CS0117: 'HolonType' does not contain a definition for 'Generic' [C:\Source\OASIS-master\Providers\Blockchain\TestProjects\NextGenSoftware.OASIS.API.Providers.BNBChainOASIS.TestHarness\NextGenSoftware.OASIS.API.Providers.BNBChainOASIS.TestHarness.csproj]
C:\Source\OASIS-master\Providers\Blockchain\TestProjects\NextGenSoftware.OASIS.API.Providers.BNBChainOASIS.TestHarness\Program.cs(154,51): error CS1061: 'BNBChainOASIS' does not contain a definition for 'SearchHolonsAsync' and no accessible extension method 'SearchHolonsAsync' accepting a first argument of type 'BNBChainOASIS' could be found (are you missing a using directive or an assembly reference?) [C:\Source\OASIS-master\Providers\Blockchain\TestProjects\NextGenSoftware.OASIS.API.Providers.BNBChainOASIS.TestHarness\NextGenSoftware.OASIS.API.Providers.BNBChainOASIS.TestHarness.csproj]
C:\Source\OASIS-master\Providers\Blockchain\TestProjects\NextGenSoftware.OASIS.API.Providers.BNBChainOASIS.TestHarness\Program.cs(174,55): error CS1061: 'BNBChainOASIS' does not contain a definition for 'ConnectAsync' and no accessible extension method 'ConnectAsync' accepting a first argument of type 'BNBChainOASIS' could be found (are you missing a using directive or an assembly reference?) [C:\Source\OASIS-master\Providers\Blockchain\TestProjects\NextGenSoftware.OASIS.API.Providers.BNBChainOASIS.TestHarness\NextGenSoftware.OASIS.API.Providers.BNBChainOASIS.TestHarness.csproj]
C:\Source\OASIS-master\Providers\Blockchain\TestProjects\NextGenSoftware.OASIS.API.Providers.AvalancheOASIS.TestHarness\Program.cs(28,45): error CS1729: 'AvalancheOASIS' does not contain a constructor that takes 4 arguments [C:\Source\OASIS-master\Providers\Blockchain\TestProjects\NextGenSoftware.OASIS.API.Providers.AvalancheOASIS.TestHarness\NextGenSoftware.OASIS.API.Providers.AvalancheOASIS.TestHarness.csproj]
C:\Source\OASIS-master\Providers\Blockchain\TestProjects\NextGenSoftware.OASIS.API.Providers.AvalancheOASIS.TestHarness\Program.cs(95,45): error CS1729: 'AvalancheOASIS' does not contain a constructor that takes 4 arguments [C:\Source\OASIS-master\Providers\Blockchain\TestProjects\NextGenSoftware.OASIS.API.Providers.AvalancheOASIS.TestHarness\NextGenSoftware.OASIS.API.Providers.AvalancheOASIS.TestHarness.csproj]
C:\Source\OASIS-master\Providers\Blockchain\TestProjects\NextGenSoftware.OASIS.API.Providers.AvalancheOASIS.TestHarness\Program.cs(144,45): error CS1729: 'AvalancheOASIS' does not contain a constructor that takes 4 arguments [C:\Source\OASIS-master\Providers\Blockchain\TestProjects\NextGenSoftware.OASIS.API.Providers.AvalancheOASIS.TestHarness\NextGenSoftware.OASIS.API.Providers.AvalancheOASIS.TestHarness.csproj]
C:\Source\OASIS-master\Providers\Blockchain\TestProjects\NextGenSoftware.OASIS.API.Providers.AvalancheOASIS.TestHarness\Program.cs(208,45): error CS1729: 'AvalancheOASIS' does not contain a constructor that takes 4 arguments [C:\Source\OASIS-master\Providers\Blockchain\TestProjects\NextGenSoftware.OASIS.API.Providers.AvalancheOASIS.TestHarness\NextGenSoftware.OASIS.API.Providers.AvalancheOASIS.TestHarness.csproj]
C:\Source\OASIS-master\Providers\Blockchain\TestProjects\NextGenSoftware.OASIS.API.Providers.AvalancheOASIS.TestHarness\Program.cs(211,25): error CS0246: The type or namespace name 'INFTTransactionRespone' could not be found (are you missing a using directive or an assembly reference?) [C:\Source\OASIS-master\Providers\Blockchain\TestProjects\NextGenSoftware.OASIS.API.Providers.AvalancheOASIS.TestHarness\NextGenSoftware.OASIS.API.Providers.AvalancheOASIS.TestHarness.csproj]
C:\Source\OASIS-master\Providers\Blockchain\TestProjects\NextGenSoftware.OASIS.API.Providers.AvalancheOASIS.TestHarness\Program.cs(211,96): error CS0246: The type or namespace name 'NFTWalletTransactionRequest' could not be found (are you missing a using directive or an assembly reference?) [C:\Source\OASIS-master\Providers\Blockchain\TestProjects\NextGenSoftware.OASIS.API.Providers.AvalancheOASIS.TestHarness\NextGenSoftware.OASIS.API.Providers.AvalancheOASIS.TestHarness.csproj]
C:\Source\OASIS-master\Providers\Blockchain\TestProjects\NextGenSoftware.OASIS.API.Providers.AvalancheOASIS.TestHarness\Program.cs(228,45): error CS1729: 'AvalancheOASIS' does not contain a constructor that takes 4 arguments [C:\Source\OASIS-master\Providers\Blockchain\TestProjects\NextGenSoftware.OASIS.API.Providers.AvalancheOASIS.TestHarness\NextGenSoftware.OASIS.API.Providers.AvalancheOASIS.TestHarness.csproj]
C:\Source\OASIS-master\Providers\Blockchain\TestProjects\NextGenSoftware.OASIS.API.Providers.AvalancheOASIS.TestHarness\Program.cs(231,25): error CS0246: The type or namespace name 'INFTTransactionRespone' could not be found (are you missing a using directive or an assembly reference?) [C:\Source\OASIS-master\Providers\Blockchain\TestProjects\NextGenSoftware.OASIS.API.Providers.AvalancheOASIS.TestHarness\NextGenSoftware.OASIS.API.Providers.AvalancheOASIS.TestHarness.csproj]
C:\Source\OASIS-master\Providers\Blockchain\TestProjects\NextGenSoftware.OASIS.API.Providers.AvalancheOASIS.TestHarness\Program.cs(232,21): error CS0246: The type or namespace name 'MintNFTTransactionRequest' could not be found (are you missing a using directive or an assembly reference?) [C:\Source\OASIS-master\Providers\Blockchain\TestProjects\NextGenSoftware.OASIS.API.Providers.AvalancheOASIS.TestHarness\NextGenSoftware.OASIS.API.Providers.AvalancheOASIS.TestHarness.csproj]
C:\Source\OASIS-master\Providers\Blockchain\TestProjects\NextGenSoftware.OASIS.API.Providers.ElrondOASIS.TestHarness\Program.cs(18,42): error CS0118: 'ElrondOASIS' is a namespace but is used like a type [C:\Source\OASIS-master\Providers\Blockchain\TestProjects\NextGenSoftware.OASIS.API.Providers.ElrondOASIS.TestHarness\NextGenSoftware.OASIS.API.Providers.ElrondOASIS.TestHarness.csproj]
C:\Source\OASIS-master\Providers\Blockchain\TestProjects\NextGenSoftware.OASIS.API.Providers.AvalancheOASIS.IntegrationTests\AvalancheOASISIntegrationTests.cs(16,13): error CS0283: The type 'BigInteger' cannot be declared const [C:\Source\OASIS-master\Providers\Blockchain\TestProjects\NextGenSoftware.OASIS.API.Providers.AvalancheOASIS.IntegrationTests\NextGenSoftware.OASIS.API.Providers.AvalancheOASIS.IntegrationTests.csproj]
C:\Source\OASIS-master\Providers\Blockchain\TestProjects\NextGenSoftware.OASIS.API.Providers.AvalancheOASIS.IntegrationTests\AvalancheOASISIntegrationTests.cs(16,44): error CS0133: The expression being assigned to 'AvalancheOASISIntegrationTests.TestChainId' must be constant [C:\Source\OASIS-master\Providers\Blockchain\TestProjects\NextGenSoftware.OASIS.API.Providers.AvalancheOASIS.IntegrationTests\NextGenSoftware.OASIS.API.Providers.AvalancheOASIS.IntegrationTests.csproj]
C:\Source\OASIS-master\Providers\Blockchain\TestProjects\NextGenSoftware.OASIS.API.Providers.ElrondOASIS.UnitTests\ElrondOASISTests.cs(15,38): error CS0118: 'ElrondOASIS' is a namespace but is used like a type [C:\Source\OASIS-master\Providers\Blockchain\TestProjects\NextGenSoftware.OASIS.API.Providers.ElrondOASIS.UnitTests\NextGenSoftware.OASIS.API.Providers.ElrondOASIS.UnitTests.csproj]
C:\Source\OASIS-master\Providers\Blockchain\TestProjects\NextGenSoftware.OASIS.API.Providers.ElrondOASIS.UnitTests\ElrondOASISTests.cs(28,38): error CS0118: 'ElrondOASIS' is a namespace but is used like a type [C:\Source\OASIS-master\Providers\Blockchain\TestProjects\NextGenSoftware.OASIS.API.Providers.ElrondOASIS.UnitTests\NextGenSoftware.OASIS.API.Providers.ElrondOASIS.UnitTests.csproj]
C:\Source\OASIS-master\Providers\Blockchain\TestProjects\NextGenSoftware.OASIS.API.Providers.ElrondOASIS.UnitTests\ElrondOASISTests.cs(38,38): error CS0118: 'ElrondOASIS' is a namespace but is used like a type [C:\Source\OASIS-master\Providers\Blockchain\TestProjects\NextGenSoftware.OASIS.API.Providers.ElrondOASIS.UnitTests\NextGenSoftware.OASIS.API.Providers.ElrondOASIS.UnitTests.csproj]
C:\Source\OASIS-master\Providers\Blockchain\TestProjects\NextGenSoftware.OASIS.API.Providers.ElrondOASIS.UnitTests\ElrondOASISTests.cs(48,38): error CS0118: 'ElrondOASIS' is a namespace but is used like a type [C:\Source\OASIS-master\Providers\Blockchain\TestProjects\NextGenSoftware.OASIS.API.Providers.ElrondOASIS.UnitTests\NextGenSoftware.OASIS.API.Providers.ElrondOASIS.UnitTests.csproj]
C:\Source\OASIS-master\Providers\Blockchain\TestProjects\NextGenSoftware.OASIS.API.Providers.ElrondOASIS.UnitTests\ElrondOASISTests.cs(58,38): error CS0118: 'ElrondOASIS' is a namespace but is used like a type [C:\Source\OASIS-master\Providers\Blockchain\TestProjects\NextGenSoftware.OASIS.API.Providers.ElrondOASIS.UnitTests\NextGenSoftware.OASIS.API.Providers.ElrondOASIS.UnitTests.csproj]
C:\Source\OASIS-master\Providers\Blockchain\TestProjects\NextGenSoftware.OASIS.API.Providers.ElrondOASIS.UnitTests\ElrondOASISTests.cs(68,38): error CS0118: 'ElrondOASIS' is a namespace but is used like a type [C:\Source\OASIS-master\Providers\Blockchain\TestProjects\NextGenSoftware.OASIS.API.Providers.ElrondOASIS.UnitTests\NextGenSoftware.OASIS.API.Providers.ElrondOASIS.UnitTests.csproj]
C:\Source\OASIS-master\Providers\Blockchain\TestProjects\NextGenSoftware.OASIS.API.Providers.ElrondOASIS.UnitTests\ElrondOASISTests.cs(83,38): error CS0118: 'ElrondOASIS' is a namespace but is used like a type [C:\Source\OASIS-master\Providers\Blockchain\TestProjects\NextGenSoftware.OASIS.API.Providers.ElrondOASIS.UnitTests\NextGenSoftware.OASIS.API.Providers.ElrondOASIS.UnitTests.csproj]
C:\Source\OASIS-master\Providers\Blockchain\TestProjects\NextGenSoftware.OASIS.API.Providers.ElrondOASIS.UnitTests\ElrondOASISTests.cs(98,38): error CS0118: 'ElrondOASIS' is a namespace but is used like a type [C:\Source\OASIS-master\Providers\Blockchain\TestProjects\NextGenSoftware.OASIS.API.Providers.ElrondOASIS.UnitTests\NextGenSoftware.OASIS.API.Providers.ElrondOASIS.UnitTests.csproj]
C:\Program Files\dotnet\sdk\9.0.306\Microsoft.Common.CurrentVersion.targets(2189,5): warning MSB9008: The referenced project ..\..\..\OASIS Architecture\NextGenSoftware.OASIS.API.Core\NextGenSoftware.OASIS.API.Core.csproj does not exist. [C:\Source\OASIS-master\Providers\Blockchain\TestProjects\NextGenSoftware.OASIS.API.Providers.FantomOASIS.IntegrationTests\NextGenSoftware.OASIS.API.Providers.FantomOASIS.IntegrationTests.csproj]
C:\Source\OASIS-master\Providers\Blockchain\TestProjects\NextGenSoftware.OASIS.API.Providers.AvalancheOASIS.UnitTests\AvalancheOASISTests.cs(16,13): error CS0283: The type 'BigInteger' cannot be declared const [C:\Source\OASIS-master\Providers\Blockchain\TestProjects\NextGenSoftware.OASIS.API.Providers.AvalancheOASIS.UnitTests\NextGenSoftware.OASIS.API.Providers.AvalancheOASIS.UnitTests.csproj]
C:\Source\OASIS-master\Providers\Blockchain\TestProjects\NextGenSoftware.OASIS.API.Providers.AvalancheOASIS.UnitTests\AvalancheOASISTests.cs(16,44): error CS0133: The expression being assigned to 'AvalancheOASISTests.TestChainId' must be constant [C:\Source\OASIS-master\Providers\Blockchain\TestProjects\NextGenSoftware.OASIS.API.Providers.AvalancheOASIS.UnitTests\NextGenSoftware.OASIS.API.Providers.AvalancheOASIS.UnitTests.csproj]
C:\Source\OASIS-master\Providers\Blockchain\TestProjects\NextGenSoftware.OASIS.API.Providers.FantomOASIS.IntegrationTests\FantomOASISIntegrationTests.cs(32,35): error CS1061: 'FantomOASIS' does not contain a definition for 'IsActivated' and no accessible extension method 'IsActivated' accepting a first argument of type 'FantomOASIS' could be found (are you missing a using directive or an assembly reference?) [C:\Source\OASIS-master\Providers\Blockchain\TestProjects\NextGenSoftware.OASIS.API.Providers.FantomOASIS.IntegrationTests\NextGenSoftware.OASIS.API.Providers.FantomOASIS.IntegrationTests.csproj]
C:\Source\OASIS-master\Providers\Blockchain\TestProjects\NextGenSoftware.OASIS.API.Providers.FantomOASIS.IntegrationTests\FantomOASISIntegrationTests.cs(42,42): error CS1061: 'FantomOASIS' does not contain a definition for 'ConnectAsync' and no accessible extension method 'ConnectAsync' accepting a first argument of type 'FantomOASIS' could be found (are you missing a using directive or an assembly reference?) [C:\Source\OASIS-master\Providers\Blockchain\TestProjects\NextGenSoftware.OASIS.API.Providers.FantomOASIS.IntegrationTests\NextGenSoftware.OASIS.API.Providers.FantomOASIS.IntegrationTests.csproj]
C:\Source\OASIS-master\Providers\Blockchain\TestProjects\NextGenSoftware.OASIS.API.Providers.FantomOASIS.IntegrationTests\FantomOASISIntegrationTests.cs(46,35): error CS1061: 'FantomOASIS' does not contain a definition for 'IsProviderConnected' and no accessible extension method 'IsProviderConnected' accepting a first argument of type 'FantomOASIS' could be found (are you missing a using directive or an assembly reference?) [C:\Source\OASIS-master\Providers\Blockchain\TestProjects\NextGenSoftware.OASIS.API.Providers.FantomOASIS.IntegrationTests\NextGenSoftware.OASIS.API.Providers.FantomOASIS.IntegrationTests.csproj]
C:\Source\OASIS-master\Providers\Blockchain\TestProjects\NextGenSoftware.OASIS.API.Providers.FantomOASIS.IntegrationTests\FantomOASISIntegrationTests.cs(54,30): error CS0246: The type or namespace name 'Avatar' could not be found (are you missing a using directive or an assembly reference?) [C:\Source\OASIS-master\Providers\Blockchain\TestProjects\NextGenSoftware.OASIS.API.Providers.FantomOASIS.IntegrationTests\NextGenSoftware.OASIS.API.Providers.FantomOASIS.IntegrationTests.csproj]
C:\Source\OASIS-master\Providers\Blockchain\TestProjects\NextGenSoftware.OASIS.API.Providers.FantomOASIS.IntegrationTests\FantomOASISIntegrationTests.cs(76,30): error CS0246: The type or namespace name 'Avatar' could not be found (are you missing a using directive or an assembly reference?) [C:\Source\OASIS-master\Providers\Blockchain\TestProjects\NextGenSoftware.OASIS.API.Providers.FantomOASIS.IntegrationTests\NextGenSoftware.OASIS.API.Providers.FantomOASIS.IntegrationTests.csproj]
C:\Source\OASIS-master\Providers\Blockchain\TestProjects\NextGenSoftware.OASIS.API.Providers.FantomOASIS.IntegrationTests\FantomOASISIntegrationTests.cs(100,29): error CS0246: The type or namespace name 'Holon' could not be found (are you missing a using directive or an assembly reference?) [C:\Source\OASIS-master\Providers\Blockchain\TestProjects\NextGenSoftware.OASIS.API.Providers.FantomOASIS.IntegrationTests\NextGenSoftware.OASIS.API.Providers.FantomOASIS.IntegrationTests.csproj]
C:\Source\OASIS-master\Providers\Blockchain\TestProjects\NextGenSoftware.OASIS.API.Providers.FantomOASIS.IntegrationTests\FantomOASISIntegrationTests.cs(104,39): error CS0117: 'HolonType' does not contain a definition for 'Generic' [C:\Source\OASIS-master\Providers\Blockchain\TestProjects\NextGenSoftware.OASIS.API.Providers.FantomOASIS.IntegrationTests\NextGenSoftware.OASIS.API.Providers.FantomOASIS.IntegrationTests.csproj]
C:\Source\OASIS-master\Providers\Blockchain\TestProjects\NextGenSoftware.OASIS.API.Providers.FantomOASIS.IntegrationTests\FantomOASISIntegrationTests.cs(121,29): error CS0246: The type or namespace name 'Holon' could not be found (are you missing a using directive or an assembly reference?) [C:\Source\OASIS-master\Providers\Blockchain\TestProjects\NextGenSoftware.OASIS.API.Providers.FantomOASIS.IntegrationTests\NextGenSoftware.OASIS.API.Providers.FantomOASIS.IntegrationTests.csproj]
C:\Source\OASIS-master\Providers\Blockchain\TestProjects\NextGenSoftware.OASIS.API.Providers.FantomOASIS.IntegrationTests\FantomOASISIntegrationTests.cs(125,39): error CS0117: 'HolonType' does not contain a definition for 'Generic' [C:\Source\OASIS-master\Providers\Blockchain\TestProjects\NextGenSoftware.OASIS.API.Providers.FantomOASIS.IntegrationTests\NextGenSoftware.OASIS.API.Providers.FantomOASIS.IntegrationTests.csproj]
C:\Source\OASIS-master\Providers\Blockchain\TestProjects\NextGenSoftware.OASIS.API.Providers.FantomOASIS.IntegrationTests\FantomOASISIntegrationTests.cs(144,30): error CS0246: The type or namespace name 'Avatar' could not be found (are you missing a using directive or an assembly reference?) [C:\Source\OASIS-master\Providers\Blockchain\TestProjects\NextGenSoftware.OASIS.API.Providers.FantomOASIS.IntegrationTests\NextGenSoftware.OASIS.API.Providers.FantomOASIS.IntegrationTests.csproj]
C:\Source\OASIS-master\Providers\Blockchain\TestProjects\NextGenSoftware.OASIS.API.Providers.FantomOASIS.IntegrationTests\FantomOASISIntegrationTests.cs(155,42): error CS1061: 'FantomOASIS' does not contain a definition for 'SearchAvatarsAsync' and no accessible extension method 'SearchAvatarsAsync' accepting a first argument of type 'FantomOASIS' could be found (are you missing a using directive or an assembly reference?) [C:\Source\OASIS-master\Providers\Blockchain\TestProjects\NextGenSoftware.OASIS.API.Providers.FantomOASIS.IntegrationTests\NextGenSoftware.OASIS.API.Providers.FantomOASIS.IntegrationTests.csproj]
C:\Source\OASIS-master\Providers\Blockchain\TestProjects\NextGenSoftware.OASIS.API.Providers.FantomOASIS.IntegrationTests\FantomOASISIntegrationTests.cs(167,29): error CS0246: The type or namespace name 'Holon' could not be found (are you missing a using directive or an assembly reference?) [C:\Source\OASIS-master\Providers\Blockchain\TestProjects\NextGenSoftware.OASIS.API.Providers.FantomOASIS.IntegrationTests\NextGenSoftware.OASIS.API.Providers.FantomOASIS.IntegrationTests.csproj]
C:\Source\OASIS-master\Providers\Blockchain\TestProjects\NextGenSoftware.OASIS.API.Providers.FantomOASIS.IntegrationTests\FantomOASISIntegrationTests.cs(171,39): error CS0117: 'HolonType' does not contain a definition for 'Generic' [C:\Source\OASIS-master\Providers\Blockchain\TestProjects\NextGenSoftware.OASIS.API.Providers.FantomOASIS.IntegrationTests\NextGenSoftware.OASIS.API.Providers.FantomOASIS.IntegrationTests.csproj]
C:\Source\OASIS-master\Providers\Blockchain\TestProjects\NextGenSoftware.OASIS.API.Providers.FantomOASIS.IntegrationTests\FantomOASISIntegrationTests.cs(177,42): error CS1061: 'FantomOASIS' does not contain a definition for 'SearchHolonsAsync' and no accessible extension method 'SearchHolonsAsync' accepting a first argument of type 'FantomOASIS' could be found (are you missing a using directive or an assembly reference?) [C:\Source\OASIS-master\Providers\Blockchain\TestProjects\NextGenSoftware.OASIS.API.Providers.FantomOASIS.IntegrationTests\NextGenSoftware.OASIS.API.Providers.FantomOASIS.IntegrationTests.csproj]
C:\Program Files\dotnet\sdk\9.0.306\Microsoft.Common.CurrentVersion.targets(2189,5): warning MSB9008: The referenced project ..\..\..\OASIS Architecture\NextGenSoftware.OASIS.API.Core\NextGenSoftware.OASIS.API.Core.csproj does not exist. [C:\Source\OASIS-master\Providers\Blockchain\TestProjects\NextGenSoftware.OASIS.API.Providers.FantomOASIS.TestHarness\NextGenSoftware.OASIS.API.Providers.FantomOASIS.TestHarness.csproj]
C:\Source\OASIS-master\Providers\Blockchain\NextGenSoftware.OASIS.API.Providers.MoralisOASIS\Entities\AvatarDetail.cs(36,37): warning CS0108: 'AvatarDetail.CreatedOASISType' hides inherited member 'HolonBase.CreatedOASISType'. Use the new keyword if hiding was intended. [C:\Source\OASIS-master\Providers\Blockchain\NextGenSoftware.OASIS.API.Providers.MoralisOASIS\NextGenSoftware.OASIS.API.Providers.MoralisDBOASIS.csproj]
C:\Source\OASIS-master\Providers\Blockchain\NextGenSoftware.OASIS.API.Providers.MoralisOASIS\MoralisOASIS.cs(90,55): warning CS1998: This async method lacks 'await' operators and will run synchronously. Consider using the 'await' operator to await non-blocking API calls, or 'await Task.Run(...)' to do CPU-bound work on a background thread. [C:\Source\OASIS-master\Providers\Blockchain\NextGenSoftware.OASIS.API.Providers.MoralisOASIS\NextGenSoftware.OASIS.API.Providers.MoralisDBOASIS.csproj]
C:\Source\OASIS-master\Providers\Blockchain\NextGenSoftware.OASIS.API.Providers.MoralisOASIS\MoralisOASIS.cs(270,58): warning CS1998: This async method lacks 'await' operators and will run synchronously. Consider using the 'await' operator to await non-blocking API calls, or 'await Task.Run(...)' to do CPU-bound work on a background thread. [C:\Source\OASIS-master\Providers\Blockchain\NextGenSoftware.OASIS.API.Providers.MoralisOASIS\NextGenSoftware.OASIS.API.Providers.MoralisDBOASIS.csproj]
C:\Source\OASIS-master\Providers\Blockchain\NextGenSoftware.OASIS.API.Providers.MoralisOASIS\MoralisOASIS.cs(1219,51): error CS1061: 'HolonType' does not contain a definition for 'Value' and no accessible extension method 'Value' accepting a first argument of type 'HolonType' could be found (are you missing a using directive or an assembly reference?) [C:\Source\OASIS-master\Providers\Blockchain\NextGenSoftware.OASIS.API.Providers.MoralisOASIS\NextGenSoftware.OASIS.API.Providers.MoralisDBOASIS.csproj]
C:\Source\OASIS-master\Providers\Blockchain\NextGenSoftware.OASIS.API.Providers.MoralisOASIS\MoralisOASIS.cs(1364,51): error CS1061: 'HolonType' does not contain a definition for 'Value' and no accessible extension method 'Value' accepting a first argument of type 'HolonType' could be found (are you missing a using directive or an assembly reference?) [C:\Source\OASIS-master\Providers\Blockchain\NextGenSoftware.OASIS.API.Providers.MoralisOASIS\NextGenSoftware.OASIS.API.Providers.MoralisDBOASIS.csproj]
C:\Source\OASIS-master\Providers\Blockchain\NextGenSoftware.OASIS.API.Providers.MoralisOASIS\MoralisOASIS.cs(1449,51): error CS1061: 'HolonType' does not contain a definition for 'Value' and no accessible extension method 'Value' accepting a first argument of type 'HolonType' could be found (are you missing a using directive or an assembly reference?) [C:\Source\OASIS-master\Providers\Blockchain\NextGenSoftware.OASIS.API.Providers.MoralisOASIS\NextGenSoftware.OASIS.API.Providers.MoralisDBOASIS.csproj]
C:\Source\OASIS-master\Providers\Blockchain\NextGenSoftware.OASIS.API.Providers.MoralisOASIS\MoralisOASIS.cs(1546,51): error CS1061: 'HolonType' does not contain a definition for 'Value' and no accessible extension method 'Value' accepting a first argument of type 'HolonType' could be found (are you missing a using directive or an assembly reference?) [C:\Source\OASIS-master\Providers\Blockchain\NextGenSoftware.OASIS.API.Providers.MoralisOASIS\NextGenSoftware.OASIS.API.Providers.MoralisDBOASIS.csproj]
C:\Source\OASIS-master\Providers\Blockchain\NextGenSoftware.OASIS.API.Providers.MoralisOASIS\MoralisOASIS.cs(1992,64): error CS1061: 'ISearchParams' does not contain a definition for 'SearchQuery' and no accessible extension method 'SearchQuery' accepting a first argument of type 'ISearchParams' could be found (are you missing a using directive or an assembly reference?) [C:\Source\OASIS-master\Providers\Blockchain\NextGenSoftware.OASIS.API.Providers.MoralisOASIS\NextGenSoftware.OASIS.API.Providers.MoralisDBOASIS.csproj]
C:\Source\OASIS-master\Providers\Blockchain\NextGenSoftware.OASIS.API.Providers.MoralisOASIS\MoralisOASIS.cs(1993,63): error CS1061: 'ISearchParams' does not contain a definition for 'SearchQuery' and no accessible extension method 'SearchQuery' accepting a first argument of type 'ISearchParams' could be found (are you missing a using directive or an assembly reference?) [C:\Source\OASIS-master\Providers\Blockchain\NextGenSoftware.OASIS.API.Providers.MoralisOASIS\NextGenSoftware.OASIS.API.Providers.MoralisDBOASIS.csproj]
C:\Source\OASIS-master\Providers\Blockchain\NextGenSoftware.OASIS.API.Providers.MoralisOASIS\MoralisOASIS.cs(1999,76): error CS1061: 'ISearchParams' does not contain a definition for 'SearchQuery' and no accessible extension method 'SearchQuery' accepting a first argument of type 'ISearchParams' could be found (are you missing a using directive or an assembly reference?) [C:\Source\OASIS-master\Providers\Blockchain\NextGenSoftware.OASIS.API.Providers.MoralisOASIS\NextGenSoftware.OASIS.API.Providers.MoralisDBOASIS.csproj]
C:\Source\OASIS-master\Providers\Blockchain\NextGenSoftware.OASIS.API.Providers.MoralisOASIS\MoralisOASIS.cs(2000,70): error CS1061: 'ISearchParams' does not contain a definition for 'SearchQuery' and no accessible extension method 'SearchQuery' accepting a first argument of type 'ISearchParams' could be found (are you missing a using directive or an assembly reference?) [C:\Source\OASIS-master\Providers\Blockchain\NextGenSoftware.OASIS.API.Providers.MoralisOASIS\NextGenSoftware.OASIS.API.Providers.MoralisDBOASIS.csproj]
C:\Source\OASIS-master\Providers\Blockchain\NextGenSoftware.OASIS.API.Providers.MoralisOASIS\MoralisOASIS.cs(2006,80): error CS1061: 'ISearchParams' does not contain a definition for 'SearchQuery' and no accessible extension method 'SearchQuery' accepting a first argument of type 'ISearchParams' could be found (are you missing a using directive or an assembly reference?) [C:\Source\OASIS-master\Providers\Blockchain\NextGenSoftware.OASIS.API.Providers.MoralisOASIS\NextGenSoftware.OASIS.API.Providers.MoralisDBOASIS.csproj]
C:\Source\OASIS-master\Providers\Blockchain\NextGenSoftware.OASIS.API.Providers.MoralisOASIS\MoralisOASIS.cs(2008,107): error CS1061: 'ISearchParams' does not contain a definition for 'SearchQuery' and no accessible extension method 'SearchQuery' accepting a first argument of type 'ISearchParams' could be found (are you missing a using directive or an assembly reference?) [C:\Source\OASIS-master\Providers\Blockchain\NextGenSoftware.OASIS.API.Providers.MoralisOASIS\NextGenSoftware.OASIS.API.Providers.MoralisDBOASIS.csproj]
C:\Source\OASIS-master\Providers\Blockchain\NextGenSoftware.OASIS.API.Providers.MoralisOASIS\MoralisOASIS.cs(2027,64): error CS1061: 'ISearchParams' does not contain a definition for 'SearchQuery' and no accessible extension method 'SearchQuery' accepting a first argument of type 'ISearchParams' could be found (are you missing a using directive or an assembly reference?) [C:\Source\OASIS-master\Providers\Blockchain\NextGenSoftware.OASIS.API.Providers.MoralisOASIS\NextGenSoftware.OASIS.API.Providers.MoralisDBOASIS.csproj]
C:\Source\OASIS-master\Providers\Blockchain\NextGenSoftware.OASIS.API.Providers.MoralisOASIS\MoralisOASIS.cs(2028,68): error CS1061: 'ISearchParams' does not contain a definition for 'SearchQuery' and no accessible extension method 'SearchQuery' accepting a first argument of type 'ISearchParams' could be found (are you missing a using directive or an assembly reference?) [C:\Source\OASIS-master\Providers\Blockchain\NextGenSoftware.OASIS.API.Providers.MoralisOASIS\NextGenSoftware.OASIS.API.Providers.MoralisDBOASIS.csproj]
C:\Source\OASIS-master\Providers\Blockchain\NextGenSoftware.OASIS.API.Providers.MoralisOASIS\MoralisOASIS.cs(2034,76): error CS1061: 'ISearchParams' does not contain a definition for 'SearchQuery' and no accessible extension method 'SearchQuery' accepting a first argument of type 'ISearchParams' could be found (are you missing a using directive or an assembly reference?) [C:\Source\OASIS-master\Providers\Blockchain\NextGenSoftware.OASIS.API.Providers.MoralisOASIS\NextGenSoftware.OASIS.API.Providers.MoralisDBOASIS.csproj]
C:\Source\OASIS-master\Providers\Blockchain\NextGenSoftware.OASIS.API.Providers.MoralisOASIS\MoralisOASIS.cs(2035,65): error CS1061: 'ISearchParams' does not contain a definition for 'SearchQuery' and no accessible extension method 'SearchQuery' accepting a first argument of type 'ISearchParams' could be found (are you missing a using directive or an assembly reference?) [C:\Source\OASIS-master\Providers\Blockchain\NextGenSoftware.OASIS.API.Providers.MoralisOASIS\NextGenSoftware.OASIS.API.Providers.MoralisDBOASIS.csproj]
C:\Source\OASIS-master\Providers\Blockchain\NextGenSoftware.OASIS.API.Providers.MoralisOASIS\MoralisOASIS.cs(2041,76): error CS1061: 'ISearchParams' does not contain a definition for 'SearchQuery' and no accessible extension method 'SearchQuery' accepting a first argument of type 'ISearchParams' could be found (are you missing a using directive or an assembly reference?) [C:\Source\OASIS-master\Providers\Blockchain\NextGenSoftware.OASIS.API.Providers.MoralisOASIS\NextGenSoftware.OASIS.API.Providers.MoralisDBOASIS.csproj]
C:\Source\OASIS-master\Providers\Blockchain\NextGenSoftware.OASIS.API.Providers.MoralisOASIS\MoralisOASIS.cs(2044,64): error CS1061: 'ISearchParams' does not contain a definition for 'SearchQuery' and no accessible extension method 'SearchQuery' accepting a first argument of type 'ISearchParams' could be found (are you missing a using directive or an assembly reference?) [C:\Source\OASIS-master\Providers\Blockchain\NextGenSoftware.OASIS.API.Providers.MoralisOASIS\NextGenSoftware.OASIS.API.Providers.MoralisDBOASIS.csproj]
C:\Source\OASIS-master\Providers\Blockchain\NextGenSoftware.OASIS.API.Providers.MoralisOASIS\MoralisOASIS.cs(2057,31): error CS1061: 'SearchResults' does not contain a definition for 'Holons' and no accessible extension method 'Holons' accepting a first argument of type 'SearchResults' could be found (are you missing a using directive or an assembly reference?) [C:\Source\OASIS-master\Providers\Blockchain\NextGenSoftware.OASIS.API.Providers.MoralisOASIS\NextGenSoftware.OASIS.API.Providers.MoralisDBOASIS.csproj]
C:\Source\OASIS-master\Providers\Blockchain\NextGenSoftware.OASIS.API.Providers.MoralisOASIS\MoralisOASIS.cs(2058,31): error CS1061: 'SearchResults' does not contain a definition for 'Avatars' and no accessible extension method 'Avatars' accepting a first argument of type 'SearchResults' could be found (are you missing a using directive or an assembly reference?) [C:\Source\OASIS-master\Providers\Blockchain\NextGenSoftware.OASIS.API.Providers.MoralisOASIS\NextGenSoftware.OASIS.API.Providers.MoralisDBOASIS.csproj]
C:\Source\OASIS-master\Providers\Blockchain\NextGenSoftware.OASIS.API.Providers.MoralisOASIS\MoralisOASIS.cs(2059,31): error CS1061: 'SearchResults' does not contain a definition for 'SearchQuery' and no accessible extension method 'SearchQuery' accepting a first argument of type 'SearchResults' could be found (are you missing a using directive or an assembly reference?) [C:\Source\OASIS-master\Providers\Blockchain\NextGenSoftware.OASIS.API.Providers.MoralisOASIS\NextGenSoftware.OASIS.API.Providers.MoralisDBOASIS.csproj]
C:\Source\OASIS-master\Providers\Blockchain\NextGenSoftware.OASIS.API.Providers.MoralisOASIS\MoralisOASIS.cs(2059,58): error CS1061: 'ISearchParams' does not contain a definition for 'SearchQuery' and no accessible extension method 'SearchQuery' accepting a first argument of type 'ISearchParams' could be found (are you missing a using directive or an assembly reference?) [C:\Source\OASIS-master\Providers\Blockchain\NextGenSoftware.OASIS.API.Providers.MoralisOASIS\NextGenSoftware.OASIS.API.Providers.MoralisDBOASIS.csproj]
C:\Source\OASIS-master\Providers\Blockchain\NextGenSoftware.OASIS.API.Providers.MoralisOASIS\MoralisOASIS.cs(2213,44): error CS0103: The name 'CalculateDistance' does not exist in the current context [C:\Source\OASIS-master\Providers\Blockchain\NextGenSoftware.OASIS.API.Providers.MoralisOASIS\NextGenSoftware.OASIS.API.Providers.MoralisDBOASIS.csproj]
C:\Source\OASIS-master\Providers\Blockchain\NextGenSoftware.OASIS.API.Providers.MoralisOASIS\MoralisOASIS.cs(2278,44): error CS0103: The name 'CalculateDistance' does not exist in the current context [C:\Source\OASIS-master\Providers\Blockchain\NextGenSoftware.OASIS.API.Providers.MoralisOASIS\NextGenSoftware.OASIS.API.Providers.MoralisDBOASIS.csproj]
  NextGenSoftware.OASIS.API.Providers.TelosOASIS -> C:\Source\OASIS-master\Providers\Blockchain\NextGenSoftware.OASIS.API.Providers.TelosOASIS\bin\Debug\net8.0\NextGenSoftware.OASIS.API.Providers.TelosOASIS.dll
C:\Source\OASIS-master\Providers\Blockchain\NextGenSoftware.OASIS.API.Providers.NEAROASIS\NEAROASIS.cs(18,7): warning CS0105: The using directive for 'NextGenSoftware.OASIS.API.Core.Interfaces.NFT.Requests' appeared previously in this namespace [C:\Source\OASIS-master\Providers\Blockchain\NextGenSoftware.OASIS.API.Providers.NEAROASIS\NextGenSoftware.OASIS.API.Providers.NEAROASIS.csproj]
C:\Source\OASIS-master\Providers\Blockchain\NextGenSoftware.OASIS.API.Providers.NEAROASIS\NEAROASIS.cs(29,7): warning CS0105: The using directive for 'NextGenSoftware.OASIS.API.Core.Objects.Wallet.Responses' appeared previously in this namespace [C:\Source\OASIS-master\Providers\Blockchain\NextGenSoftware.OASIS.API.Providers.NEAROASIS\NextGenSoftware.OASIS.API.Providers.NEAROASIS.csproj]
C:\Source\OASIS-master\Providers\Blockchain\NextGenSoftware.OASIS.API.Providers.NEAROASIS\NEAROASIS.cs(30,7): warning CS0105: The using directive for 'NextGenSoftware.OASIS.API.Core.Interfaces.Wallet.Responses' appeared previously in this namespace [C:\Source\OASIS-master\Providers\Blockchain\NextGenSoftware.OASIS.API.Providers.NEAROASIS\NextGenSoftware.OASIS.API.Providers.NEAROASIS.csproj]
C:\Source\OASIS-master\Providers\Blockchain\NextGenSoftware.OASIS.API.Providers.NEAROASIS\NEAROASIS.cs(32,7): warning CS0105: The using directive for 'NextGenSoftware.OASIS.API.Core.Objects.NFT.Requests' appeared previously in this namespace [C:\Source\OASIS-master\Providers\Blockchain\NextGenSoftware.OASIS.API.Providers.NEAROASIS\NextGenSoftware.OASIS.API.Providers.NEAROASIS.csproj]
C:\Source\OASIS-master\Providers\Blockchain\NextGenSoftware.OASIS.API.Providers.NEAROASIS\NEAROASIS.cs(33,7): warning CS0105: The using directive for 'NextGenSoftware.OASIS.API.Core.Objects.NFT' appeared previously in this namespace [C:\Source\OASIS-master\Providers\Blockchain\NextGenSoftware.OASIS.API.Providers.NEAROASIS\NextGenSoftware.OASIS.API.Providers.NEAROASIS.csproj]
C:\Source\OASIS-master\Providers\Blockchain\NextGenSoftware.OASIS.API.Providers.NEAROASIS\NEAROASIS.cs(126,55): warning CS1998: This async method lacks 'await' operators and will run synchronously. Consider using the 'await' operator to await non-blocking API calls, or 'await Task.Run(...)' to do CPU-bound work on a background thread. [C:\Source\OASIS-master\Providers\Blockchain\NextGenSoftware.OASIS.API.Providers.NEAROASIS\NextGenSoftware.OASIS.API.Providers.NEAROASIS.csproj]
C:\Source\OASIS-master\Providers\Blockchain\NextGenSoftware.OASIS.API.Providers.NEAROASIS\NEAROASIS.cs(2336,42): error CS4032: The 'await' operator can only be used within an async method. Consider marking this method with the 'async' modifier and changing its return type to 'Task<OASISResult<IEnumerable<IAvatar>>>'. [C:\Source\OASIS-master\Providers\Blockchain\NextGenSoftware.OASIS.API.Providers.NEAROASIS\NextGenSoftware.OASIS.API.Providers.NEAROASIS.csproj]
C:\Source\OASIS-master\Providers\Blockchain\NextGenSoftware.OASIS.API.Providers.NEAROASIS\NEAROASIS.cs(2419,42): error CS4032: The 'await' operator can only be used within an async method. Consider marking this method with the 'async' modifier and changing its return type to 'Task<OASISResult<IEnumerable<IHolon>>>'. [C:\Source\OASIS-master\Providers\Blockchain\NextGenSoftware.OASIS.API.Providers.NEAROASIS\NextGenSoftware.OASIS.API.Providers.NEAROASIS.csproj]
C:\Source\OASIS-master\Providers\Blockchain\NextGenSoftware.OASIS.API.Providers.NEAROASIS\NEAROASIS.cs(2844,42): error CS4032: The 'await' operator can only be used within an async method. Consider marking this method with the 'async' modifier and changing its return type to 'Task<OASISResult<IEnumerable<IPlayer>>>'. [C:\Source\OASIS-master\Providers\Blockchain\NextGenSoftware.OASIS.API.Providers.NEAROASIS\NextGenSoftware.OASIS.API.Providers.NEAROASIS.csproj]
C:\Source\OASIS-master\Providers\Blockchain\NextGenSoftware.OASIS.API.Providers.NEAROASIS\NEAROASIS.cs(3446,36): error CS1061: 'string' does not contain a definition for 'PrivateKey' and no accessible extension method 'PrivateKey' accepting a first argument of type 'string' could be found (are you missing a using directive or an assembly reference?) [C:\Source\OASIS-master\Providers\Blockchain\NextGenSoftware.OASIS.API.Providers.NEAROASIS\NextGenSoftware.OASIS.API.Providers.NEAROASIS.csproj]
C:\Source\OASIS-master\Providers\Blockchain\NextGenSoftware.OASIS.API.Providers.NEAROASIS\NEAROASIS.cs(3431,36): warning CS1998: This async method lacks 'await' operators and will run synchronously. Consider using the 'await' operator to await non-blocking API calls, or 'await Task.Run(...)' to do CPU-bound work on a background thread. [C:\Source\OASIS-master\Providers\Blockchain\NextGenSoftware.OASIS.API.Providers.NEAROASIS\NextGenSoftware.OASIS.API.Providers.NEAROASIS.csproj]
C:\Source\OASIS-master\Providers\Blockchain\NextGenSoftware.OASIS.API.Providers.NEAROASIS\NEAROASIS.cs(3454,36): warning CS1998: This async method lacks 'await' operators and will run synchronously. Consider using the 'await' operator to await non-blocking API calls, or 'await Task.Run(...)' to do CPU-bound work on a background thread. [C:\Source\OASIS-master\Providers\Blockchain\NextGenSoftware.OASIS.API.Providers.NEAROASIS\NextGenSoftware.OASIS.API.Providers.NEAROASIS.csproj]
C:\Source\OASIS-master\Providers\Blockchain\NextGenSoftware.OASIS.API.Providers.NEAROASIS\NEAROASIS.cs(3647,58): error CS1061: 'OASISResult<List<string>>' does not contain a definition for 'Any' and no accessible extension method 'Any' accepting a first argument of type 'OASISResult<List<string>>' could be found (are you missing a using directive or an assembly reference?) [C:\Source\OASIS-master\Providers\Blockchain\NextGenSoftware.OASIS.API.Providers.NEAROASIS\NextGenSoftware.OASIS.API.Providers.NEAROASIS.csproj]
C:\Source\OASIS-master\Providers\Blockchain\NextGenSoftware.OASIS.API.Providers.NEAROASIS\NEAROASIS.cs(3647,105): error CS1061: 'OASISResult<List<string>>' does not contain a definition for 'First' and no accessible extension method 'First' accepting a first argument of type 'OASISResult<List<string>>' could be found (are you missing a using directive or an assembly reference?) [C:\Source\OASIS-master\Providers\Blockchain\NextGenSoftware.OASIS.API.Providers.NEAROASIS\NextGenSoftware.OASIS.API.Providers.NEAROASIS.csproj]
C:\Source\OASIS-master\Providers\Blockchain\NextGenSoftware.OASIS.API.Providers.NEAROASIS\NEAROASIS.cs(3649,43): error CS1061: 'OASISResult<List<string>>' does not contain a definition for 'First' and no accessible extension method 'First' accepting a first argument of type 'OASISResult<List<string>>' could be found (are you missing a using directive or an assembly reference?) [C:\Source\OASIS-master\Providers\Blockchain\NextGenSoftware.OASIS.API.Providers.NEAROASIS\NextGenSoftware.OASIS.API.Providers.NEAROASIS.csproj]
C:\Source\OASIS-master\Providers\Blockchain\NextGenSoftware.OASIS.API.Providers.NEAROASIS\NEAROASIS.cs(3684,36): warning CS1998: This async method lacks 'await' operators and will run synchronously. Consider using the 'await' operator to await non-blocking API calls, or 'await Task.Run(...)' to do CPU-bound work on a background thread. [C:\Source\OASIS-master\Providers\Blockchain\NextGenSoftware.OASIS.API.Providers.NEAROASIS\NextGenSoftware.OASIS.API.Providers.NEAROASIS.csproj]
C:\Source\OASIS-master\Providers\Blockchain\NextGenSoftware.OASIS.API.Providers.NEAROASIS\NEAROASIS.cs(3715,41): warning CS1998: This async method lacks 'await' operators and will run synchronously. Consider using the 'await' operator to await non-blocking API calls, or 'await Task.Run(...)' to do CPU-bound work on a background thread. [C:\Source\OASIS-master\Providers\Blockchain\NextGenSoftware.OASIS.API.Providers.NEAROASIS\NextGenSoftware.OASIS.API.Providers.NEAROASIS.csproj]
C:\Source\OASIS-master\Providers\Blockchain\NextGenSoftware.OASIS.API.Providers.NEAROASIS\NEAROASIS.cs(4996,102): error CS0103: The name 'senderAccountAddress' does not exist in the current context [C:\Source\OASIS-master\Providers\Blockchain\NextGenSoftware.OASIS.API.Providers.NEAROASIS\NextGenSoftware.OASIS.API.Providers.NEAROASIS.csproj]
C:\Source\OASIS-master\Providers\Blockchain\NextGenSoftware.OASIS.API.Providers.NEAROASIS\NEAROASIS.cs(54,33): warning CS0649: Field 'NEAROASIS._privateKey' is never assigned to, and will always have its default value null [C:\Source\OASIS-master\Providers\Blockchain\NextGenSoftware.OASIS.API.Providers.NEAROASIS\NextGenSoftware.OASIS.API.Providers.NEAROASIS.csproj]
C:\Source\OASIS-master\Providers\Blockchain\NextGenSoftware.OASIS.API.Providers.PolkadotOASIS\NextGenSoftware.OASIS.API.Providers.PolkadotOASIS.csproj : warning NU1608: Detected package version outside of dependency constraint: Google.Cloud.Storage.V1 3.7.0 requires Google.Api.Gax.Rest (>= 3.6.0 && < 4.0.0) but version Google.Api.Gax.Rest 4.6.0 was resolved.
C:\Source\OASIS-master\Providers\Blockchain\TestProjects\NextGenSoftware.OASIS.API.Providers.BaseOASIS.TestHarness\Program.cs(211,25): error CS0246: The type or namespace name 'INFTTransactionRespone' could not be found (are you missing a using directive or an assembly reference?) [C:\Source\OASIS-master\Providers\Blockchain\TestProjects\NextGenSoftware.OASIS.API.Providers.BaseOASIS.TestHarness\NextGenSoftware.OASIS.API.Providers.BaseOASIS.TestHarness.csproj]
C:\Source\OASIS-master\Providers\Blockchain\TestProjects\NextGenSoftware.OASIS.API.Providers.BaseOASIS.TestHarness\Program.cs(211,91): error CS0246: The type or namespace name 'NFTWalletTransactionRequest' could not be found (are you missing a using directive or an assembly reference?) [C:\Source\OASIS-master\Providers\Blockchain\TestProjects\NextGenSoftware.OASIS.API.Providers.BaseOASIS.TestHarness\NextGenSoftware.OASIS.API.Providers.BaseOASIS.TestHarness.csproj]
C:\Source\OASIS-master\Providers\Blockchain\TestProjects\NextGenSoftware.OASIS.API.Providers.BaseOASIS.TestHarness\Program.cs(231,25): error CS0246: The type or namespace name 'INFTTransactionRespone' could not be found (are you missing a using directive or an assembly reference?) [C:\Source\OASIS-master\Providers\Blockchain\TestProjects\NextGenSoftware.OASIS.API.Providers.BaseOASIS.TestHarness\NextGenSoftware.OASIS.API.Providers.BaseOASIS.TestHarness.csproj]
C:\Source\OASIS-master\Providers\Blockchain\TestProjects\NextGenSoftware.OASIS.API.Providers.BaseOASIS.TestHarness\Program.cs(232,21): error CS0246: The type or namespace name 'MintNFTTransactionRequest' could not be found (are you missing a using directive or an assembly reference?) [C:\Source\OASIS-master\Providers\Blockchain\TestProjects\NextGenSoftware.OASIS.API.Providers.BaseOASIS.TestHarness\NextGenSoftware.OASIS.API.Providers.BaseOASIS.TestHarness.csproj]
C:\Source\OASIS-master\Providers\Blockchain\TestProjects\NextGenSoftware.OASIS.API.Providers.FantomOASIS.TestHarness\Program.cs(31,65): error CS1061: 'FantomOASIS' does not contain a definition for 'ProviderVersion' and no accessible extension method 'ProviderVersion' accepting a first argument of type 'FantomOASIS' could be found (are you missing a using directive or an assembly reference?) [C:\Source\OASIS-master\Providers\Blockchain\TestProjects\NextGenSoftware.OASIS.API.Providers.FantomOASIS.TestHarness\NextGenSoftware.OASIS.API.Providers.FantomOASIS.TestHarness.csproj]
C:\Source\OASIS-master\Providers\Blockchain\TestProjects\NextGenSoftware.OASIS.API.Providers.FantomOASIS.TestHarness\Program.cs(79,34): error CS0246: The type or namespace name 'Avatar' could not be found (are you missing a using directive or an assembly reference?) [C:\Source\OASIS-master\Providers\Blockchain\TestProjects\NextGenSoftware.OASIS.API.Providers.FantomOASIS.TestHarness\NextGenSoftware.OASIS.API.Providers.FantomOASIS.TestHarness.csproj]
C:\Source\OASIS-master\Providers\Blockchain\TestProjects\NextGenSoftware.OASIS.API.Providers.FantomOASIS.TestHarness\Program.cs(107,51): error CS1061: 'FantomOASIS' does not contain a definition for 'SearchAvatarsAsync' and no accessible extension method 'SearchAvatarsAsync' accepting a first argument of type 'FantomOASIS' could be found (are you missing a using directive or an assembly reference?) [C:\Source\OASIS-master\Providers\Blockchain\TestProjects\NextGenSoftware.OASIS.API.Providers.FantomOASIS.TestHarness\NextGenSoftware.OASIS.API.Providers.FantomOASIS.TestHarness.csproj]
C:\Source\OASIS-master\Providers\Blockchain\TestProjects\NextGenSoftware.OASIS.API.Providers.FantomOASIS.TestHarness\Program.cs(127,33): error CS0246: The type or namespace name 'Holon' could not be found (are you missing a using directive or an assembly reference?) [C:\Source\OASIS-master\Providers\Blockchain\TestProjects\NextGenSoftware.OASIS.API.Providers.FantomOASIS.TestHarness\NextGenSoftware.OASIS.API.Providers.FantomOASIS.TestHarness.csproj]
C:\Source\OASIS-master\Providers\Blockchain\TestProjects\NextGenSoftware.OASIS.API.Providers.FantomOASIS.TestHarness\Program.cs(131,43): error CS0117: 'HolonType' does not contain a definition for 'Generic' [C:\Source\OASIS-master\Providers\Blockchain\TestProjects\NextGenSoftware.OASIS.API.Providers.FantomOASIS.TestHarness\NextGenSoftware.OASIS.API.Providers.FantomOASIS.TestHarness.csproj]
C:\Source\OASIS-master\Providers\Blockchain\TestProjects\NextGenSoftware.OASIS.API.Providers.FantomOASIS.TestHarness\Program.cs(154,51): error CS1061: 'FantomOASIS' does not contain a definition for 'SearchHolonsAsync' and no accessible extension method 'SearchHolonsAsync' accepting a first argument of type 'FantomOASIS' could be found (are you missing a using directive or an assembly reference?) [C:\Source\OASIS-master\Providers\Blockchain\TestProjects\NextGenSoftware.OASIS.API.Providers.FantomOASIS.TestHarness\NextGenSoftware.OASIS.API.Providers.FantomOASIS.TestHarness.csproj]
C:\Source\OASIS-master\Providers\Blockchain\TestProjects\NextGenSoftware.OASIS.API.Providers.FantomOASIS.TestHarness\Program.cs(174,55): error CS1061: 'FantomOASIS' does not contain a definition for 'ConnectAsync' and no accessible extension method 'ConnectAsync' accepting a first argument of type 'FantomOASIS' could be found (are you missing a using directive or an assembly reference?) [C:\Source\OASIS-master\Providers\Blockchain\TestProjects\NextGenSoftware.OASIS.API.Providers.FantomOASIS.TestHarness\NextGenSoftware.OASIS.API.Providers.FantomOASIS.TestHarness.csproj]
C:\Program Files\dotnet\sdk\9.0.306\Microsoft.Common.CurrentVersion.targets(2189,5): warning MSB9008: The referenced project ..\..\..\OASIS Architecture\NextGenSoftware.OASIS.API.Core\NextGenSoftware.OASIS.API.Core.csproj does not exist. [C:\Source\OASIS-master\Providers\Blockchain\TestProjects\NextGenSoftware.OASIS.API.Providers.FantomOASIS.UnitTests\NextGenSoftware.OASIS.API.Providers.FantomOASIS.UnitTests.csproj]
  NextGenSoftware.OASIS.API.Core.Apollo.Server -> C:\Source\OASIS-master\Providers\Other\NextGenSoftware.OASIS.API.Core.Apollo.Server\bin\Debug\net8.0\NextGenSoftware.OASIS.API.Core.Apollo.Server.dll
  NextGenSoftware.OASIS.API.Core.ARC.Membrane -> C:\Source\OASIS-master\Providers\Other\NextGenSoftware.OASIS.API.Core.ARC.Membrane\bin\Debug\net8.0\NextGenSoftware.OASIS.API.Core.ARC.Membrane.dll
C:\Source\OASIS-master\Providers\Blockchain\TestProjects\NextGenSoftware.OASIS.API.Providers.TelosOASIS.TestHarness\Program.cs(15,32): error CS7036: There is no argument given that corresponds to the required parameter 'host' of 'TelosOASIS.TelosOASIS(string, string, string, string)' [C:\Source\OASIS-master\Providers\Blockchain\TestProjects\NextGenSoftware.OASIS.API.Providers.TelosOASIS.TestHarness\NextGenSoftware.OASIS.API.Providers.TelosOASIS.TestHarness.csproj]
C:\Source\OASIS-master\Providers\Blockchain\TestProjects\NextGenSoftware.OASIS.API.Providers.TelosOASIS.TestHarness\Program.cs(22,75): error CS1061: 'OASISResult<bool>' does not contain a definition for 'IsSuccess' and no accessible extension method 'IsSuccess' accepting a first argument of type 'OASISResult<bool>' could be found (are you missing a using directive or an assembly reference?) [C:\Source\OASIS-master\Providers\Blockchain\TestProjects\NextGenSoftware.OASIS.API.Providers.TelosOASIS.TestHarness\NextGenSoftware.OASIS.API.Providers.TelosOASIS.TestHarness.csproj]
C:\Source\OASIS-master\Providers\Blockchain\TestProjects\NextGenSoftware.OASIS.API.Providers.TelosOASIS.TestHarness\Program.cs(23,37): error CS1061: 'OASISResult<bool>' does not contain a definition for 'IsSuccess' and no accessible extension method 'IsSuccess' accepting a first argument of type 'OASISResult<bool>' could be found (are you missing a using directive or an assembly reference?) [C:\Source\OASIS-master\Providers\Blockchain\TestProjects\NextGenSoftware.OASIS.API.Providers.TelosOASIS.TestHarness\NextGenSoftware.OASIS.API.Providers.TelosOASIS.TestHarness.csproj]
C:\Source\OASIS-master\Providers\Blockchain\TestProjects\NextGenSoftware.OASIS.API.Providers.TelosOASIS.TestHarness\Program.cs(28,34): error CS0246: The type or namespace name 'Avatar' could not be found (are you missing a using directive or an assembly reference?) [C:\Source\OASIS-master\Providers\Blockchain\TestProjects\NextGenSoftware.OASIS.API.Providers.TelosOASIS.TestHarness\NextGenSoftware.OASIS.API.Providers.TelosOASIS.TestHarness.csproj]
C:\Source\OASIS-master\Providers\Blockchain\TestProjects\NextGenSoftware.OASIS.API.Providers.TelosOASIS.TestHarness\Program.cs(43,74): error CS1061: 'OASISResult<IEnumerable<IAvatar>>' does not contain a definition for 'IsSuccess' and no accessible extension method 'IsSuccess' accepting a first argument of type 'OASISResult<IEnumerable<IAvatar>>' could be found (are you missing a using directive or an assembly reference?) [C:\Source\OASIS-master\Providers\Blockchain\TestProjects\NextGenSoftware.OASIS.API.Providers.TelosOASIS.TestHarness\NextGenSoftware.OASIS.API.Providers.TelosOASIS.TestHarness.csproj]
C:\Source\OASIS-master\Providers\Blockchain\TestProjects\NextGenSoftware.OASIS.API.Providers.TelosOASIS.TestHarness\Program.cs(44,40): error CS1061: 'OASISResult<IEnumerable<IAvatar>>' does not contain a definition for 'IsSuccess' and no accessible extension method 'IsSuccess' accepting a first argument of type 'OASISResult<IEnumerable<IAvatar>>' could be found (are you missing a using directive or an assembly reference?) [C:\Source\OASIS-master\Providers\Blockchain\TestProjects\NextGenSoftware.OASIS.API.Providers.TelosOASIS.TestHarness\NextGenSoftware.OASIS.API.Providers.TelosOASIS.TestHarness.csproj]
C:\Source\OASIS-master\Providers\Blockchain\TestProjects\NextGenSoftware.OASIS.API.Providers.TelosOASIS.TestHarness\Program.cs(50,82): error CS1061: 'OASISResult<IAvatar>' does not contain a definition for 'IsSuccess' and no accessible extension method 'IsSuccess' accepting a first argument of type 'OASISResult<IAvatar>' could be found (are you missing a using directive or an assembly reference?) [C:\Source\OASIS-master\Providers\Blockchain\TestProjects\NextGenSoftware.OASIS.API.Providers.TelosOASIS.TestHarness\NextGenSoftware.OASIS.API.Providers.TelosOASIS.TestHarness.csproj]
C:\Source\OASIS-master\Providers\Blockchain\TestProjects\NextGenSoftware.OASIS.API.Providers.TelosOASIS.TestHarness\Program.cs(51,40): error CS1061: 'OASISResult<IAvatar>' does not contain a definition for 'IsSuccess' and no accessible extension method 'IsSuccess' accepting a first argument of type 'OASISResult<IAvatar>' could be found (are you missing a using directive or an assembly reference?) [C:\Source\OASIS-master\Providers\Blockchain\TestProjects\NextGenSoftware.OASIS.API.Providers.TelosOASIS.TestHarness\NextGenSoftware.OASIS.API.Providers.TelosOASIS.TestHarness.csproj]
C:\Source\OASIS-master\Providers\Blockchain\TestProjects\NextGenSoftware.OASIS.API.Providers.TelosOASIS.TestHarness\Program.cs(57,88): error CS1061: 'OASISResult<IAvatar>' does not contain a definition for 'IsSuccess' and no accessible extension method 'IsSuccess' accepting a first argument of type 'OASISResult<IAvatar>' could be found (are you missing a using directive or an assembly reference?) [C:\Source\OASIS-master\Providers\Blockchain\TestProjects\NextGenSoftware.OASIS.API.Providers.TelosOASIS.TestHarness\NextGenSoftware.OASIS.API.Providers.TelosOASIS.TestHarness.csproj]
C:\Source\OASIS-master\Providers\Blockchain\TestProjects\NextGenSoftware.OASIS.API.Providers.TelosOASIS.TestHarness\Program.cs(58,43): error CS1061: 'OASISResult<IAvatar>' does not contain a definition for 'IsSuccess' and no accessible extension method 'IsSuccess' accepting a first argument of type 'OASISResult<IAvatar>' could be found (are you missing a using directive or an assembly reference?) [C:\Source\OASIS-master\Providers\Blockchain\TestProjects\NextGenSoftware.OASIS.API.Providers.TelosOASIS.TestHarness\NextGenSoftware.OASIS.API.Providers.TelosOASIS.TestHarness.csproj]
C:\Source\OASIS-master\Providers\Blockchain\TestProjects\NextGenSoftware.OASIS.API.Providers.TelosOASIS.TestHarness\Program.cs(64,95): error CS1061: 'OASISResult<IAvatar>' does not contain a definition for 'IsSuccess' and no accessible extension method 'IsSuccess' accepting a first argument of type 'OASISResult<IAvatar>' could be found (are you missing a using directive or an assembly reference?) [C:\Source\OASIS-master\Providers\Blockchain\TestProjects\NextGenSoftware.OASIS.API.Providers.TelosOASIS.TestHarness\NextGenSoftware.OASIS.API.Providers.TelosOASIS.TestHarness.csproj]
C:\Source\OASIS-master\Providers\Blockchain\TestProjects\NextGenSoftware.OASIS.API.Providers.TelosOASIS.TestHarness\Program.cs(65,46): error CS1061: 'OASISResult<IAvatar>' does not contain a definition for 'IsSuccess' and no accessible extension method 'IsSuccess' accepting a first argument of type 'OASISResult<IAvatar>' could be found (are you missing a using directive or an assembly reference?) [C:\Source\OASIS-master\Providers\Blockchain\TestProjects\NextGenSoftware.OASIS.API.Providers.TelosOASIS.TestHarness\NextGenSoftware.OASIS.API.Providers.TelosOASIS.TestHarness.csproj]
C:\Source\OASIS-master\Providers\Blockchain\TestProjects\NextGenSoftware.OASIS.API.Providers.TelosOASIS.TestHarness\Program.cs(71,76): error CS1061: 'OASISResult<IAvatar>' does not contain a definition for 'IsSuccess' and no accessible extension method 'IsSuccess' accepting a first argument of type 'OASISResult<IAvatar>' could be found (are you missing a using directive or an assembly reference?) [C:\Source\OASIS-master\Providers\Blockchain\TestProjects\NextGenSoftware.OASIS.API.Providers.TelosOASIS.TestHarness\NextGenSoftware.OASIS.API.Providers.TelosOASIS.TestHarness.csproj]
C:\Source\OASIS-master\Providers\Blockchain\TestProjects\NextGenSoftware.OASIS.API.Providers.TelosOASIS.TestHarness\Program.cs(72,37): error CS1061: 'OASISResult<IAvatar>' does not contain a definition for 'IsSuccess' and no accessible extension method 'IsSuccess' accepting a first argument of type 'OASISResult<IAvatar>' could be found (are you missing a using directive or an assembly reference?) [C:\Source\OASIS-master\Providers\Blockchain\TestProjects\NextGenSoftware.OASIS.API.Providers.TelosOASIS.TestHarness\NextGenSoftware.OASIS.API.Providers.TelosOASIS.TestHarness.csproj]
C:\Source\OASIS-master\Providers\Blockchain\TestProjects\NextGenSoftware.OASIS.API.Providers.TelosOASIS.TestHarness\Program.cs(77,33): error CS0246: The type or namespace name 'Holon' could not be found (are you missing a using directive or an assembly reference?) [C:\Source\OASIS-master\Providers\Blockchain\TestProjects\NextGenSoftware.OASIS.API.Providers.TelosOASIS.TestHarness\NextGenSoftware.OASIS.API.Providers.TelosOASIS.TestHarness.csproj]
C:\Source\OASIS-master\Providers\Blockchain\TestProjects\NextGenSoftware.OASIS.API.Providers.TelosOASIS.TestHarness\Program.cs(90,72): error CS1061: 'OASISResult<IEnumerable<IHolon>>' does not contain a definition for 'IsSuccess' and no accessible extension method 'IsSuccess' accepting a first argument of type 'OASISResult<IEnumerable<IHolon>>' could be found (are you missing a using directive or an assembly reference?) [C:\Source\OASIS-master\Providers\Blockchain\TestProjects\NextGenSoftware.OASIS.API.Providers.TelosOASIS.TestHarness\NextGenSoftware.OASIS.API.Providers.TelosOASIS.TestHarness.csproj]
C:\Source\OASIS-master\Providers\Blockchain\TestProjects\NextGenSoftware.OASIS.API.Providers.TelosOASIS.TestHarness\Program.cs(91,39): error CS1061: 'OASISResult<IEnumerable<IHolon>>' does not contain a definition for 'IsSuccess' and no accessible extension method 'IsSuccess' accepting a first argument of type 'OASISResult<IEnumerable<IHolon>>' could be found (are you missing a using directive or an assembly reference?) [C:\Source\OASIS-master\Providers\Blockchain\TestProjects\NextGenSoftware.OASIS.API.Providers.TelosOASIS.TestHarness\NextGenSoftware.OASIS.API.Providers.TelosOASIS.TestHarness.csproj]
C:\Source\OASIS-master\Providers\Blockchain\TestProjects\NextGenSoftware.OASIS.API.Providers.TelosOASIS.TestHarness\Program.cs(97,80): error CS1061: 'OASISResult<IHolon>' does not contain a definition for 'IsSuccess' and no accessible extension method 'IsSuccess' accepting a first argument of type 'OASISResult<IHolon>' could be found (are you missing a using directive or an assembly reference?) [C:\Source\OASIS-master\Providers\Blockchain\TestProjects\NextGenSoftware.OASIS.API.Providers.TelosOASIS.TestHarness\NextGenSoftware.OASIS.API.Providers.TelosOASIS.TestHarness.csproj]
C:\Source\OASIS-master\Providers\Blockchain\TestProjects\NextGenSoftware.OASIS.API.Providers.TelosOASIS.TestHarness\Program.cs(98,42): error CS1061: 'OASISResult<IHolon>' does not contain a definition for 'IsSuccess' and no accessible extension method 'IsSuccess' accepting a first argument of type 'OASISResult<IHolon>' could be found (are you missing a using directive or an assembly reference?) [C:\Source\OASIS-master\Providers\Blockchain\TestProjects\NextGenSoftware.OASIS.API.Providers.TelosOASIS.TestHarness\NextGenSoftware.OASIS.API.Providers.TelosOASIS.TestHarness.csproj]
C:\Source\OASIS-master\Providers\Blockchain\TestProjects\NextGenSoftware.OASIS.API.Providers.TelosOASIS.TestHarness\Program.cs(104,92): error CS1061: 'OASISResult<IEnumerable<IHolon>>' does not contain a definition for 'IsSuccess' and no accessible extension method 'IsSuccess' accepting a first argument of type 'OASISResult<IEnumerable<IHolon>>' could be found (are you missing a using directive or an assembly reference?) [C:\Source\OASIS-master\Providers\Blockchain\TestProjects\NextGenSoftware.OASIS.API.Providers.TelosOASIS.TestHarness\NextGenSoftware.OASIS.API.Providers.TelosOASIS.TestHarness.csproj]
C:\Source\OASIS-master\Providers\Blockchain\TestProjects\NextGenSoftware.OASIS.API.Providers.TelosOASIS.TestHarness\Program.cs(105,48): error CS1061: 'OASISResult<IEnumerable<IHolon>>' does not contain a definition for 'IsSuccess' and no accessible extension method 'IsSuccess' accepting a first argument of type 'OASISResult<IEnumerable<IHolon>>' could be found (are you missing a using directive or an assembly reference?) [C:\Source\OASIS-master\Providers\Blockchain\TestProjects\NextGenSoftware.OASIS.API.Providers.TelosOASIS.TestHarness\NextGenSoftware.OASIS.API.Providers.TelosOASIS.TestHarness.csproj]
C:\Source\OASIS-master\Providers\Blockchain\TestProjects\NextGenSoftware.OASIS.API.Providers.TelosOASIS.TestHarness\Program.cs(111,73): error CS1061: 'OASISResult<IHolon>' does not contain a definition for 'IsSuccess' and no accessible extension method 'IsSuccess' accepting a first argument of type 'OASISResult<IHolon>' could be found (are you missing a using directive or an assembly reference?) [C:\Source\OASIS-master\Providers\Blockchain\TestProjects\NextGenSoftware.OASIS.API.Providers.TelosOASIS.TestHarness\NextGenSoftware.OASIS.API.Providers.TelosOASIS.TestHarness.csproj]
C:\Source\OASIS-master\Providers\Blockchain\TestProjects\NextGenSoftware.OASIS.API.Providers.TelosOASIS.TestHarness\Program.cs(112,40): error CS1061: 'OASISResult<IHolon>' does not contain a definition for 'IsSuccess' and no accessible extension method 'IsSuccess' accepting a first argument of type 'OASISResult<IHolon>' could be found (are you missing a using directive or an assembly reference?) [C:\Source\OASIS-master\Providers\Blockchain\TestProjects\NextGenSoftware.OASIS.API.Providers.TelosOASIS.TestHarness\NextGenSoftware.OASIS.API.Providers.TelosOASIS.TestHarness.csproj]
C:\Source\OASIS-master\Providers\Blockchain\TestProjects\NextGenSoftware.OASIS.API.Providers.TelosOASIS.TestHarness\Program.cs(117,40): error CS0246: The type or namespace name 'AvatarDetail' could not be found (are you missing a using directive or an assembly reference?) [C:\Source\OASIS-master\Providers\Blockchain\TestProjects\NextGenSoftware.OASIS.API.Providers.TelosOASIS.TestHarness\NextGenSoftware.OASIS.API.Providers.TelosOASIS.TestHarness.csproj]
C:\Source\OASIS-master\Providers\Blockchain\TestProjects\NextGenSoftware.OASIS.API.Providers.TelosOASIS.TestHarness\Program.cs(130,85): error CS1061: 'OASISResult<IAvatarDetail>' does not contain a definition for 'IsSuccess' and no accessible extension method 'IsSuccess' accepting a first argument of type 'OASISResult<IAvatarDetail>' could be found (are you missing a using directive or an assembly reference?) [C:\Source\OASIS-master\Providers\Blockchain\TestProjects\NextGenSoftware.OASIS.API.Providers.TelosOASIS.TestHarness\NextGenSoftware.OASIS.API.Providers.TelosOASIS.TestHarness.csproj]
C:\Source\OASIS-master\Providers\Blockchain\TestProjects\NextGenSoftware.OASIS.API.Providers.TelosOASIS.TestHarness\Program.cs(131,45): error CS1061: 'OASISResult<IAvatarDetail>' does not contain a definition for 'IsSuccess' and no accessible extension method 'IsSuccess' accepting a first argument of type 'OASISResult<IAvatarDetail>' could be found (are you missing a using directive or an assembly reference?) [C:\Source\OASIS-master\Providers\Blockchain\TestProjects\NextGenSoftware.OASIS.API.Providers.TelosOASIS.TestHarness\NextGenSoftware.OASIS.API.Providers.TelosOASIS.TestHarness.csproj]
C:\Source\OASIS-master\Providers\Blockchain\TestProjects\NextGenSoftware.OASIS.API.Providers.TelosOASIS.TestHarness\Program.cs(137,101): error CS1061: 'OASISResult<IAvatarDetail>' does not contain a definition for 'IsSuccess' and no accessible extension method 'IsSuccess' accepting a first argument of type 'OASISResult<IAvatarDetail>' could be found (are you missing a using directive or an assembly reference?) [C:\Source\OASIS-master\Providers\Blockchain\TestProjects\NextGenSoftware.OASIS.API.Providers.TelosOASIS.TestHarness\NextGenSoftware.OASIS.API.Providers.TelosOASIS.TestHarness.csproj]
C:\Source\OASIS-master\Providers\Blockchain\TestProjects\NextGenSoftware.OASIS.API.Providers.TelosOASIS.TestHarness\Program.cs(138,52): error CS1061: 'OASISResult<IAvatarDetail>' does not contain a definition for 'IsSuccess' and no accessible extension method 'IsSuccess' accepting a first argument of type 'OASISResult<IAvatarDetail>' could be found (are you missing a using directive or an assembly reference?) [C:\Source\OASIS-master\Providers\Blockchain\TestProjects\NextGenSoftware.OASIS.API.Providers.TelosOASIS.TestHarness\NextGenSoftware.OASIS.API.Providers.TelosOASIS.TestHarness.csproj]
C:\Source\OASIS-master\Providers\Blockchain\TestProjects\NextGenSoftware.OASIS.API.Providers.TelosOASIS.TestHarness\Program.cs(144,107): error CS1061: 'OASISResult<IAvatarDetail>' does not contain a definition for 'IsSuccess' and no accessible extension method 'IsSuccess' accepting a first argument of type 'OASISResult<IAvatarDetail>' could be found (are you missing a using directive or an assembly reference?) [C:\Source\OASIS-master\Providers\Blockchain\TestProjects\NextGenSoftware.OASIS.API.Providers.TelosOASIS.TestHarness\NextGenSoftware.OASIS.API.Providers.TelosOASIS.TestHarness.csproj]
C:\Source\OASIS-master\Providers\Blockchain\TestProjects\NextGenSoftware.OASIS.API.Providers.TelosOASIS.TestHarness\Program.cs(145,55): error CS1061: 'OASISResult<IAvatarDetail>' does not contain a definition for 'IsSuccess' and no accessible extension method 'IsSuccess' accepting a first argument of type 'OASISResult<IAvatarDetail>' could be found (are you missing a using directive or an assembly reference?) [C:\Source\OASIS-master\Providers\Blockchain\TestProjects\NextGenSoftware.OASIS.API.Providers.TelosOASIS.TestHarness\NextGenSoftware.OASIS.API.Providers.TelosOASIS.TestHarness.csproj]
C:\Source\OASIS-master\Providers\Blockchain\TestProjects\NextGenSoftware.OASIS.API.Providers.TelosOASIS.TestHarness\Program.cs(151,79): error CS1061: 'OASISResult<bool>' does not contain a definition for 'IsSuccess' and no accessible extension method 'IsSuccess' accepting a first argument of type 'OASISResult<bool>' could be found (are you missing a using directive or an assembly reference?) [C:\Source\OASIS-master\Providers\Blockchain\TestProjects\NextGenSoftware.OASIS.API.Providers.TelosOASIS.TestHarness\NextGenSoftware.OASIS.API.Providers.TelosOASIS.TestHarness.csproj]
C:\Source\OASIS-master\Providers\Blockchain\TestProjects\NextGenSoftware.OASIS.API.Providers.TelosOASIS.TestHarness\Program.cs(152,39): error CS1061: 'OASISResult<bool>' does not contain a definition for 'IsSuccess' and no accessible extension method 'IsSuccess' accepting a first argument of type 'OASISResult<bool>' could be found (are you missing a using directive or an assembly reference?) [C:\Source\OASIS-master\Providers\Blockchain\TestProjects\NextGenSoftware.OASIS.API.Providers.TelosOASIS.TestHarness\NextGenSoftware.OASIS.API.Providers.TelosOASIS.TestHarness.csproj]
C:\Source\OASIS-master\Providers\Other\NextGenSoftware.OASIS.API.Providers.SEEDSOASIS\SEEDSOASIS.cs(592,26): error CS0103: The name 'CreateDeterministicGuid' does not exist in the current context [C:\Source\OASIS-master\Providers\Other\NextGenSoftware.OASIS.API.Providers.SEEDSOASIS\NextGenSoftware.OASIS.API.Providers.SEEDSOASIS.csproj]
C:\Source\OASIS-master\Providers\Other\NextGenSoftware.OASIS.API.Providers.SEEDSOASIS\SEEDSOASIS.cs(1542,133): error CS0103: The name 'CreateDeterministicGuid' does not exist in the current context [C:\Source\OASIS-master\Providers\Other\NextGenSoftware.OASIS.API.Providers.SEEDSOASIS\NextGenSoftware.OASIS.API.Providers.SEEDSOASIS.csproj]
C:\Source\OASIS-master\Providers\Other\NextGenSoftware.OASIS.API.Providers.SEEDSOASIS\SEEDSOASIS.cs(1574,26): error CS0103: The name 'CreateDeterministicGuid' does not exist in the current context [C:\Source\OASIS-master\Providers\Other\NextGenSoftware.OASIS.API.Providers.SEEDSOASIS\NextGenSoftware.OASIS.API.Providers.SEEDSOASIS.csproj]
C:\Source\OASIS-master\Providers\Other\NextGenSoftware.OASIS.API.Providers.SEEDSOASIS\SEEDSOASIS.cs(1591,133): error CS0103: The name 'CreateDeterministicGuid' does not exist in the current context [C:\Source\OASIS-master\Providers\Other\NextGenSoftware.OASIS.API.Providers.SEEDSOASIS\NextGenSoftware.OASIS.API.Providers.SEEDSOASIS.csproj]
C:\Source\OASIS-master\Providers\Other\NextGenSoftware.OASIS.API.Providers.SEEDSOASIS\SEEDSOASIS.cs(1622,26): error CS0103: The name 'CreateDeterministicGuid' does not exist in the current context [C:\Source\OASIS-master\Providers\Other\NextGenSoftware.OASIS.API.Providers.SEEDSOASIS\NextGenSoftware.OASIS.API.Providers.SEEDSOASIS.csproj]
C:\Source\OASIS-master\Providers\Other\NextGenSoftware.OASIS.API.Providers.SEEDSOASIS\SEEDSOASIS.cs(1530,58): warning CS0067: The event 'SEEDSOASIS.OnStorageProviderError' is never used [C:\Source\OASIS-master\Providers\Other\NextGenSoftware.OASIS.API.Providers.SEEDSOASIS\NextGenSoftware.OASIS.API.Providers.SEEDSOASIS.csproj]
C:\Source\OASIS-master\Providers\Blockchain\TestProjects\NextGenSoftware.OASIS.API.Providers.FantomOASIS.UnitTests\FantomOASISTests.cs(27,26): error CS1503: Argument 1: cannot convert from 'NextGenSoftware.OASIS.API.Core.Enums.ProviderType' to 'System.DateTime' [C:\Source\OASIS-master\Providers\Blockchain\TestProjects\NextGenSoftware.OASIS.API.Providers.FantomOASIS.UnitTests\NextGenSoftware.OASIS.API.Providers.FantomOASIS.UnitTests.csproj]
C:\Source\OASIS-master\Providers\Blockchain\TestProjects\NextGenSoftware.OASIS.API.Providers.FantomOASIS.UnitTests\FantomOASISTests.cs(27,52): error CS1503: Argument 2: cannot convert from 'NextGenSoftware.Utilities.EnumValue<NextGenSoftware.OASIS.API.Core.Enums.ProviderType>' to 'System.DateTime' [C:\Source\OASIS-master\Providers\Blockchain\TestProjects\NextGenSoftware.OASIS.API.Providers.FantomOASIS.UnitTests\NextGenSoftware.OASIS.API.Providers.FantomOASIS.UnitTests.csproj]
C:\Source\OASIS-master\Providers\Blockchain\TestProjects\NextGenSoftware.OASIS.API.Providers.FantomOASIS.UnitTests\FantomOASISTests.cs(30,26): error CS1503: Argument 1: cannot convert from 'NextGenSoftware.OASIS.API.Core.Enums.ProviderCategory' to 'System.DateTime' [C:\Source\OASIS-master\Providers\Blockchain\TestProjects\NextGenSoftware.OASIS.API.Providers.FantomOASIS.UnitTests\NextGenSoftware.OASIS.API.Providers.FantomOASIS.UnitTests.csproj]
C:\Source\OASIS-master\Providers\Blockchain\TestProjects\NextGenSoftware.OASIS.API.Providers.FantomOASIS.UnitTests\FantomOASISTests.cs(30,55): error CS1503: Argument 2: cannot convert from 'NextGenSoftware.Utilities.EnumValue<NextGenSoftware.OASIS.API.Core.Enums.ProviderCategory>' to 'System.DateTime' [C:\Source\OASIS-master\Providers\Blockchain\TestProjects\NextGenSoftware.OASIS.API.Providers.FantomOASIS.UnitTests\NextGenSoftware.OASIS.API.Providers.FantomOASIS.UnitTests.csproj]
C:\Source\OASIS-master\Providers\Blockchain\TestProjects\NextGenSoftware.OASIS.API.Providers.FantomOASIS.UnitTests\FantomOASISTests.cs(37,26): error CS1503: Argument 1: cannot convert from 'NextGenSoftware.OASIS.API.Core.Enums.ProviderType' to 'System.DateTime' [C:\Source\OASIS-master\Providers\Blockchain\TestProjects\NextGenSoftware.OASIS.API.Providers.FantomOASIS.UnitTests\NextGenSoftware.OASIS.API.Providers.FantomOASIS.UnitTests.csproj]
C:\Source\OASIS-master\Providers\Blockchain\TestProjects\NextGenSoftware.OASIS.API.Providers.FantomOASIS.UnitTests\FantomOASISTests.cs(37,52): error CS1503: Argument 2: cannot convert from 'NextGenSoftware.Utilities.EnumValue<NextGenSoftware.OASIS.API.Core.Enums.ProviderType>' to 'System.DateTime' [C:\Source\OASIS-master\Providers\Blockchain\TestProjects\NextGenSoftware.OASIS.API.Providers.FantomOASIS.UnitTests\NextGenSoftware.OASIS.API.Providers.FantomOASIS.UnitTests.csproj]
C:\Source\OASIS-master\Providers\Blockchain\TestProjects\NextGenSoftware.OASIS.API.Providers.FantomOASIS.UnitTests\FantomOASISTests.cs(58,26): error CS1503: Argument 1: cannot convert from 'NextGenSoftware.OASIS.API.Core.Enums.ProviderCategory' to 'System.DateTime' [C:\Source\OASIS-master\Providers\Blockchain\TestProjects\NextGenSoftware.OASIS.API.Providers.FantomOASIS.UnitTests\NextGenSoftware.OASIS.API.Providers.FantomOASIS.UnitTests.csproj]
C:\Source\OASIS-master\Providers\Blockchain\TestProjects\NextGenSoftware.OASIS.API.Providers.FantomOASIS.UnitTests\FantomOASISTests.cs(58,55): error CS1503: Argument 2: cannot convert from 'NextGenSoftware.Utilities.EnumValue<NextGenSoftware.OASIS.API.Core.Enums.ProviderCategory>' to 'System.DateTime' [C:\Source\OASIS-master\Providers\Blockchain\TestProjects\NextGenSoftware.OASIS.API.Providers.FantomOASIS.UnitTests\NextGenSoftware.OASIS.API.Providers.FantomOASIS.UnitTests.csproj]
C:\Source\OASIS-master\Providers\Blockchain\TestProjects\NextGenSoftware.OASIS.API.Providers.FantomOASIS.UnitTests\FantomOASISTests.cs(65,38): error CS1061: 'FantomOASIS' does not contain a definition for 'ProviderVersion' and no accessible extension method 'ProviderVersion' accepting a first argument of type 'FantomOASIS' could be found (are you missing a using directive or an assembly reference?) [C:\Source\OASIS-master\Providers\Blockchain\TestProjects\NextGenSoftware.OASIS.API.Providers.FantomOASIS.UnitTests\NextGenSoftware.OASIS.API.Providers.FantomOASIS.UnitTests.csproj]
C:\Source\OASIS-master\Providers\Blockchain\TestProjects\NextGenSoftware.OASIS.API.Providers.FantomOASIS.UnitTests\FantomOASISTests.cs(66,39): error CS1061: 'FantomOASIS' does not contain a definition for 'ProviderVersion' and no accessible extension method 'ProviderVersion' accepting a first argument of type 'FantomOASIS' could be found (are you missing a using directive or an assembly reference?) [C:\Source\OASIS-master\Providers\Blockchain\TestProjects\NextGenSoftware.OASIS.API.Providers.FantomOASIS.UnitTests\NextGenSoftware.OASIS.API.Providers.FantomOASIS.UnitTests.csproj]
C:\Source\OASIS-master\Providers\Blockchain\TestProjects\NextGenSoftware.OASIS.API.Providers.FantomOASIS.UnitTests\FantomOASISTests.cs(73,36): error CS1061: 'FantomOASIS' does not contain a definition for 'IsActivated' and no accessible extension method 'IsActivated' accepting a first argument of type 'FantomOASIS' could be found (are you missing a using directive or an assembly reference?) [C:\Source\OASIS-master\Providers\Blockchain\TestProjects\NextGenSoftware.OASIS.API.Providers.FantomOASIS.UnitTests\NextGenSoftware.OASIS.API.Providers.FantomOASIS.UnitTests.csproj]
C:\Source\OASIS-master\Providers\Blockchain\TestProjects\NextGenSoftware.OASIS.API.Providers.FantomOASIS.UnitTests\FantomOASISTests.cs(87,36): error CS1061: 'FantomOASIS' does not contain a definition for 'IsProviderConnected' and no accessible extension method 'IsProviderConnected' accepting a first argument of type 'FantomOASIS' could be found (are you missing a using directive or an assembly reference?) [C:\Source\OASIS-master\Providers\Blockchain\TestProjects\NextGenSoftware.OASIS.API.Providers.FantomOASIS.UnitTests\NextGenSoftware.OASIS.API.Providers.FantomOASIS.UnitTests.csproj]
  NextGenSoftware.OASIS.API.Providers.ProviderNameOASIS -> C:\Source\OASIS-master\Providers\Template\NextGenSoftware.OASIS.API.Providers.ProviderNameOASIS\bin\Debug\net8.0\NextGenSoftware.OASIS.API.Providers.ProviderNameOASIS.dll
C:\Source\OASIS-master\Providers\Blockchain\TestProjects\NextGenSoftware.OASIS.API.Providers.BaseOASIS.UnitTests\BaseOASISTests.cs(16,13): error CS0283: The type 'BigInteger' cannot be declared const [C:\Source\OASIS-master\Providers\Blockchain\TestProjects\NextGenSoftware.OASIS.API.Providers.BaseOASIS.UnitTests\NextGenSoftware.OASIS.API.Providers.BaseOASIS.UnitTests.csproj]
C:\Source\OASIS-master\Providers\Blockchain\TestProjects\NextGenSoftware.OASIS.API.Providers.BaseOASIS.UnitTests\BaseOASISTests.cs(16,44): error CS0133: The expression being assigned to 'BaseOASISTests.TestChainId' must be constant [C:\Source\OASIS-master\Providers\Blockchain\TestProjects\NextGenSoftware.OASIS.API.Providers.BaseOASIS.UnitTests\NextGenSoftware.OASIS.API.Providers.BaseOASIS.UnitTests.csproj]
C:\Source\OASIS-master\Providers\Other\NextGenSoftware.OASIS.API.Providers.PLANOASIS\PLANOASIS.cs(16,7): warning CS0105: The using directive for 'NextGenSoftware.OASIS.API.Core.Objects.Wallet.Requests' appeared previously in this namespace [C:\Source\OASIS-master\Providers\Other\NextGenSoftware.OASIS.API.Providers.PLANOASIS\NextGenSoftware.OASIS.API.Providers.PLANOASIS.csproj]
C:\Source\OASIS-master\Providers\Other\NextGenSoftware.OASIS.API.Providers.PLANOASIS\PLANOASIS.cs(67,55): warning CS1998: This async method lacks 'await' operators and will run synchronously. Consider using the 'await' operator to await non-blocking API calls, or 'await Task.Run(...)' to do CPU-bound work on a background thread. [C:\Source\OASIS-master\Providers\Other\NextGenSoftware.OASIS.API.Providers.PLANOASIS\NextGenSoftware.OASIS.API.Providers.PLANOASIS.csproj]
C:\Source\OASIS-master\Providers\Other\NextGenSoftware.OASIS.API.Providers.PLANOASIS\PLANOASIS.cs(89,55): warning CS1998: This async method lacks 'await' operators and will run synchronously. Consider using the 'await' operator to await non-blocking API calls, or 'await Task.Run(...)' to do CPU-bound work on a background thread. [C:\Source\OASIS-master\Providers\Other\NextGenSoftware.OASIS.API.Providers.PLANOASIS\NextGenSoftware.OASIS.API.Providers.PLANOASIS.csproj]
C:\Source\OASIS-master\Providers\Other\NextGenSoftware.OASIS.API.Providers.PLANOASIS\PLANOASIS.cs(709,58): warning CS1998: This async method lacks 'await' operators and will run synchronously. Consider using the 'await' operator to await non-blocking API calls, or 'await Task.Run(...)' to do CPU-bound work on a background thread. [C:\Source\OASIS-master\Providers\Other\NextGenSoftware.OASIS.API.Providers.PLANOASIS\NextGenSoftware.OASIS.API.Providers.PLANOASIS.csproj]
C:\Source\OASIS-master\Providers\Other\NextGenSoftware.OASIS.API.Providers.PLANOASIS\PLANOASIS.cs(719,64): warning CS1998: This async method lacks 'await' operators and will run synchronously. Consider using the 'await' operator to await non-blocking API calls, or 'await Task.Run(...)' to do CPU-bound work on a background thread. [C:\Source\OASIS-master\Providers\Other\NextGenSoftware.OASIS.API.Providers.PLANOASIS\NextGenSoftware.OASIS.API.Providers.PLANOASIS.csproj]
C:\Source\OASIS-master\Providers\Other\NextGenSoftware.OASIS.API.Providers.PLANOASIS\PLANOASIS.cs(729,55): warning CS1998: This async method lacks 'await' operators and will run synchronously. Consider using the 'await' operator to await non-blocking API calls, or 'await Task.Run(...)' to do CPU-bound work on a background thread. [C:\Source\OASIS-master\Providers\Other\NextGenSoftware.OASIS.API.Providers.PLANOASIS\NextGenSoftware.OASIS.API.Providers.PLANOASIS.csproj]
C:\Source\OASIS-master\Providers\Other\NextGenSoftware.OASIS.API.Providers.PLANOASIS\PLANOASIS.cs(739,55): warning CS1998: This async method lacks 'await' operators and will run synchronously. Consider using the 'await' operator to await non-blocking API calls, or 'await Task.Run(...)' to do CPU-bound work on a background thread. [C:\Source\OASIS-master\Providers\Other\NextGenSoftware.OASIS.API.Providers.PLANOASIS\NextGenSoftware.OASIS.API.Providers.PLANOASIS.csproj]
C:\Source\OASIS-master\Providers\Other\NextGenSoftware.OASIS.API.Providers.PLANOASIS\PLANOASIS.cs(749,55): warning CS1998: This async method lacks 'await' operators and will run synchronously. Consider using the 'await' operator to await non-blocking API calls, or 'await Task.Run(...)' to do CPU-bound work on a background thread. [C:\Source\OASIS-master\Providers\Other\NextGenSoftware.OASIS.API.Providers.PLANOASIS\NextGenSoftware.OASIS.API.Providers.PLANOASIS.csproj]
C:\Source\OASIS-master\Providers\Other\NextGenSoftware.OASIS.API.Providers.PLANOASIS\PLANOASIS.cs(759,55): warning CS1998: This async method lacks 'await' operators and will run synchronously. Consider using the 'await' operator to await non-blocking API calls, or 'await Task.Run(...)' to do CPU-bound work on a background thread. [C:\Source\OASIS-master\Providers\Other\NextGenSoftware.OASIS.API.Providers.PLANOASIS\NextGenSoftware.OASIS.API.Providers.PLANOASIS.csproj]
C:\Source\OASIS-master\Providers\Other\NextGenSoftware.OASIS.API.Providers.PLANOASIS\PLANOASIS.cs(769,57): warning CS1998: This async method lacks 'await' operators and will run synchronously. Consider using the 'await' operator to await non-blocking API calls, or 'await Task.Run(...)' to do CPU-bound work on a background thread. [C:\Source\OASIS-master\Providers\Other\NextGenSoftware.OASIS.API.Providers.PLANOASIS\NextGenSoftware.OASIS.API.Providers.PLANOASIS.csproj]
C:\Source\OASIS-master\Providers\Other\NextGenSoftware.OASIS.API.Providers.PLANOASIS\PLANOASIS.cs(779,57): warning CS1998: This async method lacks 'await' operators and will run synchronously. Consider using the 'await' operator to await non-blocking API calls, or 'await Task.Run(...)' to do CPU-bound work on a background thread. [C:\Source\OASIS-master\Providers\Other\NextGenSoftware.OASIS.API.Providers.PLANOASIS\NextGenSoftware.OASIS.API.Providers.PLANOASIS.csproj]
C:\Source\OASIS-master\Providers\Other\NextGenSoftware.OASIS.API.Providers.PLANOASIS\PLANOASIS.cs(809,70): warning CS1998: This async method lacks 'await' operators and will run synchronously. Consider using the 'await' operator to await non-blocking API calls, or 'await Task.Run(...)' to do CPU-bound work on a background thread. [C:\Source\OASIS-master\Providers\Other\NextGenSoftware.OASIS.API.Providers.PLANOASIS\NextGenSoftware.OASIS.API.Providers.PLANOASIS.csproj]
C:\Source\OASIS-master\Providers\Other\NextGenSoftware.OASIS.API.Providers.PLANOASIS\PLANOASIS.cs(819,70): warning CS1998: This async method lacks 'await' operators and will run synchronously. Consider using the 'await' operator to await non-blocking API calls, or 'await Task.Run(...)' to do CPU-bound work on a background thread. [C:\Source\OASIS-master\Providers\Other\NextGenSoftware.OASIS.API.Providers.PLANOASIS\NextGenSoftware.OASIS.API.Providers.PLANOASIS.csproj]
C:\Source\OASIS-master\Providers\Other\NextGenSoftware.OASIS.API.Providers.PLANOASIS\PLANOASIS.cs(958,70): warning CS1998: This async method lacks 'await' operators and will run synchronously. Consider using the 'await' operator to await non-blocking API calls, or 'await Task.Run(...)' to do CPU-bound work on a background thread. [C:\Source\OASIS-master\Providers\Other\NextGenSoftware.OASIS.API.Providers.PLANOASIS\NextGenSoftware.OASIS.API.Providers.PLANOASIS.csproj]
C:\Source\OASIS-master\Providers\Other\NextGenSoftware.OASIS.API.Providers.PLANOASIS\PLANOASIS.cs(1568,42): error CS4032: The 'await' operator can only be used within an async method. Consider marking this method with the 'async' modifier and changing its return type to 'Task<OASISResult<IEnumerable<IAvatar>>>'. [C:\Source\OASIS-master\Providers\Other\NextGenSoftware.OASIS.API.Providers.PLANOASIS\NextGenSoftware.OASIS.API.Providers.PLANOASIS.csproj]
C:\Source\OASIS-master\Providers\Other\NextGenSoftware.OASIS.API.Providers.PLANOASIS\PLANOASIS.cs(1622,42): error CS4032: The 'await' operator can only be used within an async method. Consider marking this method with the 'async' modifier and changing its return type to 'Task<OASISResult<IEnumerable<IHolon>>>'. [C:\Source\OASIS-master\Providers\Other\NextGenSoftware.OASIS.API.Providers.PLANOASIS\NextGenSoftware.OASIS.API.Providers.PLANOASIS.csproj]
C:\Source\OASIS-master\Providers\Blockchain\TestProjects\NextGenSoftware.OASIS.API.Providers.BaseOASIS.IntegrationTests\BaseOASISIntegrationTests.cs(16,13): error CS0283: The type 'BigInteger' cannot be declared const [C:\Source\OASIS-master\Providers\Blockchain\TestProjects\NextGenSoftware.OASIS.API.Providers.BaseOASIS.IntegrationTests\NextGenSoftware.OASIS.API.Providers.BaseOASIS.IntegrationTests.csproj]
C:\Source\OASIS-master\Providers\Blockchain\TestProjects\NextGenSoftware.OASIS.API.Providers.BaseOASIS.IntegrationTests\BaseOASISIntegrationTests.cs(16,44): error CS0133: The expression being assigned to 'BaseOASISIntegrationTests.TestChainId' must be constant [C:\Source\OASIS-master\Providers\Blockchain\TestProjects\NextGenSoftware.OASIS.API.Providers.BaseOASIS.IntegrationTests\NextGenSoftware.OASIS.API.Providers.BaseOASIS.IntegrationTests.csproj]
C:\Source\OASIS-master\Providers\Blockchain\TestProjects\NextGenSoftware.OASIS.API.Providers.ElrondOASIS.IntegrationTests\ElrondOASISIntegrationTests.cs(14,38): error CS0118: 'ElrondOASIS' is a namespace but is used like a type [C:\Source\OASIS-master\Providers\Blockchain\TestProjects\NextGenSoftware.OASIS.API.Providers.ElrondOASIS.IntegrationTests\NextGenSoftware.OASIS.API.Providers.ElrondOASIS.IntegrationTests.csproj]
C:\Source\OASIS-master\Providers\Blockchain\TestProjects\NextGenSoftware.OASIS.API.Providers.ElrondOASIS.IntegrationTests\ElrondOASISIntegrationTests.cs(33,38): error CS0118: 'ElrondOASIS' is a namespace but is used like a type [C:\Source\OASIS-master\Providers\Blockchain\TestProjects\NextGenSoftware.OASIS.API.Providers.ElrondOASIS.IntegrationTests\NextGenSoftware.OASIS.API.Providers.ElrondOASIS.IntegrationTests.csproj]
C:\Source\OASIS-master\Providers\Blockchain\TestProjects\NextGenSoftware.OASIS.API.Providers.ElrondOASIS.IntegrationTests\ElrondOASISIntegrationTests.cs(52,38): error CS0118: 'ElrondOASIS' is a namespace but is used like a type [C:\Source\OASIS-master\Providers\Blockchain\TestProjects\NextGenSoftware.OASIS.API.Providers.ElrondOASIS.IntegrationTests\NextGenSoftware.OASIS.API.Providers.ElrondOASIS.IntegrationTests.csproj]
C:\Source\OASIS-master\Providers\Blockchain\TestProjects\NextGenSoftware.OASIS.API.Providers.ElrondOASIS.IntegrationTests\ElrondOASISIntegrationTests.cs(75,38): error CS0118: 'ElrondOASIS' is a namespace but is used like a type [C:\Source\OASIS-master\Providers\Blockchain\TestProjects\NextGenSoftware.OASIS.API.Providers.ElrondOASIS.IntegrationTests\NextGenSoftware.OASIS.API.Providers.ElrondOASIS.IntegrationTests.csproj]
C:\Source\OASIS-master\Providers\Cloud\TestProjects\NextGenSoftware.OASIS.API.Providers.GoogleCloudOASIS.IntegrationTests\NextGenSoftware.OASIS.API.Providers.GoogleCloudOASIS.IntegrationTests.csproj : warning NU1608: Detected package version outside of dependency constraint: Google.Cloud.Storage.V1 3.7.0 requires Google.Api.Gax.Rest (>= 3.6.0 && < 4.0.0) but version Google.Api.Gax.Rest 4.6.0 was resolved.
C:\Source\OASIS-master\Providers\Cloud\TestProjects\NextGenSoftware.OASIS.API.Providers.GoogleCloudOASIS.UnitTests\NextGenSoftware.OASIS.API.Providers.GoogleCloudOASIS.UnitTests.csproj : warning NU1608: Detected package version outside of dependency constraint: Google.Cloud.Storage.V1 3.7.0 requires Google.Api.Gax.Rest (>= 3.6.0 && < 4.0.0) but version Google.Api.Gax.Rest 4.6.0 was resolved.
  NextGenSoftware.OASIS.API.Providers.ONION-Protocol -> C:\Source\OASIS-master\Providers\Other\NextGenSoftware.OASIS.API.Providers.ONION-Protocol\bin\Debug\net8.0\NextGenSoftware.OASIS.API.Providers.ONION-Protocol.dll
C:\Source\OASIS-master\Providers\Blockchain\TestProjects\NextGenSoftware.OASIS.API.Providers.BNBChainOASIS.UnitTests\BNBChainOASISTests.cs(27,26): error CS1503: Argument 1: cannot convert from 'NextGenSoftware.OASIS.API.Core.Enums.ProviderType' to 'System.DateTime' [C:\Source\OASIS-master\Providers\Blockchain\TestProjects\NextGenSoftware.OASIS.API.Providers.BNBChainOASIS.UnitTests\NextGenSoftware.OASIS.API.Providers.BNBChainOASIS.UnitTests.csproj]
C:\Source\OASIS-master\Providers\Blockchain\TestProjects\NextGenSoftware.OASIS.API.Providers.BNBChainOASIS.UnitTests\BNBChainOASISTests.cs(27,54): error CS1503: Argument 2: cannot convert from 'NextGenSoftware.Utilities.EnumValue<NextGenSoftware.OASIS.API.Core.Enums.ProviderType>' to 'System.DateTime' [C:\Source\OASIS-master\Providers\Blockchain\TestProjects\NextGenSoftware.OASIS.API.Providers.BNBChainOASIS.UnitTests\NextGenSoftware.OASIS.API.Providers.BNBChainOASIS.UnitTests.csproj]
C:\Source\OASIS-master\Providers\Blockchain\TestProjects\NextGenSoftware.OASIS.API.Providers.BNBChainOASIS.UnitTests\BNBChainOASISTests.cs(30,26): error CS1503: Argument 1: cannot convert from 'NextGenSoftware.OASIS.API.Core.Enums.ProviderCategory' to 'System.DateTime' [C:\Source\OASIS-master\Providers\Blockchain\TestProjects\NextGenSoftware.OASIS.API.Providers.BNBChainOASIS.UnitTests\NextGenSoftware.OASIS.API.Providers.BNBChainOASIS.UnitTests.csproj]
C:\Source\OASIS-master\Providers\Blockchain\TestProjects\NextGenSoftware.OASIS.API.Providers.BNBChainOASIS.UnitTests\BNBChainOASISTests.cs(30,55): error CS1503: Argument 2: cannot convert from 'NextGenSoftware.Utilities.EnumValue<NextGenSoftware.OASIS.API.Core.Enums.ProviderCategory>' to 'System.DateTime' [C:\Source\OASIS-master\Providers\Blockchain\TestProjects\NextGenSoftware.OASIS.API.Providers.BNBChainOASIS.UnitTests\NextGenSoftware.OASIS.API.Providers.BNBChainOASIS.UnitTests.csproj]
C:\Source\OASIS-master\Providers\Blockchain\TestProjects\NextGenSoftware.OASIS.API.Providers.BNBChainOASIS.UnitTests\BNBChainOASISTests.cs(37,26): error CS1503: Argument 1: cannot convert from 'NextGenSoftware.OASIS.API.Core.Enums.ProviderType' to 'System.DateTime' [C:\Source\OASIS-master\Providers\Blockchain\TestProjects\NextGenSoftware.OASIS.API.Providers.BNBChainOASIS.UnitTests\NextGenSoftware.OASIS.API.Providers.BNBChainOASIS.UnitTests.csproj]
C:\Source\OASIS-master\Providers\Blockchain\TestProjects\NextGenSoftware.OASIS.API.Providers.BNBChainOASIS.UnitTests\BNBChainOASISTests.cs(37,54): error CS1503: Argument 2: cannot convert from 'NextGenSoftware.Utilities.EnumValue<NextGenSoftware.OASIS.API.Core.Enums.ProviderType>' to 'System.DateTime' [C:\Source\OASIS-master\Providers\Blockchain\TestProjects\NextGenSoftware.OASIS.API.Providers.BNBChainOASIS.UnitTests\NextGenSoftware.OASIS.API.Providers.BNBChainOASIS.UnitTests.csproj]
C:\Source\OASIS-master\Providers\Blockchain\TestProjects\NextGenSoftware.OASIS.API.Providers.BNBChainOASIS.UnitTests\BNBChainOASISTests.cs(58,26): error CS1503: Argument 1: cannot convert from 'NextGenSoftware.OASIS.API.Core.Enums.ProviderCategory' to 'System.DateTime' [C:\Source\OASIS-master\Providers\Blockchain\TestProjects\NextGenSoftware.OASIS.API.Providers.BNBChainOASIS.UnitTests\NextGenSoftware.OASIS.API.Providers.BNBChainOASIS.UnitTests.csproj]
C:\Source\OASIS-master\Providers\Blockchain\TestProjects\NextGenSoftware.OASIS.API.Providers.BNBChainOASIS.UnitTests\BNBChainOASISTests.cs(58,55): error CS1503: Argument 2: cannot convert from 'NextGenSoftware.Utilities.EnumValue<NextGenSoftware.OASIS.API.Core.Enums.ProviderCategory>' to 'System.DateTime' [C:\Source\OASIS-master\Providers\Blockchain\TestProjects\NextGenSoftware.OASIS.API.Providers.BNBChainOASIS.UnitTests\NextGenSoftware.OASIS.API.Providers.BNBChainOASIS.UnitTests.csproj]
C:\Source\OASIS-master\Providers\Blockchain\TestProjects\NextGenSoftware.OASIS.API.Providers.BNBChainOASIS.UnitTests\BNBChainOASISTests.cs(65,38): error CS1061: 'BNBChainOASIS' does not contain a definition for 'ProviderVersion' and no accessible extension method 'ProviderVersion' accepting a first argument of type 'BNBChainOASIS' could be found (are you missing a using directive or an assembly reference?) [C:\Source\OASIS-master\Providers\Blockchain\TestProjects\NextGenSoftware.OASIS.API.Providers.BNBChainOASIS.UnitTests\NextGenSoftware.OASIS.API.Providers.BNBChainOASIS.UnitTests.csproj]
C:\Source\OASIS-master\Providers\Blockchain\TestProjects\NextGenSoftware.OASIS.API.Providers.BNBChainOASIS.UnitTests\BNBChainOASISTests.cs(66,39): error CS1061: 'BNBChainOASIS' does not contain a definition for 'ProviderVersion' and no accessible extension method 'ProviderVersion' accepting a first argument of type 'BNBChainOASIS' could be found (are you missing a using directive or an assembly reference?) [C:\Source\OASIS-master\Providers\Blockchain\TestProjects\NextGenSoftware.OASIS.API.Providers.BNBChainOASIS.UnitTests\NextGenSoftware.OASIS.API.Providers.BNBChainOASIS.UnitTests.csproj]
C:\Source\OASIS-master\Providers\Blockchain\TestProjects\NextGenSoftware.OASIS.API.Providers.BNBChainOASIS.UnitTests\BNBChainOASISTests.cs(73,36): error CS1061: 'BNBChainOASIS' does not contain a definition for 'IsActivated' and no accessible extension method 'IsActivated' accepting a first argument of type 'BNBChainOASIS' could be found (are you missing a using directive or an assembly reference?) [C:\Source\OASIS-master\Providers\Blockchain\TestProjects\NextGenSoftware.OASIS.API.Providers.BNBChainOASIS.UnitTests\NextGenSoftware.OASIS.API.Providers.BNBChainOASIS.UnitTests.csproj]
C:\Source\OASIS-master\Providers\Blockchain\TestProjects\NextGenSoftware.OASIS.API.Providers.BNBChainOASIS.UnitTests\BNBChainOASISTests.cs(87,36): error CS1061: 'BNBChainOASIS' does not contain a definition for 'IsProviderConnected' and no accessible extension method 'IsProviderConnected' accepting a first argument of type 'BNBChainOASIS' could be found (are you missing a using directive or an assembly reference?) [C:\Source\OASIS-master\Providers\Blockchain\TestProjects\NextGenSoftware.OASIS.API.Providers.BNBChainOASIS.UnitTests\NextGenSoftware.OASIS.API.Providers.BNBChainOASIS.UnitTests.csproj]
C:\Source\OASIS-master\Providers\Cloud\TestProjects\NextGenSoftware.OASIS.API.Providers.AzureCosmosDBOASIS.IntegrationTests\AzureCosmosDBOASISIntegrationTests.cs(19,29): error CS7036: There is no argument given that corresponds to the required parameter 'serviceEndpoint' of 'AzureCosmosDBOASIS.AzureCosmosDBOASIS(Uri, string, string, List<string>)' [C:\Source\OASIS-master\Providers\Cloud\TestProjects\NextGenSoftware.OASIS.API.Providers.AzureCosmosDBOASIS.IntegrationTests\NextGenSoftware.OASIS.API.Providers.AzureCosmosDBOASIS.IntegrationTests.csproj]
C:\Source\OASIS-master\Providers\Cloud\TestProjects\NextGenSoftware.OASIS.API.Providers.AzureCosmosDBOASIS.IntegrationTests\AzureCosmosDBOASISIntegrationTests.cs(26,30): error CS0246: The type or namespace name 'Avatar' could not be found (are you missing a using directive or an assembly reference?) [C:\Source\OASIS-master\Providers\Cloud\TestProjects\NextGenSoftware.OASIS.API.Providers.AzureCosmosDBOASIS.IntegrationTests\NextGenSoftware.OASIS.API.Providers.AzureCosmosDBOASIS.IntegrationTests.csproj]
C:\Source\OASIS-master\Providers\Cloud\TestProjects\NextGenSoftware.OASIS.API.Providers.AzureCosmosDBOASIS.IntegrationTests\AzureCosmosDBOASISIntegrationTests.cs(62,29): error CS0246: The type or namespace name 'Holon' could not be found (are you missing a using directive or an assembly reference?) [C:\Source\OASIS-master\Providers\Cloud\TestProjects\NextGenSoftware.OASIS.API.Providers.AzureCosmosDBOASIS.IntegrationTests\NextGenSoftware.OASIS.API.Providers.AzureCosmosDBOASIS.IntegrationTests.csproj]
C:\Source\OASIS-master\Providers\Cloud\TestProjects\NextGenSoftware.OASIS.API.Providers.AzureCosmosDBOASIS.IntegrationTests\AzureCosmosDBOASISIntegrationTests.cs(95,36): error CS0246: The type or namespace name 'SearchParams' could not be found (are you missing a using directive or an assembly reference?) [C:\Source\OASIS-master\Providers\Cloud\TestProjects\NextGenSoftware.OASIS.API.Providers.AzureCosmosDBOASIS.IntegrationTests\NextGenSoftware.OASIS.API.Providers.AzureCosmosDBOASIS.IntegrationTests.csproj]
C:\Source\OASIS-master\Providers\Cloud\TestProjects\NextGenSoftware.OASIS.API.Providers.AzureCosmosDBOASIS.IntegrationTests\AzureCosmosDBOASISIntegrationTests.cs(98,30): error CS0103: The name 'SearchType' does not exist in the current context [C:\Source\OASIS-master\Providers\Cloud\TestProjects\NextGenSoftware.OASIS.API.Providers.AzureCosmosDBOASIS.IntegrationTests\NextGenSoftware.OASIS.API.Providers.AzureCosmosDBOASIS.IntegrationTests.csproj]
C:\Source\OASIS-master\Providers\Cloud\TestProjects\NextGenSoftware.OASIS.API.Providers.AzureCosmosDBOASIS.IntegrationTests\AzureCosmosDBOASISIntegrationTests.cs(102,42): error CS1061: 'AzureCosmosDBOASIS' does not contain a definition for 'SearchAvatarsAsync' and no accessible extension method 'SearchAvatarsAsync' accepting a first argument of type 'AzureCosmosDBOASIS' could be found (are you missing a using directive or an assembly reference?) [C:\Source\OASIS-master\Providers\Cloud\TestProjects\NextGenSoftware.OASIS.API.Providers.AzureCosmosDBOASIS.IntegrationTests\NextGenSoftware.OASIS.API.Providers.AzureCosmosDBOASIS.IntegrationTests.csproj]
C:\Source\OASIS-master\Providers\Cloud\TestProjects\NextGenSoftware.OASIS.API.Providers.AzureCosmosDBOASIS.IntegrationTests\AzureCosmosDBOASISIntegrationTests.cs(114,36): error CS0246: The type or namespace name 'SearchParams' could not be found (are you missing a using directive or an assembly reference?) [C:\Source\OASIS-master\Providers\Cloud\TestProjects\NextGenSoftware.OASIS.API.Providers.AzureCosmosDBOASIS.IntegrationTests\NextGenSoftware.OASIS.API.Providers.AzureCosmosDBOASIS.IntegrationTests.csproj]
C:\Source\OASIS-master\Providers\Cloud\TestProjects\NextGenSoftware.OASIS.API.Providers.AzureCosmosDBOASIS.IntegrationTests\AzureCosmosDBOASISIntegrationTests.cs(117,30): error CS0103: The name 'SearchType' does not exist in the current context [C:\Source\OASIS-master\Providers\Cloud\TestProjects\NextGenSoftware.OASIS.API.Providers.AzureCosmosDBOASIS.IntegrationTests\NextGenSoftware.OASIS.API.Providers.AzureCosmosDBOASIS.IntegrationTests.csproj]
C:\Source\OASIS-master\Providers\Cloud\TestProjects\NextGenSoftware.OASIS.API.Providers.AzureCosmosDBOASIS.IntegrationTests\AzureCosmosDBOASISIntegrationTests.cs(121,42): error CS1061: 'AzureCosmosDBOASIS' does not contain a definition for 'SearchHolonsAsync' and no accessible extension method 'SearchHolonsAsync' accepting a first argument of type 'AzureCosmosDBOASIS' could be found (are you missing a using directive or an assembly reference?) [C:\Source\OASIS-master\Providers\Cloud\TestProjects\NextGenSoftware.OASIS.API.Providers.AzureCosmosDBOASIS.IntegrationTests\NextGenSoftware.OASIS.API.Providers.AzureCosmosDBOASIS.IntegrationTests.csproj]
C:\Source\OASIS-master\Providers\Cloud\TestProjects\NextGenSoftware.OASIS.API.Providers.AzureCosmosDBOASIS.IntegrationTests\AzureCosmosDBOASISIntegrationTests.cs(14,36): warning CS8618: Non-nullable field '_provider' must contain a non-null value when exiting constructor. Consider adding the 'required' modifier or declaring the field as nullable. [C:\Source\OASIS-master\Providers\Cloud\TestProjects\NextGenSoftware.OASIS.API.Providers.AzureCosmosDBOASIS.IntegrationTests\NextGenSoftware.OASIS.API.Providers.AzureCosmosDBOASIS.IntegrationTests.csproj]
C:\Program Files\dotnet\sdk\9.0.306\Microsoft.Common.CurrentVersion.targets(2189,5): warning MSB9008: The referenced project ..\NextGenSoftware.OASIS.API.Providers.ActivityPubOASIS\NextGenSoftware.OASIS.API.Providers.ActivityPubOASIS.csproj does not exist. [C:\Source\OASIS-master\Providers\Network\TestProjects\NextGenSoftware.OASIS.API.Providers.ActivityPubOASIS.IntegrationTests\NextGenSoftware.OASIS.API.Providers.ActivityPubOASIS.IntegrationTests.csproj]
C:\Program Files\dotnet\sdk\9.0.306\Microsoft.Common.CurrentVersion.targets(2189,5): warning MSB9008: The referenced project ..\NextGenSoftware.OASIS.API.Providers.ActivityPubOASIS\NextGenSoftware.OASIS.API.Providers.ActivityPubOASIS.csproj does not exist. [C:\Source\OASIS-master\Providers\Network\TestProjects\NextGenSoftware.OASIS.API.Providers.ActivityPubOASIS.UnitTests\NextGenSoftware.OASIS.API.Providers.ActivityPubOASIS.UnitTests.csproj]
C:\Source\OASIS-master\Providers\Network\TestProjects\NextGenSoftware.OASIS.API.Providers.ActivityPubOASIS.IntegrationTests\ActivityPubOASISIntegrationTests.cs(2,33): error CS0234: The type or namespace name 'Core' does not exist in the namespace 'NextGenSoftware.OASIS.API' (are you missing an assembly reference?) [C:\Source\OASIS-master\Providers\Network\TestProjects\NextGenSoftware.OASIS.API.Providers.ActivityPubOASIS.IntegrationTests\NextGenSoftware.OASIS.API.Providers.ActivityPubOASIS.IntegrationTests.csproj]
C:\Source\OASIS-master\Providers\Network\TestProjects\NextGenSoftware.OASIS.API.Providers.ActivityPubOASIS.IntegrationTests\ActivityPubOASISIntegrationTests.cs(16,22): error CS0118: 'ActivityPubOASIS' is a namespace but is used like a type [C:\Source\OASIS-master\Providers\Network\TestProjects\NextGenSoftware.OASIS.API.Providers.ActivityPubOASIS.IntegrationTests\NextGenSoftware.OASIS.API.Providers.ActivityPubOASIS.IntegrationTests.csproj]
C:\Source\OASIS-master\Providers\Blockchain\TestProjects\NextGenSoftware.OASIS.API.Providers.PolygonOASIS.UnitTests\PolygonOASISTests.cs(17,29): error CS7036: There is no argument given that corresponds to the required parameter 'hostUri' of 'PolygonOASIS.PolygonOASIS(string, string, string)' [C:\Source\OASIS-master\Providers\Blockchain\TestProjects\NextGenSoftware.OASIS.API.Providers.PolygonOASIS.UnitTests\NextGenSoftware.OASIS.API.Providers.PolygonOASIS.UnitTests.csproj]
C:\Source\OASIS-master\Providers\Blockchain\TestProjects\NextGenSoftware.OASIS.API.Providers.PolygonOASIS.UnitTests\PolygonOASISTests.cs(27,34): error CS1061: 'OASISResult<bool>' does not contain a definition for 'IsSuccess' and no accessible extension method 'IsSuccess' accepting a first argument of type 'OASISResult<bool>' could be found (are you missing a using directive or an assembly reference?) [C:\Source\OASIS-master\Providers\Blockchain\TestProjects\NextGenSoftware.OASIS.API.Providers.PolygonOASIS.UnitTests\NextGenSoftware.OASIS.API.Providers.PolygonOASIS.UnitTests.csproj]
C:\Source\OASIS-master\Providers\Blockchain\TestProjects\NextGenSoftware.OASIS.API.Providers.PolygonOASIS.UnitTests\PolygonOASISTests.cs(37,34): error CS1061: 'OASISResult<bool>' does not contain a definition for 'IsSuccess' and no accessible extension method 'IsSuccess' accepting a first argument of type 'OASISResult<bool>' could be found (are you missing a using directive or an assembly reference?) [C:\Source\OASIS-master\Providers\Blockchain\TestProjects\NextGenSoftware.OASIS.API.Providers.PolygonOASIS.UnitTests\NextGenSoftware.OASIS.API.Providers.PolygonOASIS.UnitTests.csproj]
C:\Source\OASIS-master\Providers\Blockchain\TestProjects\NextGenSoftware.OASIS.API.Providers.PolygonOASIS.UnitTests\PolygonOASISTests.cs(44,30): error CS0246: The type or namespace name 'Avatar' could not be found (are you missing a using directive or an assembly reference?) [C:\Source\OASIS-master\Providers\Blockchain\TestProjects\NextGenSoftware.OASIS.API.Providers.PolygonOASIS.UnitTests\NextGenSoftware.OASIS.API.Providers.PolygonOASIS.UnitTests.csproj]
C:\Source\OASIS-master\Providers\Blockchain\TestProjects\NextGenSoftware.OASIS.API.Providers.PolygonOASIS.UnitTests\PolygonOASISTests.cs(67,35): error CS1061: 'OASISResult<IEnumerable<IAvatar>>' does not contain a definition for 'IsSuccess' and no accessible extension method 'IsSuccess' accepting a first argument of type 'OASISResult<IEnumerable<IAvatar>>' could be found (are you missing a using directive or an assembly reference?) [C:\Source\OASIS-master\Providers\Blockchain\TestProjects\NextGenSoftware.OASIS.API.Providers.PolygonOASIS.UnitTests\NextGenSoftware.OASIS.API.Providers.PolygonOASIS.UnitTests.csproj]
C:\Source\OASIS-master\Providers\Blockchain\TestProjects\NextGenSoftware.OASIS.API.Providers.PolygonOASIS.UnitTests\PolygonOASISTests.cs(78,35): error CS1061: 'OASISResult<IAvatar>' does not contain a definition for 'IsSuccess' and no accessible extension method 'IsSuccess' accepting a first argument of type 'OASISResult<IAvatar>' could be found (are you missing a using directive or an assembly reference?) [C:\Source\OASIS-master\Providers\Blockchain\TestProjects\NextGenSoftware.OASIS.API.Providers.PolygonOASIS.UnitTests\NextGenSoftware.OASIS.API.Providers.PolygonOASIS.UnitTests.csproj]
C:\Source\OASIS-master\Providers\Blockchain\TestProjects\NextGenSoftware.OASIS.API.Providers.PolygonOASIS.UnitTests\PolygonOASISTests.cs(89,35): error CS1061: 'OASISResult<IAvatar>' does not contain a definition for 'IsSuccess' and no accessible extension method 'IsSuccess' accepting a first argument of type 'OASISResult<IAvatar>' could be found (are you missing a using directive or an assembly reference?) [C:\Source\OASIS-master\Providers\Blockchain\TestProjects\NextGenSoftware.OASIS.API.Providers.PolygonOASIS.UnitTests\NextGenSoftware.OASIS.API.Providers.PolygonOASIS.UnitTests.csproj]
C:\Source\OASIS-master\Providers\Blockchain\TestProjects\NextGenSoftware.OASIS.API.Providers.PolygonOASIS.UnitTests\PolygonOASISTests.cs(100,35): error CS1061: 'OASISResult<IAvatar>' does not contain a definition for 'IsSuccess' and no accessible extension method 'IsSuccess' accepting a first argument of type 'OASISResult<IAvatar>' could be found (are you missing a using directive or an assembly reference?) [C:\Source\OASIS-master\Providers\Blockchain\TestProjects\NextGenSoftware.OASIS.API.Providers.PolygonOASIS.UnitTests\NextGenSoftware.OASIS.API.Providers.PolygonOASIS.UnitTests.csproj]
C:\Source\OASIS-master\Providers\Blockchain\TestProjects\NextGenSoftware.OASIS.API.Providers.PolygonOASIS.UnitTests\PolygonOASISTests.cs(111,35): error CS1061: 'OASISResult<IAvatar>' does not contain a definition for 'IsSuccess' and no accessible extension method 'IsSuccess' accepting a first argument of type 'OASISResult<IAvatar>' could be found (are you missing a using directive or an assembly reference?) [C:\Source\OASIS-master\Providers\Blockchain\TestProjects\NextGenSoftware.OASIS.API.Providers.PolygonOASIS.UnitTests\NextGenSoftware.OASIS.API.Providers.PolygonOASIS.UnitTests.csproj]
C:\Program Files\dotnet\sdk\9.0.306\Microsoft.Common.CurrentVersion.targets(2189,5): warning MSB9008: The referenced project ..\NextGenSoftware.OASIS.API.Providers.HoloOASIS\NextGenSoftware.OASIS.API.Providers.HoloOASIS.csproj does not exist. [C:\Source\OASIS-master\Providers\Network\TestProjects\NextGenSoftware.OASIS.API.Providers.HoloOASIS.IntegrationTests\NextGenSoftware.OASIS.API.Providers.HoloOASIS.IntegrationTests.csproj]
C:\Source\OASIS-master\Providers\Blockchain\TestProjects\NextGenSoftware.OASIS.API.Providers.PolygonOASIS.UnitTests\PolygonOASISTests.cs(119,29): error CS0246: The type or namespace name 'Holon' could not be found (are you missing a using directive or an assembly reference?) [C:\Source\OASIS-master\Providers\Blockchain\TestProjects\NextGenSoftware.OASIS.API.Providers.PolygonOASIS.UnitTests\NextGenSoftware.OASIS.API.Providers.PolygonOASIS.UnitTests.csproj]
C:\Source\OASIS-master\Providers\Blockchain\TestProjects\NextGenSoftware.OASIS.API.Providers.PolygonOASIS.UnitTests\PolygonOASISTests.cs(140,35): error CS1061: 'OASISResult<IEnumerable<IHolon>>' does not contain a definition for 'IsSuccess' and no accessible extension method 'IsSuccess' accepting a first argument of type 'OASISResult<IEnumerable<IHolon>>' could be found (are you missing a using directive or an assembly reference?) [C:\Source\OASIS-master\Providers\Blockchain\TestProjects\NextGenSoftware.OASIS.API.Providers.PolygonOASIS.UnitTests\NextGenSoftware.OASIS.API.Providers.PolygonOASIS.UnitTests.csproj]
C:\Source\OASIS-master\Providers\Blockchain\TestProjects\NextGenSoftware.OASIS.API.Providers.PolygonOASIS.UnitTests\PolygonOASISTests.cs(151,35): error CS1061: 'OASISResult<IHolon>' does not contain a definition for 'IsSuccess' and no accessible extension method 'IsSuccess' accepting a first argument of type 'OASISResult<IHolon>' could be found (are you missing a using directive or an assembly reference?) [C:\Source\OASIS-master\Providers\Blockchain\TestProjects\NextGenSoftware.OASIS.API.Providers.PolygonOASIS.UnitTests\NextGenSoftware.OASIS.API.Providers.PolygonOASIS.UnitTests.csproj]
C:\Source\OASIS-master\Providers\Blockchain\TestProjects\NextGenSoftware.OASIS.API.Providers.PolygonOASIS.UnitTests\PolygonOASISTests.cs(162,35): error CS1061: 'OASISResult<IEnumerable<IHolon>>' does not contain a definition for 'IsSuccess' and no accessible extension method 'IsSuccess' accepting a first argument of type 'OASISResult<IEnumerable<IHolon>>' could be found (are you missing a using directive or an assembly reference?) [C:\Source\OASIS-master\Providers\Blockchain\TestProjects\NextGenSoftware.OASIS.API.Providers.PolygonOASIS.UnitTests\NextGenSoftware.OASIS.API.Providers.PolygonOASIS.UnitTests.csproj]
C:\Source\OASIS-master\Providers\Blockchain\TestProjects\NextGenSoftware.OASIS.API.Providers.PolygonOASIS.UnitTests\PolygonOASISTests.cs(173,35): error CS1061: 'OASISResult<IHolon>' does not contain a definition for 'IsSuccess' and no accessible extension method 'IsSuccess' accepting a first argument of type 'OASISResult<IHolon>' could be found (are you missing a using directive or an assembly reference?) [C:\Source\OASIS-master\Providers\Blockchain\TestProjects\NextGenSoftware.OASIS.API.Providers.PolygonOASIS.UnitTests\NextGenSoftware.OASIS.API.Providers.PolygonOASIS.UnitTests.csproj]
C:\Source\OASIS-master\Providers\Blockchain\TestProjects\NextGenSoftware.OASIS.API.Providers.PolygonOASIS.UnitTests\PolygonOASISTests.cs(181,36): error CS0246: The type or namespace name 'AvatarDetail' could not be found (are you missing a using directive or an assembly reference?) [C:\Source\OASIS-master\Providers\Blockchain\TestProjects\NextGenSoftware.OASIS.API.Providers.PolygonOASIS.UnitTests\NextGenSoftware.OASIS.API.Providers.PolygonOASIS.UnitTests.csproj]
C:\Source\OASIS-master\Providers\Blockchain\TestProjects\NextGenSoftware.OASIS.API.Providers.TRONOASIS.TestHarness\Program.cs(49,29): error CS1061: 'TRONOASIS' does not contain a definition for 'GetPlayersNearMe' and no accessible extension method 'GetPlayersNearMe' accepting a first argument of type 'TRONOASIS' could be found (are you missing a using directive or an assembly reference?) [C:\Source\OASIS-master\Providers\Blockchain\TestProjects\NextGenSoftware.OASIS.API.Providers.TRONOASIS.TestHarness\NextGenSoftware.OASIS.API.Providers.TRONOASIS.TestHarness.csproj]
C:\Source\OASIS-master\Providers\Blockchain\TestProjects\NextGenSoftware.OASIS.API.Providers.PolygonOASIS.UnitTests\PolygonOASISTests.cs(202,35): error CS1061: 'OASISResult<IAvatarDetail>' does not contain a definition for 'IsSuccess' and no accessible extension method 'IsSuccess' accepting a first argument of type 'OASISResult<IAvatarDetail>' could be found (are you missing a using directive or an assembly reference?) [C:\Source\OASIS-master\Providers\Blockchain\TestProjects\NextGenSoftware.OASIS.API.Providers.PolygonOASIS.UnitTests\NextGenSoftware.OASIS.API.Providers.PolygonOASIS.UnitTests.csproj]
C:\Source\OASIS-master\Providers\Blockchain\TestProjects\NextGenSoftware.OASIS.API.Providers.PolygonOASIS.UnitTests\PolygonOASISTests.cs(213,35): error CS1061: 'OASISResult<IAvatarDetail>' does not contain a definition for 'IsSuccess' and no accessible extension method 'IsSuccess' accepting a first argument of type 'OASISResult<IAvatarDetail>' could be found (are you missing a using directive or an assembly reference?) [C:\Source\OASIS-master\Providers\Blockchain\TestProjects\NextGenSoftware.OASIS.API.Providers.PolygonOASIS.UnitTests\NextGenSoftware.OASIS.API.Providers.PolygonOASIS.UnitTests.csproj]
C:\Source\OASIS-master\Providers\Blockchain\TestProjects\NextGenSoftware.OASIS.API.Providers.PolygonOASIS.UnitTests\PolygonOASISTests.cs(224,35): error CS1061: 'OASISResult<IAvatarDetail>' does not contain a definition for 'IsSuccess' and no accessible extension method 'IsSuccess' accepting a first argument of type 'OASISResult<IAvatarDetail>' could be found (are you missing a using directive or an assembly reference?) [C:\Source\OASIS-master\Providers\Blockchain\TestProjects\NextGenSoftware.OASIS.API.Providers.PolygonOASIS.UnitTests\NextGenSoftware.OASIS.API.Providers.PolygonOASIS.UnitTests.csproj]
C:\Source\OASIS-master\Providers\Blockchain\TestProjects\NextGenSoftware.OASIS.API.Providers.PolygonOASIS.UnitTests\PolygonOASISTests.cs(232,36): error CS1061: 'PolygonOASIS' does not contain a definition for 'GetPlayersNearMe' and no accessible extension method 'GetPlayersNearMe' accepting a first argument of type 'PolygonOASIS' could be found (are you missing a using directive or an assembly reference?) [C:\Source\OASIS-master\Providers\Blockchain\TestProjects\NextGenSoftware.OASIS.API.Providers.PolygonOASIS.UnitTests\NextGenSoftware.OASIS.API.Providers.PolygonOASIS.UnitTests.csproj]
C:\Source\OASIS-master\Providers\Blockchain\TestProjects\NextGenSoftware.OASIS.API.Providers.PolygonOASIS.UnitTests\PolygonOASISTests.cs(246,35): error CS1061: 'OASISResult<IEnumerable<IHolon>>' does not contain a definition for 'IsSuccess' and no accessible extension method 'IsSuccess' accepting a first argument of type 'OASISResult<IEnumerable<IHolon>>' could be found (are you missing a using directive or an assembly reference?) [C:\Source\OASIS-master\Providers\Blockchain\TestProjects\NextGenSoftware.OASIS.API.Providers.PolygonOASIS.UnitTests\NextGenSoftware.OASIS.API.Providers.PolygonOASIS.UnitTests.csproj]
C:\Source\OASIS-master\Providers\Blockchain\TestProjects\NextGenSoftware.OASIS.API.Providers.PolygonOASIS.UnitTests\PolygonOASISTests.cs(254,35): error CS0246: The type or namespace name 'WalletTransactionRequest' could not be found (are you missing a using directive or an assembly reference?) [C:\Source\OASIS-master\Providers\Blockchain\TestProjects\NextGenSoftware.OASIS.API.Providers.PolygonOASIS.UnitTests\NextGenSoftware.OASIS.API.Providers.PolygonOASIS.UnitTests.csproj]
C:\Source\OASIS-master\Providers\Blockchain\TestProjects\NextGenSoftware.OASIS.API.Providers.PolygonOASIS.UnitTests\PolygonOASISTests.cs(268,38): error CS0246: The type or namespace name 'NFTWalletTransactionRequest' could not be found (are you missing a using directive or an assembly reference?) [C:\Source\OASIS-master\Providers\Blockchain\TestProjects\NextGenSoftware.OASIS.API.Providers.PolygonOASIS.UnitTests\NextGenSoftware.OASIS.API.Providers.PolygonOASIS.UnitTests.csproj]
C:\Source\OASIS-master\Providers\Blockchain\TestProjects\NextGenSoftware.OASIS.API.Providers.PolygonOASIS.UnitTests\PolygonOASISTests.cs(282,35): error CS0246: The type or namespace name 'MintNFTTransactionRequest' could not be found (are you missing a using directive or an assembly reference?) [C:\Source\OASIS-master\Providers\Blockchain\TestProjects\NextGenSoftware.OASIS.API.Providers.PolygonOASIS.UnitTests\NextGenSoftware.OASIS.API.Providers.PolygonOASIS.UnitTests.csproj]
C:\Source\OASIS-master\Providers\Blockchain\TestProjects\NextGenSoftware.OASIS.API.Providers.PolygonOASIS.UnitTests\PolygonOASISTests.cs(296,42): error CS1061: 'PolygonOASIS' does not contain a definition for 'LoadNFTAsync' and no accessible extension method 'LoadNFTAsync' accepting a first argument of type 'PolygonOASIS' could be found (are you missing a using directive or an assembly reference?) [C:\Source\OASIS-master\Providers\Blockchain\TestProjects\NextGenSoftware.OASIS.API.Providers.PolygonOASIS.UnitTests\NextGenSoftware.OASIS.API.Providers.PolygonOASIS.UnitTests.csproj]
C:\Source\OASIS-master\Providers\Blockchain\TestProjects\NextGenSoftware.OASIS.API.Providers.PolygonOASIS.UnitTests\PolygonOASISTests.cs(307,42): error CS1061: 'PolygonOASIS' does not contain a definition for 'LoadNFTAsync' and no accessible extension method 'LoadNFTAsync' accepting a first argument of type 'PolygonOASIS' could be found (are you missing a using directive or an assembly reference?) [C:\Source\OASIS-master\Providers\Blockchain\TestProjects\NextGenSoftware.OASIS.API.Providers.PolygonOASIS.UnitTests\NextGenSoftware.OASIS.API.Providers.PolygonOASIS.UnitTests.csproj]
C:\Source\OASIS-master\Providers\Blockchain\TestProjects\NextGenSoftware.OASIS.API.Providers.PolygonOASIS.UnitTests\PolygonOASISTests.cs(318,42): error CS1061: 'PolygonOASIS' does not contain a definition for 'LoadAllNFTsForAvatarAsync' and no accessible extension method 'LoadAllNFTsForAvatarAsync' accepting a first argument of type 'PolygonOASIS' could be found (are you missing a using directive or an assembly reference?) [C:\Source\OASIS-master\Providers\Blockchain\TestProjects\NextGenSoftware.OASIS.API.Providers.PolygonOASIS.UnitTests\NextGenSoftware.OASIS.API.Providers.PolygonOASIS.UnitTests.csproj]
C:\Source\OASIS-master\Providers\Blockchain\TestProjects\NextGenSoftware.OASIS.API.Providers.PolygonOASIS.UnitTests\PolygonOASISTests.cs(329,42): error CS1061: 'PolygonOASIS' does not contain a definition for 'LoadAllGeoNFTsForAvatarAsync' and no accessible extension method 'LoadAllGeoNFTsForAvatarAsync' accepting a first argument of type 'PolygonOASIS' could be found (are you missing a using directive or an assembly reference?) [C:\Source\OASIS-master\Providers\Blockchain\TestProjects\NextGenSoftware.OASIS.API.Providers.PolygonOASIS.UnitTests\NextGenSoftware.OASIS.API.Providers.PolygonOASIS.UnitTests.csproj]
C:\Source\OASIS-master\Providers\Blockchain\TestProjects\NextGenSoftware.OASIS.API.Providers.PolygonOASIS.UnitTests\PolygonOASISTests.cs(340,36): error CS0246: The type or namespace name 'PlaceGeoSpatialNFTRequest' could not be found (are you missing a using directive or an assembly reference?) [C:\Source\OASIS-master\Providers\Blockchain\TestProjects\NextGenSoftware.OASIS.API.Providers.PolygonOASIS.UnitTests\NextGenSoftware.OASIS.API.Providers.PolygonOASIS.UnitTests.csproj]
C:\Source\OASIS-master\Providers\Blockchain\TestProjects\NextGenSoftware.OASIS.API.Providers.PolygonOASIS.UnitTests\PolygonOASISTests.cs(343,42): error CS1061: 'PolygonOASIS' does not contain a definition for 'PlaceGeoNFTAsync' and no accessible extension method 'PlaceGeoNFTAsync' accepting a first argument of type 'PolygonOASIS' could be found (are you missing a using directive or an assembly reference?) [C:\Source\OASIS-master\Providers\Blockchain\TestProjects\NextGenSoftware.OASIS.API.Providers.PolygonOASIS.UnitTests\NextGenSoftware.OASIS.API.Providers.PolygonOASIS.UnitTests.csproj]
C:\Source\OASIS-master\Providers\Blockchain\TestProjects\NextGenSoftware.OASIS.API.Providers.PolygonOASIS.UnitTests\PolygonOASISTests.cs(354,43): error CS0246: The type or namespace name 'MintAndPlaceGeoSpatialNFTRequest' could not be found (are you missing a using directive or an assembly reference?) [C:\Source\OASIS-master\Providers\Blockchain\TestProjects\NextGenSoftware.OASIS.API.Providers.PolygonOASIS.UnitTests\NextGenSoftware.OASIS.API.Providers.PolygonOASIS.UnitTests.csproj]
C:\Source\OASIS-master\Providers\Blockchain\TestProjects\NextGenSoftware.OASIS.API.Providers.PolygonOASIS.UnitTests\PolygonOASISTests.cs(357,42): error CS1061: 'PolygonOASIS' does not contain a definition for 'MintAndPlaceGeoNFTAsync' and no accessible extension method 'MintAndPlaceGeoNFTAsync' accepting a first argument of type 'PolygonOASIS' could be found (are you missing a using directive or an assembly reference?) [C:\Source\OASIS-master\Providers\Blockchain\TestProjects\NextGenSoftware.OASIS.API.Providers.PolygonOASIS.UnitTests\NextGenSoftware.OASIS.API.Providers.PolygonOASIS.UnitTests.csproj]
C:\Source\OASIS-master\Providers\Blockchain\TestProjects\NextGenSoftware.OASIS.API.Providers.PolygonOASIS.UnitTests\PolygonOASISTests.cs(368,36): error CS0246: The type or namespace name 'SearchParams' could not be found (are you missing a using directive or an assembly reference?) [C:\Source\OASIS-master\Providers\Blockchain\TestProjects\NextGenSoftware.OASIS.API.Providers.PolygonOASIS.UnitTests\NextGenSoftware.OASIS.API.Providers.PolygonOASIS.UnitTests.csproj]
C:\Source\OASIS-master\Providers\Blockchain\TestProjects\NextGenSoftware.OASIS.API.Providers.PolygonOASIS.UnitTests\PolygonOASISTests.cs(374,35): error CS1061: 'OASISResult<ISearchResults>' does not contain a definition for 'IsSuccess' and no accessible extension method 'IsSuccess' accepting a first argument of type 'OASISResult<ISearchResults>' could be found (are you missing a using directive or an assembly reference?) [C:\Source\OASIS-master\Providers\Blockchain\TestProjects\NextGenSoftware.OASIS.API.Providers.PolygonOASIS.UnitTests\NextGenSoftware.OASIS.API.Providers.PolygonOASIS.UnitTests.csproj]
C:\Source\OASIS-master\Providers\Blockchain\TestProjects\NextGenSoftware.OASIS.API.Providers.PolygonOASIS.UnitTests\PolygonOASISTests.cs(365,27): warning CS1998: This async method lacks 'await' operators and will run synchronously. Consider using the 'await' operator to await non-blocking API calls, or 'await Task.Run(...)' to do CPU-bound work on a background thread. [C:\Source\OASIS-master\Providers\Blockchain\TestProjects\NextGenSoftware.OASIS.API.Providers.PolygonOASIS.UnitTests\NextGenSoftware.OASIS.API.Providers.PolygonOASIS.UnitTests.csproj]
C:\Source\OASIS-master\Providers\Blockchain\TestProjects\NextGenSoftware.OASIS.API.Providers.PolygonOASIS.UnitTests\PolygonOASISTests.cs(388,35): error CS1061: 'OASISResult<bool>' does not contain a definition for 'IsSuccess' and no accessible extension method 'IsSuccess' accepting a first argument of type 'OASISResult<bool>' could be found (are you missing a using directive or an assembly reference?) [C:\Source\OASIS-master\Providers\Blockchain\TestProjects\NextGenSoftware.OASIS.API.Providers.PolygonOASIS.UnitTests\NextGenSoftware.OASIS.API.Providers.PolygonOASIS.UnitTests.csproj]
C:\Source\OASIS-master\Providers\Blockchain\TestProjects\NextGenSoftware.OASIS.API.Providers.PolygonOASIS.UnitTests\PolygonOASISTests.cs(399,35): error CS1061: 'OASISResult<IEnumerable<IHolon>>' does not contain a definition for 'IsSuccess' and no accessible extension method 'IsSuccess' accepting a first argument of type 'OASISResult<IEnumerable<IHolon>>' could be found (are you missing a using directive or an assembly reference?) [C:\Source\OASIS-master\Providers\Blockchain\TestProjects\NextGenSoftware.OASIS.API.Providers.PolygonOASIS.UnitTests\NextGenSoftware.OASIS.API.Providers.PolygonOASIS.UnitTests.csproj]
C:\Source\OASIS-master\Providers\Blockchain\TestProjects\NextGenSoftware.OASIS.API.Providers.PolygonOASIS.UnitTests\PolygonOASISTests.cs(410,35): error CS1061: 'OASISResult<IEnumerable<IHolon>>' does not contain a definition for 'IsSuccess' and no accessible extension method 'IsSuccess' accepting a first argument of type 'OASISResult<IEnumerable<IHolon>>' could be found (are you missing a using directive or an assembly reference?) [C:\Source\OASIS-master\Providers\Blockchain\TestProjects\NextGenSoftware.OASIS.API.Providers.PolygonOASIS.UnitTests\NextGenSoftware.OASIS.API.Providers.PolygonOASIS.UnitTests.csproj]
C:\Source\OASIS-master\Providers\Blockchain\TestProjects\NextGenSoftware.OASIS.API.Providers.PolygonOASIS.UnitTests\PolygonOASISTests.cs(421,35): error CS1061: 'OASISResult<IEnumerable<IHolon>>' does not contain a definition for 'IsSuccess' and no accessible extension method 'IsSuccess' accepting a first argument of type 'OASISResult<IEnumerable<IHolon>>' could be found (are you missing a using directive or an assembly reference?) [C:\Source\OASIS-master\Providers\Blockchain\TestProjects\NextGenSoftware.OASIS.API.Providers.PolygonOASIS.UnitTests\NextGenSoftware.OASIS.API.Providers.PolygonOASIS.UnitTests.csproj]
C:\Source\OASIS-master\Providers\Blockchain\TestProjects\NextGenSoftware.OASIS.API.Providers.PolygonOASIS.UnitTests\PolygonOASISTests.cs(432,35): error CS1061: 'OASISResult<IEnumerable<IHolon>>' does not contain a definition for 'IsSuccess' and no accessible extension method 'IsSuccess' accepting a first argument of type 'OASISResult<IEnumerable<IHolon>>' could be found (are you missing a using directive or an assembly reference?) [C:\Source\OASIS-master\Providers\Blockchain\TestProjects\NextGenSoftware.OASIS.API.Providers.PolygonOASIS.UnitTests\NextGenSoftware.OASIS.API.Providers.PolygonOASIS.UnitTests.csproj]
C:\Source\OASIS-master\Providers\Blockchain\TestProjects\NextGenSoftware.OASIS.API.Providers.PolygonOASIS.UnitTests\PolygonOASISTests.cs(440,20): error CS0411: The type arguments for method 'Assert.AreEqual<T>(T?, T?)' cannot be inferred from the usage. Try specifying the type arguments explicitly. [C:\Source\OASIS-master\Providers\Blockchain\TestProjects\NextGenSoftware.OASIS.API.Providers.PolygonOASIS.UnitTests\NextGenSoftware.OASIS.API.Providers.PolygonOASIS.UnitTests.csproj]
C:\Source\OASIS-master\Providers\Blockchain\TestProjects\NextGenSoftware.OASIS.API.Providers.PolygonOASIS.UnitTests\PolygonOASISTests.cs(447,46): error CS0117: 'ProviderCategory' does not contain a definition for 'BlockchainStorage' [C:\Source\OASIS-master\Providers\Blockchain\TestProjects\NextGenSoftware.OASIS.API.Providers.PolygonOASIS.UnitTests\NextGenSoftware.OASIS.API.Providers.PolygonOASIS.UnitTests.csproj]
C:\Source\OASIS-master\Providers\Blockchain\TestProjects\NextGenSoftware.OASIS.API.Providers.PolygonOASIS.UnitTests\PolygonOASISTests.cs(12,30): warning CS8618: Non-nullable field '_provider' must contain a non-null value when exiting constructor. Consider adding the 'required' modifier or declaring the field as nullable. [C:\Source\OASIS-master\Providers\Blockchain\TestProjects\NextGenSoftware.OASIS.API.Providers.PolygonOASIS.UnitTests\NextGenSoftware.OASIS.API.Providers.PolygonOASIS.UnitTests.csproj]
C:\Program Files\dotnet\sdk\9.0.306\Microsoft.Common.CurrentVersion.targets(2189,5): warning MSB9008: The referenced project ..\..\..\OASIS Architecture\NextGenSoftware.OASIS.API.Core\NextGenSoftware.OASIS.API.Core.csproj does not exist. [C:\Source\OASIS-master\Providers\Blockchain\TestProjects\NextGenSoftware.OASIS.API.Providers.TRONOASIS.IntegrationTests\NextGenSoftware.OASIS.API.Providers.TRONOASIS.IntegrationTests.csproj]
C:\Source\OASIS-master\Providers\Network\TestProjects\NextGenSoftware.OASIS.API.Providers.ActivityPubOASIS.UnitTests\ActivityPubOASISTests.cs(2,33): error CS0234: The type or namespace name 'Core' does not exist in the namespace 'NextGenSoftware.OASIS.API' (are you missing an assembly reference?) [C:\Source\OASIS-master\Providers\Network\TestProjects\NextGenSoftware.OASIS.API.Providers.ActivityPubOASIS.UnitTests\NextGenSoftware.OASIS.API.Providers.ActivityPubOASIS.UnitTests.csproj]
C:\Source\OASIS-master\Providers\Network\TestProjects\NextGenSoftware.OASIS.API.Providers.ActivityPubOASIS.UnitTests\ActivityPubOASISTests.cs(3,33): error CS0234: The type or namespace name 'Core' does not exist in the namespace 'NextGenSoftware.OASIS.API' (are you missing an assembly reference?) [C:\Source\OASIS-master\Providers\Network\TestProjects\NextGenSoftware.OASIS.API.Providers.ActivityPubOASIS.UnitTests\NextGenSoftware.OASIS.API.Providers.ActivityPubOASIS.UnitTests.csproj]
C:\Program Files\dotnet\sdk\9.0.306\Microsoft.Common.CurrentVersion.targets(2189,5): warning MSB9008: The referenced project ..\NextGenSoftware.OASIS.API.Providers.HoloOASIS\NextGenSoftware.OASIS.API.Providers.HoloOASIS.csproj does not exist. [C:\Source\OASIS-master\Providers\Network\TestProjects\NextGenSoftware.OASIS.API.Providers.HoloOASIS.TestHarness\NextGenSoftware.OASIS.API.Providers.HoloOASIS.TestHarness.csproj]
C:\Program Files\dotnet\sdk\9.0.306\Microsoft.Common.CurrentVersion.targets(2189,5): warning MSB9008: The referenced project ..\NextGenSoftware.OASIS.API.Providers.HoloOASIS\NextGenSoftware.OASIS.API.Providers.HoloOASIS.csproj does not exist. [C:\Source\OASIS-master\Providers\Network\TestProjects\NextGenSoftware.OASIS.API.Providers.HoloOASIS.UnitTests\NextGenSoftware.OASIS.API.Providers.HoloOASIS.UnitTests.csproj]
C:\Program Files\dotnet\sdk\9.0.306\Microsoft.Common.CurrentVersion.targets(2189,5): warning MSB9008: The referenced project ..\..\..\OASIS Architecture\NextGenSoftware.OASIS.API.Core\NextGenSoftware.OASIS.API.Core.csproj does not exist. [C:\Source\OASIS-master\Providers\Blockchain\TestProjects\NextGenSoftware.OASIS.API.Providers.TRONOASIS.UnitTests\NextGenSoftware.OASIS.API.Providers.TRONOASIS.UnitTests.csproj]
C:\Source\OASIS-master\Providers\Network\TestProjects\NextGenSoftware.OASIS.API.Providers.HoloOASIS.TestHarness\Program.cs(18,40): error CS0118: 'HoloOASIS' is a namespace but is used like a type [C:\Source\OASIS-master\Providers\Network\TestProjects\NextGenSoftware.OASIS.API.Providers.HoloOASIS.TestHarness\NextGenSoftware.OASIS.API.Providers.HoloOASIS.TestHarness.csproj]
C:\Source\OASIS-master\Providers\Network\TestProjects\NextGenSoftware.OASIS.API.Providers.HoloOASIS.IntegrationTests\HoloOASISIntegrationTests.cs(14,36): error CS0118: 'HoloOASIS' is a namespace but is used like a type [C:\Source\OASIS-master\Providers\Network\TestProjects\NextGenSoftware.OASIS.API.Providers.HoloOASIS.IntegrationTests\NextGenSoftware.OASIS.API.Providers.HoloOASIS.IntegrationTests.csproj]
C:\Source\OASIS-master\Providers\Network\TestProjects\NextGenSoftware.OASIS.API.Providers.HoloOASIS.IntegrationTests\HoloOASISIntegrationTests.cs(33,36): error CS0118: 'HoloOASIS' is a namespace but is used like a type [C:\Source\OASIS-master\Providers\Network\TestProjects\NextGenSoftware.OASIS.API.Providers.HoloOASIS.IntegrationTests\NextGenSoftware.OASIS.API.Providers.HoloOASIS.IntegrationTests.csproj]
C:\Source\OASIS-master\Providers\Network\TestProjects\NextGenSoftware.OASIS.API.Providers.HoloOASIS.IntegrationTests\HoloOASISIntegrationTests.cs(52,36): error CS0118: 'HoloOASIS' is a namespace but is used like a type [C:\Source\OASIS-master\Providers\Network\TestProjects\NextGenSoftware.OASIS.API.Providers.HoloOASIS.IntegrationTests\NextGenSoftware.OASIS.API.Providers.HoloOASIS.IntegrationTests.csproj]
C:\Source\OASIS-master\Providers\Network\TestProjects\NextGenSoftware.OASIS.API.Providers.HoloOASIS.IntegrationTests\HoloOASISIntegrationTests.cs(75,36): error CS0118: 'HoloOASIS' is a namespace but is used like a type [C:\Source\OASIS-master\Providers\Network\TestProjects\NextGenSoftware.OASIS.API.Providers.HoloOASIS.IntegrationTests\NextGenSoftware.OASIS.API.Providers.HoloOASIS.IntegrationTests.csproj]
C:\Source\OASIS-master\Providers\Network\TestProjects\NextGenSoftware.OASIS.API.Providers.HoloOASIS.IntegrationTests\HoloOASISIntegrationTests.cs(93,36): error CS0118: 'HoloOASIS' is a namespace but is used like a type [C:\Source\OASIS-master\Providers\Network\TestProjects\NextGenSoftware.OASIS.API.Providers.HoloOASIS.IntegrationTests\NextGenSoftware.OASIS.API.Providers.HoloOASIS.IntegrationTests.csproj]
C:\Program Files\dotnet\sdk\9.0.306\Microsoft.Common.CurrentVersion.targets(2189,5): warning MSB9008: The referenced project ..\NextGenSoftware.OASIS.API.Providers.IPFSOASIS\NextGenSoftware.OASIS.API.Providers.IPFSOASIS.csproj does not exist. [C:\Source\OASIS-master\Providers\Network\TestProjects\NextGenSoftware.OASIS.API.Providers.IPFSOASIS.IntegrationTests\NextGenSoftware.OASIS.API.Providers.IPFSOASIS.IntegrationTests.csproj]
C:\Source\OASIS-master\Providers\Network\TestProjects\NextGenSoftware.OASIS.API.Providers.HoloOASIS.UnitTests\HoloOASISTests.cs(5,33): error CS0234: The type or namespace name 'Core' does not exist in the namespace 'NextGenSoftware.OASIS.API' (are you missing an assembly reference?) [C:\Source\OASIS-master\Providers\Network\TestProjects\NextGenSoftware.OASIS.API.Providers.HoloOASIS.UnitTests\NextGenSoftware.OASIS.API.Providers.HoloOASIS.UnitTests.csproj]
C:\Program Files\dotnet\sdk\9.0.306\Microsoft.Common.CurrentVersion.targets(2189,5): warning MSB9008: The referenced project ..\NextGenSoftware.OASIS.API.Providers.IPFSOASIS\NextGenSoftware.OASIS.API.Providers.IPFSOASIS.csproj does not exist. [C:\Source\OASIS-master\Providers\Network\TestProjects\NextGenSoftware.OASIS.API.Providers.IPFSOASIS.TestHarness\NextGenSoftware.OASIS.API.Providers.IPFSOASIS.TestHarness.csproj]
C:\Source\OASIS-master\Providers\Network\TestProjects\NextGenSoftware.OASIS.API.Providers.IPFSOASIS.TestHarness\Program.cs(5,33): error CS0234: The type or namespace name 'Core' does not exist in the namespace 'NextGenSoftware.OASIS.API' (are you missing an assembly reference?) [C:\Source\OASIS-master\Providers\Network\TestProjects\NextGenSoftware.OASIS.API.Providers.IPFSOASIS.TestHarness\NextGenSoftware.OASIS.API.Providers.IPFSOASIS.TestHarness.csproj]
C:\Source\OASIS-master\Providers\Network\TestProjects\NextGenSoftware.OASIS.API.Providers.IPFSOASIS.TestHarness\Program.cs(6,33): error CS0234: The type or namespace name 'Core' does not exist in the namespace 'NextGenSoftware.OASIS.API' (are you missing an assembly reference?) [C:\Source\OASIS-master\Providers\Network\TestProjects\NextGenSoftware.OASIS.API.Providers.IPFSOASIS.TestHarness\NextGenSoftware.OASIS.API.Providers.IPFSOASIS.TestHarness.csproj]
C:\Source\OASIS-master\Providers\Network\TestProjects\NextGenSoftware.OASIS.API.Providers.IPFSOASIS.IntegrationTests\IPFSOASISIntegrationTests.cs(5,33): error CS0234: The type or namespace name 'Core' does not exist in the namespace 'NextGenSoftware.OASIS.API' (are you missing an assembly reference?) [C:\Source\OASIS-master\Providers\Network\TestProjects\NextGenSoftware.OASIS.API.Providers.IPFSOASIS.IntegrationTests\NextGenSoftware.OASIS.API.Providers.IPFSOASIS.IntegrationTests.csproj]
C:\Source\OASIS-master\Providers\Maps\TestProjects\NextGenSoftware.OASIS.API.Providers.MapboxOASIS.UnitTests\MapboxOASISUnitTests.cs(13,17): error CS0118: 'MapboxOASIS' is a namespace but is used like a type [C:\Source\OASIS-master\Providers\Maps\TestProjects\NextGenSoftware.OASIS.API.Providers.MapboxOASIS.UnitTests\NextGenSoftware.OASIS.API.Providers.MapboxOASIS.UnitTests.csproj]
C:\Program Files\dotnet\sdk\9.0.306\Microsoft.Common.CurrentVersion.targets(2189,5): warning MSB9008: The referenced project ..\NextGenSoftware.OASIS.API.Providers.IPFSOASIS\NextGenSoftware.OASIS.API.Providers.IPFSOASIS.csproj does not exist. [C:\Source\OASIS-master\Providers\Network\TestProjects\NextGenSoftware.OASIS.API.Providers.IPFSOASIS.UnitTests\NextGenSoftware.OASIS.API.Providers.IPFSOASIS.UnitTests.csproj]
C:\Program Files\dotnet\sdk\9.0.306\Microsoft.Common.CurrentVersion.targets(2189,5): warning MSB9008: The referenced project ..\NextGenSoftware.OASIS.API.Providers.ScuttlebuttOASIS\NextGenSoftware.OASIS.API.Providers.ScuttlebuttOASIS.csproj does not exist. [C:\Source\OASIS-master\Providers\Network\TestProjects\NextGenSoftware.OASIS.API.Providers.ScuttlebuttOASIS.IntegrationTests\NextGenSoftware.OASIS.API.Providers.ScuttlebuttOASIS.IntegrationTests.csproj]
C:\Source\OASIS-master\Providers\Network\TestProjects\NextGenSoftware.OASIS.API.Providers.IPFSOASIS.UnitTests\IPFSOASISTests.cs(6,33): error CS0234: The type or namespace name 'Core' does not exist in the namespace 'NextGenSoftware.OASIS.API' (are you missing an assembly reference?) [C:\Source\OASIS-master\Providers\Network\TestProjects\NextGenSoftware.OASIS.API.Providers.IPFSOASIS.UnitTests\NextGenSoftware.OASIS.API.Providers.IPFSOASIS.UnitTests.csproj]
C:\Source\OASIS-master\Providers\Network\TestProjects\NextGenSoftware.OASIS.API.Providers.IPFSOASIS.UnitTests\IPFSOASISTests.cs(7,33): error CS0234: The type or namespace name 'Core' does not exist in the namespace 'NextGenSoftware.OASIS.API' (are you missing an assembly reference?) [C:\Source\OASIS-master\Providers\Network\TestProjects\NextGenSoftware.OASIS.API.Providers.IPFSOASIS.UnitTests\NextGenSoftware.OASIS.API.Providers.IPFSOASIS.UnitTests.csproj]
C:\Program Files\dotnet\sdk\9.0.306\Microsoft.Common.CurrentVersion.targets(2189,5): warning MSB9008: The referenced project ..\NextGenSoftware.OASIS.API.Providers.ScuttlebuttOASIS\NextGenSoftware.OASIS.API.Providers.ScuttlebuttOASIS.csproj does not exist. [C:\Source\OASIS-master\Providers\Network\TestProjects\NextGenSoftware.OASIS.API.Providers.ScuttlebuttOASIS.TestHarness\NextGenSoftware.OASIS.API.Providers.ScuttlebuttOASIS.TestHarness.csproj]
C:\Source\OASIS-master\Providers\Maps\TestProjects\NextGenSoftware.OASIS.API.Providers.MapboxOASIS.IntegrationTests\MapboxOASISIntegrationTests.cs(14,17): error CS0118: 'MapboxOASIS' is a namespace but is used like a type [C:\Source\OASIS-master\Providers\Maps\TestProjects\NextGenSoftware.OASIS.API.Providers.MapboxOASIS.IntegrationTests\NextGenSoftware.OASIS.API.Providers.MapboxOASIS.IntegrationTests.csproj]
C:\Source\OASIS-master\Providers\Network\TestProjects\NextGenSoftware.OASIS.API.Providers.ScuttlebuttOASIS.IntegrationTests\ScuttlebuttOASISIntegrationTests.cs(14,43): error CS0118: 'ScuttlebuttOASIS' is a namespace but is used like a type [C:\Source\OASIS-master\Providers\Network\TestProjects\NextGenSoftware.OASIS.API.Providers.ScuttlebuttOASIS.IntegrationTests\NextGenSoftware.OASIS.API.Providers.ScuttlebuttOASIS.IntegrationTests.csproj]
C:\Source\OASIS-master\Providers\Network\TestProjects\NextGenSoftware.OASIS.API.Providers.ScuttlebuttOASIS.IntegrationTests\ScuttlebuttOASISIntegrationTests.cs(33,43): error CS0118: 'ScuttlebuttOASIS' is a namespace but is used like a type [C:\Source\OASIS-master\Providers\Network\TestProjects\NextGenSoftware.OASIS.API.Providers.ScuttlebuttOASIS.IntegrationTests\NextGenSoftware.OASIS.API.Providers.ScuttlebuttOASIS.IntegrationTests.csproj]
C:\Source\OASIS-master\Providers\Network\TestProjects\NextGenSoftware.OASIS.API.Providers.ScuttlebuttOASIS.IntegrationTests\ScuttlebuttOASISIntegrationTests.cs(52,43): error CS0118: 'ScuttlebuttOASIS' is a namespace but is used like a type [C:\Source\OASIS-master\Providers\Network\TestProjects\NextGenSoftware.OASIS.API.Providers.ScuttlebuttOASIS.IntegrationTests\NextGenSoftware.OASIS.API.Providers.ScuttlebuttOASIS.IntegrationTests.csproj]
C:\Source\OASIS-master\Providers\Network\TestProjects\NextGenSoftware.OASIS.API.Providers.ScuttlebuttOASIS.IntegrationTests\ScuttlebuttOASISIntegrationTests.cs(75,43): error CS0118: 'ScuttlebuttOASIS' is a namespace but is used like a type [C:\Source\OASIS-master\Providers\Network\TestProjects\NextGenSoftware.OASIS.API.Providers.ScuttlebuttOASIS.IntegrationTests\NextGenSoftware.OASIS.API.Providers.ScuttlebuttOASIS.IntegrationTests.csproj]
C:\Program Files\dotnet\sdk\9.0.306\Microsoft.Common.CurrentVersion.targets(2189,5): warning MSB9008: The referenced project ..\NextGenSoftware.OASIS.API.Providers.ScuttlebuttOASIS\NextGenSoftware.OASIS.API.Providers.ScuttlebuttOASIS.csproj does not exist. [C:\Source\OASIS-master\Providers\Network\TestProjects\NextGenSoftware.OASIS.API.Providers.ScuttlebuttOASIS.UnitTests\NextGenSoftware.OASIS.API.Providers.ScuttlebuttOASIS.UnitTests.csproj]
C:\Source\OASIS-master\Providers\Network\TestProjects\NextGenSoftware.OASIS.API.Providers.ScuttlebuttOASIS.TestHarness\Program.cs(18,47): error CS0118: 'ScuttlebuttOASIS' is a namespace but is used like a type [C:\Source\OASIS-master\Providers\Network\TestProjects\NextGenSoftware.OASIS.API.Providers.ScuttlebuttOASIS.TestHarness\NextGenSoftware.OASIS.API.Providers.ScuttlebuttOASIS.TestHarness.csproj]
C:\Source\OASIS-master\Providers\Cloud\TestProjects\NextGenSoftware.OASIS.API.Providers.AWSOASIS.IntegrationTests\AWSOASISIntegrationTests.cs(26,30): error CS0246: The type or namespace name 'Avatar' could not be found (are you missing a using directive or an assembly reference?) [C:\Source\OASIS-master\Providers\Cloud\TestProjects\NextGenSoftware.OASIS.API.Providers.AWSOASIS.IntegrationTests\NextGenSoftware.OASIS.API.Providers.AWSOASIS.IntegrationTests.csproj]
C:\Source\OASIS-master\Providers\Cloud\TestProjects\NextGenSoftware.OASIS.API.Providers.AWSOASIS.IntegrationTests\AWSOASISIntegrationTests.cs(62,29): error CS0246: The type or namespace name 'Holon' could not be found (are you missing a using directive or an assembly reference?) [C:\Source\OASIS-master\Providers\Cloud\TestProjects\NextGenSoftware.OASIS.API.Providers.AWSOASIS.IntegrationTests\NextGenSoftware.OASIS.API.Providers.AWSOASIS.IntegrationTests.csproj]
C:\Source\OASIS-master\Providers\Cloud\TestProjects\NextGenSoftware.OASIS.API.Providers.AWSOASIS.IntegrationTests\AWSOASISIntegrationTests.cs(95,36): error CS0246: The type or namespace name 'SearchParams' could not be found (are you missing a using directive or an assembly reference?) [C:\Source\OASIS-master\Providers\Cloud\TestProjects\NextGenSoftware.OASIS.API.Providers.AWSOASIS.IntegrationTests\NextGenSoftware.OASIS.API.Providers.AWSOASIS.IntegrationTests.csproj]
C:\Source\OASIS-master\Providers\Cloud\TestProjects\NextGenSoftware.OASIS.API.Providers.AWSOASIS.IntegrationTests\AWSOASISIntegrationTests.cs(98,30): error CS0103: The name 'SearchType' does not exist in the current context [C:\Source\OASIS-master\Providers\Cloud\TestProjects\NextGenSoftware.OASIS.API.Providers.AWSOASIS.IntegrationTests\NextGenSoftware.OASIS.API.Providers.AWSOASIS.IntegrationTests.csproj]
C:\Source\OASIS-master\Providers\Cloud\TestProjects\NextGenSoftware.OASIS.API.Providers.AWSOASIS.IntegrationTests\AWSOASISIntegrationTests.cs(102,42): error CS1061: 'AWSOASIS' does not contain a definition for 'SearchAvatarsAsync' and no accessible extension method 'SearchAvatarsAsync' accepting a first argument of type 'AWSOASIS' could be found (are you missing a using directive or an assembly reference?) [C:\Source\OASIS-master\Providers\Cloud\TestProjects\NextGenSoftware.OASIS.API.Providers.AWSOASIS.IntegrationTests\NextGenSoftware.OASIS.API.Providers.AWSOASIS.IntegrationTests.csproj]
C:\Source\OASIS-master\Providers\Cloud\TestProjects\NextGenSoftware.OASIS.API.Providers.AWSOASIS.IntegrationTests\AWSOASISIntegrationTests.cs(114,36): error CS0246: The type or namespace name 'SearchParams' could not be found (are you missing a using directive or an assembly reference?) [C:\Source\OASIS-master\Providers\Cloud\TestProjects\NextGenSoftware.OASIS.API.Providers.AWSOASIS.IntegrationTests\NextGenSoftware.OASIS.API.Providers.AWSOASIS.IntegrationTests.csproj]
C:\Source\OASIS-master\Providers\Cloud\TestProjects\NextGenSoftware.OASIS.API.Providers.AWSOASIS.IntegrationTests\AWSOASISIntegrationTests.cs(117,30): error CS0103: The name 'SearchType' does not exist in the current context [C:\Source\OASIS-master\Providers\Cloud\TestProjects\NextGenSoftware.OASIS.API.Providers.AWSOASIS.IntegrationTests\NextGenSoftware.OASIS.API.Providers.AWSOASIS.IntegrationTests.csproj]
C:\Source\OASIS-master\Providers\Cloud\TestProjects\NextGenSoftware.OASIS.API.Providers.AWSOASIS.IntegrationTests\AWSOASISIntegrationTests.cs(121,42): error CS1061: 'AWSOASIS' does not contain a definition for 'SearchHolonsAsync' and no accessible extension method 'SearchHolonsAsync' accepting a first argument of type 'AWSOASIS' could be found (are you missing a using directive or an assembly reference?) [C:\Source\OASIS-master\Providers\Cloud\TestProjects\NextGenSoftware.OASIS.API.Providers.AWSOASIS.IntegrationTests\NextGenSoftware.OASIS.API.Providers.AWSOASIS.IntegrationTests.csproj]
C:\Source\OASIS-master\Providers\Cloud\TestProjects\NextGenSoftware.OASIS.API.Providers.AWSOASIS.IntegrationTests\AWSOASISIntegrationTests.cs(14,26): warning CS8618: Non-nullable field '_provider' must contain a non-null value when exiting constructor. Consider adding the 'required' modifier or declaring the field as nullable. [C:\Source\OASIS-master\Providers\Cloud\TestProjects\NextGenSoftware.OASIS.API.Providers.AWSOASIS.IntegrationTests\NextGenSoftware.OASIS.API.Providers.AWSOASIS.IntegrationTests.csproj]
C:\Source\OASIS-master\Providers\Maps\TestProjects\NextGenSoftware.OASIS.API.Providers.MapboxOASIS.TestHarness\MapboxOASISTestHarness.cs(12,24): error CS0118: 'MapboxOASIS' is a namespace but is used like a type [C:\Source\OASIS-master\Providers\Maps\TestProjects\NextGenSoftware.OASIS.API.Providers.MapboxOASIS.TestHarness\NextGenSoftware.OASIS.API.Providers.MapboxOASIS.TestHarness.csproj]
C:\Program Files\dotnet\sdk\9.0.306\Microsoft.Common.CurrentVersion.targets(2189,5): warning MSB9008: The referenced project ..\NextGenSoftware.OASIS.API.Providers.SOLIDOASIS\NextGenSoftware.OASIS.API.Providers.SOLIDOASIS.csproj does not exist. [C:\Source\OASIS-master\Providers\Network\TestProjects\NextGenSoftware.OASIS.API.Providers.SOLIDOASIS.IntegrationTests\NextGenSoftware.OASIS.API.Providers.SOLIDOASIS.IntegrationTests.csproj]
C:\Program Files\dotnet\sdk\9.0.306\Microsoft.Common.CurrentVersion.targets(2189,5): warning MSB9008: The referenced project ..\NextGenSoftware.OASIS.API.Providers.SOLIDOASIS\NextGenSoftware.OASIS.API.Providers.SOLIDOASIS.csproj does not exist. [C:\Source\OASIS-master\Providers\Network\TestProjects\NextGenSoftware.OASIS.API.Providers.SOLIDOASIS.TestHarness\NextGenSoftware.OASIS.API.Providers.SOLIDOASIS.TestHarness.csproj]
  NextGenSoftware.OASIS.API.Providers.TRONOASIS.IntegrationTests -> C:\Source\OASIS-master\Providers\Blockchain\TestProjects\NextGenSoftware.OASIS.API.Providers.TRONOASIS.IntegrationTests\bin\Debug\net8.0\NextGenSoftware.OASIS.API.Providers.TRONOASIS.IntegrationTests.dll
C:\Source\OASIS-master\Providers\Network\TestProjects\NextGenSoftware.OASIS.API.Providers.ScuttlebuttOASIS.UnitTests\ScuttlebuttOASISTests.cs(5,33): error CS0234: The type or namespace name 'Core' does not exist in the namespace 'NextGenSoftware.OASIS.API' (are you missing an assembly reference?) [C:\Source\OASIS-master\Providers\Network\TestProjects\NextGenSoftware.OASIS.API.Providers.ScuttlebuttOASIS.UnitTests\NextGenSoftware.OASIS.API.Providers.ScuttlebuttOASIS.UnitTests.csproj]
C:\Source\OASIS-master\Providers\Network\TestProjects\NextGenSoftware.OASIS.API.Providers.SOLIDOASIS.TestHarness\Program.cs(1,33): error CS0234: The type or namespace name 'Core' does not exist in the namespace 'NextGenSoftware.OASIS.API' (are you missing an assembly reference?) [C:\Source\OASIS-master\Providers\Network\TestProjects\NextGenSoftware.OASIS.API.Providers.SOLIDOASIS.TestHarness\NextGenSoftware.OASIS.API.Providers.SOLIDOASIS.TestHarness.csproj]
C:\Source\OASIS-master\Providers\Network\TestProjects\NextGenSoftware.OASIS.API.Providers.SOLIDOASIS.TestHarness\Program.cs(2,33): error CS0234: The type or namespace name 'Core' does not exist in the namespace 'NextGenSoftware.OASIS.API' (are you missing an assembly reference?) [C:\Source\OASIS-master\Providers\Network\TestProjects\NextGenSoftware.OASIS.API.Providers.SOLIDOASIS.TestHarness\NextGenSoftware.OASIS.API.Providers.SOLIDOASIS.TestHarness.csproj]
C:\Source\OASIS-master\Providers\Network\TestProjects\NextGenSoftware.OASIS.API.Providers.SOLIDOASIS.TestHarness\Program.cs(3,33): error CS0234: The type or namespace name 'Core' does not exist in the namespace 'NextGenSoftware.OASIS.API' (are you missing an assembly reference?) [C:\Source\OASIS-master\Providers\Network\TestProjects\NextGenSoftware.OASIS.API.Providers.SOLIDOASIS.TestHarness\NextGenSoftware.OASIS.API.Providers.SOLIDOASIS.TestHarness.csproj]
C:\Source\OASIS-master\Providers\Network\TestProjects\NextGenSoftware.OASIS.API.Providers.SOLIDOASIS.IntegrationTests\SOLIDOASISIntegrationTests.cs(2,33): error CS0234: The type or namespace name 'Core' does not exist in the namespace 'NextGenSoftware.OASIS.API' (are you missing an assembly reference?) [C:\Source\OASIS-master\Providers\Network\TestProjects\NextGenSoftware.OASIS.API.Providers.SOLIDOASIS.IntegrationTests\NextGenSoftware.OASIS.API.Providers.SOLIDOASIS.IntegrationTests.csproj]
C:\Source\OASIS-master\Providers\Network\TestProjects\NextGenSoftware.OASIS.API.Providers.SOLIDOASIS.IntegrationTests\SOLIDOASISIntegrationTests.cs(16,22): error CS0118: 'SOLIDOASIS' is a namespace but is used like a type [C:\Source\OASIS-master\Providers\Network\TestProjects\NextGenSoftware.OASIS.API.Providers.SOLIDOASIS.IntegrationTests\NextGenSoftware.OASIS.API.Providers.SOLIDOASIS.IntegrationTests.csproj]
C:\Program Files\dotnet\sdk\9.0.306\Microsoft.Common.CurrentVersion.targets(2189,5): warning MSB9008: The referenced project ..\NextGenSoftware.OASIS.API.Providers.SOLIDOASIS\NextGenSoftware.OASIS.API.Providers.SOLIDOASIS.csproj does not exist. [C:\Source\OASIS-master\Providers\Network\TestProjects\NextGenSoftware.OASIS.API.Providers.SOLIDOASIS.UnitTests\NextGenSoftware.OASIS.API.Providers.SOLIDOASIS.UnitTests.csproj]
C:\Program Files\dotnet\sdk\9.0.306\Microsoft.Common.CurrentVersion.targets(2189,5): warning MSB9008: The referenced project ..\NextGenSoftware.OASIS.API.Core.ARC.Membrane\NextGenSoftware.OASIS.API.Core.ARC.Membrane.csproj does not exist. [C:\Source\OASIS-master\Providers\Other\TestProjects\NextGenSoftware.OASIS.API.Core.ARC.Membrane.TestHarness\NextGenSoftware.OASIS.API.Core.ARC.Membrane.TestHarness.csproj]
C:\Program Files\dotnet\sdk\9.0.306\Microsoft.Common.CurrentVersion.targets(2189,5): warning MSB9008: The referenced project ..\NextGenSoftware.OASIS.API.Core.Apollo.Server\NextGenSoftware.OASIS.API.Core.Apollo.Server.csproj does not exist. [C:\Source\OASIS-master\Providers\Other\TestProjects\NextGenSoftware.OASIS.API.Core.Apollo.Server.TestHarness\NextGenSoftware.OASIS.API.Core.Apollo.Server.TestHarness.csproj]
C:\Source\OASIS-master\Providers\Other\TestProjects\NextGenSoftware.OASIS.API.Core.ARC.Membrane.TestHarness\Program.cs(1,29): error CS0234: The type or namespace name 'ARC' does not exist in the namespace 'NextGenSoftware.OASIS' (are you missing an assembly reference?) [C:\Source\OASIS-master\Providers\Other\TestProjects\NextGenSoftware.OASIS.API.Core.ARC.Membrane.TestHarness\NextGenSoftware.OASIS.API.Core.ARC.Membrane.TestHarness.csproj]
C:\Source\OASIS-master\Providers\Other\TestProjects\NextGenSoftware.OASIS.API.Core.Apollo.Server.TestHarness\Program.cs(14,13): error CS0103: The name 'ApolloServer' does not exist in the current context [C:\Source\OASIS-master\Providers\Other\TestProjects\NextGenSoftware.OASIS.API.Core.Apollo.Server.TestHarness\NextGenSoftware.OASIS.API.Core.Apollo.Server.TestHarness.csproj]
C:\Source\OASIS-master\Providers\Other\TestProjects\NextGenSoftware.OASIS.API.Core.Apollo.Server.TestHarness\Program.cs(21,13): error CS0103: The name 'ApolloServer' does not exist in the current context [C:\Source\OASIS-master\Providers\Other\TestProjects\NextGenSoftware.OASIS.API.Core.Apollo.Server.TestHarness\NextGenSoftware.OASIS.API.Core.Apollo.Server.TestHarness.csproj]
C:\Source\OASIS-master\Providers\Blockchain\TestProjects\NextGenSoftware.OASIS.API.Providers.TRONOASIS.UnitTests\TRONOASISTests.cs(92,26): error CS1061: 'TRONOASIS' does not contain a definition for 'GetPlayersNearMe' and no accessible extension method 'GetPlayersNearMe' accepting a first argument of type 'TRONOASIS' could be found (are you missing a using directive or an assembly reference?) [C:\Source\OASIS-master\Providers\Blockchain\TestProjects\NextGenSoftware.OASIS.API.Providers.TRONOASIS.UnitTests\NextGenSoftware.OASIS.API.Providers.TRONOASIS.UnitTests.csproj]
C:\Source\OASIS-master\Providers\Blockchain\TestProjects\NextGenSoftware.OASIS.API.Providers.TRONOASIS.UnitTests\TRONOASISTests.cs(105,42): error CS0103: The name 'HolonType' does not exist in the current context [C:\Source\OASIS-master\Providers\Blockchain\TestProjects\NextGenSoftware.OASIS.API.Providers.TRONOASIS.UnitTests\NextGenSoftware.OASIS.API.Providers.TRONOASIS.UnitTests.csproj]
C:\Source\OASIS-master\Providers\Blockchain\TestProjects\NextGenSoftware.OASIS.API.Providers.TRONOASIS.UnitTests\TRONOASISTests.cs(118,26): error CS7036: There is no argument given that corresponds to the required parameter 'toWalletAddress' of 'TRONOASIS.SendTransaction(string, string, decimal, string)' [C:\Source\OASIS-master\Providers\Blockchain\TestProjects\NextGenSoftware.OASIS.API.Providers.TRONOASIS.UnitTests\NextGenSoftware.OASIS.API.Providers.TRONOASIS.UnitTests.csproj]
C:\Source\OASIS-master\Providers\Other\TestProjects\NextGenSoftware.OASIS.API.Providers.CargoOASIS.TestHarness\NextGenSoftware.OASIS.API.Providers.CargoOASIS.TestHarness.csproj : warning NU1608: Detected package version outside of dependency constraint: Nethereum.KeyStore 4.0.5 requires Portable.BouncyCastle (>= 1.8.2 && < 1.9.0) but version Portable.BouncyCastle 1.9.0 was resolved.
C:\Source\OASIS-master\Providers\Other\TestProjects\NextGenSoftware.OASIS.API.Providers.CargoOASIS.TestHarness\NextGenSoftware.OASIS.API.Providers.CargoOASIS.TestHarness.csproj : warning NU1608: Detected package version outside of dependency constraint: Nethereum.Signer 4.0.5 requires Portable.BouncyCastle (>= 1.8.2 && < 1.9.0) but version Portable.BouncyCastle 1.9.0 was resolved.
C:\Source\OASIS-master\Providers\Other\TestProjects\NextGenSoftware.OASIS.API.Providers.CargoOASIS.IntegrationTests\NextGenSoftware.OASIS.API.Providers.CargoOASIS.IntegrationTests.csproj : warning NU1608: Detected package version outside of dependency constraint: Nethereum.KeyStore 4.0.5 requires Portable.BouncyCastle (>= 1.8.2 && < 1.9.0) but version Portable.BouncyCastle 1.9.0 was resolved.
C:\Source\OASIS-master\Providers\Other\TestProjects\NextGenSoftware.OASIS.API.Providers.CargoOASIS.IntegrationTests\NextGenSoftware.OASIS.API.Providers.CargoOASIS.IntegrationTests.csproj : warning NU1608: Detected package version outside of dependency constraint: Nethereum.Signer 4.0.5 requires Portable.BouncyCastle (>= 1.8.2 && < 1.9.0) but version Portable.BouncyCastle 1.9.0 was resolved.
C:\Source\OASIS-master\Providers\Other\TestProjects\NextGenSoftware.OASIS.API.Providers.CargoOASIS.UnitTests\NextGenSoftware.OASIS.API.Providers.CargoOASIS.UnitTests.csproj : warning NU1608: Detected package version outside of dependency constraint: Nethereum.KeyStore 4.0.5 requires Portable.BouncyCastle (>= 1.8.2 && < 1.9.0) but version Portable.BouncyCastle 1.9.0 was resolved.
C:\Source\OASIS-master\Providers\Other\TestProjects\NextGenSoftware.OASIS.API.Providers.CargoOASIS.UnitTests\NextGenSoftware.OASIS.API.Providers.CargoOASIS.UnitTests.csproj : warning NU1608: Detected package version outside of dependency constraint: Nethereum.Signer 4.0.5 requires Portable.BouncyCastle (>= 1.8.2 && < 1.9.0) but version Portable.BouncyCastle 1.9.0 was resolved.
C:\Source\OASIS-master\Providers\Network\TestProjects\NextGenSoftware.OASIS.API.Providers.SOLIDOASIS.UnitTests\SOLIDOASISTests.cs(2,33): error CS0234: The type or namespace name 'Core' does not exist in the namespace 'NextGenSoftware.OASIS.API' (are you missing an assembly reference?) [C:\Source\OASIS-master\Providers\Network\TestProjects\NextGenSoftware.OASIS.API.Providers.SOLIDOASIS.UnitTests\NextGenSoftware.OASIS.API.Providers.SOLIDOASIS.UnitTests.csproj]
C:\Source\OASIS-master\Providers\Network\TestProjects\NextGenSoftware.OASIS.API.Providers.SOLIDOASIS.UnitTests\SOLIDOASISTests.cs(3,33): error CS0234: The type or namespace name 'Core' does not exist in the namespace 'NextGenSoftware.OASIS.API' (are you missing an assembly reference?) [C:\Source\OASIS-master\Providers\Network\TestProjects\NextGenSoftware.OASIS.API.Providers.SOLIDOASIS.UnitTests\NextGenSoftware.OASIS.API.Providers.SOLIDOASIS.UnitTests.csproj]
C:\Source\OASIS-master\Providers\Network\TestProjects\NextGenSoftware.OASIS.API.Providers.SOLIDOASIS.UnitTests\SOLIDOASISTests.cs(16,6): error CS0246: The type or namespace name 'FactAttribute' could not be found (are you missing a using directive or an assembly reference?) [C:\Source\OASIS-master\Providers\Network\TestProjects\NextGenSoftware.OASIS.API.Providers.SOLIDOASIS.UnitTests\NextGenSoftware.OASIS.API.Providers.SOLIDOASIS.UnitTests.csproj]
C:\Source\OASIS-master\Providers\Network\TestProjects\NextGenSoftware.OASIS.API.Providers.SOLIDOASIS.UnitTests\SOLIDOASISTests.cs(16,6): error CS0246: The type or namespace name 'Fact' could not be found (are you missing a using directive or an assembly reference?) [C:\Source\OASIS-master\Providers\Network\TestProjects\NextGenSoftware.OASIS.API.Providers.SOLIDOASIS.UnitTests\NextGenSoftware.OASIS.API.Providers.SOLIDOASIS.UnitTests.csproj]
C:\Source\OASIS-master\Providers\Network\TestProjects\NextGenSoftware.OASIS.API.Providers.SOLIDOASIS.UnitTests\SOLIDOASISTests.cs(30,6): error CS0246: The type or namespace name 'FactAttribute' could not be found (are you missing a using directive or an assembly reference?) [C:\Source\OASIS-master\Providers\Network\TestProjects\NextGenSoftware.OASIS.API.Providers.SOLIDOASIS.UnitTests\NextGenSoftware.OASIS.API.Providers.SOLIDOASIS.UnitTests.csproj]
C:\Source\OASIS-master\Providers\Network\TestProjects\NextGenSoftware.OASIS.API.Providers.SOLIDOASIS.UnitTests\SOLIDOASISTests.cs(30,6): error CS0246: The type or namespace name 'Fact' could not be found (are you missing a using directive or an assembly reference?) [C:\Source\OASIS-master\Providers\Network\TestProjects\NextGenSoftware.OASIS.API.Providers.SOLIDOASIS.UnitTests\NextGenSoftware.OASIS.API.Providers.SOLIDOASIS.UnitTests.csproj]
C:\Source\OASIS-master\Providers\Network\TestProjects\NextGenSoftware.OASIS.API.Providers.SOLIDOASIS.UnitTests\SOLIDOASISTests.cs(38,6): error CS0246: The type or namespace name 'FactAttribute' could not be found (are you missing a using directive or an assembly reference?) [C:\Source\OASIS-master\Providers\Network\TestProjects\NextGenSoftware.OASIS.API.Providers.SOLIDOASIS.UnitTests\NextGenSoftware.OASIS.API.Providers.SOLIDOASIS.UnitTests.csproj]
C:\Source\OASIS-master\Providers\Network\TestProjects\NextGenSoftware.OASIS.API.Providers.SOLIDOASIS.UnitTests\SOLIDOASISTests.cs(38,6): error CS0246: The type or namespace name 'Fact' could not be found (are you missing a using directive or an assembly reference?) [C:\Source\OASIS-master\Providers\Network\TestProjects\NextGenSoftware.OASIS.API.Providers.SOLIDOASIS.UnitTests\NextGenSoftware.OASIS.API.Providers.SOLIDOASIS.UnitTests.csproj]
C:\Source\OASIS-master\Providers\Network\TestProjects\NextGenSoftware.OASIS.API.Providers.SOLIDOASIS.UnitTests\SOLIDOASISTests.cs(49,6): error CS0246: The type or namespace name 'FactAttribute' could not be found (are you missing a using directive or an assembly reference?) [C:\Source\OASIS-master\Providers\Network\TestProjects\NextGenSoftware.OASIS.API.Providers.SOLIDOASIS.UnitTests\NextGenSoftware.OASIS.API.Providers.SOLIDOASIS.UnitTests.csproj]
C:\Source\OASIS-master\Providers\Network\TestProjects\NextGenSoftware.OASIS.API.Providers.SOLIDOASIS.UnitTests\SOLIDOASISTests.cs(49,6): error CS0246: The type or namespace name 'Fact' could not be found (are you missing a using directive or an assembly reference?) [C:\Source\OASIS-master\Providers\Network\TestProjects\NextGenSoftware.OASIS.API.Providers.SOLIDOASIS.UnitTests\NextGenSoftware.OASIS.API.Providers.SOLIDOASIS.UnitTests.csproj]
C:\Source\OASIS-master\Providers\Network\TestProjects\NextGenSoftware.OASIS.API.Providers.SOLIDOASIS.UnitTests\SOLIDOASISTests.cs(60,6): error CS0246: The type or namespace name 'FactAttribute' could not be found (are you missing a using directive or an assembly reference?) [C:\Source\OASIS-master\Providers\Network\TestProjects\NextGenSoftware.OASIS.API.Providers.SOLIDOASIS.UnitTests\NextGenSoftware.OASIS.API.Providers.SOLIDOASIS.UnitTests.csproj]
C:\Source\OASIS-master\Providers\Network\TestProjects\NextGenSoftware.OASIS.API.Providers.SOLIDOASIS.UnitTests\SOLIDOASISTests.cs(60,6): error CS0246: The type or namespace name 'Fact' could not be found (are you missing a using directive or an assembly reference?) [C:\Source\OASIS-master\Providers\Network\TestProjects\NextGenSoftware.OASIS.API.Providers.SOLIDOASIS.UnitTests\NextGenSoftware.OASIS.API.Providers.SOLIDOASIS.UnitTests.csproj]
C:\Source\OASIS-master\Providers\Network\TestProjects\NextGenSoftware.OASIS.API.Providers.SOLIDOASIS.UnitTests\SOLIDOASISTests.cs(73,6): error CS0246: The type or namespace name 'FactAttribute' could not be found (are you missing a using directive or an assembly reference?) [C:\Source\OASIS-master\Providers\Network\TestProjects\NextGenSoftware.OASIS.API.Providers.SOLIDOASIS.UnitTests\NextGenSoftware.OASIS.API.Providers.SOLIDOASIS.UnitTests.csproj]
C:\Source\OASIS-master\Providers\Network\TestProjects\NextGenSoftware.OASIS.API.Providers.SOLIDOASIS.UnitTests\SOLIDOASISTests.cs(73,6): error CS0246: The type or namespace name 'Fact' could not be found (are you missing a using directive or an assembly reference?) [C:\Source\OASIS-master\Providers\Network\TestProjects\NextGenSoftware.OASIS.API.Providers.SOLIDOASIS.UnitTests\NextGenSoftware.OASIS.API.Providers.SOLIDOASIS.UnitTests.csproj]
C:\Source\OASIS-master\Providers\Network\TestProjects\NextGenSoftware.OASIS.API.Providers.SOLIDOASIS.UnitTests\SOLIDOASISTests.cs(86,6): error CS0246: The type or namespace name 'TheoryAttribute' could not be found (are you missing a using directive or an assembly reference?) [C:\Source\OASIS-master\Providers\Network\TestProjects\NextGenSoftware.OASIS.API.Providers.SOLIDOASIS.UnitTests\NextGenSoftware.OASIS.API.Providers.SOLIDOASIS.UnitTests.csproj]
C:\Source\OASIS-master\Providers\Network\TestProjects\NextGenSoftware.OASIS.API.Providers.SOLIDOASIS.UnitTests\SOLIDOASISTests.cs(86,6): error CS0246: The type or namespace name 'Theory' could not be found (are you missing a using directive or an assembly reference?) [C:\Source\OASIS-master\Providers\Network\TestProjects\NextGenSoftware.OASIS.API.Providers.SOLIDOASIS.UnitTests\NextGenSoftware.OASIS.API.Providers.SOLIDOASIS.UnitTests.csproj]
C:\Source\OASIS-master\Providers\Network\TestProjects\NextGenSoftware.OASIS.API.Providers.SOLIDOASIS.UnitTests\SOLIDOASISTests.cs(87,6): error CS0246: The type or namespace name 'InlineDataAttribute' could not be found (are you missing a using directive or an assembly reference?) [C:\Source\OASIS-master\Providers\Network\TestProjects\NextGenSoftware.OASIS.API.Providers.SOLIDOASIS.UnitTests\NextGenSoftware.OASIS.API.Providers.SOLIDOASIS.UnitTests.csproj]
C:\Source\OASIS-master\Providers\Network\TestProjects\NextGenSoftware.OASIS.API.Providers.SOLIDOASIS.UnitTests\SOLIDOASISTests.cs(87,6): error CS0246: The type or namespace name 'InlineData' could not be found (are you missing a using directive or an assembly reference?) [C:\Source\OASIS-master\Providers\Network\TestProjects\NextGenSoftware.OASIS.API.Providers.SOLIDOASIS.UnitTests\NextGenSoftware.OASIS.API.Providers.SOLIDOASIS.UnitTests.csproj]
C:\Source\OASIS-master\Providers\Network\TestProjects\NextGenSoftware.OASIS.API.Providers.SOLIDOASIS.UnitTests\SOLIDOASISTests.cs(88,6): error CS0246: The type or namespace name 'InlineDataAttribute' could not be found (are you missing a using directive or an assembly reference?) [C:\Source\OASIS-master\Providers\Network\TestProjects\NextGenSoftware.OASIS.API.Providers.SOLIDOASIS.UnitTests\NextGenSoftware.OASIS.API.Providers.SOLIDOASIS.UnitTests.csproj]
C:\Source\OASIS-master\Providers\Network\TestProjects\NextGenSoftware.OASIS.API.Providers.SOLIDOASIS.UnitTests\SOLIDOASISTests.cs(88,6): error CS0246: The type or namespace name 'InlineData' could not be found (are you missing a using directive or an assembly reference?) [C:\Source\OASIS-master\Providers\Network\TestProjects\NextGenSoftware.OASIS.API.Providers.SOLIDOASIS.UnitTests\NextGenSoftware.OASIS.API.Providers.SOLIDOASIS.UnitTests.csproj]
C:\Source\OASIS-master\Providers\Network\TestProjects\NextGenSoftware.OASIS.API.Providers.SOLIDOASIS.UnitTests\SOLIDOASISTests.cs(89,6): error CS0246: The type or namespace name 'InlineDataAttribute' could not be found (are you missing a using directive or an assembly reference?) [C:\Source\OASIS-master\Providers\Network\TestProjects\NextGenSoftware.OASIS.API.Providers.SOLIDOASIS.UnitTests\NextGenSoftware.OASIS.API.Providers.SOLIDOASIS.UnitTests.csproj]
C:\Source\OASIS-master\Providers\Network\TestProjects\NextGenSoftware.OASIS.API.Providers.SOLIDOASIS.UnitTests\SOLIDOASISTests.cs(89,6): error CS0246: The type or namespace name 'InlineData' could not be found (are you missing a using directive or an assembly reference?) [C:\Source\OASIS-master\Providers\Network\TestProjects\NextGenSoftware.OASIS.API.Providers.SOLIDOASIS.UnitTests\NextGenSoftware.OASIS.API.Providers.SOLIDOASIS.UnitTests.csproj]
C:\Source\OASIS-master\Providers\Network\TestProjects\NextGenSoftware.OASIS.API.Providers.SOLIDOASIS.UnitTests\SOLIDOASISTests.cs(90,6): error CS0246: The type or namespace name 'InlineDataAttribute' could not be found (are you missing a using directive or an assembly reference?) [C:\Source\OASIS-master\Providers\Network\TestProjects\NextGenSoftware.OASIS.API.Providers.SOLIDOASIS.UnitTests\NextGenSoftware.OASIS.API.Providers.SOLIDOASIS.UnitTests.csproj]
C:\Source\OASIS-master\Providers\Network\TestProjects\NextGenSoftware.OASIS.API.Providers.SOLIDOASIS.UnitTests\SOLIDOASISTests.cs(90,6): error CS0246: The type or namespace name 'InlineData' could not be found (are you missing a using directive or an assembly reference?) [C:\Source\OASIS-master\Providers\Network\TestProjects\NextGenSoftware.OASIS.API.Providers.SOLIDOASIS.UnitTests\NextGenSoftware.OASIS.API.Providers.SOLIDOASIS.UnitTests.csproj]
C:\Source\OASIS-master\Providers\Network\TestProjects\NextGenSoftware.OASIS.API.Providers.SOLIDOASIS.UnitTests\SOLIDOASISTests.cs(101,6): error CS0246: The type or namespace name 'FactAttribute' could not be found (are you missing a using directive or an assembly reference?) [C:\Source\OASIS-master\Providers\Network\TestProjects\NextGenSoftware.OASIS.API.Providers.SOLIDOASIS.UnitTests\NextGenSoftware.OASIS.API.Providers.SOLIDOASIS.UnitTests.csproj]
C:\Source\OASIS-master\Providers\Network\TestProjects\NextGenSoftware.OASIS.API.Providers.SOLIDOASIS.UnitTests\SOLIDOASISTests.cs(101,6): error CS0246: The type or namespace name 'Fact' could not be found (are you missing a using directive or an assembly reference?) [C:\Source\OASIS-master\Providers\Network\TestProjects\NextGenSoftware.OASIS.API.Providers.SOLIDOASIS.UnitTests\NextGenSoftware.OASIS.API.Providers.SOLIDOASIS.UnitTests.csproj]
C:\Source\OASIS-master\Providers\Network\TestProjects\NextGenSoftware.OASIS.API.Providers.SOLIDOASIS.UnitTests\SOLIDOASISTests.cs(114,6): error CS0246: The type or namespace name 'FactAttribute' could not be found (are you missing a using directive or an assembly reference?) [C:\Source\OASIS-master\Providers\Network\TestProjects\NextGenSoftware.OASIS.API.Providers.SOLIDOASIS.UnitTests\NextGenSoftware.OASIS.API.Providers.SOLIDOASIS.UnitTests.csproj]
C:\Source\OASIS-master\Providers\Network\TestProjects\NextGenSoftware.OASIS.API.Providers.SOLIDOASIS.UnitTests\SOLIDOASISTests.cs(114,6): error CS0246: The type or namespace name 'Fact' could not be found (are you missing a using directive or an assembly reference?) [C:\Source\OASIS-master\Providers\Network\TestProjects\NextGenSoftware.OASIS.API.Providers.SOLIDOASIS.UnitTests\NextGenSoftware.OASIS.API.Providers.SOLIDOASIS.UnitTests.csproj]
C:\Source\OASIS-master\Providers\Network\TestProjects\NextGenSoftware.OASIS.API.Providers.SOLIDOASIS.UnitTests\SOLIDOASISTests.cs(126,6): error CS0246: The type or namespace name 'FactAttribute' could not be found (are you missing a using directive or an assembly reference?) [C:\Source\OASIS-master\Providers\Network\TestProjects\NextGenSoftware.OASIS.API.Providers.SOLIDOASIS.UnitTests\NextGenSoftware.OASIS.API.Providers.SOLIDOASIS.UnitTests.csproj]
C:\Source\OASIS-master\Providers\Network\TestProjects\NextGenSoftware.OASIS.API.Providers.SOLIDOASIS.UnitTests\SOLIDOASISTests.cs(126,6): error CS0246: The type or namespace name 'Fact' could not be found (are you missing a using directive or an assembly reference?) [C:\Source\OASIS-master\Providers\Network\TestProjects\NextGenSoftware.OASIS.API.Providers.SOLIDOASIS.UnitTests\NextGenSoftware.OASIS.API.Providers.SOLIDOASIS.UnitTests.csproj]
C:\Source\OASIS-master\Providers\Network\TestProjects\NextGenSoftware.OASIS.API.Providers.SOLIDOASIS.UnitTests\SOLIDOASISTests.cs(137,6): error CS0246: The type or namespace name 'FactAttribute' could not be found (are you missing a using directive or an assembly reference?) [C:\Source\OASIS-master\Providers\Network\TestProjects\NextGenSoftware.OASIS.API.Providers.SOLIDOASIS.UnitTests\NextGenSoftware.OASIS.API.Providers.SOLIDOASIS.UnitTests.csproj]
C:\Source\OASIS-master\Providers\Network\TestProjects\NextGenSoftware.OASIS.API.Providers.SOLIDOASIS.UnitTests\SOLIDOASISTests.cs(137,6): error CS0246: The type or namespace name 'Fact' could not be found (are you missing a using directive or an assembly reference?) [C:\Source\OASIS-master\Providers\Network\TestProjects\NextGenSoftware.OASIS.API.Providers.SOLIDOASIS.UnitTests\NextGenSoftware.OASIS.API.Providers.SOLIDOASIS.UnitTests.csproj]
C:\Source\OASIS-master\Providers\Network\TestProjects\NextGenSoftware.OASIS.API.Providers.SOLIDOASIS.UnitTests\SOLIDOASISTests.cs(150,6): error CS0246: The type or namespace name 'FactAttribute' could not be found (are you missing a using directive or an assembly reference?) [C:\Source\OASIS-master\Providers\Network\TestProjects\NextGenSoftware.OASIS.API.Providers.SOLIDOASIS.UnitTests\NextGenSoftware.OASIS.API.Providers.SOLIDOASIS.UnitTests.csproj]
C:\Source\OASIS-master\Providers\Network\TestProjects\NextGenSoftware.OASIS.API.Providers.SOLIDOASIS.UnitTests\SOLIDOASISTests.cs(150,6): error CS0246: The type or namespace name 'Fact' could not be found (are you missing a using directive or an assembly reference?) [C:\Source\OASIS-master\Providers\Network\TestProjects\NextGenSoftware.OASIS.API.Providers.SOLIDOASIS.UnitTests\NextGenSoftware.OASIS.API.Providers.SOLIDOASIS.UnitTests.csproj]
C:\Source\OASIS-master\Providers\Cloud\TestProjects\NextGenSoftware.OASIS.API.Providers.AWSOASIS.TestHarness\AWSOASISTestHarness.cs(42,35): warning CS1998: This async method lacks 'await' operators and will run synchronously. Consider using the 'await' operator to await non-blocking API calls, or 'await Task.Run(...)' to do CPU-bound work on a background thread. [C:\Source\OASIS-master\Providers\Cloud\TestProjects\NextGenSoftware.OASIS.API.Providers.AWSOASIS.TestHarness\NextGenSoftware.OASIS.API.Providers.AWSOASIS.TestHarness.csproj]
C:\Source\OASIS-master\Providers\Other\TestProjects\NextGenSoftware.OASIS.API.Providers.OrionProtocolOASIS.TestHarness\OrionProtocolOASISTestHarness.cs(12,24): error CS0118: 'OrionProtocolOASIS' is a namespace but is used like a type [C:\Source\OASIS-master\Providers\Other\TestProjects\NextGenSoftware.OASIS.API.Providers.OrionProtocolOASIS.TestHarness\NextGenSoftware.OASIS.API.Providers.OrionProtocolOASIS.TestHarness.csproj]
C:\Source\OASIS-master\Providers\Cloud\TestProjects\NextGenSoftware.OASIS.API.Providers.AWSOASIS.TestHarness\AWSOASISTestHarness.cs(64,37): error CS1061: 'AWSOASIS' does not contain a definition for 'GetProviderVersion' and no accessible extension method 'GetProviderVersion' accepting a first argument of type 'AWSOASIS' could be found (are you missing a using directive or an assembly reference?) [C:\Source\OASIS-master\Providers\Cloud\TestProjects\NextGenSoftware.OASIS.API.Providers.AWSOASIS.TestHarness\NextGenSoftware.OASIS.API.Providers.AWSOASIS.TestHarness.csproj]
C:\Source\OASIS-master\Providers\Cloud\TestProjects\NextGenSoftware.OASIS.API.Providers.AWSOASIS.TestHarness\AWSOASISTestHarness.cs(67,42): error CS1061: 'AWSOASIS' does not contain a definition for 'GetProviderType' and no accessible extension method 'GetProviderType' accepting a first argument of type 'AWSOASIS' could be found (are you missing a using directive or an assembly reference?) [C:\Source\OASIS-master\Providers\Cloud\TestProjects\NextGenSoftware.OASIS.API.Providers.AWSOASIS.TestHarness\NextGenSoftware.OASIS.API.Providers.AWSOASIS.TestHarness.csproj]
C:\Source\OASIS-master\Providers\Cloud\TestProjects\NextGenSoftware.OASIS.API.Providers.AWSOASIS.TestHarness\AWSOASISTestHarness.cs(70,38): error CS1061: 'AWSOASIS' does not contain a definition for 'GetProviderCategory' and no accessible extension method 'GetProviderCategory' accepting a first argument of type 'AWSOASIS' could be found (are you missing a using directive or an assembly reference?) [C:\Source\OASIS-master\Providers\Cloud\TestProjects\NextGenSoftware.OASIS.API.Providers.AWSOASIS.TestHarness\NextGenSoftware.OASIS.API.Providers.AWSOASIS.TestHarness.csproj]
C:\Source\OASIS-master\Providers\Cloud\TestProjects\NextGenSoftware.OASIS.API.Providers.AWSOASIS.TestHarness\AWSOASISTestHarness.cs(60,35): warning CS1998: This async method lacks 'await' operators and will run synchronously. Consider using the 'await' operator to await non-blocking API calls, or 'await Task.Run(...)' to do CPU-bound work on a background thread. [C:\Source\OASIS-master\Providers\Cloud\TestProjects\NextGenSoftware.OASIS.API.Providers.AWSOASIS.TestHarness\NextGenSoftware.OASIS.API.Providers.AWSOASIS.TestHarness.csproj]
C:\Source\OASIS-master\Providers\Cloud\TestProjects\NextGenSoftware.OASIS.API.Providers.AWSOASIS.TestHarness\AWSOASISTestHarness.cs(82,34): error CS0246: The type or namespace name 'Avatar' could not be found (are you missing a using directive or an assembly reference?) [C:\Source\OASIS-master\Providers\Cloud\TestProjects\NextGenSoftware.OASIS.API.Providers.AWSOASIS.TestHarness\NextGenSoftware.OASIS.API.Providers.AWSOASIS.TestHarness.csproj]
C:\Source\OASIS-master\Providers\Cloud\TestProjects\NextGenSoftware.OASIS.API.Providers.AWSOASIS.TestHarness\AWSOASISTestHarness.cs(111,33): error CS0246: The type or namespace name 'Holon' could not be found (are you missing a using directive or an assembly reference?) [C:\Source\OASIS-master\Providers\Cloud\TestProjects\NextGenSoftware.OASIS.API.Providers.AWSOASIS.TestHarness\NextGenSoftware.OASIS.API.Providers.AWSOASIS.TestHarness.csproj]
C:\Source\OASIS-master\Providers\Cloud\TestProjects\NextGenSoftware.OASIS.API.Providers.AWSOASIS.TestHarness\AWSOASISTestHarness.cs(138,36): error CS0246: The type or namespace name 'SearchParams' could not be found (are you missing a using directive or an assembly reference?) [C:\Source\OASIS-master\Providers\Cloud\TestProjects\NextGenSoftware.OASIS.API.Providers.AWSOASIS.TestHarness\NextGenSoftware.OASIS.API.Providers.AWSOASIS.TestHarness.csproj]
C:\Source\OASIS-master\Providers\Cloud\TestProjects\NextGenSoftware.OASIS.API.Providers.AWSOASIS.TestHarness\AWSOASISTestHarness.cs(141,30): error CS0103: The name 'SearchType' does not exist in the current context [C:\Source\OASIS-master\Providers\Cloud\TestProjects\NextGenSoftware.OASIS.API.Providers.AWSOASIS.TestHarness\NextGenSoftware.OASIS.API.Providers.AWSOASIS.TestHarness.csproj]
C:\Source\OASIS-master\Providers\Cloud\TestProjects\NextGenSoftware.OASIS.API.Providers.AWSOASIS.TestHarness\AWSOASISTestHarness.cs(145,54): error CS1061: 'AWSOASIS' does not contain a definition for 'SearchAvatarsAsync' and no accessible extension method 'SearchAvatarsAsync' accepting a first argument of type 'AWSOASIS' could be found (are you missing a using directive or an assembly reference?) [C:\Source\OASIS-master\Providers\Cloud\TestProjects\NextGenSoftware.OASIS.API.Providers.AWSOASIS.TestHarness\NextGenSoftware.OASIS.API.Providers.AWSOASIS.TestHarness.csproj]
C:\Source\OASIS-master\Providers\Cloud\TestProjects\NextGenSoftware.OASIS.API.Providers.AWSOASIS.TestHarness\AWSOASISTestHarness.cs(155,35): warning CS1998: This async method lacks 'await' operators and will run synchronously. Consider using the 'await' operator to await non-blocking API calls, or 'await Task.Run(...)' to do CPU-bound work on a background thread. [C:\Source\OASIS-master\Providers\Cloud\TestProjects\NextGenSoftware.OASIS.API.Providers.AWSOASIS.TestHarness\NextGenSoftware.OASIS.API.Providers.AWSOASIS.TestHarness.csproj]
C:\Source\OASIS-master\Providers\Other\TestProjects\NextGenSoftware.OASIS.API.Providers.OrionProtocolOASIS.IntegrationTests\OrionProtocolOASISIntegrationTests.cs(14,17): error CS0118: 'OrionProtocolOASIS' is a namespace but is used like a type [C:\Source\OASIS-master\Providers\Other\TestProjects\NextGenSoftware.OASIS.API.Providers.OrionProtocolOASIS.IntegrationTests\NextGenSoftware.OASIS.API.Providers.OrionProtocolOASIS.IntegrationTests.csproj]
C:\Program Files\dotnet\sdk\9.0.306\Microsoft.Common.CurrentVersion.targets(2189,5): warning MSB9008: The referenced project ..\NextGenSoftware.OASIS.API.Providers.PLANOASIS\NextGenSoftware.OASIS.API.Providers.PLANOASIS.csproj does not exist. [C:\Source\OASIS-master\Providers\Other\TestProjects\NextGenSoftware.OASIS.API.Providers.PLANOASIS.IntegrationTests\NextGenSoftware.OASIS.API.Providers.PLANOASIS.IntegrationTests.csproj]
C:\Program Files\dotnet\sdk\9.0.306\Microsoft.Common.CurrentVersion.targets(2189,5): warning MSB9008: The referenced project ..\NextGenSoftware.OASIS.API.Providers.PLANOASIS\NextGenSoftware.OASIS.API.Providers.PLANOASIS.csproj does not exist. [C:\Source\OASIS-master\Providers\Other\TestProjects\NextGenSoftware.OASIS.API.Providers.PLANOASIS.TestHarness\NextGenSoftware.OASIS.API.Providers.PLANOASIS.TestHarness.csproj]
C:\Source\OASIS-master\Providers\Other\TestProjects\NextGenSoftware.OASIS.API.Providers.ONION-Protocol.TestHarness\ONION-ProtocolTestHarness.cs(1,48): error CS1002: ; expected [C:\Source\OASIS-master\Providers\Other\TestProjects\NextGenSoftware.OASIS.API.Providers.ONION-Protocol.TestHarness\NextGenSoftware.OASIS.API.Providers.ONION-Protocol.TestHarness.csproj]
C:\Source\OASIS-master\Providers\Other\TestProjects\NextGenSoftware.OASIS.API.Providers.ONION-Protocol.TestHarness\ONION-ProtocolTestHarness.cs(2,1): error CS1529: A using clause must precede all other elements defined in the namespace except extern alias declarations [C:\Source\OASIS-master\Providers\Other\TestProjects\NextGenSoftware.OASIS.API.Providers.ONION-Protocol.TestHarness\NextGenSoftware.OASIS.API.Providers.ONION-Protocol.TestHarness.csproj]
C:\Source\OASIS-master\Providers\Other\TestProjects\NextGenSoftware.OASIS.API.Providers.ONION-Protocol.TestHarness\ONION-ProtocolTestHarness.cs(3,1): error CS1529: A using clause must precede all other elements defined in the namespace except extern alias declarations [C:\Source\OASIS-master\Providers\Other\TestProjects\NextGenSoftware.OASIS.API.Providers.ONION-Protocol.TestHarness\NextGenSoftware.OASIS.API.Providers.ONION-Protocol.TestHarness.csproj]
C:\Source\OASIS-master\Providers\Other\TestProjects\NextGenSoftware.OASIS.API.Providers.ONION-Protocol.TestHarness\ONION-ProtocolTestHarness.cs(4,1): error CS1529: A using clause must precede all other elements defined in the namespace except extern alias declarations [C:\Source\OASIS-master\Providers\Other\TestProjects\NextGenSoftware.OASIS.API.Providers.ONION-Protocol.TestHarness\NextGenSoftware.OASIS.API.Providers.ONION-Protocol.TestHarness.csproj]
C:\Source\OASIS-master\Providers\Other\TestProjects\NextGenSoftware.OASIS.API.Providers.ONION-Protocol.TestHarness\ONION-ProtocolTestHarness.cs(5,1): error CS1529: A using clause must precede all other elements defined in the namespace except extern alias declarations [C:\Source\OASIS-master\Providers\Other\TestProjects\NextGenSoftware.OASIS.API.Providers.ONION-Protocol.TestHarness\NextGenSoftware.OASIS.API.Providers.ONION-Protocol.TestHarness.csproj]
C:\Source\OASIS-master\Providers\Other\TestProjects\NextGenSoftware.OASIS.API.Providers.ONION-Protocol.TestHarness\ONION-ProtocolTestHarness.cs(6,1): error CS1529: A using clause must precede all other elements defined in the namespace except extern alias declarations [C:\Source\OASIS-master\Providers\Other\TestProjects\NextGenSoftware.OASIS.API.Providers.ONION-Protocol.TestHarness\NextGenSoftware.OASIS.API.Providers.ONION-Protocol.TestHarness.csproj]
C:\Source\OASIS-master\Providers\Other\TestProjects\NextGenSoftware.OASIS.API.Providers.ONION-Protocol.TestHarness\ONION-ProtocolTestHarness.cs(8,62): error CS0116: A namespace cannot directly contain members such as fields, methods or statements [C:\Source\OASIS-master\Providers\Other\TestProjects\NextGenSoftware.OASIS.API.Providers.ONION-Protocol.TestHarness\NextGenSoftware.OASIS.API.Providers.ONION-Protocol.TestHarness.csproj]
C:\Source\OASIS-master\Providers\Other\TestProjects\NextGenSoftware.OASIS.API.Providers.ONION-Protocol.TestHarness\ONION-ProtocolTestHarness.cs(8,52): error CS1514: { expected [C:\Source\OASIS-master\Providers\Other\TestProjects\NextGenSoftware.OASIS.API.Providers.ONION-Protocol.TestHarness\NextGenSoftware.OASIS.API.Providers.ONION-Protocol.TestHarness.csproj]
C:\Source\OASIS-master\Providers\Other\TestProjects\NextGenSoftware.OASIS.API.Providers.ONION-Protocol.TestHarness\ONION-ProtocolTestHarness.cs(9,1): error CS1022: Type or namespace definition, or end-of-file expected [C:\Source\OASIS-master\Providers\Other\TestProjects\NextGenSoftware.OASIS.API.Providers.ONION-Protocol.TestHarness\NextGenSoftware.OASIS.API.Providers.ONION-Protocol.TestHarness.csproj]
C:\Source\OASIS-master\Providers\Other\TestProjects\NextGenSoftware.OASIS.API.Providers.ONION-Protocol.TestHarness\ONION-ProtocolTestHarness.cs(10,23): error CS1514: { expected [C:\Source\OASIS-master\Providers\Other\TestProjects\NextGenSoftware.OASIS.API.Providers.ONION-Protocol.TestHarness\NextGenSoftware.OASIS.API.Providers.ONION-Protocol.TestHarness.csproj]
C:\Source\OASIS-master\Providers\Other\TestProjects\NextGenSoftware.OASIS.API.Providers.ONION-Protocol.TestHarness\ONION-ProtocolTestHarness.cs(10,23): error CS1513: } expected [C:\Source\OASIS-master\Providers\Other\TestProjects\NextGenSoftware.OASIS.API.Providers.ONION-Protocol.TestHarness\NextGenSoftware.OASIS.API.Providers.ONION-Protocol.TestHarness.csproj]
C:\Source\OASIS-master\Providers\Other\TestProjects\NextGenSoftware.OASIS.API.Providers.ONION-Protocol.TestHarness\ONION-ProtocolTestHarness.cs(10,23): error CS1022: Type or namespace definition, or end-of-file expected [C:\Source\OASIS-master\Providers\Other\TestProjects\NextGenSoftware.OASIS.API.Providers.ONION-Protocol.TestHarness\NextGenSoftware.OASIS.API.Providers.ONION-Protocol.TestHarness.csproj]
C:\Source\OASIS-master\Providers\Other\TestProjects\NextGenSoftware.OASIS.API.Providers.ONION-Protocol.TestHarness\ONION-ProtocolTestHarness.cs(10,24): error CS0116: A namespace cannot directly contain members such as fields, methods or statements [C:\Source\OASIS-master\Providers\Other\TestProjects\NextGenSoftware.OASIS.API.Providers.ONION-Protocol.TestHarness\NextGenSoftware.OASIS.API.Providers.ONION-Protocol.TestHarness.csproj]
C:\Source\OASIS-master\Providers\Other\TestProjects\NextGenSoftware.OASIS.API.Providers.ONION-Protocol.TestHarness\ONION-ProtocolTestHarness.cs(11,5): error CS1022: Type or namespace definition, or end-of-file expected [C:\Source\OASIS-master\Providers\Other\TestProjects\NextGenSoftware.OASIS.API.Providers.ONION-Protocol.TestHarness\NextGenSoftware.OASIS.API.Providers.ONION-Protocol.TestHarness.csproj]
C:\Source\OASIS-master\Providers\Other\TestProjects\NextGenSoftware.OASIS.API.Providers.ONION-Protocol.TestHarness\ONION-ProtocolTestHarness.cs(12,24): error CS0116: A namespace cannot directly contain members such as fields, methods or statements [C:\Source\OASIS-master\Providers\Other\TestProjects\NextGenSoftware.OASIS.API.Providers.ONION-Protocol.TestHarness\NextGenSoftware.OASIS.API.Providers.ONION-Protocol.TestHarness.csproj]
C:\Source\OASIS-master\Providers\Other\TestProjects\NextGenSoftware.OASIS.API.Providers.ONION-Protocol.TestHarness\ONION-ProtocolTestHarness.cs(12,29): error CS1022: Type or namespace definition, or end-of-file expected [C:\Source\OASIS-master\Providers\Other\TestProjects\NextGenSoftware.OASIS.API.Providers.ONION-Protocol.TestHarness\NextGenSoftware.OASIS.API.Providers.ONION-Protocol.TestHarness.csproj]
C:\Source\OASIS-master\Providers\Other\TestProjects\NextGenSoftware.OASIS.API.Providers.ONION-Protocol.TestHarness\ONION-ProtocolTestHarness.cs(19,34): error CS1526: A new expression requires an argument list or (), [], or {} after type [C:\Source\OASIS-master\Providers\Other\TestProjects\NextGenSoftware.OASIS.API.Providers.ONION-Protocol.TestHarness\NextGenSoftware.OASIS.API.Providers.ONION-Protocol.TestHarness.csproj]
C:\Source\OASIS-master\Providers\Other\TestProjects\NextGenSoftware.OASIS.API.Providers.ONION-Protocol.TestHarness\ONION-ProtocolTestHarness.cs(170,1): error CS1022: Type or namespace definition, or end-of-file expected [C:\Source\OASIS-master\Providers\Other\TestProjects\NextGenSoftware.OASIS.API.Providers.ONION-Protocol.TestHarness\NextGenSoftware.OASIS.API.Providers.ONION-Protocol.TestHarness.csproj]
C:\Source\OASIS-master\Providers\Cloud\TestProjects\NextGenSoftware.OASIS.API.Providers.AWSOASIS.UnitTests\AWSOASISUnitTests.cs(28,20): error CS0411: The type arguments for method 'Assert.AreEqual<T>(T?, T?)' cannot be inferred from the usage. Try specifying the type arguments explicitly. [C:\Source\OASIS-master\Providers\Cloud\TestProjects\NextGenSoftware.OASIS.API.Providers.AWSOASIS.UnitTests\NextGenSoftware.OASIS.API.Providers.AWSOASIS.UnitTests.csproj]
C:\Source\OASIS-master\Providers\Cloud\TestProjects\NextGenSoftware.OASIS.API.Providers.AWSOASIS.UnitTests\AWSOASISUnitTests.cs(95,37): error CS1061: 'AWSOASIS' does not contain a definition for 'GetProviderVersion' and no accessible extension method 'GetProviderVersion' accepting a first argument of type 'AWSOASIS' could be found (are you missing a using directive or an assembly reference?) [C:\Source\OASIS-master\Providers\Cloud\TestProjects\NextGenSoftware.OASIS.API.Providers.AWSOASIS.UnitTests\NextGenSoftware.OASIS.API.Providers.AWSOASIS.UnitTests.csproj]
C:\Source\OASIS-master\Providers\Cloud\TestProjects\NextGenSoftware.OASIS.API.Providers.AWSOASIS.UnitTests\AWSOASISUnitTests.cs(13,26): warning CS8618: Non-nullable field '_provider' must contain a non-null value when exiting constructor. Consider adding the 'required' modifier or declaring the field as nullable. [C:\Source\OASIS-master\Providers\Cloud\TestProjects\NextGenSoftware.OASIS.API.Providers.AWSOASIS.UnitTests\NextGenSoftware.OASIS.API.Providers.AWSOASIS.UnitTests.csproj]
C:\Source\OASIS-master\Providers\Other\TestProjects\NextGenSoftware.OASIS.API.Providers.PLANOASIS.IntegrationTests\PLANOASISIntegrationTests.cs(14,36): error CS0118: 'PLANOASIS' is a namespace but is used like a type [C:\Source\OASIS-master\Providers\Other\TestProjects\NextGenSoftware.OASIS.API.Providers.PLANOASIS.IntegrationTests\NextGenSoftware.OASIS.API.Providers.PLANOASIS.IntegrationTests.csproj]
C:\Source\OASIS-master\Providers\Other\TestProjects\NextGenSoftware.OASIS.API.Providers.PLANOASIS.IntegrationTests\PLANOASISIntegrationTests.cs(33,36): error CS0118: 'PLANOASIS' is a namespace but is used like a type [C:\Source\OASIS-master\Providers\Other\TestProjects\NextGenSoftware.OASIS.API.Providers.PLANOASIS.IntegrationTests\NextGenSoftware.OASIS.API.Providers.PLANOASIS.IntegrationTests.csproj]
C:\Source\OASIS-master\Providers\Other\TestProjects\NextGenSoftware.OASIS.API.Providers.PLANOASIS.IntegrationTests\PLANOASISIntegrationTests.cs(52,36): error CS0118: 'PLANOASIS' is a namespace but is used like a type [C:\Source\OASIS-master\Providers\Other\TestProjects\NextGenSoftware.OASIS.API.Providers.PLANOASIS.IntegrationTests\NextGenSoftware.OASIS.API.Providers.PLANOASIS.IntegrationTests.csproj]
C:\Source\OASIS-master\Providers\Other\TestProjects\NextGenSoftware.OASIS.API.Providers.PLANOASIS.IntegrationTests\PLANOASISIntegrationTests.cs(75,36): error CS0118: 'PLANOASIS' is a namespace but is used like a type [C:\Source\OASIS-master\Providers\Other\TestProjects\NextGenSoftware.OASIS.API.Providers.PLANOASIS.IntegrationTests\NextGenSoftware.OASIS.API.Providers.PLANOASIS.IntegrationTests.csproj]
C:\Program Files\dotnet\sdk\9.0.306\Microsoft.Common.CurrentVersion.targets(2189,5): warning MSB9008: The referenced project ..\NextGenSoftware.OASIS.API.Providers.PLANOASIS\NextGenSoftware.OASIS.API.Providers.PLANOASIS.csproj does not exist. [C:\Source\OASIS-master\Providers\Other\TestProjects\NextGenSoftware.OASIS.API.Providers.PLANOASIS.UnitTests\NextGenSoftware.OASIS.API.Providers.PLANOASIS.UnitTests.csproj]
C:\Source\OASIS-master\Providers\Other\TestProjects\NextGenSoftware.OASIS.API.Providers.PLANOASIS.TestHarness\Program.cs(18,40): error CS0118: 'PLANOASIS' is a namespace but is used like a type [C:\Source\OASIS-master\Providers\Other\TestProjects\NextGenSoftware.OASIS.API.Providers.PLANOASIS.TestHarness\NextGenSoftware.OASIS.API.Providers.PLANOASIS.TestHarness.csproj]
C:\Source\OASIS-master\Providers\Other\TestProjects\NextGenSoftware.OASIS.API.Providers.OrionProtocolOASIS.UnitTests\OrionProtocolOASISUnitTests.cs(13,17): error CS0118: 'OrionProtocolOASIS' is a namespace but is used like a type [C:\Source\OASIS-master\Providers\Other\TestProjects\NextGenSoftware.OASIS.API.Providers.OrionProtocolOASIS.UnitTests\NextGenSoftware.OASIS.API.Providers.OrionProtocolOASIS.UnitTests.csproj]
C:\Source\OASIS-master\Providers\Blockchain\TestProjects\NextGenSoftware.OASIS.API.Providers.TelosOASIS.IntegrationTests\TelosOASISIntegrationTests.cs(17,29): error CS7036: There is no argument given that corresponds to the required parameter 'host' of 'TelosOASIS.TelosOASIS(string, string, string, string)' [C:\Source\OASIS-master\Providers\Blockchain\TestProjects\NextGenSoftware.OASIS.API.Providers.TelosOASIS.IntegrationTests\NextGenSoftware.OASIS.API.Providers.TelosOASIS.IntegrationTests.csproj]
C:\Source\OASIS-master\Providers\Blockchain\TestProjects\NextGenSoftware.OASIS.API.Providers.TelosOASIS.IntegrationTests\TelosOASISIntegrationTests.cs(25,42): error CS1061: 'OASISResult<bool>' does not contain a definition for 'IsSuccess' and no accessible extension method 'IsSuccess' accepting a first argument of type 'OASISResult<bool>' could be found (are you missing a using directive or an assembly reference?) [C:\Source\OASIS-master\Providers\Blockchain\TestProjects\NextGenSoftware.OASIS.API.Providers.TelosOASIS.IntegrationTests\NextGenSoftware.OASIS.API.Providers.TelosOASIS.IntegrationTests.csproj]
C:\Source\OASIS-master\Providers\Blockchain\TestProjects\NextGenSoftware.OASIS.API.Providers.TelosOASIS.IntegrationTests\TelosOASISIntegrationTests.cs(28,30): error CS0246: The type or namespace name 'Avatar' could not be found (are you missing a using directive or an assembly reference?) [C:\Source\OASIS-master\Providers\Blockchain\TestProjects\NextGenSoftware.OASIS.API.Providers.TelosOASIS.IntegrationTests\NextGenSoftware.OASIS.API.Providers.TelosOASIS.IntegrationTests.csproj]
C:\Source\OASIS-master\Providers\Blockchain\TestProjects\NextGenSoftware.OASIS.API.Providers.TelosOASIS.IntegrationTests\TelosOASISIntegrationTests.cs(41,45): error CS1061: 'OASISResult<IAvatar>' does not contain a definition for 'IsSuccess' and no accessible extension method 'IsSuccess' accepting a first argument of type 'OASISResult<IAvatar>' could be found (are you missing a using directive or an assembly reference?) [C:\Source\OASIS-master\Providers\Blockchain\TestProjects\NextGenSoftware.OASIS.API.Providers.TelosOASIS.IntegrationTests\NextGenSoftware.OASIS.API.Providers.TelosOASIS.IntegrationTests.csproj]
C:\Source\OASIS-master\Providers\Blockchain\TestProjects\NextGenSoftware.OASIS.API.Providers.TelosOASIS.IntegrationTests\TelosOASISIntegrationTests.cs(45,29): error CS0246: The type or namespace name 'Holon' could not be found (are you missing a using directive or an assembly reference?) [C:\Source\OASIS-master\Providers\Blockchain\TestProjects\NextGenSoftware.OASIS.API.Providers.TelosOASIS.IntegrationTests\NextGenSoftware.OASIS.API.Providers.TelosOASIS.IntegrationTests.csproj]
C:\Source\OASIS-master\Providers\Blockchain\TestProjects\NextGenSoftware.OASIS.API.Providers.TelosOASIS.IntegrationTests\TelosOASISIntegrationTests.cs(56,44): error CS1061: 'OASISResult<IHolon>' does not contain a definition for 'IsSuccess' and no accessible extension method 'IsSuccess' accepting a first argument of type 'OASISResult<IHolon>' could be found (are you missing a using directive or an assembly reference?) [C:\Source\OASIS-master\Providers\Blockchain\TestProjects\NextGenSoftware.OASIS.API.Providers.TelosOASIS.IntegrationTests\NextGenSoftware.OASIS.API.Providers.TelosOASIS.IntegrationTests.csproj]
C:\Source\OASIS-master\Providers\Blockchain\TestProjects\NextGenSoftware.OASIS.API.Providers.TelosOASIS.IntegrationTests\TelosOASISIntegrationTests.cs(60,35): error CS0246: The type or namespace name 'MintNFTTransactionRequest' could not be found (are you missing a using directive or an assembly reference?) [C:\Source\OASIS-master\Providers\Blockchain\TestProjects\NextGenSoftware.OASIS.API.Providers.TelosOASIS.IntegrationTests\NextGenSoftware.OASIS.API.Providers.TelosOASIS.IntegrationTests.csproj]
C:\Source\OASIS-master\Providers\Blockchain\TestProjects\NextGenSoftware.OASIS.API.Providers.TelosOASIS.IntegrationTests\TelosOASISIntegrationTests.cs(65,49): error CS1061: 'TelosOASIS' does not contain a definition for 'LoadNFTAsync' and no accessible extension method 'LoadNFTAsync' accepting a first argument of type 'TelosOASIS' could be found (are you missing a using directive or an assembly reference?) [C:\Source\OASIS-master\Providers\Blockchain\TestProjects\NextGenSoftware.OASIS.API.Providers.TelosOASIS.IntegrationTests\NextGenSoftware.OASIS.API.Providers.TelosOASIS.IntegrationTests.csproj]
C:\Source\OASIS-master\Providers\Blockchain\TestProjects\NextGenSoftware.OASIS.API.Providers.TelosOASIS.IntegrationTests\TelosOASISIntegrationTests.cs(70,35): error CS0246: The type or namespace name 'WalletTransactionRequest' could not be found (are you missing a using directive or an assembly reference?) [C:\Source\OASIS-master\Providers\Blockchain\TestProjects\NextGenSoftware.OASIS.API.Providers.TelosOASIS.IntegrationTests\NextGenSoftware.OASIS.API.Providers.TelosOASIS.IntegrationTests.csproj]
C:\Source\OASIS-master\Providers\Blockchain\TestProjects\NextGenSoftware.OASIS.API.Providers.TelosOASIS.IntegrationTests\TelosOASISIntegrationTests.cs(76,36): error CS0246: The type or namespace name 'PlaceGeoSpatialNFTRequest' could not be found (are you missing a using directive or an assembly reference?) [C:\Source\OASIS-master\Providers\Blockchain\TestProjects\NextGenSoftware.OASIS.API.Providers.TelosOASIS.IntegrationTests\NextGenSoftware.OASIS.API.Providers.TelosOASIS.IntegrationTests.csproj]
C:\Source\OASIS-master\Providers\Blockchain\TestProjects\NextGenSoftware.OASIS.API.Providers.TelosOASIS.IntegrationTests\TelosOASISIntegrationTests.cs(77,53): error CS1061: 'TelosOASIS' does not contain a definition for 'PlaceGeoNFTAsync' and no accessible extension method 'PlaceGeoNFTAsync' accepting a first argument of type 'TelosOASIS' could be found (are you missing a using directive or an assembly reference?) [C:\Source\OASIS-master\Providers\Blockchain\TestProjects\NextGenSoftware.OASIS.API.Providers.TelosOASIS.IntegrationTests\NextGenSoftware.OASIS.API.Providers.TelosOASIS.IntegrationTests.csproj]
C:\Source\OASIS-master\Providers\Blockchain\TestProjects\NextGenSoftware.OASIS.API.Providers.TelosOASIS.IntegrationTests\TelosOASISIntegrationTests.cs(81,53): error CS1061: 'TelosOASIS' does not contain a definition for 'LoadAllGeoNFTsForAvatarAsync' and no accessible extension method 'LoadAllGeoNFTsForAvatarAsync' accepting a first argument of type 'TelosOASIS' could be found (are you missing a using directive or an assembly reference?) [C:\Source\OASIS-master\Providers\Blockchain\TestProjects\NextGenSoftware.OASIS.API.Providers.TelosOASIS.IntegrationTests\NextGenSoftware.OASIS.API.Providers.TelosOASIS.IntegrationTests.csproj]
C:\Source\OASIS-master\Providers\Blockchain\TestProjects\NextGenSoftware.OASIS.API.Providers.TelosOASIS.IntegrationTests\TelosOASISIntegrationTests.cs(86,36): error CS0246: The type or namespace name 'SearchParams' could not be found (are you missing a using directive or an assembly reference?) [C:\Source\OASIS-master\Providers\Blockchain\TestProjects\NextGenSoftware.OASIS.API.Providers.TelosOASIS.IntegrationTests\NextGenSoftware.OASIS.API.Providers.TelosOASIS.IntegrationTests.csproj]
C:\Source\OASIS-master\Providers\Blockchain\TestProjects\NextGenSoftware.OASIS.API.Providers.TelosOASIS.IntegrationTests\TelosOASISIntegrationTests.cs(88,41): error CS1061: 'OASISResult<ISearchResults>' does not contain a definition for 'IsSuccess' and no accessible extension method 'IsSuccess' accepting a first argument of type 'OASISResult<ISearchResults>' could be found (are you missing a using directive or an assembly reference?) [C:\Source\OASIS-master\Providers\Blockchain\TestProjects\NextGenSoftware.OASIS.API.Providers.TelosOASIS.IntegrationTests\NextGenSoftware.OASIS.API.Providers.TelosOASIS.IntegrationTests.csproj]
C:\Source\OASIS-master\Providers\Blockchain\TestProjects\NextGenSoftware.OASIS.API.Providers.TelosOASIS.IntegrationTests\TelosOASISIntegrationTests.cs(94,41): error CS1061: 'OASISResult<bool>' does not contain a definition for 'IsSuccess' and no accessible extension method 'IsSuccess' accepting a first argument of type 'OASISResult<bool>' could be found (are you missing a using directive or an assembly reference?) [C:\Source\OASIS-master\Providers\Blockchain\TestProjects\NextGenSoftware.OASIS.API.Providers.TelosOASIS.IntegrationTests\NextGenSoftware.OASIS.API.Providers.TelosOASIS.IntegrationTests.csproj]
C:\Source\OASIS-master\Providers\Blockchain\TestProjects\NextGenSoftware.OASIS.API.Providers.TelosOASIS.IntegrationTests\TelosOASISIntegrationTests.cs(98,41): error CS1061: 'OASISResult<IEnumerable<IHolon>>' does not contain a definition for 'IsSuccess' and no accessible extension method 'IsSuccess' accepting a first argument of type 'OASISResult<IEnumerable<IHolon>>' could be found (are you missing a using directive or an assembly reference?) [C:\Source\OASIS-master\Providers\Blockchain\TestProjects\NextGenSoftware.OASIS.API.Providers.TelosOASIS.IntegrationTests\NextGenSoftware.OASIS.API.Providers.TelosOASIS.IntegrationTests.csproj]
C:\Source\OASIS-master\Providers\Blockchain\TestProjects\NextGenSoftware.OASIS.API.Providers.TelosOASIS.IntegrationTests\TelosOASISIntegrationTests.cs(103,44): error CS1061: 'OASISResult<bool>' does not contain a definition for 'IsSuccess' and no accessible extension method 'IsSuccess' accepting a first argument of type 'OASISResult<bool>' could be found (are you missing a using directive or an assembly reference?) [C:\Source\OASIS-master\Providers\Blockchain\TestProjects\NextGenSoftware.OASIS.API.Providers.TelosOASIS.IntegrationTests\NextGenSoftware.OASIS.API.Providers.TelosOASIS.IntegrationTests.csproj]
C:\Source\OASIS-master\Providers\Blockchain\TestProjects\NextGenSoftware.OASIS.API.Providers.TelosOASIS.IntegrationTests\TelosOASISIntegrationTests.cs(110,20): error CS0411: The type arguments for method 'Assert.AreEqual<T>(T?, T?)' cannot be inferred from the usage. Try specifying the type arguments explicitly. [C:\Source\OASIS-master\Providers\Blockchain\TestProjects\NextGenSoftware.OASIS.API.Providers.TelosOASIS.IntegrationTests\NextGenSoftware.OASIS.API.Providers.TelosOASIS.IntegrationTests.csproj]
C:\Source\OASIS-master\Providers\Blockchain\TestProjects\NextGenSoftware.OASIS.API.Providers.TelosOASIS.IntegrationTests\TelosOASISIntegrationTests.cs(111,46): error CS0117: 'ProviderCategory' does not contain a definition for 'BlockchainStorage' [C:\Source\OASIS-master\Providers\Blockchain\TestProjects\NextGenSoftware.OASIS.API.Providers.TelosOASIS.IntegrationTests\NextGenSoftware.OASIS.API.Providers.TelosOASIS.IntegrationTests.csproj]
C:\Source\OASIS-master\Providers\Blockchain\TestProjects\NextGenSoftware.OASIS.API.Providers.TelosOASIS.IntegrationTests\TelosOASISIntegrationTests.cs(115,42): error CS1061: 'OASISResult<bool>' does not contain a definition for 'IsSuccess' and no accessible extension method 'IsSuccess' accepting a first argument of type 'OASISResult<bool>' could be found (are you missing a using directive or an assembly reference?) [C:\Source\OASIS-master\Providers\Blockchain\TestProjects\NextGenSoftware.OASIS.API.Providers.TelosOASIS.IntegrationTests\NextGenSoftware.OASIS.API.Providers.TelosOASIS.IntegrationTests.csproj]
C:\Source\OASIS-master\Providers\Blockchain\TestProjects\NextGenSoftware.OASIS.API.Providers.TelosOASIS.IntegrationTests\TelosOASISIntegrationTests.cs(119,44): error CS1061: 'OASISResult<bool>' does not contain a definition for 'IsSuccess' and no accessible extension method 'IsSuccess' accepting a first argument of type 'OASISResult<bool>' could be found (are you missing a using directive or an assembly reference?) [C:\Source\OASIS-master\Providers\Blockchain\TestProjects\NextGenSoftware.OASIS.API.Providers.TelosOASIS.IntegrationTests\NextGenSoftware.OASIS.API.Providers.TelosOASIS.IntegrationTests.csproj]
C:\Source\OASIS-master\Providers\Blockchain\TestProjects\NextGenSoftware.OASIS.API.Providers.TelosOASIS.IntegrationTests\TelosOASISIntegrationTests.cs(127,30): error CS0246: The type or namespace name 'Avatar' could not be found (are you missing a using directive or an assembly reference?) [C:\Source\OASIS-master\Providers\Blockchain\TestProjects\NextGenSoftware.OASIS.API.Providers.TelosOASIS.IntegrationTests\NextGenSoftware.OASIS.API.Providers.TelosOASIS.IntegrationTests.csproj]
C:\Source\OASIS-master\Providers\Blockchain\TestProjects\NextGenSoftware.OASIS.API.Providers.TelosOASIS.IntegrationTests\TelosOASISIntegrationTests.cs(132,29): error CS0246: The type or namespace name 'Holon' could not be found (are you missing a using directive or an assembly reference?) [C:\Source\OASIS-master\Providers\Blockchain\TestProjects\NextGenSoftware.OASIS.API.Providers.TelosOASIS.IntegrationTests\NextGenSoftware.OASIS.API.Providers.TelosOASIS.IntegrationTests.csproj]
C:\Source\OASIS-master\Providers\Blockchain\TestProjects\NextGenSoftware.OASIS.API.Providers.TelosOASIS.IntegrationTests\TelosOASISIntegrationTests.cs(137,35): error CS0246: The type or namespace name 'WalletTransactionRequest' could not be found (are you missing a using directive or an assembly reference?) [C:\Source\OASIS-master\Providers\Blockchain\TestProjects\NextGenSoftware.OASIS.API.Providers.TelosOASIS.IntegrationTests\NextGenSoftware.OASIS.API.Providers.TelosOASIS.IntegrationTests.csproj]
C:\Source\OASIS-master\Providers\Blockchain\TestProjects\NextGenSoftware.OASIS.API.Providers.TelosOASIS.IntegrationTests\TelosOASISIntegrationTests.cs(142,38): error CS0246: The type or namespace name 'NFTWalletTransactionRequest' could not be found (are you missing a using directive or an assembly reference?) [C:\Source\OASIS-master\Providers\Blockchain\TestProjects\NextGenSoftware.OASIS.API.Providers.TelosOASIS.IntegrationTests\NextGenSoftware.OASIS.API.Providers.TelosOASIS.IntegrationTests.csproj]
C:\Source\OASIS-master\Providers\Blockchain\TestProjects\NextGenSoftware.OASIS.API.Providers.TelosOASIS.IntegrationTests\TelosOASISIntegrationTests.cs(156,27): error CS1061: 'TelosOASIS' does not contain a definition for 'LoadAllNFTsForAvatarAsync' and no accessible extension method 'LoadAllNFTsForAvatarAsync' accepting a first argument of type 'TelosOASIS' could be found (are you missing a using directive or an assembly reference?) [C:\Source\OASIS-master\Providers\Blockchain\TestProjects\NextGenSoftware.OASIS.API.Providers.TelosOASIS.IntegrationTests\NextGenSoftware.OASIS.API.Providers.TelosOASIS.IntegrationTests.csproj]
C:\Source\OASIS-master\Providers\Blockchain\TestProjects\NextGenSoftware.OASIS.API.Providers.TelosOASIS.IntegrationTests\TelosOASISIntegrationTests.cs(157,27): error CS1061: 'TelosOASIS' does not contain a definition for 'LoadAllGeoNFTsForAvatarAsync' and no accessible extension method 'LoadAllGeoNFTsForAvatarAsync' accepting a first argument of type 'TelosOASIS' could be found (are you missing a using directive or an assembly reference?) [C:\Source\OASIS-master\Providers\Blockchain\TestProjects\NextGenSoftware.OASIS.API.Providers.TelosOASIS.IntegrationTests\NextGenSoftware.OASIS.API.Providers.TelosOASIS.IntegrationTests.csproj]
C:\Source\OASIS-master\Providers\Blockchain\TestProjects\NextGenSoftware.OASIS.API.Providers.TelosOASIS.IntegrationTests\TelosOASISIntegrationTests.cs(162,17): error CS0815: Cannot assign void to an implicitly-typed variable [C:\Source\OASIS-master\Providers\Blockchain\TestProjects\NextGenSoftware.OASIS.API.Providers.TelosOASIS.IntegrationTests\NextGenSoftware.OASIS.API.Providers.TelosOASIS.IntegrationTests.csproj]
C:\Source\OASIS-master\Providers\Blockchain\TestProjects\NextGenSoftware.OASIS.API.Providers.TelosOASIS.IntegrationTests\TelosOASISIntegrationTests.cs(177,35): error CS1061: 'OASISResult<bool>' does not contain a definition for 'IsSuccess' and no accessible extension method 'IsSuccess' accepting a first argument of type 'OASISResult<bool>' could be found (are you missing a using directive or an assembly reference?) [C:\Source\OASIS-master\Providers\Blockchain\TestProjects\NextGenSoftware.OASIS.API.Providers.TelosOASIS.IntegrationTests\NextGenSoftware.OASIS.API.Providers.TelosOASIS.IntegrationTests.csproj]
C:\Source\OASIS-master\Providers\Blockchain\TestProjects\NextGenSoftware.OASIS.API.Providers.TelosOASIS.IntegrationTests\TelosOASISIntegrationTests.cs(178,35): error CS1061: 'OASISResult<bool>' does not contain a definition for 'IsSuccess' and no accessible extension method 'IsSuccess' accepting a first argument of type 'OASISResult<bool>' could be found (are you missing a using directive or an assembly reference?) [C:\Source\OASIS-master\Providers\Blockchain\TestProjects\NextGenSoftware.OASIS.API.Providers.TelosOASIS.IntegrationTests\NextGenSoftware.OASIS.API.Providers.TelosOASIS.IntegrationTests.csproj]
C:\Source\OASIS-master\Providers\Blockchain\TestProjects\NextGenSoftware.OASIS.API.Providers.TelosOASIS.IntegrationTests\TelosOASISIntegrationTests.cs(179,35): error CS1061: 'OASISResult<bool>' does not contain a definition for 'IsSuccess' and no accessible extension method 'IsSuccess' accepting a first argument of type 'OASISResult<bool>' could be found (are you missing a using directive or an assembly reference?) [C:\Source\OASIS-master\Providers\Blockchain\TestProjects\NextGenSoftware.OASIS.API.Providers.TelosOASIS.IntegrationTests\NextGenSoftware.OASIS.API.Providers.TelosOASIS.IntegrationTests.csproj]
C:\Source\OASIS-master\Providers\Blockchain\TestProjects\NextGenSoftware.OASIS.API.Providers.TelosOASIS.IntegrationTests\TelosOASISIntegrationTests.cs(186,45): error CS1061: 'OASISResult<bool>' does not contain a definition for 'IsSuccess' and no accessible extension method 'IsSuccess' accepting a first argument of type 'OASISResult<bool>' could be found (are you missing a using directive or an assembly reference?) [C:\Source\OASIS-master\Providers\Blockchain\TestProjects\NextGenSoftware.OASIS.API.Providers.TelosOASIS.IntegrationTests\NextGenSoftware.OASIS.API.Providers.TelosOASIS.IntegrationTests.csproj]
C:\Source\OASIS-master\Providers\Blockchain\TestProjects\NextGenSoftware.OASIS.API.Providers.TelosOASIS.IntegrationTests\TelosOASISIntegrationTests.cs(187,45): error CS1061: 'OASISResult<bool>' does not contain a definition for 'IsSuccess' and no accessible extension method 'IsSuccess' accepting a first argument of type 'OASISResult<bool>' could be found (are you missing a using directive or an assembly reference?) [C:\Source\OASIS-master\Providers\Blockchain\TestProjects\NextGenSoftware.OASIS.API.Providers.TelosOASIS.IntegrationTests\NextGenSoftware.OASIS.API.Providers.TelosOASIS.IntegrationTests.csproj]
C:\Program Files\dotnet\sdk\9.0.306\Microsoft.Common.CurrentVersion.targets(2189,5): warning MSB9008: The referenced project ..\NextGenSoftware.OASIS.API.Providers.SEEDSOASIS\NextGenSoftware.OASIS.API.Providers.SEEDSOASIS.csproj does not exist. [C:\Source\OASIS-master\Providers\Other\TestProjects\NextGenSoftware.OASIS.API.Providers.SEEDSOASIS.IntegrationTests\NextGenSoftware.OASIS.API.Providers.SEEDSOASIS.IntegrationTests.csproj]
C:\Source\OASIS-master\Providers\Blockchain\TestProjects\NextGenSoftware.OASIS.API.Providers.TelosOASIS.IntegrationTests\TelosOASISIntegrationTests.cs(198,54): error CS1061: 'TelosOASIS' does not contain a definition for 'LoadNFTAsync' and no accessible extension method 'LoadNFTAsync' accepting a first argument of type 'TelosOASIS' could be found (are you missing a using directive or an assembly reference?) [C:\Source\OASIS-master\Providers\Blockchain\TestProjects\NextGenSoftware.OASIS.API.Providers.TelosOASIS.IntegrationTests\NextGenSoftware.OASIS.API.Providers.TelosOASIS.IntegrationTests.csproj]
C:\Source\OASIS-master\Providers\Blockchain\TestProjects\NextGenSoftware.OASIS.API.Providers.TelosOASIS.IntegrationTests\TelosOASISIntegrationTests.cs(212,20): error CS0411: The type arguments for method 'Assert.AreEqual<T>(T?, T?)' cannot be inferred from the usage. Try specifying the type arguments explicitly. [C:\Source\OASIS-master\Providers\Blockchain\TestProjects\NextGenSoftware.OASIS.API.Providers.TelosOASIS.IntegrationTests\NextGenSoftware.OASIS.API.Providers.TelosOASIS.IntegrationTests.csproj]
C:\Source\OASIS-master\Providers\Blockchain\TestProjects\NextGenSoftware.OASIS.API.Providers.TelosOASIS.IntegrationTests\TelosOASISIntegrationTests.cs(213,46): error CS0117: 'ProviderCategory' does not contain a definition for 'BlockchainStorage' [C:\Source\OASIS-master\Providers\Blockchain\TestProjects\NextGenSoftware.OASIS.API.Providers.TelosOASIS.IntegrationTests\NextGenSoftware.OASIS.API.Providers.TelosOASIS.IntegrationTests.csproj]
C:\Source\OASIS-master\Providers\Blockchain\TestProjects\NextGenSoftware.OASIS.API.Providers.TelosOASIS.IntegrationTests\TelosOASISIntegrationTests.cs(214,59): error CS1061: 'TelosOASIS' does not contain a definition for 'Description' and no accessible extension method 'Description' accepting a first argument of type 'TelosOASIS' could be found (are you missing a using directive or an assembly reference?) [C:\Source\OASIS-master\Providers\Blockchain\TestProjects\NextGenSoftware.OASIS.API.Providers.TelosOASIS.IntegrationTests\NextGenSoftware.OASIS.API.Providers.TelosOASIS.IntegrationTests.csproj]
C:\Source\OASIS-master\Providers\Blockchain\TestProjects\NextGenSoftware.OASIS.API.Providers.TelosOASIS.IntegrationTests\TelosOASISIntegrationTests.cs(208,27): warning CS1998: This async method lacks 'await' operators and will run synchronously. Consider using the 'await' operator to await non-blocking API calls, or 'await Task.Run(...)' to do CPU-bound work on a background thread. [C:\Source\OASIS-master\Providers\Blockchain\TestProjects\NextGenSoftware.OASIS.API.Providers.TelosOASIS.IntegrationTests\NextGenSoftware.OASIS.API.Providers.TelosOASIS.IntegrationTests.csproj]
C:\Source\OASIS-master\Providers\Blockchain\TestProjects\NextGenSoftware.OASIS.API.Providers.TelosOASIS.IntegrationTests\TelosOASISIntegrationTests.cs(12,28): warning CS8618: Non-nullable field '_provider' must contain a non-null value when exiting constructor. Consider adding the 'required' modifier or declaring the field as nullable. [C:\Source\OASIS-master\Providers\Blockchain\TestProjects\NextGenSoftware.OASIS.API.Providers.TelosOASIS.IntegrationTests\NextGenSoftware.OASIS.API.Providers.TelosOASIS.IntegrationTests.csproj]
C:\Source\OASIS-master\Providers\Other\TestProjects\NextGenSoftware.OASIS.API.Providers.ONION-Protocol.UnitTests\ONION-ProtocolUnitTests.cs(2,48): error CS1002: ; expected [C:\Source\OASIS-master\Providers\Other\TestProjects\NextGenSoftware.OASIS.API.Providers.ONION-Protocol.UnitTests\NextGenSoftware.OASIS.API.Providers.ONION-Protocol.UnitTests.csproj]
C:\Source\OASIS-master\Providers\Other\TestProjects\NextGenSoftware.OASIS.API.Providers.ONION-Protocol.UnitTests\ONION-ProtocolUnitTests.cs(3,1): error CS1529: A using clause must precede all other elements defined in the namespace except extern alias declarations [C:\Source\OASIS-master\Providers\Other\TestProjects\NextGenSoftware.OASIS.API.Providers.ONION-Protocol.UnitTests\NextGenSoftware.OASIS.API.Providers.ONION-Protocol.UnitTests.csproj]
C:\Source\OASIS-master\Providers\Other\TestProjects\NextGenSoftware.OASIS.API.Providers.ONION-Protocol.UnitTests\ONION-ProtocolUnitTests.cs(4,1): error CS1529: A using clause must precede all other elements defined in the namespace except extern alias declarations [C:\Source\OASIS-master\Providers\Other\TestProjects\NextGenSoftware.OASIS.API.Providers.ONION-Protocol.UnitTests\NextGenSoftware.OASIS.API.Providers.ONION-Protocol.UnitTests.csproj]
C:\Source\OASIS-master\Providers\Other\TestProjects\NextGenSoftware.OASIS.API.Providers.ONION-Protocol.UnitTests\ONION-ProtocolUnitTests.cs(5,1): error CS1529: A using clause must precede all other elements defined in the namespace except extern alias declarations [C:\Source\OASIS-master\Providers\Other\TestProjects\NextGenSoftware.OASIS.API.Providers.ONION-Protocol.UnitTests\NextGenSoftware.OASIS.API.Providers.ONION-Protocol.UnitTests.csproj]
C:\Source\OASIS-master\Providers\Other\TestProjects\NextGenSoftware.OASIS.API.Providers.ONION-Protocol.UnitTests\ONION-ProtocolUnitTests.cs(6,1): error CS1529: A using clause must precede all other elements defined in the namespace except extern alias declarations [C:\Source\OASIS-master\Providers\Other\TestProjects\NextGenSoftware.OASIS.API.Providers.ONION-Protocol.UnitTests\NextGenSoftware.OASIS.API.Providers.ONION-Protocol.UnitTests.csproj]
C:\Source\OASIS-master\Providers\Other\TestProjects\NextGenSoftware.OASIS.API.Providers.ONION-Protocol.UnitTests\ONION-ProtocolUnitTests.cs(8,62): error CS0116: A namespace cannot directly contain members such as fields, methods or statements [C:\Source\OASIS-master\Providers\Other\TestProjects\NextGenSoftware.OASIS.API.Providers.ONION-Protocol.UnitTests\NextGenSoftware.OASIS.API.Providers.ONION-Protocol.UnitTests.csproj]
C:\Source\OASIS-master\Providers\Other\TestProjects\NextGenSoftware.OASIS.API.Providers.ONION-Protocol.UnitTests\ONION-ProtocolUnitTests.cs(8,52): error CS1514: { expected [C:\Source\OASIS-master\Providers\Other\TestProjects\NextGenSoftware.OASIS.API.Providers.ONION-Protocol.UnitTests\NextGenSoftware.OASIS.API.Providers.ONION-Protocol.UnitTests.csproj]
C:\Source\OASIS-master\Providers\Other\TestProjects\NextGenSoftware.OASIS.API.Providers.ONION-Protocol.UnitTests\ONION-ProtocolUnitTests.cs(9,1): error CS1022: Type or namespace definition, or end-of-file expected [C:\Source\OASIS-master\Providers\Other\TestProjects\NextGenSoftware.OASIS.API.Providers.ONION-Protocol.UnitTests\NextGenSoftware.OASIS.API.Providers.ONION-Protocol.UnitTests.csproj]
C:\Source\OASIS-master\Providers\Other\TestProjects\NextGenSoftware.OASIS.API.Providers.ONION-Protocol.UnitTests\ONION-ProtocolUnitTests.cs(11,23): error CS1514: { expected [C:\Source\OASIS-master\Providers\Other\TestProjects\NextGenSoftware.OASIS.API.Providers.ONION-Protocol.UnitTests\NextGenSoftware.OASIS.API.Providers.ONION-Protocol.UnitTests.csproj]
C:\Source\OASIS-master\Providers\Other\TestProjects\NextGenSoftware.OASIS.API.Providers.ONION-Protocol.UnitTests\ONION-ProtocolUnitTests.cs(11,23): error CS1513: } expected [C:\Source\OASIS-master\Providers\Other\TestProjects\NextGenSoftware.OASIS.API.Providers.ONION-Protocol.UnitTests\NextGenSoftware.OASIS.API.Providers.ONION-Protocol.UnitTests.csproj]
C:\Source\OASIS-master\Providers\Other\TestProjects\NextGenSoftware.OASIS.API.Providers.ONION-Protocol.UnitTests\ONION-ProtocolUnitTests.cs(11,23): error CS1022: Type or namespace definition, or end-of-file expected [C:\Source\OASIS-master\Providers\Other\TestProjects\NextGenSoftware.OASIS.API.Providers.ONION-Protocol.UnitTests\NextGenSoftware.OASIS.API.Providers.ONION-Protocol.UnitTests.csproj]
C:\Source\OASIS-master\Providers\Other\TestProjects\NextGenSoftware.OASIS.API.Providers.ONION-Protocol.UnitTests\ONION-ProtocolUnitTests.cs(11,24): error CS0116: A namespace cannot directly contain members such as fields, methods or statements [C:\Source\OASIS-master\Providers\Other\TestProjects\NextGenSoftware.OASIS.API.Providers.ONION-Protocol.UnitTests\NextGenSoftware.OASIS.API.Providers.ONION-Protocol.UnitTests.csproj]
C:\Source\OASIS-master\Providers\Other\TestProjects\NextGenSoftware.OASIS.API.Providers.ONION-Protocol.UnitTests\ONION-ProtocolUnitTests.cs(12,5): error CS1022: Type or namespace definition, or end-of-file expected [C:\Source\OASIS-master\Providers\Other\TestProjects\NextGenSoftware.OASIS.API.Providers.ONION-Protocol.UnitTests\NextGenSoftware.OASIS.API.Providers.ONION-Protocol.UnitTests.csproj]
C:\Source\OASIS-master\Providers\Other\TestProjects\NextGenSoftware.OASIS.API.Providers.ONION-Protocol.UnitTests\ONION-ProtocolUnitTests.cs(13,17): error CS0116: A namespace cannot directly contain members such as fields, methods or statements [C:\Source\OASIS-master\Providers\Other\TestProjects\NextGenSoftware.OASIS.API.Providers.ONION-Protocol.UnitTests\NextGenSoftware.OASIS.API.Providers.ONION-Protocol.UnitTests.csproj]
C:\Source\OASIS-master\Providers\Other\TestProjects\NextGenSoftware.OASIS.API.Providers.ONION-Protocol.UnitTests\ONION-ProtocolUnitTests.cs(13,22): error CS1022: Type or namespace definition, or end-of-file expected [C:\Source\OASIS-master\Providers\Other\TestProjects\NextGenSoftware.OASIS.API.Providers.ONION-Protocol.UnitTests\NextGenSoftware.OASIS.API.Providers.ONION-Protocol.UnitTests.csproj]
C:\Source\OASIS-master\Providers\Other\TestProjects\NextGenSoftware.OASIS.API.Providers.ONION-Protocol.UnitTests\ONION-ProtocolUnitTests.cs(18,34): error CS1526: A new expression requires an argument list or (), [], or {} after type [C:\Source\OASIS-master\Providers\Other\TestProjects\NextGenSoftware.OASIS.API.Providers.ONION-Protocol.UnitTests\NextGenSoftware.OASIS.API.Providers.ONION-Protocol.UnitTests.csproj]
C:\Source\OASIS-master\Providers\Other\TestProjects\NextGenSoftware.OASIS.API.Providers.ONION-Protocol.UnitTests\ONION-ProtocolUnitTests.cs(22,47): error CS1002: ; expected [C:\Source\OASIS-master\Providers\Other\TestProjects\NextGenSoftware.OASIS.API.Providers.ONION-Protocol.UnitTests\NextGenSoftware.OASIS.API.Providers.ONION-Protocol.UnitTests.csproj]
C:\Source\OASIS-master\Providers\Other\TestProjects\NextGenSoftware.OASIS.API.Providers.ONION-Protocol.UnitTests\ONION-ProtocolUnitTests.cs(22,47): error CS1022: Type or namespace definition, or end-of-file expected [C:\Source\OASIS-master\Providers\Other\TestProjects\NextGenSoftware.OASIS.API.Providers.ONION-Protocol.UnitTests\NextGenSoftware.OASIS.API.Providers.ONION-Protocol.UnitTests.csproj]
C:\Source\OASIS-master\Providers\Other\TestProjects\NextGenSoftware.OASIS.API.Providers.ONION-Protocol.UnitTests\ONION-ProtocolUnitTests.cs(42,47): error CS1002: ; expected [C:\Source\OASIS-master\Providers\Other\TestProjects\NextGenSoftware.OASIS.API.Providers.ONION-Protocol.UnitTests\NextGenSoftware.OASIS.API.Providers.ONION-Protocol.UnitTests.csproj]
C:\Source\OASIS-master\Providers\Other\TestProjects\NextGenSoftware.OASIS.API.Providers.ONION-Protocol.UnitTests\ONION-ProtocolUnitTests.cs(42,47): error CS1022: Type or namespace definition, or end-of-file expected [C:\Source\OASIS-master\Providers\Other\TestProjects\NextGenSoftware.OASIS.API.Providers.ONION-Protocol.UnitTests\NextGenSoftware.OASIS.API.Providers.ONION-Protocol.UnitTests.csproj]
C:\Source\OASIS-master\Providers\Other\TestProjects\NextGenSoftware.OASIS.API.Providers.ONION-Protocol.UnitTests\ONION-ProtocolUnitTests.cs(111,1): error CS1022: Type or namespace definition, or end-of-file expected [C:\Source\OASIS-master\Providers\Other\TestProjects\NextGenSoftware.OASIS.API.Providers.ONION-Protocol.UnitTests\NextGenSoftware.OASIS.API.Providers.ONION-Protocol.UnitTests.csproj]
C:\Source\OASIS-master\Providers\Other\TestProjects\NextGenSoftware.OASIS.API.Providers.PLANOASIS.UnitTests\PLANOASISTests.cs(5,33): error CS0234: The type or namespace name 'Core' does not exist in the namespace 'NextGenSoftware.OASIS.API' (are you missing an assembly reference?) [C:\Source\OASIS-master\Providers\Other\TestProjects\NextGenSoftware.OASIS.API.Providers.PLANOASIS.UnitTests\NextGenSoftware.OASIS.API.Providers.PLANOASIS.UnitTests.csproj]
C:\Program Files\dotnet\sdk\9.0.306\Microsoft.Common.CurrentVersion.targets(2189,5): warning MSB9008: The referenced project ..\NextGenSoftware.OASIS.API.Providers.SEEDSOASIS\NextGenSoftware.OASIS.API.Providers.SEEDSOASIS.csproj does not exist. [C:\Source\OASIS-master\Providers\Other\TestProjects\NextGenSoftware.OASIS.API.Providers.SEEDSOASIS.TestHarness\NextGenSoftware.OASIS.API.Providers.SEEDSOASIS.TestHarness.csproj]
C:\Source\OASIS-master\Providers\Blockchain\TestProjects\NextGenSoftware.OASIS.API.Providers.TelosOASIS.UnitTests\TelosOASISTests.cs(17,29): error CS7036: There is no argument given that corresponds to the required parameter 'host' of 'TelosOASIS.TelosOASIS(string, string, string, string)' [C:\Source\OASIS-master\Providers\Blockchain\TestProjects\NextGenSoftware.OASIS.API.Providers.TelosOASIS.UnitTests\NextGenSoftware.OASIS.API.Providers.TelosOASIS.UnitTests.csproj]
C:\Source\OASIS-master\Providers\Blockchain\TestProjects\NextGenSoftware.OASIS.API.Providers.TelosOASIS.UnitTests\TelosOASISTests.cs(27,34): error CS1061: 'OASISResult<bool>' does not contain a definition for 'IsSuccess' and no accessible extension method 'IsSuccess' accepting a first argument of type 'OASISResult<bool>' could be found (are you missing a using directive or an assembly reference?) [C:\Source\OASIS-master\Providers\Blockchain\TestProjects\NextGenSoftware.OASIS.API.Providers.TelosOASIS.UnitTests\NextGenSoftware.OASIS.API.Providers.TelosOASIS.UnitTests.csproj]
C:\Source\OASIS-master\Providers\Blockchain\TestProjects\NextGenSoftware.OASIS.API.Providers.TelosOASIS.UnitTests\TelosOASISTests.cs(37,34): error CS1061: 'OASISResult<bool>' does not contain a definition for 'IsSuccess' and no accessible extension method 'IsSuccess' accepting a first argument of type 'OASISResult<bool>' could be found (are you missing a using directive or an assembly reference?) [C:\Source\OASIS-master\Providers\Blockchain\TestProjects\NextGenSoftware.OASIS.API.Providers.TelosOASIS.UnitTests\NextGenSoftware.OASIS.API.Providers.TelosOASIS.UnitTests.csproj]
C:\Source\OASIS-master\Providers\Blockchain\TestProjects\NextGenSoftware.OASIS.API.Providers.TelosOASIS.UnitTests\TelosOASISTests.cs(44,30): error CS0246: The type or namespace name 'Avatar' could not be found (are you missing a using directive or an assembly reference?) [C:\Source\OASIS-master\Providers\Blockchain\TestProjects\NextGenSoftware.OASIS.API.Providers.TelosOASIS.UnitTests\NextGenSoftware.OASIS.API.Providers.TelosOASIS.UnitTests.csproj]
C:\Source\OASIS-master\Providers\Blockchain\TestProjects\NextGenSoftware.OASIS.API.Providers.TelosOASIS.UnitTests\TelosOASISTests.cs(67,35): error CS1061: 'OASISResult<IEnumerable<IAvatar>>' does not contain a definition for 'IsSuccess' and no accessible extension method 'IsSuccess' accepting a first argument of type 'OASISResult<IEnumerable<IAvatar>>' could be found (are you missing a using directive or an assembly reference?) [C:\Source\OASIS-master\Providers\Blockchain\TestProjects\NextGenSoftware.OASIS.API.Providers.TelosOASIS.UnitTests\NextGenSoftware.OASIS.API.Providers.TelosOASIS.UnitTests.csproj]
C:\Source\OASIS-master\Providers\Blockchain\TestProjects\NextGenSoftware.OASIS.API.Providers.TelosOASIS.UnitTests\TelosOASISTests.cs(78,35): error CS1061: 'OASISResult<IAvatar>' does not contain a definition for 'IsSuccess' and no accessible extension method 'IsSuccess' accepting a first argument of type 'OASISResult<IAvatar>' could be found (are you missing a using directive or an assembly reference?) [C:\Source\OASIS-master\Providers\Blockchain\TestProjects\NextGenSoftware.OASIS.API.Providers.TelosOASIS.UnitTests\NextGenSoftware.OASIS.API.Providers.TelosOASIS.UnitTests.csproj]
C:\Source\OASIS-master\Providers\Blockchain\TestProjects\NextGenSoftware.OASIS.API.Providers.TelosOASIS.UnitTests\TelosOASISTests.cs(89,35): error CS1061: 'OASISResult<IAvatar>' does not contain a definition for 'IsSuccess' and no accessible extension method 'IsSuccess' accepting a first argument of type 'OASISResult<IAvatar>' could be found (are you missing a using directive or an assembly reference?) [C:\Source\OASIS-master\Providers\Blockchain\TestProjects\NextGenSoftware.OASIS.API.Providers.TelosOASIS.UnitTests\NextGenSoftware.OASIS.API.Providers.TelosOASIS.UnitTests.csproj]
C:\Source\OASIS-master\Providers\Blockchain\TestProjects\NextGenSoftware.OASIS.API.Providers.TelosOASIS.UnitTests\TelosOASISTests.cs(100,35): error CS1061: 'OASISResult<IAvatar>' does not contain a definition for 'IsSuccess' and no accessible extension method 'IsSuccess' accepting a first argument of type 'OASISResult<IAvatar>' could be found (are you missing a using directive or an assembly reference?) [C:\Source\OASIS-master\Providers\Blockchain\TestProjects\NextGenSoftware.OASIS.API.Providers.TelosOASIS.UnitTests\NextGenSoftware.OASIS.API.Providers.TelosOASIS.UnitTests.csproj]
C:\Source\OASIS-master\Providers\Blockchain\TestProjects\NextGenSoftware.OASIS.API.Providers.TelosOASIS.UnitTests\TelosOASISTests.cs(111,35): error CS1061: 'OASISResult<IAvatar>' does not contain a definition for 'IsSuccess' and no accessible extension method 'IsSuccess' accepting a first argument of type 'OASISResult<IAvatar>' could be found (are you missing a using directive or an assembly reference?) [C:\Source\OASIS-master\Providers\Blockchain\TestProjects\NextGenSoftware.OASIS.API.Providers.TelosOASIS.UnitTests\NextGenSoftware.OASIS.API.Providers.TelosOASIS.UnitTests.csproj]
C:\Source\OASIS-master\Providers\Blockchain\TestProjects\NextGenSoftware.OASIS.API.Providers.TelosOASIS.UnitTests\TelosOASISTests.cs(119,29): error CS0246: The type or namespace name 'Holon' could not be found (are you missing a using directive or an assembly reference?) [C:\Source\OASIS-master\Providers\Blockchain\TestProjects\NextGenSoftware.OASIS.API.Providers.TelosOASIS.UnitTests\NextGenSoftware.OASIS.API.Providers.TelosOASIS.UnitTests.csproj]
C:\Source\OASIS-master\Providers\Blockchain\TestProjects\NextGenSoftware.OASIS.API.Providers.TelosOASIS.UnitTests\TelosOASISTests.cs(140,35): error CS1061: 'OASISResult<IEnumerable<IHolon>>' does not contain a definition for 'IsSuccess' and no accessible extension method 'IsSuccess' accepting a first argument of type 'OASISResult<IEnumerable<IHolon>>' could be found (are you missing a using directive or an assembly reference?) [C:\Source\OASIS-master\Providers\Blockchain\TestProjects\NextGenSoftware.OASIS.API.Providers.TelosOASIS.UnitTests\NextGenSoftware.OASIS.API.Providers.TelosOASIS.UnitTests.csproj]
C:\Source\OASIS-master\Providers\Other\TestProjects\NextGenSoftware.OASIS.API.Providers.SEEDSOASIS.IntegrationTests\SEEDSOASISIntegrationTests.cs(14,37): error CS0118: 'SEEDSOASIS' is a namespace but is used like a type [C:\Source\OASIS-master\Providers\Other\TestProjects\NextGenSoftware.OASIS.API.Providers.SEEDSOASIS.IntegrationTests\NextGenSoftware.OASIS.API.Providers.SEEDSOASIS.IntegrationTests.csproj]
C:\Source\OASIS-master\Providers\Other\TestProjects\NextGenSoftware.OASIS.API.Providers.SEEDSOASIS.IntegrationTests\SEEDSOASISIntegrationTests.cs(33,37): error CS0118: 'SEEDSOASIS' is a namespace but is used like a type [C:\Source\OASIS-master\Providers\Other\TestProjects\NextGenSoftware.OASIS.API.Providers.SEEDSOASIS.IntegrationTests\NextGenSoftware.OASIS.API.Providers.SEEDSOASIS.IntegrationTests.csproj]
C:\Source\OASIS-master\Providers\Other\TestProjects\NextGenSoftware.OASIS.API.Providers.SEEDSOASIS.IntegrationTests\SEEDSOASISIntegrationTests.cs(52,37): error CS0118: 'SEEDSOASIS' is a namespace but is used like a type [C:\Source\OASIS-master\Providers\Other\TestProjects\NextGenSoftware.OASIS.API.Providers.SEEDSOASIS.IntegrationTests\NextGenSoftware.OASIS.API.Providers.SEEDSOASIS.IntegrationTests.csproj]
C:\Source\OASIS-master\Providers\Other\TestProjects\NextGenSoftware.OASIS.API.Providers.SEEDSOASIS.IntegrationTests\SEEDSOASISIntegrationTests.cs(55,28): error CS0234: The type or namespace name 'ENDPOINT_TEST' does not exist in the namespace 'NextGenSoftware.OASIS.API.Providers.SEEDSOASIS' (are you missing an assembly reference?) [C:\Source\OASIS-master\Providers\Other\TestProjects\NextGenSoftware.OASIS.API.Providers.SEEDSOASIS.IntegrationTests\NextGenSoftware.OASIS.API.Providers.SEEDSOASIS.IntegrationTests.csproj]
C:\Source\OASIS-master\Providers\Other\TestProjects\NextGenSoftware.OASIS.API.Providers.SEEDSOASIS.IntegrationTests\SEEDSOASISIntegrationTests.cs(56,28): error CS0234: The type or namespace name 'ENDPOINT_LIVE' does not exist in the namespace 'NextGenSoftware.OASIS.API.Providers.SEEDSOASIS' (are you missing an assembly reference?) [C:\Source\OASIS-master\Providers\Other\TestProjects\NextGenSoftware.OASIS.API.Providers.SEEDSOASIS.IntegrationTests\NextGenSoftware.OASIS.API.Providers.SEEDSOASIS.IntegrationTests.csproj]
C:\Source\OASIS-master\Providers\Other\TestProjects\NextGenSoftware.OASIS.API.Providers.SEEDSOASIS.IntegrationTests\SEEDSOASISIntegrationTests.cs(57,28): error CS0234: The type or namespace name 'SEEDS_EOSIO_ACCOUNT_TEST' does not exist in the namespace 'NextGenSoftware.OASIS.API.Providers.SEEDSOASIS' (are you missing an assembly reference?) [C:\Source\OASIS-master\Providers\Other\TestProjects\NextGenSoftware.OASIS.API.Providers.SEEDSOASIS.IntegrationTests\NextGenSoftware.OASIS.API.Providers.SEEDSOASIS.IntegrationTests.csproj]
C:\Source\OASIS-master\Providers\Other\TestProjects\NextGenSoftware.OASIS.API.Providers.SEEDSOASIS.IntegrationTests\SEEDSOASISIntegrationTests.cs(58,28): error CS0234: The type or namespace name 'SEEDS_EOSIO_ACCOUNT_LIVE' does not exist in the namespace 'NextGenSoftware.OASIS.API.Providers.SEEDSOASIS' (are you missing an assembly reference?) [C:\Source\OASIS-master\Providers\Other\TestProjects\NextGenSoftware.OASIS.API.Providers.SEEDSOASIS.IntegrationTests\NextGenSoftware.OASIS.API.Providers.SEEDSOASIS.IntegrationTests.csproj]
C:\Source\OASIS-master\Providers\Other\TestProjects\NextGenSoftware.OASIS.API.Providers.SEEDSOASIS.IntegrationTests\SEEDSOASISIntegrationTests.cs(59,28): error CS0234: The type or namespace name 'CHAINID_TEST' does not exist in the namespace 'NextGenSoftware.OASIS.API.Providers.SEEDSOASIS' (are you missing an assembly reference?) [C:\Source\OASIS-master\Providers\Other\TestProjects\NextGenSoftware.OASIS.API.Providers.SEEDSOASIS.IntegrationTests\NextGenSoftware.OASIS.API.Providers.SEEDSOASIS.IntegrationTests.csproj]
C:\Source\OASIS-master\Providers\Other\TestProjects\NextGenSoftware.OASIS.API.Providers.SEEDSOASIS.IntegrationTests\SEEDSOASISIntegrationTests.cs(60,28): error CS0234: The type or namespace name 'CHAINID_LIVE' does not exist in the namespace 'NextGenSoftware.OASIS.API.Providers.SEEDSOASIS' (are you missing an assembly reference?) [C:\Source\OASIS-master\Providers\Other\TestProjects\NextGenSoftware.OASIS.API.Providers.SEEDSOASIS.IntegrationTests\NextGenSoftware.OASIS.API.Providers.SEEDSOASIS.IntegrationTests.csproj]
C:\Source\OASIS-master\Providers\Other\TestProjects\NextGenSoftware.OASIS.API.Providers.SEEDSOASIS.IntegrationTests\SEEDSOASISIntegrationTests.cs(61,28): error CS0234: The type or namespace name 'PUBLICKEY_TEST' does not exist in the namespace 'NextGenSoftware.OASIS.API.Providers.SEEDSOASIS' (are you missing an assembly reference?) [C:\Source\OASIS-master\Providers\Other\TestProjects\NextGenSoftware.OASIS.API.Providers.SEEDSOASIS.IntegrationTests\NextGenSoftware.OASIS.API.Providers.SEEDSOASIS.IntegrationTests.csproj]
C:\Source\OASIS-master\Providers\Other\TestProjects\NextGenSoftware.OASIS.API.Providers.SEEDSOASIS.IntegrationTests\SEEDSOASISIntegrationTests.cs(62,28): error CS0234: The type or namespace name 'PUBLICKEY_LIVE' does not exist in the namespace 'NextGenSoftware.OASIS.API.Providers.SEEDSOASIS' (are you missing an assembly reference?) [C:\Source\OASIS-master\Providers\Other\TestProjects\NextGenSoftware.OASIS.API.Providers.SEEDSOASIS.IntegrationTests\NextGenSoftware.OASIS.API.Providers.SEEDSOASIS.IntegrationTests.csproj]
C:\Source\OASIS-master\Providers\Other\TestProjects\NextGenSoftware.OASIS.API.Providers.SEEDSOASIS.IntegrationTests\SEEDSOASISIntegrationTests.cs(63,28): error CS0234: The type or namespace name 'APIKEY_TEST' does not exist in the namespace 'NextGenSoftware.OASIS.API.Providers.SEEDSOASIS' (are you missing an assembly reference?) [C:\Source\OASIS-master\Providers\Other\TestProjects\NextGenSoftware.OASIS.API.Providers.SEEDSOASIS.IntegrationTests\NextGenSoftware.OASIS.API.Providers.SEEDSOASIS.IntegrationTests.csproj]
C:\Source\OASIS-master\Providers\Other\TestProjects\NextGenSoftware.OASIS.API.Providers.SEEDSOASIS.IntegrationTests\SEEDSOASISIntegrationTests.cs(64,28): error CS0234: The type or namespace name 'APIKEY_LIVE' does not exist in the namespace 'NextGenSoftware.OASIS.API.Providers.SEEDSOASIS' (are you missing an assembly reference?) [C:\Source\OASIS-master\Providers\Other\TestProjects\NextGenSoftware.OASIS.API.Providers.SEEDSOASIS.IntegrationTests\NextGenSoftware.OASIS.API.Providers.SEEDSOASIS.IntegrationTests.csproj]
C:\Source\OASIS-master\Providers\Other\TestProjects\NextGenSoftware.OASIS.API.Providers.SEEDSOASIS.IntegrationTests\SEEDSOASISIntegrationTests.cs(71,37): error CS0118: 'SEEDSOASIS' is a namespace but is used like a type [C:\Source\OASIS-master\Providers\Other\TestProjects\NextGenSoftware.OASIS.API.Providers.SEEDSOASIS.IntegrationTests\NextGenSoftware.OASIS.API.Providers.SEEDSOASIS.IntegrationTests.csproj]
C:\Source\OASIS-master\Providers\Other\TestProjects\NextGenSoftware.OASIS.API.Providers.SEEDSOASIS.IntegrationTests\SEEDSOASISIntegrationTests.cs(84,37): error CS0118: 'SEEDSOASIS' is a namespace but is used like a type [C:\Source\OASIS-master\Providers\Other\TestProjects\NextGenSoftware.OASIS.API.Providers.SEEDSOASIS.IntegrationTests\NextGenSoftware.OASIS.API.Providers.SEEDSOASIS.IntegrationTests.csproj]
C:\Source\OASIS-master\Providers\Blockchain\TestProjects\NextGenSoftware.OASIS.API.Providers.TelosOASIS.UnitTests\TelosOASISTests.cs(151,35): error CS1061: 'OASISResult<IHolon>' does not contain a definition for 'IsSuccess' and no accessible extension method 'IsSuccess' accepting a first argument of type 'OASISResult<IHolon>' could be found (are you missing a using directive or an assembly reference?) [C:\Source\OASIS-master\Providers\Blockchain\TestProjects\NextGenSoftware.OASIS.API.Providers.TelosOASIS.UnitTests\NextGenSoftware.OASIS.API.Providers.TelosOASIS.UnitTests.csproj]
C:\Source\OASIS-master\Providers\Blockchain\TestProjects\NextGenSoftware.OASIS.API.Providers.TelosOASIS.UnitTests\TelosOASISTests.cs(162,35): error CS1061: 'OASISResult<IEnumerable<IHolon>>' does not contain a definition for 'IsSuccess' and no accessible extension method 'IsSuccess' accepting a first argument of type 'OASISResult<IEnumerable<IHolon>>' could be found (are you missing a using directive or an assembly reference?) [C:\Source\OASIS-master\Providers\Blockchain\TestProjects\NextGenSoftware.OASIS.API.Providers.TelosOASIS.UnitTests\NextGenSoftware.OASIS.API.Providers.TelosOASIS.UnitTests.csproj]
C:\Source\OASIS-master\Providers\Blockchain\TestProjects\NextGenSoftware.OASIS.API.Providers.TelosOASIS.UnitTests\TelosOASISTests.cs(173,35): error CS1061: 'OASISResult<IHolon>' does not contain a definition for 'IsSuccess' and no accessible extension method 'IsSuccess' accepting a first argument of type 'OASISResult<IHolon>' could be found (are you missing a using directive or an assembly reference?) [C:\Source\OASIS-master\Providers\Blockchain\TestProjects\NextGenSoftware.OASIS.API.Providers.TelosOASIS.UnitTests\NextGenSoftware.OASIS.API.Providers.TelosOASIS.UnitTests.csproj]
C:\Source\OASIS-master\Providers\Blockchain\TestProjects\NextGenSoftware.OASIS.API.Providers.TelosOASIS.UnitTests\TelosOASISTests.cs(181,36): error CS0246: The type or namespace name 'AvatarDetail' could not be found (are you missing a using directive or an assembly reference?) [C:\Source\OASIS-master\Providers\Blockchain\TestProjects\NextGenSoftware.OASIS.API.Providers.TelosOASIS.UnitTests\NextGenSoftware.OASIS.API.Providers.TelosOASIS.UnitTests.csproj]
C:\Source\OASIS-master\Providers\Blockchain\TestProjects\NextGenSoftware.OASIS.API.Providers.TelosOASIS.UnitTests\TelosOASISTests.cs(202,35): error CS1061: 'OASISResult<IAvatarDetail>' does not contain a definition for 'IsSuccess' and no accessible extension method 'IsSuccess' accepting a first argument of type 'OASISResult<IAvatarDetail>' could be found (are you missing a using directive or an assembly reference?) [C:\Source\OASIS-master\Providers\Blockchain\TestProjects\NextGenSoftware.OASIS.API.Providers.TelosOASIS.UnitTests\NextGenSoftware.OASIS.API.Providers.TelosOASIS.UnitTests.csproj]
C:\Source\OASIS-master\Providers\Blockchain\TestProjects\NextGenSoftware.OASIS.API.Providers.TelosOASIS.UnitTests\TelosOASISTests.cs(213,35): error CS1061: 'OASISResult<IAvatarDetail>' does not contain a definition for 'IsSuccess' and no accessible extension method 'IsSuccess' accepting a first argument of type 'OASISResult<IAvatarDetail>' could be found (are you missing a using directive or an assembly reference?) [C:\Source\OASIS-master\Providers\Blockchain\TestProjects\NextGenSoftware.OASIS.API.Providers.TelosOASIS.UnitTests\NextGenSoftware.OASIS.API.Providers.TelosOASIS.UnitTests.csproj]
C:\Source\OASIS-master\Providers\Blockchain\TestProjects\NextGenSoftware.OASIS.API.Providers.TelosOASIS.UnitTests\TelosOASISTests.cs(224,35): error CS1061: 'OASISResult<IAvatarDetail>' does not contain a definition for 'IsSuccess' and no accessible extension method 'IsSuccess' accepting a first argument of type 'OASISResult<IAvatarDetail>' could be found (are you missing a using directive or an assembly reference?) [C:\Source\OASIS-master\Providers\Blockchain\TestProjects\NextGenSoftware.OASIS.API.Providers.TelosOASIS.UnitTests\NextGenSoftware.OASIS.API.Providers.TelosOASIS.UnitTests.csproj]
C:\Source\OASIS-master\Providers\Blockchain\TestProjects\NextGenSoftware.OASIS.API.Providers.TelosOASIS.UnitTests\TelosOASISTests.cs(232,36): error CS1061: 'TelosOASIS' does not contain a definition for 'GetPlayersNearMe' and no accessible extension method 'GetPlayersNearMe' accepting a first argument of type 'TelosOASIS' could be found (are you missing a using directive or an assembly reference?) [C:\Source\OASIS-master\Providers\Blockchain\TestProjects\NextGenSoftware.OASIS.API.Providers.TelosOASIS.UnitTests\NextGenSoftware.OASIS.API.Providers.TelosOASIS.UnitTests.csproj]
C:\Source\OASIS-master\Providers\Blockchain\TestProjects\NextGenSoftware.OASIS.API.Providers.TelosOASIS.UnitTests\TelosOASISTests.cs(243,36): error CS7036: There is no argument given that corresponds to the required parameter 'geoLong' of 'TelosOASIS.GetHolonsNearMe(long, long, int, HolonType)' [C:\Source\OASIS-master\Providers\Blockchain\TestProjects\NextGenSoftware.OASIS.API.Providers.TelosOASIS.UnitTests\NextGenSoftware.OASIS.API.Providers.TelosOASIS.UnitTests.csproj]
C:\Source\OASIS-master\Providers\Blockchain\TestProjects\NextGenSoftware.OASIS.API.Providers.TelosOASIS.UnitTests\TelosOASISTests.cs(246,35): error CS1061: 'OASISResult<IEnumerable<IHolon>>' does not contain a definition for 'IsSuccess' and no accessible extension method 'IsSuccess' accepting a first argument of type 'OASISResult<IEnumerable<IHolon>>' could be found (are you missing a using directive or an assembly reference?) [C:\Source\OASIS-master\Providers\Blockchain\TestProjects\NextGenSoftware.OASIS.API.Providers.TelosOASIS.UnitTests\NextGenSoftware.OASIS.API.Providers.TelosOASIS.UnitTests.csproj]
C:\Source\OASIS-master\Providers\Blockchain\TestProjects\NextGenSoftware.OASIS.API.Providers.TelosOASIS.UnitTests\TelosOASISTests.cs(254,35): error CS0246: The type or namespace name 'WalletTransactionRequest' could not be found (are you missing a using directive or an assembly reference?) [C:\Source\OASIS-master\Providers\Blockchain\TestProjects\NextGenSoftware.OASIS.API.Providers.TelosOASIS.UnitTests\NextGenSoftware.OASIS.API.Providers.TelosOASIS.UnitTests.csproj]
C:\Source\OASIS-master\Providers\Blockchain\TestProjects\NextGenSoftware.OASIS.API.Providers.TelosOASIS.UnitTests\TelosOASISTests.cs(268,38): error CS0246: The type or namespace name 'NFTWalletTransactionRequest' could not be found (are you missing a using directive or an assembly reference?) [C:\Source\OASIS-master\Providers\Blockchain\TestProjects\NextGenSoftware.OASIS.API.Providers.TelosOASIS.UnitTests\NextGenSoftware.OASIS.API.Providers.TelosOASIS.UnitTests.csproj]
C:\Source\OASIS-master\Providers\Blockchain\TestProjects\NextGenSoftware.OASIS.API.Providers.TelosOASIS.UnitTests\TelosOASISTests.cs(282,35): error CS0246: The type or namespace name 'MintNFTTransactionRequest' could not be found (are you missing a using directive or an assembly reference?) [C:\Source\OASIS-master\Providers\Blockchain\TestProjects\NextGenSoftware.OASIS.API.Providers.TelosOASIS.UnitTests\NextGenSoftware.OASIS.API.Providers.TelosOASIS.UnitTests.csproj]
C:\Source\OASIS-master\Providers\Blockchain\TestProjects\NextGenSoftware.OASIS.API.Providers.TelosOASIS.UnitTests\TelosOASISTests.cs(296,42): error CS1061: 'TelosOASIS' does not contain a definition for 'LoadNFTAsync' and no accessible extension method 'LoadNFTAsync' accepting a first argument of type 'TelosOASIS' could be found (are you missing a using directive or an assembly reference?) [C:\Source\OASIS-master\Providers\Blockchain\TestProjects\NextGenSoftware.OASIS.API.Providers.TelosOASIS.UnitTests\NextGenSoftware.OASIS.API.Providers.TelosOASIS.UnitTests.csproj]
C:\Source\OASIS-master\Providers\Blockchain\TestProjects\NextGenSoftware.OASIS.API.Providers.TelosOASIS.UnitTests\TelosOASISTests.cs(307,42): error CS1061: 'TelosOASIS' does not contain a definition for 'LoadNFTAsync' and no accessible extension method 'LoadNFTAsync' accepting a first argument of type 'TelosOASIS' could be found (are you missing a using directive or an assembly reference?) [C:\Source\OASIS-master\Providers\Blockchain\TestProjects\NextGenSoftware.OASIS.API.Providers.TelosOASIS.UnitTests\NextGenSoftware.OASIS.API.Providers.TelosOASIS.UnitTests.csproj]
C:\Source\OASIS-master\Providers\Blockchain\TestProjects\NextGenSoftware.OASIS.API.Providers.TelosOASIS.UnitTests\TelosOASISTests.cs(318,42): error CS1061: 'TelosOASIS' does not contain a definition for 'LoadAllNFTsForAvatarAsync' and no accessible extension method 'LoadAllNFTsForAvatarAsync' accepting a first argument of type 'TelosOASIS' could be found (are you missing a using directive or an assembly reference?) [C:\Source\OASIS-master\Providers\Blockchain\TestProjects\NextGenSoftware.OASIS.API.Providers.TelosOASIS.UnitTests\NextGenSoftware.OASIS.API.Providers.TelosOASIS.UnitTests.csproj]
C:\Source\OASIS-master\Providers\Blockchain\TestProjects\NextGenSoftware.OASIS.API.Providers.TelosOASIS.UnitTests\TelosOASISTests.cs(329,42): error CS1061: 'TelosOASIS' does not contain a definition for 'LoadAllGeoNFTsForAvatarAsync' and no accessible extension method 'LoadAllGeoNFTsForAvatarAsync' accepting a first argument of type 'TelosOASIS' could be found (are you missing a using directive or an assembly reference?) [C:\Source\OASIS-master\Providers\Blockchain\TestProjects\NextGenSoftware.OASIS.API.Providers.TelosOASIS.UnitTests\NextGenSoftware.OASIS.API.Providers.TelosOASIS.UnitTests.csproj]
C:\Source\OASIS-master\Providers\Blockchain\TestProjects\NextGenSoftware.OASIS.API.Providers.TelosOASIS.UnitTests\TelosOASISTests.cs(340,36): error CS0246: The type or namespace name 'PlaceGeoSpatialNFTRequest' could not be found (are you missing a using directive or an assembly reference?) [C:\Source\OASIS-master\Providers\Blockchain\TestProjects\NextGenSoftware.OASIS.API.Providers.TelosOASIS.UnitTests\NextGenSoftware.OASIS.API.Providers.TelosOASIS.UnitTests.csproj]
C:\Source\OASIS-master\Providers\Blockchain\TestProjects\NextGenSoftware.OASIS.API.Providers.TelosOASIS.UnitTests\TelosOASISTests.cs(343,42): error CS1061: 'TelosOASIS' does not contain a definition for 'PlaceGeoNFTAsync' and no accessible extension method 'PlaceGeoNFTAsync' accepting a first argument of type 'TelosOASIS' could be found (are you missing a using directive or an assembly reference?) [C:\Source\OASIS-master\Providers\Blockchain\TestProjects\NextGenSoftware.OASIS.API.Providers.TelosOASIS.UnitTests\NextGenSoftware.OASIS.API.Providers.TelosOASIS.UnitTests.csproj]
C:\Source\OASIS-master\Providers\Blockchain\TestProjects\NextGenSoftware.OASIS.API.Providers.TelosOASIS.UnitTests\TelosOASISTests.cs(354,43): error CS0246: The type or namespace name 'MintAndPlaceGeoSpatialNFTRequest' could not be found (are you missing a using directive or an assembly reference?) [C:\Source\OASIS-master\Providers\Blockchain\TestProjects\NextGenSoftware.OASIS.API.Providers.TelosOASIS.UnitTests\NextGenSoftware.OASIS.API.Providers.TelosOASIS.UnitTests.csproj]
C:\Source\OASIS-master\Providers\Blockchain\TestProjects\NextGenSoftware.OASIS.API.Providers.TelosOASIS.UnitTests\TelosOASISTests.cs(357,42): error CS1061: 'TelosOASIS' does not contain a definition for 'MintAndPlaceGeoNFTAsync' and no accessible extension method 'MintAndPlaceGeoNFTAsync' accepting a first argument of type 'TelosOASIS' could be found (are you missing a using directive or an assembly reference?) [C:\Source\OASIS-master\Providers\Blockchain\TestProjects\NextGenSoftware.OASIS.API.Providers.TelosOASIS.UnitTests\NextGenSoftware.OASIS.API.Providers.TelosOASIS.UnitTests.csproj]
C:\Source\OASIS-master\Providers\Blockchain\TestProjects\NextGenSoftware.OASIS.API.Providers.TelosOASIS.UnitTests\TelosOASISTests.cs(368,36): error CS0246: The type or namespace name 'SearchParams' could not be found (are you missing a using directive or an assembly reference?) [C:\Source\OASIS-master\Providers\Blockchain\TestProjects\NextGenSoftware.OASIS.API.Providers.TelosOASIS.UnitTests\NextGenSoftware.OASIS.API.Providers.TelosOASIS.UnitTests.csproj]
C:\Source\OASIS-master\Providers\Blockchain\TestProjects\NextGenSoftware.OASIS.API.Providers.TelosOASIS.UnitTests\TelosOASISTests.cs(374,35): error CS1061: 'OASISResult<ISearchResults>' does not contain a definition for 'IsSuccess' and no accessible extension method 'IsSuccess' accepting a first argument of type 'OASISResult<ISearchResults>' could be found (are you missing a using directive or an assembly reference?) [C:\Source\OASIS-master\Providers\Blockchain\TestProjects\NextGenSoftware.OASIS.API.Providers.TelosOASIS.UnitTests\NextGenSoftware.OASIS.API.Providers.TelosOASIS.UnitTests.csproj]
C:\Source\OASIS-master\Providers\Blockchain\TestProjects\NextGenSoftware.OASIS.API.Providers.TelosOASIS.UnitTests\TelosOASISTests.cs(365,27): warning CS1998: This async method lacks 'await' operators and will run synchronously. Consider using the 'await' operator to await non-blocking API calls, or 'await Task.Run(...)' to do CPU-bound work on a background thread. [C:\Source\OASIS-master\Providers\Blockchain\TestProjects\NextGenSoftware.OASIS.API.Providers.TelosOASIS.UnitTests\NextGenSoftware.OASIS.API.Providers.TelosOASIS.UnitTests.csproj]
C:\Source\OASIS-master\Providers\Blockchain\TestProjects\NextGenSoftware.OASIS.API.Providers.TelosOASIS.UnitTests\TelosOASISTests.cs(388,35): error CS1061: 'OASISResult<bool>' does not contain a definition for 'IsSuccess' and no accessible extension method 'IsSuccess' accepting a first argument of type 'OASISResult<bool>' could be found (are you missing a using directive or an assembly reference?) [C:\Source\OASIS-master\Providers\Blockchain\TestProjects\NextGenSoftware.OASIS.API.Providers.TelosOASIS.UnitTests\NextGenSoftware.OASIS.API.Providers.TelosOASIS.UnitTests.csproj]
C:\Source\OASIS-master\Providers\Blockchain\TestProjects\NextGenSoftware.OASIS.API.Providers.TelosOASIS.UnitTests\TelosOASISTests.cs(399,35): error CS1061: 'OASISResult<IEnumerable<IHolon>>' does not contain a definition for 'IsSuccess' and no accessible extension method 'IsSuccess' accepting a first argument of type 'OASISResult<IEnumerable<IHolon>>' could be found (are you missing a using directive or an assembly reference?) [C:\Source\OASIS-master\Providers\Blockchain\TestProjects\NextGenSoftware.OASIS.API.Providers.TelosOASIS.UnitTests\NextGenSoftware.OASIS.API.Providers.TelosOASIS.UnitTests.csproj]
C:\Source\OASIS-master\Providers\Blockchain\TestProjects\NextGenSoftware.OASIS.API.Providers.TelosOASIS.UnitTests\TelosOASISTests.cs(410,35): error CS1061: 'OASISResult<IEnumerable<IHolon>>' does not contain a definition for 'IsSuccess' and no accessible extension method 'IsSuccess' accepting a first argument of type 'OASISResult<IEnumerable<IHolon>>' could be found (are you missing a using directive or an assembly reference?) [C:\Source\OASIS-master\Providers\Blockchain\TestProjects\NextGenSoftware.OASIS.API.Providers.TelosOASIS.UnitTests\NextGenSoftware.OASIS.API.Providers.TelosOASIS.UnitTests.csproj]
C:\Source\OASIS-master\Providers\Blockchain\TestProjects\NextGenSoftware.OASIS.API.Providers.TelosOASIS.UnitTests\TelosOASISTests.cs(421,35): error CS1061: 'OASISResult<IEnumerable<IHolon>>' does not contain a definition for 'IsSuccess' and no accessible extension method 'IsSuccess' accepting a first argument of type 'OASISResult<IEnumerable<IHolon>>' could be found (are you missing a using directive or an assembly reference?) [C:\Source\OASIS-master\Providers\Blockchain\TestProjects\NextGenSoftware.OASIS.API.Providers.TelosOASIS.UnitTests\NextGenSoftware.OASIS.API.Providers.TelosOASIS.UnitTests.csproj]
C:\Source\OASIS-master\Providers\Blockchain\TestProjects\NextGenSoftware.OASIS.API.Providers.TelosOASIS.UnitTests\TelosOASISTests.cs(432,35): error CS1061: 'OASISResult<IEnumerable<IHolon>>' does not contain a definition for 'IsSuccess' and no accessible extension method 'IsSuccess' accepting a first argument of type 'OASISResult<IEnumerable<IHolon>>' could be found (are you missing a using directive or an assembly reference?) [C:\Source\OASIS-master\Providers\Blockchain\TestProjects\NextGenSoftware.OASIS.API.Providers.TelosOASIS.UnitTests\NextGenSoftware.OASIS.API.Providers.TelosOASIS.UnitTests.csproj]
C:\Source\OASIS-master\Providers\Blockchain\TestProjects\NextGenSoftware.OASIS.API.Providers.TelosOASIS.UnitTests\TelosOASISTests.cs(12,28): warning CS8618: Non-nullable field '_provider' must contain a non-null value when exiting constructor. Consider adding the 'required' modifier or declaring the field as nullable. [C:\Source\OASIS-master\Providers\Blockchain\TestProjects\NextGenSoftware.OASIS.API.Providers.TelosOASIS.UnitTests\NextGenSoftware.OASIS.API.Providers.TelosOASIS.UnitTests.csproj]
C:\Source\OASIS-master\Providers\Other\TestProjects\NextGenSoftware.OASIS.API.Providers.ONION-Protocol.IntegrationTests\ONION-ProtocolIntegrationTests.cs(2,48): error CS1002: ; expected [C:\Source\OASIS-master\Providers\Other\TestProjects\NextGenSoftware.OASIS.API.Providers.ONION-Protocol.IntegrationTests\NextGenSoftware.OASIS.API.Providers.ONION-Protocol.IntegrationTests.csproj]
C:\Source\OASIS-master\Providers\Other\TestProjects\NextGenSoftware.OASIS.API.Providers.ONION-Protocol.IntegrationTests\ONION-ProtocolIntegrationTests.cs(3,1): error CS1529: A using clause must precede all other elements defined in the namespace except extern alias declarations [C:\Source\OASIS-master\Providers\Other\TestProjects\NextGenSoftware.OASIS.API.Providers.ONION-Protocol.IntegrationTests\NextGenSoftware.OASIS.API.Providers.ONION-Protocol.IntegrationTests.csproj]
C:\Source\OASIS-master\Providers\Other\TestProjects\NextGenSoftware.OASIS.API.Providers.ONION-Protocol.IntegrationTests\ONION-ProtocolIntegrationTests.cs(4,1): error CS1529: A using clause must precede all other elements defined in the namespace except extern alias declarations [C:\Source\OASIS-master\Providers\Other\TestProjects\NextGenSoftware.OASIS.API.Providers.ONION-Protocol.IntegrationTests\NextGenSoftware.OASIS.API.Providers.ONION-Protocol.IntegrationTests.csproj]
C:\Source\OASIS-master\Providers\Other\TestProjects\NextGenSoftware.OASIS.API.Providers.ONION-Protocol.IntegrationTests\ONION-ProtocolIntegrationTests.cs(5,1): error CS1529: A using clause must precede all other elements defined in the namespace except extern alias declarations [C:\Source\OASIS-master\Providers\Other\TestProjects\NextGenSoftware.OASIS.API.Providers.ONION-Protocol.IntegrationTests\NextGenSoftware.OASIS.API.Providers.ONION-Protocol.IntegrationTests.csproj]
C:\Source\OASIS-master\Providers\Other\TestProjects\NextGenSoftware.OASIS.API.Providers.ONION-Protocol.IntegrationTests\ONION-ProtocolIntegrationTests.cs(6,1): error CS1529: A using clause must precede all other elements defined in the namespace except extern alias declarations [C:\Source\OASIS-master\Providers\Other\TestProjects\NextGenSoftware.OASIS.API.Providers.ONION-Protocol.IntegrationTests\NextGenSoftware.OASIS.API.Providers.ONION-Protocol.IntegrationTests.csproj]
C:\Source\OASIS-master\Providers\Other\TestProjects\NextGenSoftware.OASIS.API.Providers.ONION-Protocol.IntegrationTests\ONION-ProtocolIntegrationTests.cs(7,1): error CS1529: A using clause must precede all other elements defined in the namespace except extern alias declarations [C:\Source\OASIS-master\Providers\Other\TestProjects\NextGenSoftware.OASIS.API.Providers.ONION-Protocol.IntegrationTests\NextGenSoftware.OASIS.API.Providers.ONION-Protocol.IntegrationTests.csproj]
C:\Source\OASIS-master\Providers\Other\TestProjects\NextGenSoftware.OASIS.API.Providers.ONION-Protocol.IntegrationTests\ONION-ProtocolIntegrationTests.cs(9,62): error CS0116: A namespace cannot directly contain members such as fields, methods or statements [C:\Source\OASIS-master\Providers\Other\TestProjects\NextGenSoftware.OASIS.API.Providers.ONION-Protocol.IntegrationTests\NextGenSoftware.OASIS.API.Providers.ONION-Protocol.IntegrationTests.csproj]
C:\Source\OASIS-master\Providers\Other\TestProjects\NextGenSoftware.OASIS.API.Providers.ONION-Protocol.IntegrationTests\ONION-ProtocolIntegrationTests.cs(9,52): error CS1514: { expected [C:\Source\OASIS-master\Providers\Other\TestProjects\NextGenSoftware.OASIS.API.Providers.ONION-Protocol.IntegrationTests\NextGenSoftware.OASIS.API.Providers.ONION-Protocol.IntegrationTests.csproj]
C:\Source\OASIS-master\Providers\Other\TestProjects\NextGenSoftware.OASIS.API.Providers.ONION-Protocol.IntegrationTests\ONION-ProtocolIntegrationTests.cs(10,1): error CS1022: Type or namespace definition, or end-of-file expected [C:\Source\OASIS-master\Providers\Other\TestProjects\NextGenSoftware.OASIS.API.Providers.ONION-Protocol.IntegrationTests\NextGenSoftware.OASIS.API.Providers.ONION-Protocol.IntegrationTests.csproj]
C:\Source\OASIS-master\Providers\Other\TestProjects\NextGenSoftware.OASIS.API.Providers.ONION-Protocol.IntegrationTests\ONION-ProtocolIntegrationTests.cs(12,23): error CS1514: { expected [C:\Source\OASIS-master\Providers\Other\TestProjects\NextGenSoftware.OASIS.API.Providers.ONION-Protocol.IntegrationTests\NextGenSoftware.OASIS.API.Providers.ONION-Protocol.IntegrationTests.csproj]
C:\Source\OASIS-master\Providers\Other\TestProjects\NextGenSoftware.OASIS.API.Providers.ONION-Protocol.IntegrationTests\ONION-ProtocolIntegrationTests.cs(12,23): error CS1513: } expected [C:\Source\OASIS-master\Providers\Other\TestProjects\NextGenSoftware.OASIS.API.Providers.ONION-Protocol.IntegrationTests\NextGenSoftware.OASIS.API.Providers.ONION-Protocol.IntegrationTests.csproj]
C:\Source\OASIS-master\Providers\Other\TestProjects\NextGenSoftware.OASIS.API.Providers.ONION-Protocol.IntegrationTests\ONION-ProtocolIntegrationTests.cs(12,23): error CS1022: Type or namespace definition, or end-of-file expected [C:\Source\OASIS-master\Providers\Other\TestProjects\NextGenSoftware.OASIS.API.Providers.ONION-Protocol.IntegrationTests\NextGenSoftware.OASIS.API.Providers.ONION-Protocol.IntegrationTests.csproj]
C:\Source\OASIS-master\Providers\Other\TestProjects\NextGenSoftware.OASIS.API.Providers.ONION-Protocol.IntegrationTests\ONION-ProtocolIntegrationTests.cs(12,24): error CS0116: A namespace cannot directly contain members such as fields, methods or statements [C:\Source\OASIS-master\Providers\Other\TestProjects\NextGenSoftware.OASIS.API.Providers.ONION-Protocol.IntegrationTests\NextGenSoftware.OASIS.API.Providers.ONION-Protocol.IntegrationTests.csproj]
C:\Source\OASIS-master\Providers\Other\TestProjects\NextGenSoftware.OASIS.API.Providers.ONION-Protocol.IntegrationTests\ONION-ProtocolIntegrationTests.cs(13,5): error CS1022: Type or namespace definition, or end-of-file expected [C:\Source\OASIS-master\Providers\Other\TestProjects\NextGenSoftware.OASIS.API.Providers.ONION-Protocol.IntegrationTests\NextGenSoftware.OASIS.API.Providers.ONION-Protocol.IntegrationTests.csproj]
C:\Source\OASIS-master\Providers\Other\TestProjects\NextGenSoftware.OASIS.API.Providers.ONION-Protocol.IntegrationTests\ONION-ProtocolIntegrationTests.cs(14,17): error CS0116: A namespace cannot directly contain members such as fields, methods or statements [C:\Source\OASIS-master\Providers\Other\TestProjects\NextGenSoftware.OASIS.API.Providers.ONION-Protocol.IntegrationTests\NextGenSoftware.OASIS.API.Providers.ONION-Protocol.IntegrationTests.csproj]
C:\Source\OASIS-master\Providers\Other\TestProjects\NextGenSoftware.OASIS.API.Providers.ONION-Protocol.IntegrationTests\ONION-ProtocolIntegrationTests.cs(14,22): error CS1022: Type or namespace definition, or end-of-file expected [C:\Source\OASIS-master\Providers\Other\TestProjects\NextGenSoftware.OASIS.API.Providers.ONION-Protocol.IntegrationTests\NextGenSoftware.OASIS.API.Providers.ONION-Protocol.IntegrationTests.csproj]
C:\Source\OASIS-master\Providers\Other\TestProjects\NextGenSoftware.OASIS.API.Providers.ONION-Protocol.IntegrationTests\ONION-ProtocolIntegrationTests.cs(19,34): error CS1526: A new expression requires an argument list or (), [], or {} after type [C:\Source\OASIS-master\Providers\Other\TestProjects\NextGenSoftware.OASIS.API.Providers.ONION-Protocol.IntegrationTests\NextGenSoftware.OASIS.API.Providers.ONION-Protocol.IntegrationTests.csproj]
C:\Source\OASIS-master\Providers\Other\TestProjects\NextGenSoftware.OASIS.API.Providers.ONION-Protocol.IntegrationTests\ONION-ProtocolIntegrationTests.cs(138,1): error CS1022: Type or namespace definition, or end-of-file expected [C:\Source\OASIS-master\Providers\Other\TestProjects\NextGenSoftware.OASIS.API.Providers.ONION-Protocol.IntegrationTests\NextGenSoftware.OASIS.API.Providers.ONION-Protocol.IntegrationTests.csproj]
C:\Program Files\dotnet\sdk\9.0.306\Microsoft.Common.CurrentVersion.targets(2189,5): warning MSB9008: The referenced project ..\NextGenSoftware.OASIS.API.Providers.SEEDSOASIS\NextGenSoftware.OASIS.API.Providers.SEEDSOASIS.csproj does not exist. [C:\Source\OASIS-master\Providers\Other\TestProjects\NextGenSoftware.OASIS.API.Providers.SEEDSOASIS.UnitTests\NextGenSoftware.OASIS.API.Providers.SEEDSOASIS.UnitTests.csproj]
C:\Source\OASIS-master\Providers\Other\TestProjects\NextGenSoftware.OASIS.API.Providers.SEEDSOASIS.TestHarness\Program.cs(18,41): error CS0118: 'SEEDSOASIS' is a namespace but is used like a type [C:\Source\OASIS-master\Providers\Other\TestProjects\NextGenSoftware.OASIS.API.Providers.SEEDSOASIS.TestHarness\NextGenSoftware.OASIS.API.Providers.SEEDSOASIS.TestHarness.csproj]
C:\Source\OASIS-master\Providers\Other\TestProjects\NextGenSoftware.OASIS.API.Providers.SEEDSOASIS.UnitTests\SEEDSOASISTests.cs(5,33): error CS0234: The type or namespace name 'Core' does not exist in the namespace 'NextGenSoftware.OASIS.API' (are you missing an assembly reference?) [C:\Source\OASIS-master\Providers\Other\TestProjects\NextGenSoftware.OASIS.API.Providers.SEEDSOASIS.UnitTests\NextGenSoftware.OASIS.API.Providers.SEEDSOASIS.UnitTests.csproj]
C:\Source\OASIS-master\Providers\Cloud\TestProjects\NextGenSoftware.OASIS.API.Providers.AzureCosmosDBOASIS.UnitTests\AzureCosmosDBOASISUnitTests.cs(18,29): error CS7036: There is no argument given that corresponds to the required parameter 'serviceEndpoint' of 'AzureCosmosDBOASIS.AzureCosmosDBOASIS(Uri, string, string, List<string>)' [C:\Source\OASIS-master\Providers\Cloud\TestProjects\NextGenSoftware.OASIS.API.Providers.AzureCosmosDBOASIS.UnitTests\NextGenSoftware.OASIS.API.Providers.AzureCosmosDBOASIS.UnitTests.csproj]
C:\Source\OASIS-master\Providers\Cloud\TestProjects\NextGenSoftware.OASIS.API.Providers.AzureCosmosDBOASIS.UnitTests\AzureCosmosDBOASISUnitTests.cs(28,20): error CS0411: The type arguments for method 'Assert.AreEqual<T>(T?, T?)' cannot be inferred from the usage. Try specifying the type arguments explicitly. [C:\Source\OASIS-master\Providers\Cloud\TestProjects\NextGenSoftware.OASIS.API.Providers.AzureCosmosDBOASIS.UnitTests\NextGenSoftware.OASIS.API.Providers.AzureCosmosDBOASIS.UnitTests.csproj]
C:\Source\OASIS-master\Providers\Cloud\TestProjects\NextGenSoftware.OASIS.API.Providers.AzureCosmosDBOASIS.UnitTests\AzureCosmosDBOASISUnitTests.cs(95,37): error CS1061: 'AzureCosmosDBOASIS' does not contain a definition for 'GetProviderVersion' and no accessible extension method 'GetProviderVersion' accepting a first argument of type 'AzureCosmosDBOASIS' could be found (are you missing a using directive or an assembly reference?) [C:\Source\OASIS-master\Providers\Cloud\TestProjects\NextGenSoftware.OASIS.API.Providers.AzureCosmosDBOASIS.UnitTests\NextGenSoftware.OASIS.API.Providers.AzureCosmosDBOASIS.UnitTests.csproj]
C:\Source\OASIS-master\Providers\Cloud\TestProjects\NextGenSoftware.OASIS.API.Providers.AzureCosmosDBOASIS.UnitTests\AzureCosmosDBOASISUnitTests.cs(13,36): warning CS8618: Non-nullable field '_provider' must contain a non-null value when exiting constructor. Consider adding the 'required' modifier or declaring the field as nullable. [C:\Source\OASIS-master\Providers\Cloud\TestProjects\NextGenSoftware.OASIS.API.Providers.AzureCosmosDBOASIS.UnitTests\NextGenSoftware.OASIS.API.Providers.AzureCosmosDBOASIS.UnitTests.csproj]
C:\Source\OASIS-master\Providers\Storage\TestProjects\NextGenSoftware.OASIS.API.Providers.LocalFileOASIS.IntegrationTests\LocalFileOASISIntegrationTests.cs(26,30): error CS0246: The type or namespace name 'Avatar' could not be found (are you missing a using directive or an assembly reference?) [C:\Source\OASIS-master\Providers\Storage\TestProjects\NextGenSoftware.OASIS.API.Providers.LocalFileOASIS.IntegrationTests\NextGenSoftware.OASIS.API.Providers.LocalFileOASIS.IntegrationTests.csproj]
C:\Source\OASIS-master\Providers\Storage\TestProjects\NextGenSoftware.OASIS.API.Providers.LocalFileOASIS.IntegrationTests\LocalFileOASISIntegrationTests.cs(62,29): error CS0246: The type or namespace name 'Holon' could not be found (are you missing a using directive or an assembly reference?) [C:\Source\OASIS-master\Providers\Storage\TestProjects\NextGenSoftware.OASIS.API.Providers.LocalFileOASIS.IntegrationTests\NextGenSoftware.OASIS.API.Providers.LocalFileOASIS.IntegrationTests.csproj]
C:\Source\OASIS-master\Providers\Storage\TestProjects\NextGenSoftware.OASIS.API.Providers.LocalFileOASIS.IntegrationTests\LocalFileOASISIntegrationTests.cs(95,36): error CS0246: The type or namespace name 'SearchParams' could not be found (are you missing a using directive or an assembly reference?) [C:\Source\OASIS-master\Providers\Storage\TestProjects\NextGenSoftware.OASIS.API.Providers.LocalFileOASIS.IntegrationTests\NextGenSoftware.OASIS.API.Providers.LocalFileOASIS.IntegrationTests.csproj]
C:\Source\OASIS-master\Providers\Storage\TestProjects\NextGenSoftware.OASIS.API.Providers.LocalFileOASIS.IntegrationTests\LocalFileOASISIntegrationTests.cs(98,30): error CS0103: The name 'SearchType' does not exist in the current context [C:\Source\OASIS-master\Providers\Storage\TestProjects\NextGenSoftware.OASIS.API.Providers.LocalFileOASIS.IntegrationTests\NextGenSoftware.OASIS.API.Providers.LocalFileOASIS.IntegrationTests.csproj]
C:\Source\OASIS-master\Providers\Storage\TestProjects\NextGenSoftware.OASIS.API.Providers.LocalFileOASIS.IntegrationTests\LocalFileOASISIntegrationTests.cs(102,42): error CS1061: 'LocalFileOASIS' does not contain a definition for 'SearchAvatarsAsync' and no accessible extension method 'SearchAvatarsAsync' accepting a first argument of type 'LocalFileOASIS' could be found (are you missing a using directive or an assembly reference?) [C:\Source\OASIS-master\Providers\Storage\TestProjects\NextGenSoftware.OASIS.API.Providers.LocalFileOASIS.IntegrationTests\NextGenSoftware.OASIS.API.Providers.LocalFileOASIS.IntegrationTests.csproj]
C:\Source\OASIS-master\Providers\Storage\TestProjects\NextGenSoftware.OASIS.API.Providers.LocalFileOASIS.IntegrationTests\LocalFileOASISIntegrationTests.cs(114,36): error CS0246: The type or namespace name 'SearchParams' could not be found (are you missing a using directive or an assembly reference?) [C:\Source\OASIS-master\Providers\Storage\TestProjects\NextGenSoftware.OASIS.API.Providers.LocalFileOASIS.IntegrationTests\NextGenSoftware.OASIS.API.Providers.LocalFileOASIS.IntegrationTests.csproj]
C:\Source\OASIS-master\Providers\Storage\TestProjects\NextGenSoftware.OASIS.API.Providers.LocalFileOASIS.IntegrationTests\LocalFileOASISIntegrationTests.cs(117,30): error CS0103: The name 'SearchType' does not exist in the current context [C:\Source\OASIS-master\Providers\Storage\TestProjects\NextGenSoftware.OASIS.API.Providers.LocalFileOASIS.IntegrationTests\NextGenSoftware.OASIS.API.Providers.LocalFileOASIS.IntegrationTests.csproj]
C:\Source\OASIS-master\Providers\Storage\TestProjects\NextGenSoftware.OASIS.API.Providers.LocalFileOASIS.IntegrationTests\LocalFileOASISIntegrationTests.cs(121,42): error CS1061: 'LocalFileOASIS' does not contain a definition for 'SearchHolonsAsync' and no accessible extension method 'SearchHolonsAsync' accepting a first argument of type 'LocalFileOASIS' could be found (are you missing a using directive or an assembly reference?) [C:\Source\OASIS-master\Providers\Storage\TestProjects\NextGenSoftware.OASIS.API.Providers.LocalFileOASIS.IntegrationTests\NextGenSoftware.OASIS.API.Providers.LocalFileOASIS.IntegrationTests.csproj]
C:\Source\OASIS-master\Providers\Storage\TestProjects\NextGenSoftware.OASIS.API.Providers.LocalFileOASIS.IntegrationTests\LocalFileOASISIntegrationTests.cs(14,32): warning CS8618: Non-nullable field '_provider' must contain a non-null value when exiting constructor. Consider adding the 'required' modifier or declaring the field as nullable. [C:\Source\OASIS-master\Providers\Storage\TestProjects\NextGenSoftware.OASIS.API.Providers.LocalFileOASIS.IntegrationTests\NextGenSoftware.OASIS.API.Providers.LocalFileOASIS.IntegrationTests.csproj]
C:\Program Files\dotnet\sdk\9.0.306\Microsoft.Common.CurrentVersion.targets(2189,5): warning MSB9008: The referenced project ..\..\NextGenSoftware.OASIS.API.Providers.MongoDBOASIS\NextGenSoftware.OASIS.API.Providers.MongoDBOASIS.csproj does not exist. [C:\Source\OASIS-master\Providers\Storage\TestProjects\NextGenSoftware.OASIS.API.Providers.MongoDBOASIS.IntegrationTests\NextGenSoftware.OASIS.API.Providers.MongoDBOASIS.IntegrationTests.csproj]
C:\Source\OASIS-master\Providers\Storage\TestProjects\NextGenSoftware.OASIS.API.Providers.MongoDBOASIS.IntegrationTests\MongoDBOASISIntegrationTests.cs(3,33): error CS0234: The type or namespace name 'Core' does not exist in the namespace 'NextGenSoftware.OASIS.API' (are you missing an assembly reference?) [C:\Source\OASIS-master\Providers\Storage\TestProjects\NextGenSoftware.OASIS.API.Providers.MongoDBOASIS.IntegrationTests\NextGenSoftware.OASIS.API.Providers.MongoDBOASIS.IntegrationTests.csproj]
C:\Source\OASIS-master\Providers\Storage\TestProjects\NextGenSoftware.OASIS.API.Providers.MongoDBOASIS.IntegrationTests\MongoDBOASISIntegrationTests.cs(4,33): error CS0234: The type or namespace name 'Core' does not exist in the namespace 'NextGenSoftware.OASIS.API' (are you missing an assembly reference?) [C:\Source\OASIS-master\Providers\Storage\TestProjects\NextGenSoftware.OASIS.API.Providers.MongoDBOASIS.IntegrationTests\NextGenSoftware.OASIS.API.Providers.MongoDBOASIS.IntegrationTests.csproj]
C:\Source\OASIS-master\Providers\Storage\TestProjects\NextGenSoftware.OASIS.API.Providers.MongoDBOASIS.IntegrationTests\MongoDBOASISIntegrationTests.cs(5,33): error CS0234: The type or namespace name 'Core' does not exist in the namespace 'NextGenSoftware.OASIS.API' (are you missing an assembly reference?) [C:\Source\OASIS-master\Providers\Storage\TestProjects\NextGenSoftware.OASIS.API.Providers.MongoDBOASIS.IntegrationTests\NextGenSoftware.OASIS.API.Providers.MongoDBOASIS.IntegrationTests.csproj]
C:\Source\OASIS-master\Providers\Storage\TestProjects\NextGenSoftware.OASIS.API.Providers.MongoDBOASIS.IntegrationTests\MongoDBOASISIntegrationTests.cs(14,17): error CS0118: 'MongoDBOASIS' is a namespace but is used like a type [C:\Source\OASIS-master\Providers\Storage\TestProjects\NextGenSoftware.OASIS.API.Providers.MongoDBOASIS.IntegrationTests\NextGenSoftware.OASIS.API.Providers.MongoDBOASIS.IntegrationTests.csproj]
C:\Source\OASIS-master\Providers\Storage\TestProjects\NextGenSoftware.OASIS.API.Providers.LocalFileOASIS.TestHarness\LocalFileOASISTestHarness.cs(42,35): warning CS1998: This async method lacks 'await' operators and will run synchronously. Consider using the 'await' operator to await non-blocking API calls, or 'await Task.Run(...)' to do CPU-bound work on a background thread. [C:\Source\OASIS-master\Providers\Storage\TestProjects\NextGenSoftware.OASIS.API.Providers.LocalFileOASIS.TestHarness\NextGenSoftware.OASIS.API.Providers.LocalFileOASIS.TestHarness.csproj]
C:\Source\OASIS-master\Providers\Storage\TestProjects\NextGenSoftware.OASIS.API.Providers.LocalFileOASIS.TestHarness\LocalFileOASISTestHarness.cs(64,37): error CS1061: 'LocalFileOASIS' does not contain a definition for 'GetProviderVersion' and no accessible extension method 'GetProviderVersion' accepting a first argument of type 'LocalFileOASIS' could be found (are you missing a using directive or an assembly reference?) [C:\Source\OASIS-master\Providers\Storage\TestProjects\NextGenSoftware.OASIS.API.Providers.LocalFileOASIS.TestHarness\NextGenSoftware.OASIS.API.Providers.LocalFileOASIS.TestHarness.csproj]
C:\Source\OASIS-master\Providers\Storage\TestProjects\NextGenSoftware.OASIS.API.Providers.LocalFileOASIS.TestHarness\LocalFileOASISTestHarness.cs(67,42): error CS1061: 'LocalFileOASIS' does not contain a definition for 'GetProviderType' and no accessible extension method 'GetProviderType' accepting a first argument of type 'LocalFileOASIS' could be found (are you missing a using directive or an assembly reference?) [C:\Source\OASIS-master\Providers\Storage\TestProjects\NextGenSoftware.OASIS.API.Providers.LocalFileOASIS.TestHarness\NextGenSoftware.OASIS.API.Providers.LocalFileOASIS.TestHarness.csproj]
C:\Source\OASIS-master\Providers\Storage\TestProjects\NextGenSoftware.OASIS.API.Providers.LocalFileOASIS.TestHarness\LocalFileOASISTestHarness.cs(70,38): error CS1061: 'LocalFileOASIS' does not contain a definition for 'GetProviderCategory' and no accessible extension method 'GetProviderCategory' accepting a first argument of type 'LocalFileOASIS' could be found (are you missing a using directive or an assembly reference?) [C:\Source\OASIS-master\Providers\Storage\TestProjects\NextGenSoftware.OASIS.API.Providers.LocalFileOASIS.TestHarness\NextGenSoftware.OASIS.API.Providers.LocalFileOASIS.TestHarness.csproj]
C:\Source\OASIS-master\Providers\Storage\TestProjects\NextGenSoftware.OASIS.API.Providers.LocalFileOASIS.TestHarness\LocalFileOASISTestHarness.cs(60,35): warning CS1998: This async method lacks 'await' operators and will run synchronously. Consider using the 'await' operator to await non-blocking API calls, or 'await Task.Run(...)' to do CPU-bound work on a background thread. [C:\Source\OASIS-master\Providers\Storage\TestProjects\NextGenSoftware.OASIS.API.Providers.LocalFileOASIS.TestHarness\NextGenSoftware.OASIS.API.Providers.LocalFileOASIS.TestHarness.csproj]
C:\Source\OASIS-master\Providers\Storage\TestProjects\NextGenSoftware.OASIS.API.Providers.LocalFileOASIS.TestHarness\LocalFileOASISTestHarness.cs(82,34): error CS0246: The type or namespace name 'Avatar' could not be found (are you missing a using directive or an assembly reference?) [C:\Source\OASIS-master\Providers\Storage\TestProjects\NextGenSoftware.OASIS.API.Providers.LocalFileOASIS.TestHarness\NextGenSoftware.OASIS.API.Providers.LocalFileOASIS.TestHarness.csproj]
C:\Source\OASIS-master\Providers\Storage\TestProjects\NextGenSoftware.OASIS.API.Providers.LocalFileOASIS.TestHarness\LocalFileOASISTestHarness.cs(111,33): error CS0246: The type or namespace name 'Holon' could not be found (are you missing a using directive or an assembly reference?) [C:\Source\OASIS-master\Providers\Storage\TestProjects\NextGenSoftware.OASIS.API.Providers.LocalFileOASIS.TestHarness\NextGenSoftware.OASIS.API.Providers.LocalFileOASIS.TestHarness.csproj]
C:\Source\OASIS-master\Providers\Storage\TestProjects\NextGenSoftware.OASIS.API.Providers.LocalFileOASIS.TestHarness\LocalFileOASISTestHarness.cs(138,36): error CS0246: The type or namespace name 'SearchParams' could not be found (are you missing a using directive or an assembly reference?) [C:\Source\OASIS-master\Providers\Storage\TestProjects\NextGenSoftware.OASIS.API.Providers.LocalFileOASIS.TestHarness\NextGenSoftware.OASIS.API.Providers.LocalFileOASIS.TestHarness.csproj]
C:\Source\OASIS-master\Providers\Storage\TestProjects\NextGenSoftware.OASIS.API.Providers.LocalFileOASIS.TestHarness\LocalFileOASISTestHarness.cs(141,30): error CS0103: The name 'SearchType' does not exist in the current context [C:\Source\OASIS-master\Providers\Storage\TestProjects\NextGenSoftware.OASIS.API.Providers.LocalFileOASIS.TestHarness\NextGenSoftware.OASIS.API.Providers.LocalFileOASIS.TestHarness.csproj]
C:\Source\OASIS-master\Providers\Storage\TestProjects\NextGenSoftware.OASIS.API.Providers.LocalFileOASIS.TestHarness\LocalFileOASISTestHarness.cs(145,54): error CS1061: 'LocalFileOASIS' does not contain a definition for 'SearchAvatarsAsync' and no accessible extension method 'SearchAvatarsAsync' accepting a first argument of type 'LocalFileOASIS' could be found (are you missing a using directive or an assembly reference?) [C:\Source\OASIS-master\Providers\Storage\TestProjects\NextGenSoftware.OASIS.API.Providers.LocalFileOASIS.TestHarness\NextGenSoftware.OASIS.API.Providers.LocalFileOASIS.TestHarness.csproj]
C:\Source\OASIS-master\Providers\Storage\TestProjects\NextGenSoftware.OASIS.API.Providers.LocalFileOASIS.TestHarness\LocalFileOASISTestHarness.cs(155,35): warning CS1998: This async method lacks 'await' operators and will run synchronously. Consider using the 'await' operator to await non-blocking API calls, or 'await Task.Run(...)' to do CPU-bound work on a background thread. [C:\Source\OASIS-master\Providers\Storage\TestProjects\NextGenSoftware.OASIS.API.Providers.LocalFileOASIS.TestHarness\NextGenSoftware.OASIS.API.Providers.LocalFileOASIS.TestHarness.csproj]
C:\Program Files\dotnet\sdk\9.0.306\Microsoft.Common.CurrentVersion.targets(2189,5): warning MSB9008: The referenced project ..\..\NextGenSoftware.OASIS.API.Providers.MongoDBOASIS\NextGenSoftware.OASIS.API.Providers.MongoDBOASIS.csproj does not exist. [C:\Source\OASIS-master\Providers\Storage\TestProjects\NextGenSoftware.OASIS.API.Providers.MongoDBOASIS.TestHarness\NextGenSoftware.OASIS.API.Providers.MongoDBOASIS.TestHarness.csproj]
  NextGenSoftware.OASIS.STAR.STARDNA.UnitTests -> C:\Source\OASIS-master\STAR ODK\NextGenSoftware.OASIS.STAR.STARDNA.UnitTests\bin\Debug\net9.0\NextGenSoftware.OASIS.STAR.STARDNA.UnitTests.dll
C:\Source\OASIS-master\Providers\Storage\TestProjects\NextGenSoftware.OASIS.API.Providers.LocalFileOASIS.UnitTests\LocalFileOASISUnitTests.cs(28,20): error CS0411: The type arguments for method 'Assert.AreEqual<T>(T?, T?)' cannot be inferred from the usage. Try specifying the type arguments explicitly. [C:\Source\OASIS-master\Providers\Storage\TestProjects\NextGenSoftware.OASIS.API.Providers.LocalFileOASIS.UnitTests\NextGenSoftware.OASIS.API.Providers.LocalFileOASIS.UnitTests.csproj]
C:\Source\OASIS-master\Providers\Storage\TestProjects\NextGenSoftware.OASIS.API.Providers.LocalFileOASIS.UnitTests\LocalFileOASISUnitTests.cs(95,37): error CS1061: 'LocalFileOASIS' does not contain a definition for 'GetProviderVersion' and no accessible extension method 'GetProviderVersion' accepting a first argument of type 'LocalFileOASIS' could be found (are you missing a using directive or an assembly reference?) [C:\Source\OASIS-master\Providers\Storage\TestProjects\NextGenSoftware.OASIS.API.Providers.LocalFileOASIS.UnitTests\NextGenSoftware.OASIS.API.Providers.LocalFileOASIS.UnitTests.csproj]
C:\Source\OASIS-master\Providers\Storage\TestProjects\NextGenSoftware.OASIS.API.Providers.LocalFileOASIS.UnitTests\LocalFileOASISUnitTests.cs(13,32): warning CS8618: Non-nullable field '_provider' must contain a non-null value when exiting constructor. Consider adding the 'required' modifier or declaring the field as nullable. [C:\Source\OASIS-master\Providers\Storage\TestProjects\NextGenSoftware.OASIS.API.Providers.LocalFileOASIS.UnitTests\NextGenSoftware.OASIS.API.Providers.LocalFileOASIS.UnitTests.csproj]
C:\Program Files\dotnet\sdk\9.0.306\Microsoft.Common.CurrentVersion.targets(2189,5): warning MSB9008: The referenced project ..\NextGenSoftware.OASIS.API.Providers.MongoOASIS\NextGenSoftware.OASIS.API.Providers.MongoOASIS.csproj does not exist. [C:\Source\OASIS-master\Providers\Storage\TestProjects\NextGenSoftware.OASIS.API.Providers.MongoOASIS.IntegrationTests\NextGenSoftware.OASIS.API.Providers.MongoOASIS.IntegrationTests.csproj]
C:\Source\OASIS-master\Providers\Network\TestProjects\NextGenSoftware.OASIS.API.Providers.HoloWebOASIS.TestHarness\HoloWebOASISTestHarness.cs(2,33): error CS0234: The type or namespace name 'Core' does not exist in the namespace 'NextGenSoftware.OASIS.API' (are you missing an assembly reference?) [C:\Source\OASIS-master\Providers\Network\TestProjects\NextGenSoftware.OASIS.API.Providers.HoloWebOASIS.TestHarness\NextGenSoftware.OASIS.API.Providers.HoloWebOASIS.TestHarness.csproj]
C:\Source\OASIS-master\Providers\Network\TestProjects\NextGenSoftware.OASIS.API.Providers.HoloWebOASIS.TestHarness\HoloWebOASISTestHarness.cs(3,33): error CS0234: The type or namespace name 'Core' does not exist in the namespace 'NextGenSoftware.OASIS.API' (are you missing an assembly reference?) [C:\Source\OASIS-master\Providers\Network\TestProjects\NextGenSoftware.OASIS.API.Providers.HoloWebOASIS.TestHarness\NextGenSoftware.OASIS.API.Providers.HoloWebOASIS.TestHarness.csproj]
C:\Source\OASIS-master\Providers\Network\TestProjects\NextGenSoftware.OASIS.API.Providers.HoloWebOASIS.TestHarness\HoloWebOASISTestHarness.cs(4,33): error CS0234: The type or namespace name 'Core' does not exist in the namespace 'NextGenSoftware.OASIS.API' (are you missing an assembly reference?) [C:\Source\OASIS-master\Providers\Network\TestProjects\NextGenSoftware.OASIS.API.Providers.HoloWebOASIS.TestHarness\NextGenSoftware.OASIS.API.Providers.HoloWebOASIS.TestHarness.csproj]
C:\Source\OASIS-master\Providers\Network\TestProjects\NextGenSoftware.OASIS.API.Providers.HoloWebOASIS.TestHarness\HoloWebOASISTestHarness.cs(12,24): error CS0118: 'HoloWebOASIS' is a namespace but is used like a type [C:\Source\OASIS-master\Providers\Network\TestProjects\NextGenSoftware.OASIS.API.Providers.HoloWebOASIS.TestHarness\NextGenSoftware.OASIS.API.Providers.HoloWebOASIS.TestHarness.csproj]
C:\Source\OASIS-master\Providers\Storage\TestProjects\NextGenSoftware.OASIS.API.Providers.MongoDBOASIS.TestHarness\MongoDBOASISTestHarness.cs(2,33): error CS0234: The type or namespace name 'Core' does not exist in the namespace 'NextGenSoftware.OASIS.API' (are you missing an assembly reference?) [C:\Source\OASIS-master\Providers\Storage\TestProjects\NextGenSoftware.OASIS.API.Providers.MongoDBOASIS.TestHarness\NextGenSoftware.OASIS.API.Providers.MongoDBOASIS.TestHarness.csproj]
C:\Source\OASIS-master\Providers\Storage\TestProjects\NextGenSoftware.OASIS.API.Providers.MongoDBOASIS.TestHarness\MongoDBOASISTestHarness.cs(3,33): error CS0234: The type or namespace name 'Core' does not exist in the namespace 'NextGenSoftware.OASIS.API' (are you missing an assembly reference?) [C:\Source\OASIS-master\Providers\Storage\TestProjects\NextGenSoftware.OASIS.API.Providers.MongoDBOASIS.TestHarness\NextGenSoftware.OASIS.API.Providers.MongoDBOASIS.TestHarness.csproj]
C:\Source\OASIS-master\Providers\Storage\TestProjects\NextGenSoftware.OASIS.API.Providers.MongoDBOASIS.TestHarness\MongoDBOASISTestHarness.cs(4,33): error CS0234: The type or namespace name 'Core' does not exist in the namespace 'NextGenSoftware.OASIS.API' (are you missing an assembly reference?) [C:\Source\OASIS-master\Providers\Storage\TestProjects\NextGenSoftware.OASIS.API.Providers.MongoDBOASIS.TestHarness\NextGenSoftware.OASIS.API.Providers.MongoDBOASIS.TestHarness.csproj]
C:\Source\OASIS-master\Providers\Storage\TestProjects\NextGenSoftware.OASIS.API.Providers.MongoDBOASIS.TestHarness\MongoDBOASISTestHarness.cs(12,24): error CS0118: 'MongoDBOASIS' is a namespace but is used like a type [C:\Source\OASIS-master\Providers\Storage\TestProjects\NextGenSoftware.OASIS.API.Providers.MongoDBOASIS.TestHarness\NextGenSoftware.OASIS.API.Providers.MongoDBOASIS.TestHarness.csproj]
C:\Source\OASIS-master\Providers\Network\TestProjects\NextGenSoftware.OASIS.API.Providers.HoloWebOASIS.UnitTests\HoloWebOASISUnitTests.cs(3,33): error CS0234: The type or namespace name 'Core' does not exist in the namespace 'NextGenSoftware.OASIS.API' (are you missing an assembly reference?) [C:\Source\OASIS-master\Providers\Network\TestProjects\NextGenSoftware.OASIS.API.Providers.HoloWebOASIS.UnitTests\NextGenSoftware.OASIS.API.Providers.HoloWebOASIS.UnitTests.csproj]
C:\Source\OASIS-master\Providers\Network\TestProjects\NextGenSoftware.OASIS.API.Providers.HoloWebOASIS.UnitTests\HoloWebOASISUnitTests.cs(4,33): error CS0234: The type or namespace name 'Core' does not exist in the namespace 'NextGenSoftware.OASIS.API' (are you missing an assembly reference?) [C:\Source\OASIS-master\Providers\Network\TestProjects\NextGenSoftware.OASIS.API.Providers.HoloWebOASIS.UnitTests\NextGenSoftware.OASIS.API.Providers.HoloWebOASIS.UnitTests.csproj]
C:\Source\OASIS-master\Providers\Network\TestProjects\NextGenSoftware.OASIS.API.Providers.HoloWebOASIS.UnitTests\HoloWebOASISUnitTests.cs(5,33): error CS0234: The type or namespace name 'Core' does not exist in the namespace 'NextGenSoftware.OASIS.API' (are you missing an assembly reference?) [C:\Source\OASIS-master\Providers\Network\TestProjects\NextGenSoftware.OASIS.API.Providers.HoloWebOASIS.UnitTests\NextGenSoftware.OASIS.API.Providers.HoloWebOASIS.UnitTests.csproj]
C:\Source\OASIS-master\Providers\Network\TestProjects\NextGenSoftware.OASIS.API.Providers.HoloWebOASIS.UnitTests\HoloWebOASISUnitTests.cs(13,17): error CS0118: 'HoloWebOASIS' is a namespace but is used like a type [C:\Source\OASIS-master\Providers\Network\TestProjects\NextGenSoftware.OASIS.API.Providers.HoloWebOASIS.UnitTests\NextGenSoftware.OASIS.API.Providers.HoloWebOASIS.UnitTests.csproj]
C:\Program Files\dotnet\sdk\9.0.306\Microsoft.Common.CurrentVersion.targets(2189,5): warning MSB9008: The referenced project ..\NextGenSoftware.OASIS.API.Providers.MongoOASIS\NextGenSoftware.OASIS.API.Providers.MongoOASIS.csproj does not exist. [C:\Source\OASIS-master\Providers\Storage\TestProjects\NextGenSoftware.OASIS.API.Providers.MongoOASIS.UnitTests\NextGenSoftware.OASIS.API.Providers.MongoOASIS.UnitTests.csproj]
C:\Source\OASIS-master\Providers\Storage\TestProjects\NextGenSoftware.OASIS.API.Providers.MongoOASIS.IntegrationTests\MongoOASISIntegrationTests.cs(2,33): error CS0234: The type or namespace name 'Core' does not exist in the namespace 'NextGenSoftware.OASIS.API' (are you missing an assembly reference?) [C:\Source\OASIS-master\Providers\Storage\TestProjects\NextGenSoftware.OASIS.API.Providers.MongoOASIS.IntegrationTests\NextGenSoftware.OASIS.API.Providers.MongoOASIS.IntegrationTests.csproj]
C:\Source\OASIS-master\Providers\Storage\TestProjects\NextGenSoftware.OASIS.API.Providers.MongoOASIS.IntegrationTests\MongoOASISIntegrationTests.cs(3,33): error CS0234: The type or namespace name 'Core' does not exist in the namespace 'NextGenSoftware.OASIS.API' (are you missing an assembly reference?) [C:\Source\OASIS-master\Providers\Storage\TestProjects\NextGenSoftware.OASIS.API.Providers.MongoOASIS.IntegrationTests\NextGenSoftware.OASIS.API.Providers.MongoOASIS.IntegrationTests.csproj]
C:\Source\OASIS-master\Providers\Storage\TestProjects\NextGenSoftware.OASIS.API.Providers.MongoOASIS.IntegrationTests\MongoOASISIntegrationTests.cs(4,33): error CS0234: The type or namespace name 'Core' does not exist in the namespace 'NextGenSoftware.OASIS.API' (are you missing an assembly reference?) [C:\Source\OASIS-master\Providers\Storage\TestProjects\NextGenSoftware.OASIS.API.Providers.MongoOASIS.IntegrationTests\NextGenSoftware.OASIS.API.Providers.MongoOASIS.IntegrationTests.csproj]
C:\Source\OASIS-master\Providers\Storage\TestProjects\NextGenSoftware.OASIS.API.Providers.MongoOASIS.IntegrationTests\MongoOASISIntegrationTests.cs(12,17): error CS0118: 'MongoOASIS' is a namespace but is used like a type [C:\Source\OASIS-master\Providers\Storage\TestProjects\NextGenSoftware.OASIS.API.Providers.MongoOASIS.IntegrationTests\NextGenSoftware.OASIS.API.Providers.MongoOASIS.IntegrationTests.csproj]
C:\Program Files\dotnet\sdk\9.0.306\Microsoft.Common.CurrentVersion.targets(2189,5): warning MSB9008: The referenced project ..\..\NextGenSoftware.OASIS.API.Providers.MongoDBOASIS\NextGenSoftware.OASIS.API.Providers.MongoDBOASIS.csproj does not exist. [C:\Source\OASIS-master\Providers\Storage\TestProjects\NextGenSoftware.OASIS.API.Providers.MongoDBOASIS.UnitTests\NextGenSoftware.OASIS.API.Providers.MongoDBOASIS.UnitTests.csproj]
C:\Source\OASIS-master\Providers\Cloud\TestProjects\NextGenSoftware.OASIS.API.Providers.GoogleCloudOASIS.IntegrationTests\GoogleCloudOASISIntegrationTests.cs(26,30): error CS0246: The type or namespace name 'Avatar' could not be found (are you missing a using directive or an assembly reference?) [C:\Source\OASIS-master\Providers\Cloud\TestProjects\NextGenSoftware.OASIS.API.Providers.GoogleCloudOASIS.IntegrationTests\NextGenSoftware.OASIS.API.Providers.GoogleCloudOASIS.IntegrationTests.csproj]
C:\Source\OASIS-master\Providers\Cloud\TestProjects\NextGenSoftware.OASIS.API.Providers.GoogleCloudOASIS.IntegrationTests\GoogleCloudOASISIntegrationTests.cs(62,29): error CS0246: The type or namespace name 'Holon' could not be found (are you missing a using directive or an assembly reference?) [C:\Source\OASIS-master\Providers\Cloud\TestProjects\NextGenSoftware.OASIS.API.Providers.GoogleCloudOASIS.IntegrationTests\NextGenSoftware.OASIS.API.Providers.GoogleCloudOASIS.IntegrationTests.csproj]
C:\Source\OASIS-master\Providers\Cloud\TestProjects\NextGenSoftware.OASIS.API.Providers.GoogleCloudOASIS.IntegrationTests\GoogleCloudOASISIntegrationTests.cs(95,36): error CS0246: The type or namespace name 'SearchParams' could not be found (are you missing a using directive or an assembly reference?) [C:\Source\OASIS-master\Providers\Cloud\TestProjects\NextGenSoftware.OASIS.API.Providers.GoogleCloudOASIS.IntegrationTests\NextGenSoftware.OASIS.API.Providers.GoogleCloudOASIS.IntegrationTests.csproj]
C:\Source\OASIS-master\Providers\Cloud\TestProjects\NextGenSoftware.OASIS.API.Providers.GoogleCloudOASIS.IntegrationTests\GoogleCloudOASISIntegrationTests.cs(98,30): error CS0103: The name 'SearchType' does not exist in the current context [C:\Source\OASIS-master\Providers\Cloud\TestProjects\NextGenSoftware.OASIS.API.Providers.GoogleCloudOASIS.IntegrationTests\NextGenSoftware.OASIS.API.Providers.GoogleCloudOASIS.IntegrationTests.csproj]
C:\Source\OASIS-master\Providers\Cloud\TestProjects\NextGenSoftware.OASIS.API.Providers.GoogleCloudOASIS.IntegrationTests\GoogleCloudOASISIntegrationTests.cs(102,42): error CS1061: 'GoogleCloudOASIS' does not contain a definition for 'SearchAvatarsAsync' and no accessible extension method 'SearchAvatarsAsync' accepting a first argument of type 'GoogleCloudOASIS' could be found (are you missing a using directive or an assembly reference?) [C:\Source\OASIS-master\Providers\Cloud\TestProjects\NextGenSoftware.OASIS.API.Providers.GoogleCloudOASIS.IntegrationTests\NextGenSoftware.OASIS.API.Providers.GoogleCloudOASIS.IntegrationTests.csproj]
C:\Source\OASIS-master\Providers\Cloud\TestProjects\NextGenSoftware.OASIS.API.Providers.GoogleCloudOASIS.IntegrationTests\GoogleCloudOASISIntegrationTests.cs(114,36): error CS0246: The type or namespace name 'SearchParams' could not be found (are you missing a using directive or an assembly reference?) [C:\Source\OASIS-master\Providers\Cloud\TestProjects\NextGenSoftware.OASIS.API.Providers.GoogleCloudOASIS.IntegrationTests\NextGenSoftware.OASIS.API.Providers.GoogleCloudOASIS.IntegrationTests.csproj]
C:\Source\OASIS-master\Providers\Cloud\TestProjects\NextGenSoftware.OASIS.API.Providers.GoogleCloudOASIS.IntegrationTests\GoogleCloudOASISIntegrationTests.cs(117,30): error CS0103: The name 'SearchType' does not exist in the current context [C:\Source\OASIS-master\Providers\Cloud\TestProjects\NextGenSoftware.OASIS.API.Providers.GoogleCloudOASIS.IntegrationTests\NextGenSoftware.OASIS.API.Providers.GoogleCloudOASIS.IntegrationTests.csproj]
C:\Source\OASIS-master\Providers\Cloud\TestProjects\NextGenSoftware.OASIS.API.Providers.GoogleCloudOASIS.IntegrationTests\GoogleCloudOASISIntegrationTests.cs(121,42): error CS1061: 'GoogleCloudOASIS' does not contain a definition for 'SearchHolonsAsync' and no accessible extension method 'SearchHolonsAsync' accepting a first argument of type 'GoogleCloudOASIS' could be found (are you missing a using directive or an assembly reference?) [C:\Source\OASIS-master\Providers\Cloud\TestProjects\NextGenSoftware.OASIS.API.Providers.GoogleCloudOASIS.IntegrationTests\NextGenSoftware.OASIS.API.Providers.GoogleCloudOASIS.IntegrationTests.csproj]
C:\Source\OASIS-master\Providers\Cloud\TestProjects\NextGenSoftware.OASIS.API.Providers.GoogleCloudOASIS.IntegrationTests\GoogleCloudOASISIntegrationTests.cs(14,34): warning CS8618: Non-nullable field '_provider' must contain a non-null value when exiting constructor. Consider adding the 'required' modifier or declaring the field as nullable. [C:\Source\OASIS-master\Providers\Cloud\TestProjects\NextGenSoftware.OASIS.API.Providers.GoogleCloudOASIS.IntegrationTests\NextGenSoftware.OASIS.API.Providers.GoogleCloudOASIS.IntegrationTests.csproj]
C:\Source\OASIS-master\Providers\Storage\TestProjects\NextGenSoftware.OASIS.API.Providers.MongoOASIS.UnitTests\MongoOASISTests.cs(2,33): error CS0234: The type or namespace name 'Core' does not exist in the namespace 'NextGenSoftware.OASIS.API' (are you missing an assembly reference?) [C:\Source\OASIS-master\Providers\Storage\TestProjects\NextGenSoftware.OASIS.API.Providers.MongoOASIS.UnitTests\NextGenSoftware.OASIS.API.Providers.MongoOASIS.UnitTests.csproj]
C:\Source\OASIS-master\Providers\Storage\TestProjects\NextGenSoftware.OASIS.API.Providers.MongoOASIS.UnitTests\MongoOASISTests.cs(3,33): error CS0234: The type or namespace name 'Core' does not exist in the namespace 'NextGenSoftware.OASIS.API' (are you missing an assembly reference?) [C:\Source\OASIS-master\Providers\Storage\TestProjects\NextGenSoftware.OASIS.API.Providers.MongoOASIS.UnitTests\NextGenSoftware.OASIS.API.Providers.MongoOASIS.UnitTests.csproj]
C:\Source\OASIS-master\Providers\Storage\TestProjects\NextGenSoftware.OASIS.API.Providers.MongoOASIS.UnitTests\MongoOASISTests.cs(4,33): error CS0234: The type or namespace name 'Core' does not exist in the namespace 'NextGenSoftware.OASIS.API' (are you missing an assembly reference?) [C:\Source\OASIS-master\Providers\Storage\TestProjects\NextGenSoftware.OASIS.API.Providers.MongoOASIS.UnitTests\NextGenSoftware.OASIS.API.Providers.MongoOASIS.UnitTests.csproj]
C:\Source\OASIS-master\Providers\Storage\TestProjects\NextGenSoftware.OASIS.API.Providers.MongoOASIS.UnitTests\MongoOASISTests.cs(12,17): error CS0118: 'MongoOASIS' is a namespace but is used like a type [C:\Source\OASIS-master\Providers\Storage\TestProjects\NextGenSoftware.OASIS.API.Providers.MongoOASIS.UnitTests\NextGenSoftware.OASIS.API.Providers.MongoOASIS.UnitTests.csproj]
C:\Source\OASIS-master\Providers\Network\TestProjects\NextGenSoftware.OASIS.API.Providers.PinataOASIS.UnitTests\PinataOASISUnitTests.cs(28,20): error CS0411: The type arguments for method 'Assert.AreEqual<T>(T?, T?)' cannot be inferred from the usage. Try specifying the type arguments explicitly. [C:\Source\OASIS-master\Providers\Network\TestProjects\NextGenSoftware.OASIS.API.Providers.PinataOASIS.UnitTests\NextGenSoftware.OASIS.API.Providers.PinataOASIS.UnitTests.csproj]
C:\Source\OASIS-master\Providers\Network\TestProjects\NextGenSoftware.OASIS.API.Providers.PinataOASIS.UnitTests\PinataOASISUnitTests.cs(95,37): error CS1061: 'PinataOASIS' does not contain a definition for 'GetProviderVersion' and no accessible extension method 'GetProviderVersion' accepting a first argument of type 'PinataOASIS' could be found (are you missing a using directive or an assembly reference?) [C:\Source\OASIS-master\Providers\Network\TestProjects\NextGenSoftware.OASIS.API.Providers.PinataOASIS.UnitTests\NextGenSoftware.OASIS.API.Providers.PinataOASIS.UnitTests.csproj]
C:\Source\OASIS-master\Providers\Network\TestProjects\NextGenSoftware.OASIS.API.Providers.PinataOASIS.UnitTests\PinataOASISUnitTests.cs(13,29): warning CS8618: Non-nullable field '_provider' must contain a non-null value when exiting constructor. Consider adding the 'required' modifier or declaring the field as nullable. [C:\Source\OASIS-master\Providers\Network\TestProjects\NextGenSoftware.OASIS.API.Providers.PinataOASIS.UnitTests\NextGenSoftware.OASIS.API.Providers.PinataOASIS.UnitTests.csproj]
C:\Source\OASIS-master\Providers\Cloud\TestProjects\NextGenSoftware.OASIS.API.Providers.GoogleCloudOASIS.UnitTests\GoogleCloudOASISUnitTests.cs(28,20): error CS0411: The type arguments for method 'Assert.AreEqual<T>(T?, T?)' cannot be inferred from the usage. Try specifying the type arguments explicitly. [C:\Source\OASIS-master\Providers\Cloud\TestProjects\NextGenSoftware.OASIS.API.Providers.GoogleCloudOASIS.UnitTests\NextGenSoftware.OASIS.API.Providers.GoogleCloudOASIS.UnitTests.csproj]
C:\Source\OASIS-master\Providers\Cloud\TestProjects\NextGenSoftware.OASIS.API.Providers.GoogleCloudOASIS.UnitTests\GoogleCloudOASISUnitTests.cs(95,37): error CS1061: 'GoogleCloudOASIS' does not contain a definition for 'GetProviderVersion' and no accessible extension method 'GetProviderVersion' accepting a first argument of type 'GoogleCloudOASIS' could be found (are you missing a using directive or an assembly reference?) [C:\Source\OASIS-master\Providers\Cloud\TestProjects\NextGenSoftware.OASIS.API.Providers.GoogleCloudOASIS.UnitTests\NextGenSoftware.OASIS.API.Providers.GoogleCloudOASIS.UnitTests.csproj]
C:\Source\OASIS-master\Providers\Cloud\TestProjects\NextGenSoftware.OASIS.API.Providers.GoogleCloudOASIS.UnitTests\GoogleCloudOASISUnitTests.cs(13,34): warning CS8618: Non-nullable field '_provider' must contain a non-null value when exiting constructor. Consider adding the 'required' modifier or declaring the field as nullable. [C:\Source\OASIS-master\Providers\Cloud\TestProjects\NextGenSoftware.OASIS.API.Providers.GoogleCloudOASIS.UnitTests\NextGenSoftware.OASIS.API.Providers.GoogleCloudOASIS.UnitTests.csproj]
C:\Source\OASIS-master\Providers\Storage\TestProjects\NextGenSoftware.OASIS.API.Providers.MongoDBOASIS.UnitTests\MongoDBOASISUnitTests.cs(3,33): error CS0234: The type or namespace name 'Core' does not exist in the namespace 'NextGenSoftware.OASIS.API' (are you missing an assembly reference?) [C:\Source\OASIS-master\Providers\Storage\TestProjects\NextGenSoftware.OASIS.API.Providers.MongoDBOASIS.UnitTests\NextGenSoftware.OASIS.API.Providers.MongoDBOASIS.UnitTests.csproj]
C:\Source\OASIS-master\Providers\Storage\TestProjects\NextGenSoftware.OASIS.API.Providers.MongoDBOASIS.UnitTests\MongoDBOASISUnitTests.cs(4,33): error CS0234: The type or namespace name 'Core' does not exist in the namespace 'NextGenSoftware.OASIS.API' (are you missing an assembly reference?) [C:\Source\OASIS-master\Providers\Storage\TestProjects\NextGenSoftware.OASIS.API.Providers.MongoDBOASIS.UnitTests\NextGenSoftware.OASIS.API.Providers.MongoDBOASIS.UnitTests.csproj]
C:\Source\OASIS-master\Providers\Storage\TestProjects\NextGenSoftware.OASIS.API.Providers.MongoDBOASIS.UnitTests\MongoDBOASISUnitTests.cs(5,33): error CS0234: The type or namespace name 'Core' does not exist in the namespace 'NextGenSoftware.OASIS.API' (are you missing an assembly reference?) [C:\Source\OASIS-master\Providers\Storage\TestProjects\NextGenSoftware.OASIS.API.Providers.MongoDBOASIS.UnitTests\NextGenSoftware.OASIS.API.Providers.MongoDBOASIS.UnitTests.csproj]
C:\Source\OASIS-master\Providers\Storage\TestProjects\NextGenSoftware.OASIS.API.Providers.MongoDBOASIS.UnitTests\MongoDBOASISUnitTests.cs(13,17): error CS0118: 'MongoDBOASIS' is a namespace but is used like a type [C:\Source\OASIS-master\Providers\Storage\TestProjects\NextGenSoftware.OASIS.API.Providers.MongoDBOASIS.UnitTests\NextGenSoftware.OASIS.API.Providers.MongoDBOASIS.UnitTests.csproj]
C:\Source\OASIS-master\Providers\Network\TestProjects\NextGenSoftware.OASIS.API.Providers.HoloWebOASIS.IntegrationTests\HoloWebOASISIntegrationTests.cs(3,33): error CS0234: The type or namespace name 'Core' does not exist in the namespace 'NextGenSoftware.OASIS.API' (are you missing an assembly reference?) [C:\Source\OASIS-master\Providers\Network\TestProjects\NextGenSoftware.OASIS.API.Providers.HoloWebOASIS.IntegrationTests\NextGenSoftware.OASIS.API.Providers.HoloWebOASIS.IntegrationTests.csproj]
C:\Source\OASIS-master\Providers\Network\TestProjects\NextGenSoftware.OASIS.API.Providers.HoloWebOASIS.IntegrationTests\HoloWebOASISIntegrationTests.cs(4,33): error CS0234: The type or namespace name 'Core' does not exist in the namespace 'NextGenSoftware.OASIS.API' (are you missing an assembly reference?) [C:\Source\OASIS-master\Providers\Network\TestProjects\NextGenSoftware.OASIS.API.Providers.HoloWebOASIS.IntegrationTests\NextGenSoftware.OASIS.API.Providers.HoloWebOASIS.IntegrationTests.csproj]
C:\Source\OASIS-master\Providers\Network\TestProjects\NextGenSoftware.OASIS.API.Providers.HoloWebOASIS.IntegrationTests\HoloWebOASISIntegrationTests.cs(5,33): error CS0234: The type or namespace name 'Core' does not exist in the namespace 'NextGenSoftware.OASIS.API' (are you missing an assembly reference?) [C:\Source\OASIS-master\Providers\Network\TestProjects\NextGenSoftware.OASIS.API.Providers.HoloWebOASIS.IntegrationTests\NextGenSoftware.OASIS.API.Providers.HoloWebOASIS.IntegrationTests.csproj]
C:\Source\OASIS-master\Providers\Network\TestProjects\NextGenSoftware.OASIS.API.Providers.HoloWebOASIS.IntegrationTests\HoloWebOASISIntegrationTests.cs(14,17): error CS0118: 'HoloWebOASIS' is a namespace but is used like a type [C:\Source\OASIS-master\Providers\Network\TestProjects\NextGenSoftware.OASIS.API.Providers.HoloWebOASIS.IntegrationTests\NextGenSoftware.OASIS.API.Providers.HoloWebOASIS.IntegrationTests.csproj]
C:\Source\OASIS-master\Providers\Other\TestProjects\NextGenSoftware.OASIS.API.Providers.CargoOASIS.IntegrationTests\CargoOASISIntegrationTests.cs(14,17): error CS0118: 'CargoOASIS' is a namespace but is used like a type [C:\Source\OASIS-master\Providers\Other\TestProjects\NextGenSoftware.OASIS.API.Providers.CargoOASIS.IntegrationTests\NextGenSoftware.OASIS.API.Providers.CargoOASIS.IntegrationTests.csproj]
C:\Source\OASIS-master\Providers\Template\Test Projects\NextGenSoftware.OASIS.API.Providers.ProviderNameOASIS.TestHarness\ProviderNameOASISTestHarness.cs(12,24): error CS0118: 'ProviderNameOASIS' is a namespace but is used like a type [C:\Source\OASIS-master\Providers\Template\Test Projects\NextGenSoftware.OASIS.API.Providers.ProviderNameOASIS.TestHarness\NextGenSoftware.OASIS.API.Providers.ProviderNameOASIS.TestHarness.csproj]
C:\Source\OASIS-master\Providers\Network\TestProjects\NextGenSoftware.OASIS.API.Providers.PinataOASIS.IntegrationTests\PinataOASISIntegrationTests.cs(26,30): error CS0246: The type or namespace name 'Avatar' could not be found (are you missing a using directive or an assembly reference?) [C:\Source\OASIS-master\Providers\Network\TestProjects\NextGenSoftware.OASIS.API.Providers.PinataOASIS.IntegrationTests\NextGenSoftware.OASIS.API.Providers.PinataOASIS.IntegrationTests.csproj]
C:\Source\OASIS-master\Providers\Network\TestProjects\NextGenSoftware.OASIS.API.Providers.PinataOASIS.IntegrationTests\PinataOASISIntegrationTests.cs(62,29): error CS0246: The type or namespace name 'Holon' could not be found (are you missing a using directive or an assembly reference?) [C:\Source\OASIS-master\Providers\Network\TestProjects\NextGenSoftware.OASIS.API.Providers.PinataOASIS.IntegrationTests\NextGenSoftware.OASIS.API.Providers.PinataOASIS.IntegrationTests.csproj]
C:\Source\OASIS-master\Providers\Network\TestProjects\NextGenSoftware.OASIS.API.Providers.PinataOASIS.IntegrationTests\PinataOASISIntegrationTests.cs(95,36): error CS0246: The type or namespace name 'SearchParams' could not be found (are you missing a using directive or an assembly reference?) [C:\Source\OASIS-master\Providers\Network\TestProjects\NextGenSoftware.OASIS.API.Providers.PinataOASIS.IntegrationTests\NextGenSoftware.OASIS.API.Providers.PinataOASIS.IntegrationTests.csproj]
C:\Source\OASIS-master\Providers\Network\TestProjects\NextGenSoftware.OASIS.API.Providers.PinataOASIS.IntegrationTests\PinataOASISIntegrationTests.cs(98,30): error CS0103: The name 'SearchType' does not exist in the current context [C:\Source\OASIS-master\Providers\Network\TestProjects\NextGenSoftware.OASIS.API.Providers.PinataOASIS.IntegrationTests\NextGenSoftware.OASIS.API.Providers.PinataOASIS.IntegrationTests.csproj]
C:\Source\OASIS-master\Providers\Network\TestProjects\NextGenSoftware.OASIS.API.Providers.PinataOASIS.IntegrationTests\PinataOASISIntegrationTests.cs(102,42): error CS1061: 'PinataOASIS' does not contain a definition for 'SearchAvatarsAsync' and no accessible extension method 'SearchAvatarsAsync' accepting a first argument of type 'PinataOASIS' could be found (are you missing a using directive or an assembly reference?) [C:\Source\OASIS-master\Providers\Network\TestProjects\NextGenSoftware.OASIS.API.Providers.PinataOASIS.IntegrationTests\NextGenSoftware.OASIS.API.Providers.PinataOASIS.IntegrationTests.csproj]
C:\Source\OASIS-master\Providers\Network\TestProjects\NextGenSoftware.OASIS.API.Providers.PinataOASIS.IntegrationTests\PinataOASISIntegrationTests.cs(114,36): error CS0246: The type or namespace name 'SearchParams' could not be found (are you missing a using directive or an assembly reference?) [C:\Source\OASIS-master\Providers\Network\TestProjects\NextGenSoftware.OASIS.API.Providers.PinataOASIS.IntegrationTests\NextGenSoftware.OASIS.API.Providers.PinataOASIS.IntegrationTests.csproj]
C:\Program Files\dotnet\sdk\9.0.306\Microsoft.Common.CurrentVersion.targets(2189,5): warning MSB9008: The referenced project ..\NextGenSoftware.OASIS.API.Providers.ThreeFoldOASIS\NextGenSoftware.OASIS.API.Providers.ThreeFoldOASIS.csproj does not exist. [C:\Source\OASIS-master\Providers\Network\TestProjects\NextGenSoftware.OASIS.API.Providers.ThreeFoldOASIS.IntegrationTests\NextGenSoftware.OASIS.API.Providers.ThreeFoldOASIS.IntegrationTests.csproj]
C:\Source\OASIS-master\Providers\Network\TestProjects\NextGenSoftware.OASIS.API.Providers.PinataOASIS.IntegrationTests\PinataOASISIntegrationTests.cs(117,30): error CS0103: The name 'SearchType' does not exist in the current context [C:\Source\OASIS-master\Providers\Network\TestProjects\NextGenSoftware.OASIS.API.Providers.PinataOASIS.IntegrationTests\NextGenSoftware.OASIS.API.Providers.PinataOASIS.IntegrationTests.csproj]
C:\Source\OASIS-master\Providers\Network\TestProjects\NextGenSoftware.OASIS.API.Providers.PinataOASIS.IntegrationTests\PinataOASISIntegrationTests.cs(121,42): error CS1061: 'PinataOASIS' does not contain a definition for 'SearchHolonsAsync' and no accessible extension method 'SearchHolonsAsync' accepting a first argument of type 'PinataOASIS' could be found (are you missing a using directive or an assembly reference?) [C:\Source\OASIS-master\Providers\Network\TestProjects\NextGenSoftware.OASIS.API.Providers.PinataOASIS.IntegrationTests\NextGenSoftware.OASIS.API.Providers.PinataOASIS.IntegrationTests.csproj]
C:\Source\OASIS-master\Providers\Network\TestProjects\NextGenSoftware.OASIS.API.Providers.PinataOASIS.IntegrationTests\PinataOASISIntegrationTests.cs(14,29): warning CS8618: Non-nullable field '_provider' must contain a non-null value when exiting constructor. Consider adding the 'required' modifier or declaring the field as nullable. [C:\Source\OASIS-master\Providers\Network\TestProjects\NextGenSoftware.OASIS.API.Providers.PinataOASIS.IntegrationTests\NextGenSoftware.OASIS.API.Providers.PinataOASIS.IntegrationTests.csproj]
C:\Program Files\dotnet\sdk\9.0.306\Microsoft.Common.CurrentVersion.targets(2189,5): warning MSB9008: The referenced project ..\NextGenSoftware.OASIS.API.Providers.ThreeFoldOASIS\NextGenSoftware.OASIS.API.Providers.ThreeFoldOASIS.csproj does not exist. [C:\Source\OASIS-master\Providers\Network\TestProjects\NextGenSoftware.OASIS.API.Providers.ThreeFoldOASIS.TestHarness\NextGenSoftware.OASIS.API.Providers.ThreeFoldOASIS.TestHarness.csproj]
C:\Source\OASIS-master\Providers\Network\TestProjects\NextGenSoftware.OASIS.API.Providers.ThreeFoldOASIS.TestHarness\Program.cs(18,45): error CS0118: 'ThreeFoldOASIS' is a namespace but is used like a type [C:\Source\OASIS-master\Providers\Network\TestProjects\NextGenSoftware.OASIS.API.Providers.ThreeFoldOASIS.TestHarness\NextGenSoftware.OASIS.API.Providers.ThreeFoldOASIS.TestHarness.csproj]
C:\Source\OASIS-master\Providers\Template\Test Projects\NextGenSoftware.OASIS.API.Providers.ProviderNameOASIS.IntegrationTests\ProviderNameOASISIntegrationTests.cs(14,17): error CS0118: 'ProviderNameOASIS' is a namespace but is used like a type [C:\Source\OASIS-master\Providers\Template\Test Projects\NextGenSoftware.OASIS.API.Providers.ProviderNameOASIS.IntegrationTests\NextGenSoftware.OASIS.API.Providers.ProviderNameOASIS.IntegrationTests.csproj]
C:\Source\OASIS-master\Providers\Network\TestProjects\NextGenSoftware.OASIS.API.Providers.ThreeFoldOASIS.IntegrationTests\ThreeFoldOASISIntegrationTests.cs(14,41): error CS0118: 'ThreeFoldOASIS' is a namespace but is used like a type [C:\Source\OASIS-master\Providers\Network\TestProjects\NextGenSoftware.OASIS.API.Providers.ThreeFoldOASIS.IntegrationTests\NextGenSoftware.OASIS.API.Providers.ThreeFoldOASIS.IntegrationTests.csproj]
C:\Source\OASIS-master\Providers\Network\TestProjects\NextGenSoftware.OASIS.API.Providers.ThreeFoldOASIS.IntegrationTests\ThreeFoldOASISIntegrationTests.cs(33,41): error CS0118: 'ThreeFoldOASIS' is a namespace but is used like a type [C:\Source\OASIS-master\Providers\Network\TestProjects\NextGenSoftware.OASIS.API.Providers.ThreeFoldOASIS.IntegrationTests\NextGenSoftware.OASIS.API.Providers.ThreeFoldOASIS.IntegrationTests.csproj]
C:\Source\OASIS-master\Providers\Network\TestProjects\NextGenSoftware.OASIS.API.Providers.ThreeFoldOASIS.IntegrationTests\ThreeFoldOASISIntegrationTests.cs(52,41): error CS0118: 'ThreeFoldOASIS' is a namespace but is used like a type [C:\Source\OASIS-master\Providers\Network\TestProjects\NextGenSoftware.OASIS.API.Providers.ThreeFoldOASIS.IntegrationTests\NextGenSoftware.OASIS.API.Providers.ThreeFoldOASIS.IntegrationTests.csproj]
C:\Source\OASIS-master\Providers\Network\TestProjects\NextGenSoftware.OASIS.API.Providers.ThreeFoldOASIS.IntegrationTests\ThreeFoldOASISIntegrationTests.cs(66,33): error CS0103: The name 'ProviderType' does not exist in the current context [C:\Source\OASIS-master\Providers\Network\TestProjects\NextGenSoftware.OASIS.API.Providers.ThreeFoldOASIS.IntegrationTests\NextGenSoftware.OASIS.API.Providers.ThreeFoldOASIS.IntegrationTests.csproj]
C:\Source\OASIS-master\Providers\Network\TestProjects\NextGenSoftware.OASIS.API.Providers.ThreeFoldOASIS.IntegrationTests\ThreeFoldOASISIntegrationTests.cs(74,41): error CS0118: 'ThreeFoldOASIS' is a namespace but is used like a type [C:\Source\OASIS-master\Providers\Network\TestProjects\NextGenSoftware.OASIS.API.Providers.ThreeFoldOASIS.IntegrationTests\NextGenSoftware.OASIS.API.Providers.ThreeFoldOASIS.IntegrationTests.csproj]
C:\Source\OASIS-master\Providers\Network\TestProjects\NextGenSoftware.OASIS.API.Providers.ThreeFoldOASIS.IntegrationTests\ThreeFoldOASISIntegrationTests.cs(83,29): error CS0103: The name 'ProviderType' does not exist in the current context [C:\Source\OASIS-master\Providers\Network\TestProjects\NextGenSoftware.OASIS.API.Providers.ThreeFoldOASIS.IntegrationTests\NextGenSoftware.OASIS.API.Providers.ThreeFoldOASIS.IntegrationTests.csproj]
C:\Source\OASIS-master\Providers\Network\TestProjects\NextGenSoftware.OASIS.API.Providers.ThreeFoldOASIS.IntegrationTests\ThreeFoldOASISIntegrationTests.cs(91,41): error CS0118: 'ThreeFoldOASIS' is a namespace but is used like a type [C:\Source\OASIS-master\Providers\Network\TestProjects\NextGenSoftware.OASIS.API.Providers.ThreeFoldOASIS.IntegrationTests\NextGenSoftware.OASIS.API.Providers.ThreeFoldOASIS.IntegrationTests.csproj]
C:\Program Files\dotnet\sdk\9.0.306\Microsoft.Common.CurrentVersion.targets(2189,5): warning MSB9008: The referenced project ..\NextGenSoftware.OASIS.API.Providers.ThreeFoldOASIS\NextGenSoftware.OASIS.API.Providers.ThreeFoldOASIS.csproj does not exist. [C:\Source\OASIS-master\Providers\Network\TestProjects\NextGenSoftware.OASIS.API.Providers.ThreeFoldOASIS.UnitTests\NextGenSoftware.OASIS.API.Providers.ThreeFoldOASIS.UnitTests.csproj]
C:\Source\OASIS-master\Providers\Other\TestProjects\NextGenSoftware.OASIS.API.Providers.CargoOASIS.TestHarness\CargoOASISTestHarness.cs(12,24): error CS0118: 'CargoOASIS' is a namespace but is used like a type [C:\Source\OASIS-master\Providers\Other\TestProjects\NextGenSoftware.OASIS.API.Providers.CargoOASIS.TestHarness\NextGenSoftware.OASIS.API.Providers.CargoOASIS.TestHarness.csproj]
C:\Source\OASIS-master\Providers\Template\Test Projects\NextGenSoftware.OASIS.API.Providers.ProviderNameOASIS.UnitTests\ProviderNameOASISUnitTests.cs(13,17): error CS0118: 'ProviderNameOASIS' is a namespace but is used like a type [C:\Source\OASIS-master\Providers\Template\Test Projects\NextGenSoftware.OASIS.API.Providers.ProviderNameOASIS.UnitTests\NextGenSoftware.OASIS.API.Providers.ProviderNameOASIS.UnitTests.csproj]
C:\Source\OASIS-master\Providers\Network\TestProjects\NextGenSoftware.OASIS.API.Providers.ThreeFoldOASIS.UnitTests\ThreeFoldOASISTests.cs(5,33): error CS0234: The type or namespace name 'Core' does not exist in the namespace 'NextGenSoftware.OASIS.API' (are you missing an assembly reference?) [C:\Source\OASIS-master\Providers\Network\TestProjects\NextGenSoftware.OASIS.API.Providers.ThreeFoldOASIS.UnitTests\NextGenSoftware.OASIS.API.Providers.ThreeFoldOASIS.UnitTests.csproj]
C:\Source\OASIS-master\Providers\Other\TestProjects\NextGenSoftware.OASIS.API.Providers.CargoOASIS.UnitTests\CargoOASISUnitTests.cs(13,17): error CS0118: 'CargoOASIS' is a namespace but is used like a type [C:\Source\OASIS-master\Providers\Other\TestProjects\NextGenSoftware.OASIS.API.Providers.CargoOASIS.UnitTests\NextGenSoftware.OASIS.API.Providers.CargoOASIS.UnitTests.csproj]
C:\Source\OASIS-master\Providers\Blockchain\TestProjects\NextGenSoftware.OASIS.API.Providers.AptosOASIS.IntegrationTests\AptosOASISIntegrationTests.cs(28,30): error CS0246: The type or namespace name 'Avatar' could not be found (are you missing a using directive or an assembly reference?) [C:\Source\OASIS-master\Providers\Blockchain\TestProjects\NextGenSoftware.OASIS.API.Providers.AptosOASIS.IntegrationTests\NextGenSoftware.OASIS.API.Providers.AptosOASIS.IntegrationTests.csproj]
C:\Source\OASIS-master\Providers\Blockchain\TestProjects\NextGenSoftware.OASIS.API.Providers.AptosOASIS.IntegrationTests\AptosOASISIntegrationTests.cs(64,29): error CS0246: The type or namespace name 'Holon' could not be found (are you missing a using directive or an assembly reference?) [C:\Source\OASIS-master\Providers\Blockchain\TestProjects\NextGenSoftware.OASIS.API.Providers.AptosOASIS.IntegrationTests\NextGenSoftware.OASIS.API.Providers.AptosOASIS.IntegrationTests.csproj]
C:\Source\OASIS-master\Providers\Blockchain\TestProjects\NextGenSoftware.OASIS.API.Providers.AptosOASIS.IntegrationTests\AptosOASISIntegrationTests.cs(97,36): error CS0246: The type or namespace name 'SearchParams' could not be found (are you missing a using directive or an assembly reference?) [C:\Source\OASIS-master\Providers\Blockchain\TestProjects\NextGenSoftware.OASIS.API.Providers.AptosOASIS.IntegrationTests\NextGenSoftware.OASIS.API.Providers.AptosOASIS.IntegrationTests.csproj]
C:\Source\OASIS-master\Providers\Blockchain\TestProjects\NextGenSoftware.OASIS.API.Providers.AptosOASIS.IntegrationTests\AptosOASISIntegrationTests.cs(100,30): error CS0103: The name 'SearchType' does not exist in the current context [C:\Source\OASIS-master\Providers\Blockchain\TestProjects\NextGenSoftware.OASIS.API.Providers.AptosOASIS.IntegrationTests\NextGenSoftware.OASIS.API.Providers.AptosOASIS.IntegrationTests.csproj]
C:\Source\OASIS-master\Providers\Blockchain\TestProjects\NextGenSoftware.OASIS.API.Providers.AptosOASIS.IntegrationTests\AptosOASISIntegrationTests.cs(104,47): error CS1061: 'AptosOASIS' does not contain a definition for 'SearchAvatarsAsync' and no accessible extension method 'SearchAvatarsAsync' accepting a first argument of type 'AptosOASIS' could be found (are you missing a using directive or an assembly reference?) [C:\Source\OASIS-master\Providers\Blockchain\TestProjects\NextGenSoftware.OASIS.API.Providers.AptosOASIS.IntegrationTests\NextGenSoftware.OASIS.API.Providers.AptosOASIS.IntegrationTests.csproj]
C:\Source\OASIS-master\Providers\Blockchain\TestProjects\NextGenSoftware.OASIS.API.Providers.AptosOASIS.IntegrationTests\AptosOASISIntegrationTests.cs(116,36): error CS0246: The type or namespace name 'SearchParams' could not be found (are you missing a using directive or an assembly reference?) [C:\Source\OASIS-master\Providers\Blockchain\TestProjects\NextGenSoftware.OASIS.API.Providers.AptosOASIS.IntegrationTests\NextGenSoftware.OASIS.API.Providers.AptosOASIS.IntegrationTests.csproj]
C:\Source\OASIS-master\Providers\Blockchain\TestProjects\NextGenSoftware.OASIS.API.Providers.AptosOASIS.IntegrationTests\AptosOASISIntegrationTests.cs(119,30): error CS0103: The name 'SearchType' does not exist in the current context [C:\Source\OASIS-master\Providers\Blockchain\TestProjects\NextGenSoftware.OASIS.API.Providers.AptosOASIS.IntegrationTests\NextGenSoftware.OASIS.API.Providers.AptosOASIS.IntegrationTests.csproj]
C:\Source\OASIS-master\Providers\Blockchain\TestProjects\NextGenSoftware.OASIS.API.Providers.AptosOASIS.IntegrationTests\AptosOASISIntegrationTests.cs(123,47): error CS1061: 'AptosOASIS' does not contain a definition for 'SearchHolonsAsync' and no accessible extension method 'SearchHolonsAsync' accepting a first argument of type 'AptosOASIS' could be found (are you missing a using directive or an assembly reference?) [C:\Source\OASIS-master\Providers\Blockchain\TestProjects\NextGenSoftware.OASIS.API.Providers.AptosOASIS.IntegrationTests\NextGenSoftware.OASIS.API.Providers.AptosOASIS.IntegrationTests.csproj]
C:\Source\OASIS-master\Providers\Blockchain\TestProjects\NextGenSoftware.OASIS.API.Providers.AptosOASIS.IntegrationTests\AptosOASISIntegrationTests.cs(166,47): error CS1061: 'AptosOASIS' does not contain a definition for 'GetAvatarByEmailAsync' and no accessible extension method 'GetAvatarByEmailAsync' accepting a first argument of type 'AptosOASIS' could be found (are you missing a using directive or an assembly reference?) [C:\Source\OASIS-master\Providers\Blockchain\TestProjects\NextGenSoftware.OASIS.API.Providers.AptosOASIS.IntegrationTests\NextGenSoftware.OASIS.API.Providers.AptosOASIS.IntegrationTests.csproj]
C:\Source\OASIS-master\Providers\Blockchain\TestProjects\NextGenSoftware.OASIS.API.Providers.AptosOASIS.IntegrationTests\AptosOASISIntegrationTests.cs(180,47): error CS1061: 'AptosOASIS' does not contain a definition for 'GetAvatarByUsernameAsync' and no accessible extension method 'GetAvatarByUsernameAsync' accepting a first argument of type 'AptosOASIS' could be found (are you missing a using directive or an assembly reference?) [C:\Source\OASIS-master\Providers\Blockchain\TestProjects\NextGenSoftware.OASIS.API.Providers.AptosOASIS.IntegrationTests\NextGenSoftware.OASIS.API.Providers.AptosOASIS.IntegrationTests.csproj]
C:\Source\OASIS-master\Providers\Blockchain\TestProjects\NextGenSoftware.OASIS.API.Providers.AptosOASIS.IntegrationTests\AptosOASISIntegrationTests.cs(14,28): warning CS8618: Non-nullable field '_aptosProvider' must contain a non-null value when exiting constructor. Consider adding the 'required' modifier or declaring the field as nullable. [C:\Source\OASIS-master\Providers\Blockchain\TestProjects\NextGenSoftware.OASIS.API.Providers.AptosOASIS.IntegrationTests\NextGenSoftware.OASIS.API.Providers.AptosOASIS.IntegrationTests.csproj]
C:\Source\OASIS-master\Providers\Blockchain\TestProjects\NextGenSoftware.OASIS.API.Providers.AptosOASIS.TestHarness\AptosOASISTestHarness.cs(42,35): warning CS1998: This async method lacks 'await' operators and will run synchronously. Consider using the 'await' operator to await non-blocking API calls, or 'await Task.Run(...)' to do CPU-bound work on a background thread. [C:\Source\OASIS-master\Providers\Blockchain\TestProjects\NextGenSoftware.OASIS.API.Providers.AptosOASIS.TestHarness\NextGenSoftware.OASIS.API.Providers.AptosOASIS.TestHarness.csproj]
C:\Source\OASIS-master\Providers\Blockchain\TestProjects\NextGenSoftware.OASIS.API.Providers.AptosOASIS.TestHarness\AptosOASISTestHarness.cs(64,42): error CS1061: 'AptosOASIS' does not contain a definition for 'GetProviderVersion' and no accessible extension method 'GetProviderVersion' accepting a first argument of type 'AptosOASIS' could be found (are you missing a using directive or an assembly reference?) [C:\Source\OASIS-master\Providers\Blockchain\TestProjects\NextGenSoftware.OASIS.API.Providers.AptosOASIS.TestHarness\NextGenSoftware.OASIS.API.Providers.AptosOASIS.TestHarness.csproj]
C:\Source\OASIS-master\Providers\Blockchain\TestProjects\NextGenSoftware.OASIS.API.Providers.AptosOASIS.TestHarness\AptosOASISTestHarness.cs(67,47): error CS1061: 'AptosOASIS' does not contain a definition for 'GetProviderType' and no accessible extension method 'GetProviderType' accepting a first argument of type 'AptosOASIS' could be found (are you missing a using directive or an assembly reference?) [C:\Source\OASIS-master\Providers\Blockchain\TestProjects\NextGenSoftware.OASIS.API.Providers.AptosOASIS.TestHarness\NextGenSoftware.OASIS.API.Providers.AptosOASIS.TestHarness.csproj]
C:\Source\OASIS-master\Providers\Blockchain\TestProjects\NextGenSoftware.OASIS.API.Providers.AptosOASIS.TestHarness\AptosOASISTestHarness.cs(70,43): error CS1061: 'AptosOASIS' does not contain a definition for 'GetProviderCategory' and no accessible extension method 'GetProviderCategory' accepting a first argument of type 'AptosOASIS' could be found (are you missing a using directive or an assembly reference?) [C:\Source\OASIS-master\Providers\Blockchain\TestProjects\NextGenSoftware.OASIS.API.Providers.AptosOASIS.TestHarness\NextGenSoftware.OASIS.API.Providers.AptosOASIS.TestHarness.csproj]
C:\Source\OASIS-master\Providers\Blockchain\TestProjects\NextGenSoftware.OASIS.API.Providers.AptosOASIS.TestHarness\AptosOASISTestHarness.cs(60,35): warning CS1998: This async method lacks 'await' operators and will run synchronously. Consider using the 'await' operator to await non-blocking API calls, or 'await Task.Run(...)' to do CPU-bound work on a background thread. [C:\Source\OASIS-master\Providers\Blockchain\TestProjects\NextGenSoftware.OASIS.API.Providers.AptosOASIS.TestHarness\NextGenSoftware.OASIS.API.Providers.AptosOASIS.TestHarness.csproj]
C:\Source\OASIS-master\Providers\Blockchain\TestProjects\NextGenSoftware.OASIS.API.Providers.AptosOASIS.TestHarness\AptosOASISTestHarness.cs(82,34): error CS0246: The type or namespace name 'Avatar' could not be found (are you missing a using directive or an assembly reference?) [C:\Source\OASIS-master\Providers\Blockchain\TestProjects\NextGenSoftware.OASIS.API.Providers.AptosOASIS.TestHarness\NextGenSoftware.OASIS.API.Providers.AptosOASIS.TestHarness.csproj]
C:\Source\OASIS-master\Providers\Blockchain\TestProjects\NextGenSoftware.OASIS.API.Providers.AptosOASIS.TestHarness\AptosOASISTestHarness.cs(105,52): error CS1061: 'AptosOASIS' does not contain a definition for 'GetAvatarByEmailAsync' and no accessible extension method 'GetAvatarByEmailAsync' accepting a first argument of type 'AptosOASIS' could be found (are you missing a using directive or an assembly reference?) [C:\Source\OASIS-master\Providers\Blockchain\TestProjects\NextGenSoftware.OASIS.API.Providers.AptosOASIS.TestHarness\NextGenSoftware.OASIS.API.Providers.AptosOASIS.TestHarness.csproj]
C:\Source\OASIS-master\Providers\Blockchain\TestProjects\NextGenSoftware.OASIS.API.Providers.AptosOASIS.TestHarness\AptosOASISTestHarness.cs(111,55): error CS1061: 'AptosOASIS' does not contain a definition for 'GetAvatarByUsernameAsync' and no accessible extension method 'GetAvatarByUsernameAsync' accepting a first argument of type 'AptosOASIS' could be found (are you missing a using directive or an assembly reference?) [C:\Source\OASIS-master\Providers\Blockchain\TestProjects\NextGenSoftware.OASIS.API.Providers.AptosOASIS.TestHarness\NextGenSoftware.OASIS.API.Providers.AptosOASIS.TestHarness.csproj]
C:\Source\OASIS-master\Providers\Blockchain\TestProjects\NextGenSoftware.OASIS.API.Providers.AptosOASIS.TestHarness\AptosOASISTestHarness.cs(123,33): error CS0246: The type or namespace name 'Holon' could not be found (are you missing a using directive or an assembly reference?) [C:\Source\OASIS-master\Providers\Blockchain\TestProjects\NextGenSoftware.OASIS.API.Providers.AptosOASIS.TestHarness\NextGenSoftware.OASIS.API.Providers.AptosOASIS.TestHarness.csproj]
C:\Source\OASIS-master\Providers\Blockchain\TestProjects\NextGenSoftware.OASIS.API.Providers.AptosOASIS.TestHarness\AptosOASISTestHarness.cs(150,36): error CS0246: The type or namespace name 'SearchParams' could not be found (are you missing a using directive or an assembly reference?) [C:\Source\OASIS-master\Providers\Blockchain\TestProjects\NextGenSoftware.OASIS.API.Providers.AptosOASIS.TestHarness\NextGenSoftware.OASIS.API.Providers.AptosOASIS.TestHarness.csproj]
C:\Source\OASIS-master\Providers\Blockchain\TestProjects\NextGenSoftware.OASIS.API.Providers.AptosOASIS.TestHarness\AptosOASISTestHarness.cs(153,30): error CS0103: The name 'SearchType' does not exist in the current context [C:\Source\OASIS-master\Providers\Blockchain\TestProjects\NextGenSoftware.OASIS.API.Providers.AptosOASIS.TestHarness\NextGenSoftware.OASIS.API.Providers.AptosOASIS.TestHarness.csproj]
C:\Source\OASIS-master\Providers\Blockchain\TestProjects\NextGenSoftware.OASIS.API.Providers.AptosOASIS.TestHarness\AptosOASISTestHarness.cs(157,59): error CS1061: 'AptosOASIS' does not contain a definition for 'SearchAvatarsAsync' and no accessible extension method 'SearchAvatarsAsync' accepting a first argument of type 'AptosOASIS' could be found (are you missing a using directive or an assembly reference?) [C:\Source\OASIS-master\Providers\Blockchain\TestProjects\NextGenSoftware.OASIS.API.Providers.AptosOASIS.TestHarness\NextGenSoftware.OASIS.API.Providers.AptosOASIS.TestHarness.csproj]
C:\Source\OASIS-master\Providers\Blockchain\TestProjects\NextGenSoftware.OASIS.API.Providers.AptosOASIS.TestHarness\AptosOASISTestHarness.cs(164,39): error CS0103: The name 'SearchType' does not exist in the current context [C:\Source\OASIS-master\Providers\Blockchain\TestProjects\NextGenSoftware.OASIS.API.Providers.AptosOASIS.TestHarness\NextGenSoftware.OASIS.API.Providers.AptosOASIS.TestHarness.csproj]
C:\Source\OASIS-master\Providers\Blockchain\TestProjects\NextGenSoftware.OASIS.API.Providers.AptosOASIS.TestHarness\AptosOASISTestHarness.cs(166,58): error CS1061: 'AptosOASIS' does not contain a definition for 'SearchHolonsAsync' and no accessible extension method 'SearchHolonsAsync' accepting a first argument of type 'AptosOASIS' could be found (are you missing a using directive or an assembly reference?) [C:\Source\OASIS-master\Providers\Blockchain\TestProjects\NextGenSoftware.OASIS.API.Providers.AptosOASIS.TestHarness\NextGenSoftware.OASIS.API.Providers.AptosOASIS.TestHarness.csproj]
C:\Source\OASIS-master\Providers\Blockchain\TestProjects\NextGenSoftware.OASIS.API.Providers.AptosOASIS.TestHarness\AptosOASISTestHarness.cs(176,35): warning CS1998: This async method lacks 'await' operators and will run synchronously. Consider using the 'await' operator to await non-blocking API calls, or 'await Task.Run(...)' to do CPU-bound work on a background thread. [C:\Source\OASIS-master\Providers\Blockchain\TestProjects\NextGenSoftware.OASIS.API.Providers.AptosOASIS.TestHarness\NextGenSoftware.OASIS.API.Providers.AptosOASIS.TestHarness.csproj]
C:\Source\OASIS-master\Providers\Blockchain\TestProjects\NextGenSoftware.OASIS.API.Providers.CardanoOASIS.IntegrationTests\CardanoOASISIntegrationTests.cs(26,30): error CS0246: The type or namespace name 'Avatar' could not be found (are you missing a using directive or an assembly reference?) [C:\Source\OASIS-master\Providers\Blockchain\TestProjects\NextGenSoftware.OASIS.API.Providers.CardanoOASIS.IntegrationTests\NextGenSoftware.OASIS.API.Providers.CardanoOASIS.IntegrationTests.csproj]
C:\Source\OASIS-master\Providers\Blockchain\TestProjects\NextGenSoftware.OASIS.API.Providers.CardanoOASIS.IntegrationTests\CardanoOASISIntegrationTests.cs(62,29): error CS0246: The type or namespace name 'Holon' could not be found (are you missing a using directive or an assembly reference?) [C:\Source\OASIS-master\Providers\Blockchain\TestProjects\NextGenSoftware.OASIS.API.Providers.CardanoOASIS.IntegrationTests\NextGenSoftware.OASIS.API.Providers.CardanoOASIS.IntegrationTests.csproj]
C:\Source\OASIS-master\Providers\Blockchain\TestProjects\NextGenSoftware.OASIS.API.Providers.CardanoOASIS.IntegrationTests\CardanoOASISIntegrationTests.cs(95,36): error CS0246: The type or namespace name 'SearchParams' could not be found (are you missing a using directive or an assembly reference?) [C:\Source\OASIS-master\Providers\Blockchain\TestProjects\NextGenSoftware.OASIS.API.Providers.CardanoOASIS.IntegrationTests\NextGenSoftware.OASIS.API.Providers.CardanoOASIS.IntegrationTests.csproj]
C:\Source\OASIS-master\Providers\Blockchain\TestProjects\NextGenSoftware.OASIS.API.Providers.CardanoOASIS.IntegrationTests\CardanoOASISIntegrationTests.cs(98,30): error CS0103: The name 'SearchType' does not exist in the current context [C:\Source\OASIS-master\Providers\Blockchain\TestProjects\NextGenSoftware.OASIS.API.Providers.CardanoOASIS.IntegrationTests\NextGenSoftware.OASIS.API.Providers.CardanoOASIS.IntegrationTests.csproj]
C:\Source\OASIS-master\Providers\Blockchain\TestProjects\NextGenSoftware.OASIS.API.Providers.CardanoOASIS.IntegrationTests\CardanoOASISIntegrationTests.cs(102,42): error CS1061: 'CardanoOASIS' does not contain a definition for 'SearchAvatarsAsync' and no accessible extension method 'SearchAvatarsAsync' accepting a first argument of type 'CardanoOASIS' could be found (are you missing a using directive or an assembly reference?) [C:\Source\OASIS-master\Providers\Blockchain\TestProjects\NextGenSoftware.OASIS.API.Providers.CardanoOASIS.IntegrationTests\NextGenSoftware.OASIS.API.Providers.CardanoOASIS.IntegrationTests.csproj]
C:\Source\OASIS-master\Providers\Blockchain\TestProjects\NextGenSoftware.OASIS.API.Providers.CardanoOASIS.IntegrationTests\CardanoOASISIntegrationTests.cs(114,36): error CS0246: The type or namespace name 'SearchParams' could not be found (are you missing a using directive or an assembly reference?) [C:\Source\OASIS-master\Providers\Blockchain\TestProjects\NextGenSoftware.OASIS.API.Providers.CardanoOASIS.IntegrationTests\NextGenSoftware.OASIS.API.Providers.CardanoOASIS.IntegrationTests.csproj]
C:\Source\OASIS-master\Providers\Blockchain\TestProjects\NextGenSoftware.OASIS.API.Providers.CardanoOASIS.IntegrationTests\CardanoOASISIntegrationTests.cs(117,30): error CS0103: The name 'SearchType' does not exist in the current context [C:\Source\OASIS-master\Providers\Blockchain\TestProjects\NextGenSoftware.OASIS.API.Providers.CardanoOASIS.IntegrationTests\NextGenSoftware.OASIS.API.Providers.CardanoOASIS.IntegrationTests.csproj]
C:\Source\OASIS-master\Providers\Blockchain\TestProjects\NextGenSoftware.OASIS.API.Providers.CardanoOASIS.IntegrationTests\CardanoOASISIntegrationTests.cs(121,42): error CS1061: 'CardanoOASIS' does not contain a definition for 'SearchHolonsAsync' and no accessible extension method 'SearchHolonsAsync' accepting a first argument of type 'CardanoOASIS' could be found (are you missing a using directive or an assembly reference?) [C:\Source\OASIS-master\Providers\Blockchain\TestProjects\NextGenSoftware.OASIS.API.Providers.CardanoOASIS.IntegrationTests\NextGenSoftware.OASIS.API.Providers.CardanoOASIS.IntegrationTests.csproj]
C:\Source\OASIS-master\Providers\Blockchain\TestProjects\NextGenSoftware.OASIS.API.Providers.CardanoOASIS.IntegrationTests\CardanoOASISIntegrationTests.cs(14,30): warning CS8618: Non-nullable field '_provider' must contain a non-null value when exiting constructor. Consider adding the 'required' modifier or declaring the field as nullable. [C:\Source\OASIS-master\Providers\Blockchain\TestProjects\NextGenSoftware.OASIS.API.Providers.CardanoOASIS.IntegrationTests\NextGenSoftware.OASIS.API.Providers.CardanoOASIS.IntegrationTests.csproj]
C:\Source\OASIS-master\Providers\Blockchain\TestProjects\NextGenSoftware.OASIS.API.Providers.CardanoOASIS.TestHarness\CardanoOASISTestHarness.cs(42,35): warning CS1998: This async method lacks 'await' operators and will run synchronously. Consider using the 'await' operator to await non-blocking API calls, or 'await Task.Run(...)' to do CPU-bound work on a background thread. [C:\Source\OASIS-master\Providers\Blockchain\TestProjects\NextGenSoftware.OASIS.API.Providers.CardanoOASIS.TestHarness\NextGenSoftware.OASIS.API.Providers.CardanoOASIS.TestHarness.csproj]
C:\Source\OASIS-master\Providers\Blockchain\TestProjects\NextGenSoftware.OASIS.API.Providers.CardanoOASIS.TestHarness\CardanoOASISTestHarness.cs(64,37): error CS1061: 'CardanoOASIS' does not contain a definition for 'GetProviderVersion' and no accessible extension method 'GetProviderVersion' accepting a first argument of type 'CardanoOASIS' could be found (are you missing a using directive or an assembly reference?) [C:\Source\OASIS-master\Providers\Blockchain\TestProjects\NextGenSoftware.OASIS.API.Providers.CardanoOASIS.TestHarness\NextGenSoftware.OASIS.API.Providers.CardanoOASIS.TestHarness.csproj]
C:\Source\OASIS-master\Providers\Blockchain\TestProjects\NextGenSoftware.OASIS.API.Providers.CardanoOASIS.TestHarness\CardanoOASISTestHarness.cs(67,42): error CS1061: 'CardanoOASIS' does not contain a definition for 'GetProviderType' and no accessible extension method 'GetProviderType' accepting a first argument of type 'CardanoOASIS' could be found (are you missing a using directive or an assembly reference?) [C:\Source\OASIS-master\Providers\Blockchain\TestProjects\NextGenSoftware.OASIS.API.Providers.CardanoOASIS.TestHarness\NextGenSoftware.OASIS.API.Providers.CardanoOASIS.TestHarness.csproj]
C:\Source\OASIS-master\Providers\Blockchain\TestProjects\NextGenSoftware.OASIS.API.Providers.CardanoOASIS.TestHarness\CardanoOASISTestHarness.cs(70,38): error CS1061: 'CardanoOASIS' does not contain a definition for 'GetProviderCategory' and no accessible extension method 'GetProviderCategory' accepting a first argument of type 'CardanoOASIS' could be found (are you missing a using directive or an assembly reference?) [C:\Source\OASIS-master\Providers\Blockchain\TestProjects\NextGenSoftware.OASIS.API.Providers.CardanoOASIS.TestHarness\NextGenSoftware.OASIS.API.Providers.CardanoOASIS.TestHarness.csproj]
C:\Source\OASIS-master\Providers\Blockchain\TestProjects\NextGenSoftware.OASIS.API.Providers.CardanoOASIS.TestHarness\CardanoOASISTestHarness.cs(60,35): warning CS1998: This async method lacks 'await' operators and will run synchronously. Consider using the 'await' operator to await non-blocking API calls, or 'await Task.Run(...)' to do CPU-bound work on a background thread. [C:\Source\OASIS-master\Providers\Blockchain\TestProjects\NextGenSoftware.OASIS.API.Providers.CardanoOASIS.TestHarness\NextGenSoftware.OASIS.API.Providers.CardanoOASIS.TestHarness.csproj]
C:\Source\OASIS-master\Providers\Blockchain\TestProjects\NextGenSoftware.OASIS.API.Providers.CardanoOASIS.TestHarness\CardanoOASISTestHarness.cs(82,34): error CS0246: The type or namespace name 'Avatar' could not be found (are you missing a using directive or an assembly reference?) [C:\Source\OASIS-master\Providers\Blockchain\TestProjects\NextGenSoftware.OASIS.API.Providers.CardanoOASIS.TestHarness\NextGenSoftware.OASIS.API.Providers.CardanoOASIS.TestHarness.csproj]
C:\Source\OASIS-master\Providers\Blockchain\TestProjects\NextGenSoftware.OASIS.API.Providers.CardanoOASIS.TestHarness\CardanoOASISTestHarness.cs(111,33): error CS0246: The type or namespace name 'Holon' could not be found (are you missing a using directive or an assembly reference?) [C:\Source\OASIS-master\Providers\Blockchain\TestProjects\NextGenSoftware.OASIS.API.Providers.CardanoOASIS.TestHarness\NextGenSoftware.OASIS.API.Providers.CardanoOASIS.TestHarness.csproj]
C:\Source\OASIS-master\Providers\Blockchain\TestProjects\NextGenSoftware.OASIS.API.Providers.CardanoOASIS.TestHarness\CardanoOASISTestHarness.cs(138,36): error CS0246: The type or namespace name 'SearchParams' could not be found (are you missing a using directive or an assembly reference?) [C:\Source\OASIS-master\Providers\Blockchain\TestProjects\NextGenSoftware.OASIS.API.Providers.CardanoOASIS.TestHarness\NextGenSoftware.OASIS.API.Providers.CardanoOASIS.TestHarness.csproj]
C:\Source\OASIS-master\Providers\Blockchain\TestProjects\NextGenSoftware.OASIS.API.Providers.CardanoOASIS.TestHarness\CardanoOASISTestHarness.cs(141,30): error CS0103: The name 'SearchType' does not exist in the current context [C:\Source\OASIS-master\Providers\Blockchain\TestProjects\NextGenSoftware.OASIS.API.Providers.CardanoOASIS.TestHarness\NextGenSoftware.OASIS.API.Providers.CardanoOASIS.TestHarness.csproj]
C:\Source\OASIS-master\Providers\Blockchain\TestProjects\NextGenSoftware.OASIS.API.Providers.CardanoOASIS.TestHarness\CardanoOASISTestHarness.cs(145,54): error CS1061: 'CardanoOASIS' does not contain a definition for 'SearchAvatarsAsync' and no accessible extension method 'SearchAvatarsAsync' accepting a first argument of type 'CardanoOASIS' could be found (are you missing a using directive or an assembly reference?) [C:\Source\OASIS-master\Providers\Blockchain\TestProjects\NextGenSoftware.OASIS.API.Providers.CardanoOASIS.TestHarness\NextGenSoftware.OASIS.API.Providers.CardanoOASIS.TestHarness.csproj]
C:\Source\OASIS-master\Providers\Blockchain\TestProjects\NextGenSoftware.OASIS.API.Providers.CardanoOASIS.TestHarness\CardanoOASISTestHarness.cs(155,35): warning CS1998: This async method lacks 'await' operators and will run synchronously. Consider using the 'await' operator to await non-blocking API calls, or 'await Task.Run(...)' to do CPU-bound work on a background thread. [C:\Source\OASIS-master\Providers\Blockchain\TestProjects\NextGenSoftware.OASIS.API.Providers.CardanoOASIS.TestHarness\NextGenSoftware.OASIS.API.Providers.CardanoOASIS.TestHarness.csproj]
  NextGenSoftware.OASIS.API.Providers.Neo4jOASIS.Aura.TestHarness -> C:\Source\OASIS-master\Providers\Storage\TestProjects\NextGenSoftware.OASIS.API.Providers.Neo4jOASIS.Aura.TestHarness\bin\Debug\net8.0\NextGenSoftware.OASIS.API.Providers.Neo4jOASIS.Aura.TestHarness.dll
C:\Source\OASIS-master\Providers\Blockchain\TestProjects\NextGenSoftware.OASIS.API.Providers.CardanoOASIS.UnitTests\CardanoOASISUnitTests.cs(28,20): error CS0411: The type arguments for method 'Assert.AreEqual<T>(T?, T?)' cannot be inferred from the usage. Try specifying the type arguments explicitly. [C:\Source\OASIS-master\Providers\Blockchain\TestProjects\NextGenSoftware.OASIS.API.Providers.CardanoOASIS.UnitTests\NextGenSoftware.OASIS.API.Providers.CardanoOASIS.UnitTests.csproj]
C:\Source\OASIS-master\Providers\Blockchain\TestProjects\NextGenSoftware.OASIS.API.Providers.CardanoOASIS.UnitTests\CardanoOASISUnitTests.cs(95,37): error CS1061: 'CardanoOASIS' does not contain a definition for 'GetProviderVersion' and no accessible extension method 'GetProviderVersion' accepting a first argument of type 'CardanoOASIS' could be found (are you missing a using directive or an assembly reference?) [C:\Source\OASIS-master\Providers\Blockchain\TestProjects\NextGenSoftware.OASIS.API.Providers.CardanoOASIS.UnitTests\NextGenSoftware.OASIS.API.Providers.CardanoOASIS.UnitTests.csproj]
C:\Source\OASIS-master\Providers\Blockchain\TestProjects\NextGenSoftware.OASIS.API.Providers.CardanoOASIS.UnitTests\CardanoOASISUnitTests.cs(13,30): warning CS8618: Non-nullable field '_provider' must contain a non-null value when exiting constructor. Consider adding the 'required' modifier or declaring the field as nullable. [C:\Source\OASIS-master\Providers\Blockchain\TestProjects\NextGenSoftware.OASIS.API.Providers.CardanoOASIS.UnitTests\NextGenSoftware.OASIS.API.Providers.CardanoOASIS.UnitTests.csproj]
C:\Source\OASIS-master\Providers\Blockchain\TestProjects\NextGenSoftware.OASIS.API.Providers.CosmosBlockChainOASIS.TestHarness\CosmosBlockChainOASISTestHarness.cs(42,35): warning CS1998: This async method lacks 'await' operators and will run synchronously. Consider using the 'await' operator to await non-blocking API calls, or 'await Task.Run(...)' to do CPU-bound work on a background thread. [C:\Source\OASIS-master\Providers\Blockchain\TestProjects\NextGenSoftware.OASIS.API.Providers.CosmosBlockChainOASIS.TestHarness\NextGenSoftware.OASIS.API.Providers.CosmosBlockChainOASIS.TestHarness.csproj]
C:\Source\OASIS-master\Providers\Blockchain\TestProjects\NextGenSoftware.OASIS.API.Providers.CosmosBlockChainOASIS.TestHarness\CosmosBlockChainOASISTestHarness.cs(64,37): error CS1061: 'CosmosBlockChainOASIS' does not contain a definition for 'GetProviderVersion' and no accessible extension method 'GetProviderVersion' accepting a first argument of type 'CosmosBlockChainOASIS' could be found (are you missing a using directive or an assembly reference?) [C:\Source\OASIS-master\Providers\Blockchain\TestProjects\NextGenSoftware.OASIS.API.Providers.CosmosBlockChainOASIS.TestHarness\NextGenSoftware.OASIS.API.Providers.CosmosBlockChainOASIS.TestHarness.csproj]
C:\Source\OASIS-master\Providers\Blockchain\TestProjects\NextGenSoftware.OASIS.API.Providers.CosmosBlockChainOASIS.TestHarness\CosmosBlockChainOASISTestHarness.cs(67,42): error CS1061: 'CosmosBlockChainOASIS' does not contain a definition for 'GetProviderType' and no accessible extension method 'GetProviderType' accepting a first argument of type 'CosmosBlockChainOASIS' could be found (are you missing a using directive or an assembly reference?) [C:\Source\OASIS-master\Providers\Blockchain\TestProjects\NextGenSoftware.OASIS.API.Providers.CosmosBlockChainOASIS.TestHarness\NextGenSoftware.OASIS.API.Providers.CosmosBlockChainOASIS.TestHarness.csproj]
C:\Source\OASIS-master\Providers\Blockchain\TestProjects\NextGenSoftware.OASIS.API.Providers.CosmosBlockChainOASIS.TestHarness\CosmosBlockChainOASISTestHarness.cs(70,38): error CS1061: 'CosmosBlockChainOASIS' does not contain a definition for 'GetProviderCategory' and no accessible extension method 'GetProviderCategory' accepting a first argument of type 'CosmosBlockChainOASIS' could be found (are you missing a using directive or an assembly reference?) [C:\Source\OASIS-master\Providers\Blockchain\TestProjects\NextGenSoftware.OASIS.API.Providers.CosmosBlockChainOASIS.TestHarness\NextGenSoftware.OASIS.API.Providers.CosmosBlockChainOASIS.TestHarness.csproj]
C:\Source\OASIS-master\Providers\Blockchain\TestProjects\NextGenSoftware.OASIS.API.Providers.CosmosBlockChainOASIS.TestHarness\CosmosBlockChainOASISTestHarness.cs(60,35): warning CS1998: This async method lacks 'await' operators and will run synchronously. Consider using the 'await' operator to await non-blocking API calls, or 'await Task.Run(...)' to do CPU-bound work on a background thread. [C:\Source\OASIS-master\Providers\Blockchain\TestProjects\NextGenSoftware.OASIS.API.Providers.CosmosBlockChainOASIS.TestHarness\NextGenSoftware.OASIS.API.Providers.CosmosBlockChainOASIS.TestHarness.csproj]
C:\Source\OASIS-master\Providers\Blockchain\TestProjects\NextGenSoftware.OASIS.API.Providers.CosmosBlockChainOASIS.TestHarness\CosmosBlockChainOASISTestHarness.cs(82,34): error CS0246: The type or namespace name 'Avatar' could not be found (are you missing a using directive or an assembly reference?) [C:\Source\OASIS-master\Providers\Blockchain\TestProjects\NextGenSoftware.OASIS.API.Providers.CosmosBlockChainOASIS.TestHarness\NextGenSoftware.OASIS.API.Providers.CosmosBlockChainOASIS.TestHarness.csproj]
C:\Source\OASIS-master\Providers\Blockchain\TestProjects\NextGenSoftware.OASIS.API.Providers.CosmosBlockChainOASIS.TestHarness\CosmosBlockChainOASISTestHarness.cs(111,33): error CS0246: The type or namespace name 'Holon' could not be found (are you missing a using directive or an assembly reference?) [C:\Source\OASIS-master\Providers\Blockchain\TestProjects\NextGenSoftware.OASIS.API.Providers.CosmosBlockChainOASIS.TestHarness\NextGenSoftware.OASIS.API.Providers.CosmosBlockChainOASIS.TestHarness.csproj]
C:\Source\OASIS-master\Providers\Blockchain\TestProjects\NextGenSoftware.OASIS.API.Providers.CosmosBlockChainOASIS.TestHarness\CosmosBlockChainOASISTestHarness.cs(138,36): error CS0246: The type or namespace name 'SearchParams' could not be found (are you missing a using directive or an assembly reference?) [C:\Source\OASIS-master\Providers\Blockchain\TestProjects\NextGenSoftware.OASIS.API.Providers.CosmosBlockChainOASIS.TestHarness\NextGenSoftware.OASIS.API.Providers.CosmosBlockChainOASIS.TestHarness.csproj]
C:\Source\OASIS-master\Providers\Blockchain\TestProjects\NextGenSoftware.OASIS.API.Providers.CosmosBlockChainOASIS.TestHarness\CosmosBlockChainOASISTestHarness.cs(141,30): error CS0103: The name 'SearchType' does not exist in the current context [C:\Source\OASIS-master\Providers\Blockchain\TestProjects\NextGenSoftware.OASIS.API.Providers.CosmosBlockChainOASIS.TestHarness\NextGenSoftware.OASIS.API.Providers.CosmosBlockChainOASIS.TestHarness.csproj]
C:\Source\OASIS-master\Providers\Blockchain\TestProjects\NextGenSoftware.OASIS.API.Providers.CosmosBlockChainOASIS.TestHarness\CosmosBlockChainOASISTestHarness.cs(145,54): error CS1061: 'CosmosBlockChainOASIS' does not contain a definition for 'SearchAvatarsAsync' and no accessible extension method 'SearchAvatarsAsync' accepting a first argument of type 'CosmosBlockChainOASIS' could be found (are you missing a using directive or an assembly reference?) [C:\Source\OASIS-master\Providers\Blockchain\TestProjects\NextGenSoftware.OASIS.API.Providers.CosmosBlockChainOASIS.TestHarness\NextGenSoftware.OASIS.API.Providers.CosmosBlockChainOASIS.TestHarness.csproj]
C:\Source\OASIS-master\Providers\Blockchain\TestProjects\NextGenSoftware.OASIS.API.Providers.CosmosBlockChainOASIS.TestHarness\CosmosBlockChainOASISTestHarness.cs(155,35): warning CS1998: This async method lacks 'await' operators and will run synchronously. Consider using the 'await' operator to await non-blocking API calls, or 'await Task.Run(...)' to do CPU-bound work on a background thread. [C:\Source\OASIS-master\Providers\Blockchain\TestProjects\NextGenSoftware.OASIS.API.Providers.CosmosBlockChainOASIS.TestHarness\NextGenSoftware.OASIS.API.Providers.CosmosBlockChainOASIS.TestHarness.csproj]
C:\Source\OASIS-master\Providers\Blockchain\TestProjects\NextGenSoftware.OASIS.API.Providers.AptosOASIS.UnitTests\AptosOASISProviderTests.cs(28,20): error CS0411: The type arguments for method 'Assert.AreEqual<T>(T?, T?)' cannot be inferred from the usage. Try specifying the type arguments explicitly. [C:\Source\OASIS-master\Providers\Blockchain\TestProjects\NextGenSoftware.OASIS.API.Providers.AptosOASIS.UnitTests\NextGenSoftware.OASIS.API.Providers.AptosOASIS.UnitTests.csproj]
C:\Source\OASIS-master\Providers\Blockchain\TestProjects\NextGenSoftware.OASIS.API.Providers.AptosOASIS.UnitTests\AptosOASISProviderTests.cs(38,20): error CS0411: The type arguments for method 'Assert.AreEqual<T>(T?, T?)' cannot be inferred from the usage. Try specifying the type arguments explicitly. [C:\Source\OASIS-master\Providers\Blockchain\TestProjects\NextGenSoftware.OASIS.API.Providers.AptosOASIS.UnitTests\NextGenSoftware.OASIS.API.Providers.AptosOASIS.UnitTests.csproj]
C:\Source\OASIS-master\Providers\Blockchain\TestProjects\NextGenSoftware.OASIS.API.Providers.AptosOASIS.UnitTests\AptosOASISProviderTests.cs(105,42): error CS1061: 'AptosOASIS' does not contain a definition for 'GetProviderVersion' and no accessible extension method 'GetProviderVersion' accepting a first argument of type 'AptosOASIS' could be found (are you missing a using directive or an assembly reference?) [C:\Source\OASIS-master\Providers\Blockchain\TestProjects\NextGenSoftware.OASIS.API.Providers.AptosOASIS.UnitTests\NextGenSoftware.OASIS.API.Providers.AptosOASIS.UnitTests.csproj]
C:\Source\OASIS-master\Providers\Blockchain\TestProjects\NextGenSoftware.OASIS.API.Providers.AptosOASIS.UnitTests\AptosOASISProviderTests.cs(116,47): error CS1061: 'AptosOASIS' does not contain a definition for 'GetProviderType' and no accessible extension method 'GetProviderType' accepting a first argument of type 'AptosOASIS' could be found (are you missing a using directive or an assembly reference?) [C:\Source\OASIS-master\Providers\Blockchain\TestProjects\NextGenSoftware.OASIS.API.Providers.AptosOASIS.UnitTests\NextGenSoftware.OASIS.API.Providers.AptosOASIS.UnitTests.csproj]
C:\Source\OASIS-master\Providers\Blockchain\TestProjects\NextGenSoftware.OASIS.API.Providers.AptosOASIS.UnitTests\AptosOASISProviderTests.cs(126,43): error CS1061: 'AptosOASIS' does not contain a definition for 'GetProviderCategory' and no accessible extension method 'GetProviderCategory' accepting a first argument of type 'AptosOASIS' could be found (are you missing a using directive or an assembly reference?) [C:\Source\OASIS-master\Providers\Blockchain\TestProjects\NextGenSoftware.OASIS.API.Providers.AptosOASIS.UnitTests\NextGenSoftware.OASIS.API.Providers.AptosOASIS.UnitTests.csproj]
C:\Source\OASIS-master\Providers\Blockchain\TestProjects\NextGenSoftware.OASIS.API.Providers.AptosOASIS.UnitTests\AptosOASISProviderTests.cs(13,28): warning CS8618: Non-nullable field '_aptosProvider' must contain a non-null value when exiting constructor. Consider adding the 'required' modifier or declaring the field as nullable. [C:\Source\OASIS-master\Providers\Blockchain\TestProjects\NextGenSoftware.OASIS.API.Providers.AptosOASIS.UnitTests\NextGenSoftware.OASIS.API.Providers.AptosOASIS.UnitTests.csproj]
C:\Source\OASIS-master\Providers\Storage\TestProjects\NextGenSoftware.OASIS.API.Providers.Neo4jOASIS2.TestHarness\Neo4jOASIS2TestHarness.cs(12,24): error CS0118: 'Neo4jOASIS2' is a namespace but is used like a type [C:\Source\OASIS-master\Providers\Storage\TestProjects\NextGenSoftware.OASIS.API.Providers.Neo4jOASIS2.TestHarness\NextGenSoftware.OASIS.API.Providers.Neo4jOASIS2.TestHarness.csproj]
  NextGenSoftware.OASIS.API.Providers.SQLLiteDBOASIS.TestHarness -> C:\Source\OASIS-master\Providers\Storage\TestProjects\NextGenSoftware.OASIS.API.Providers.SQLLiteDBOASIS.TestHarness\bin\Debug\net8.0\NextGenSoftware.OASIS.API.Providers.SQLLiteDBOASIS.TestHarness.dll
C:\Source\OASIS-master\Providers\Blockchain\TestProjects\NextGenSoftware.OASIS.API.Providers.EOSIOOASIS.IntegrationTests\EOSIOOASISIntegrationTests.cs(19,29): error CS7036: There is no argument given that corresponds to the required parameter 'hostUri' of 'EOSIOOASIS.EOSIOOASIS(string, string, string, string)' [C:\Source\OASIS-master\Providers\Blockchain\TestProjects\NextGenSoftware.OASIS.API.Providers.EOSIOOASIS.IntegrationTests\NextGenSoftware.OASIS.API.Providers.EOSIOOASIS.IntegrationTests.csproj]
C:\Source\OASIS-master\Providers\Blockchain\TestProjects\NextGenSoftware.OASIS.API.Providers.EOSIOOASIS.IntegrationTests\EOSIOOASISIntegrationTests.cs(26,30): error CS0246: The type or namespace name 'Avatar' could not be found (are you missing a using directive or an assembly reference?) [C:\Source\OASIS-master\Providers\Blockchain\TestProjects\NextGenSoftware.OASIS.API.Providers.EOSIOOASIS.IntegrationTests\NextGenSoftware.OASIS.API.Providers.EOSIOOASIS.IntegrationTests.csproj]
C:\Source\OASIS-master\Providers\Blockchain\TestProjects\NextGenSoftware.OASIS.API.Providers.EOSIOOASIS.IntegrationTests\EOSIOOASISIntegrationTests.cs(62,29): error CS0246: The type or namespace name 'Holon' could not be found (are you missing a using directive or an assembly reference?) [C:\Source\OASIS-master\Providers\Blockchain\TestProjects\NextGenSoftware.OASIS.API.Providers.EOSIOOASIS.IntegrationTests\NextGenSoftware.OASIS.API.Providers.EOSIOOASIS.IntegrationTests.csproj]
C:\Source\OASIS-master\Providers\Blockchain\TestProjects\NextGenSoftware.OASIS.API.Providers.EOSIOOASIS.IntegrationTests\EOSIOOASISIntegrationTests.cs(95,36): error CS0246: The type or namespace name 'SearchParams' could not be found (are you missing a using directive or an assembly reference?) [C:\Source\OASIS-master\Providers\Blockchain\TestProjects\NextGenSoftware.OASIS.API.Providers.EOSIOOASIS.IntegrationTests\NextGenSoftware.OASIS.API.Providers.EOSIOOASIS.IntegrationTests.csproj]
C:\Source\OASIS-master\Providers\Blockchain\TestProjects\NextGenSoftware.OASIS.API.Providers.EOSIOOASIS.IntegrationTests\EOSIOOASISIntegrationTests.cs(98,30): error CS0103: The name 'SearchType' does not exist in the current context [C:\Source\OASIS-master\Providers\Blockchain\TestProjects\NextGenSoftware.OASIS.API.Providers.EOSIOOASIS.IntegrationTests\NextGenSoftware.OASIS.API.Providers.EOSIOOASIS.IntegrationTests.csproj]
C:\Source\OASIS-master\Providers\Blockchain\TestProjects\NextGenSoftware.OASIS.API.Providers.EOSIOOASIS.IntegrationTests\EOSIOOASISIntegrationTests.cs(102,42): error CS1061: 'EOSIOOASIS' does not contain a definition for 'SearchAvatarsAsync' and no accessible extension method 'SearchAvatarsAsync' accepting a first argument of type 'EOSIOOASIS' could be found (are you missing a using directive or an assembly reference?) [C:\Source\OASIS-master\Providers\Blockchain\TestProjects\NextGenSoftware.OASIS.API.Providers.EOSIOOASIS.IntegrationTests\NextGenSoftware.OASIS.API.Providers.EOSIOOASIS.IntegrationTests.csproj]
C:\Source\OASIS-master\Providers\Blockchain\TestProjects\NextGenSoftware.OASIS.API.Providers.EOSIOOASIS.IntegrationTests\EOSIOOASISIntegrationTests.cs(114,36): error CS0246: The type or namespace name 'SearchParams' could not be found (are you missing a using directive or an assembly reference?) [C:\Source\OASIS-master\Providers\Blockchain\TestProjects\NextGenSoftware.OASIS.API.Providers.EOSIOOASIS.IntegrationTests\NextGenSoftware.OASIS.API.Providers.EOSIOOASIS.IntegrationTests.csproj]
C:\Source\OASIS-master\Providers\Blockchain\TestProjects\NextGenSoftware.OASIS.API.Providers.EOSIOOASIS.IntegrationTests\EOSIOOASISIntegrationTests.cs(117,30): error CS0103: The name 'SearchType' does not exist in the current context [C:\Source\OASIS-master\Providers\Blockchain\TestProjects\NextGenSoftware.OASIS.API.Providers.EOSIOOASIS.IntegrationTests\NextGenSoftware.OASIS.API.Providers.EOSIOOASIS.IntegrationTests.csproj]
C:\Source\OASIS-master\Providers\Blockchain\TestProjects\NextGenSoftware.OASIS.API.Providers.EOSIOOASIS.IntegrationTests\EOSIOOASISIntegrationTests.cs(121,42): error CS1061: 'EOSIOOASIS' does not contain a definition for 'SearchHolonsAsync' and no accessible extension method 'SearchHolonsAsync' accepting a first argument of type 'EOSIOOASIS' could be found (are you missing a using directive or an assembly reference?) [C:\Source\OASIS-master\Providers\Blockchain\TestProjects\NextGenSoftware.OASIS.API.Providers.EOSIOOASIS.IntegrationTests\NextGenSoftware.OASIS.API.Providers.EOSIOOASIS.IntegrationTests.csproj]
C:\Source\OASIS-master\Providers\Blockchain\TestProjects\NextGenSoftware.OASIS.API.Providers.EOSIOOASIS.IntegrationTests\EOSIOOASISIntegrationTests.cs(14,28): warning CS8618: Non-nullable field '_provider' must contain a non-null value when exiting constructor. Consider adding the 'required' modifier or declaring the field as nullable. [C:\Source\OASIS-master\Providers\Blockchain\TestProjects\NextGenSoftware.OASIS.API.Providers.EOSIOOASIS.IntegrationTests\NextGenSoftware.OASIS.API.Providers.EOSIOOASIS.IntegrationTests.csproj]
  NextGenSoftware.OASIS.API.Providers.SQLLiteDBOASIS.IntegrationTests -> C:\Source\OASIS-master\Providers\Storage\TestProjects\NextGenSoftware.OASIS.API.Providers.SQLLiteDBOASIS.IntegrationTests\bin\Debug\net8.0\NextGenSoftware.OASIS.API.Providers.SQLLiteDBOASIS.IntegrationTests.dll
C:\Source\OASIS-master\Providers\Storage\TestProjects\NextGenSoftware.OASIS.API.Providers.Neo4jOASIS2.UnitTests\Neo4jOASIS2UnitTests.cs(13,17): error CS0118: 'Neo4jOASIS2' is a namespace but is used like a type [C:\Source\OASIS-master\Providers\Storage\TestProjects\NextGenSoftware.OASIS.API.Providers.Neo4jOASIS2.UnitTests\NextGenSoftware.OASIS.API.Providers.Neo4jOASIS2.UnitTests.csproj]
C:\Program Files\dotnet\sdk\9.0.306\Microsoft.Common.CurrentVersion.targets(2189,5): warning MSB9008: The referenced project ..\..\NextGenSoftware.OASIS.API.Providers.MoralisDBOASIS\NextGenSoftware.OASIS.API.Providers.MoralisDBOASIS.csproj does not exist. [C:\Source\OASIS-master\Providers\Blockchain\TestProjects\NextGenSoftware.OASIS.API.Providers.MoralisDBOASIS.IntegrationTests\NextGenSoftware.OASIS.API.Providers.MoralisDBOASIS.IntegrationTests.csproj]
C:\Source\OASIS-master\Providers\Storage\TestProjects\NextGenSoftware.OASIS.API.Providers.Neo4jOASIS2.IntegrationTests\Neo4jOASIS2IntegrationTests.cs(14,17): error CS0118: 'Neo4jOASIS2' is a namespace but is used like a type [C:\Source\OASIS-master\Providers\Storage\TestProjects\NextGenSoftware.OASIS.API.Providers.Neo4jOASIS2.IntegrationTests\NextGenSoftware.OASIS.API.Providers.Neo4jOASIS2.IntegrationTests.csproj]
C:\Program Files\dotnet\sdk\9.0.306\Microsoft.Common.CurrentVersion.targets(2189,5): warning MSB9008: The referenced project ..\..\NextGenSoftware.OASIS.API.Providers.MoralisDBOASIS\NextGenSoftware.OASIS.API.Providers.MoralisDBOASIS.csproj does not exist. [C:\Source\OASIS-master\Providers\Blockchain\TestProjects\NextGenSoftware.OASIS.API.Providers.MoralisDBOASIS.TestHarness\NextGenSoftware.OASIS.API.Providers.MoralisDBOASIS.TestHarness.csproj]
C:\Source\OASIS-master\Providers\Blockchain\TestProjects\NextGenSoftware.OASIS.API.Providers.EOSIOOASIS.UnitTests\EOSIOOASISUnitTests.cs(18,29): error CS7036: There is no argument given that corresponds to the required parameter 'hostUri' of 'EOSIOOASIS.EOSIOOASIS(string, string, string, string)' [C:\Source\OASIS-master\Providers\Blockchain\TestProjects\NextGenSoftware.OASIS.API.Providers.EOSIOOASIS.UnitTests\NextGenSoftware.OASIS.API.Providers.EOSIOOASIS.UnitTests.csproj]
C:\Source\OASIS-master\Providers\Blockchain\TestProjects\NextGenSoftware.OASIS.API.Providers.EOSIOOASIS.UnitTests\EOSIOOASISUnitTests.cs(28,20): error CS0411: The type arguments for method 'Assert.AreEqual<T>(T?, T?)' cannot be inferred from the usage. Try specifying the type arguments explicitly. [C:\Source\OASIS-master\Providers\Blockchain\TestProjects\NextGenSoftware.OASIS.API.Providers.EOSIOOASIS.UnitTests\NextGenSoftware.OASIS.API.Providers.EOSIOOASIS.UnitTests.csproj]
C:\Source\OASIS-master\Providers\Blockchain\TestProjects\NextGenSoftware.OASIS.API.Providers.EOSIOOASIS.UnitTests\EOSIOOASISUnitTests.cs(95,37): error CS1061: 'EOSIOOASIS' does not contain a definition for 'GetProviderVersion' and no accessible extension method 'GetProviderVersion' accepting a first argument of type 'EOSIOOASIS' could be found (are you missing a using directive or an assembly reference?) [C:\Source\OASIS-master\Providers\Blockchain\TestProjects\NextGenSoftware.OASIS.API.Providers.EOSIOOASIS.UnitTests\NextGenSoftware.OASIS.API.Providers.EOSIOOASIS.UnitTests.csproj]
C:\Source\OASIS-master\Providers\Blockchain\TestProjects\NextGenSoftware.OASIS.API.Providers.EOSIOOASIS.UnitTests\EOSIOOASISUnitTests.cs(13,28): warning CS8618: Non-nullable field '_provider' must contain a non-null value when exiting constructor. Consider adding the 'required' modifier or declaring the field as nullable. [C:\Source\OASIS-master\Providers\Blockchain\TestProjects\NextGenSoftware.OASIS.API.Providers.EOSIOOASIS.UnitTests\NextGenSoftware.OASIS.API.Providers.EOSIOOASIS.UnitTests.csproj]
C:\Program Files\dotnet\sdk\9.0.306\Microsoft.Common.CurrentVersion.targets(2189,5): warning MSB9008: The referenced project ..\..\NextGenSoftware.OASIS.API.Providers.MoralisDBOASIS\NextGenSoftware.OASIS.API.Providers.MoralisDBOASIS.csproj does not exist. [C:\Source\OASIS-master\Providers\Blockchain\TestProjects\NextGenSoftware.OASIS.API.Providers.MoralisDBOASIS.UnitTests\NextGenSoftware.OASIS.API.Providers.MoralisDBOASIS.UnitTests.csproj]
C:\Source\OASIS-master\Providers\Blockchain\TestProjects\NextGenSoftware.OASIS.API.Providers.MoralisDBOASIS.TestHarness\MoralisDBOASISTestHarness.cs(2,33): error CS0234: The type or namespace name 'Core' does not exist in the namespace 'NextGenSoftware.OASIS.API' (are you missing an assembly reference?) [C:\Source\OASIS-master\Providers\Blockchain\TestProjects\NextGenSoftware.OASIS.API.Providers.MoralisDBOASIS.TestHarness\NextGenSoftware.OASIS.API.Providers.MoralisDBOASIS.TestHarness.csproj]
C:\Source\OASIS-master\Providers\Blockchain\TestProjects\NextGenSoftware.OASIS.API.Providers.MoralisDBOASIS.TestHarness\MoralisDBOASISTestHarness.cs(3,33): error CS0234: The type or namespace name 'Core' does not exist in the namespace 'NextGenSoftware.OASIS.API' (are you missing an assembly reference?) [C:\Source\OASIS-master\Providers\Blockchain\TestProjects\NextGenSoftware.OASIS.API.Providers.MoralisDBOASIS.TestHarness\NextGenSoftware.OASIS.API.Providers.MoralisDBOASIS.TestHarness.csproj]
C:\Source\OASIS-master\Providers\Blockchain\TestProjects\NextGenSoftware.OASIS.API.Providers.MoralisDBOASIS.TestHarness\MoralisDBOASISTestHarness.cs(4,33): error CS0234: The type or namespace name 'Core' does not exist in the namespace 'NextGenSoftware.OASIS.API' (are you missing an assembly reference?) [C:\Source\OASIS-master\Providers\Blockchain\TestProjects\NextGenSoftware.OASIS.API.Providers.MoralisDBOASIS.TestHarness\NextGenSoftware.OASIS.API.Providers.MoralisDBOASIS.TestHarness.csproj]
C:\Source\OASIS-master\Providers\Blockchain\TestProjects\NextGenSoftware.OASIS.API.Providers.MoralisDBOASIS.TestHarness\MoralisDBOASISTestHarness.cs(12,24): error CS0118: 'MoralisDBOASIS' is a namespace but is used like a type [C:\Source\OASIS-master\Providers\Blockchain\TestProjects\NextGenSoftware.OASIS.API.Providers.MoralisDBOASIS.TestHarness\NextGenSoftware.OASIS.API.Providers.MoralisDBOASIS.TestHarness.csproj]
C:\Source\OASIS-master\Providers\Blockchain\TestProjects\NextGenSoftware.OASIS.API.Providers.MoralisDBOASIS.IntegrationTests\MoralisDBOASISIntegrationTests.cs(3,33): error CS0234: The type or namespace name 'Core' does not exist in the namespace 'NextGenSoftware.OASIS.API' (are you missing an assembly reference?) [C:\Source\OASIS-master\Providers\Blockchain\TestProjects\NextGenSoftware.OASIS.API.Providers.MoralisDBOASIS.IntegrationTests\NextGenSoftware.OASIS.API.Providers.MoralisDBOASIS.IntegrationTests.csproj]
C:\Source\OASIS-master\Providers\Blockchain\TestProjects\NextGenSoftware.OASIS.API.Providers.MoralisDBOASIS.IntegrationTests\MoralisDBOASISIntegrationTests.cs(4,33): error CS0234: The type or namespace name 'Core' does not exist in the namespace 'NextGenSoftware.OASIS.API' (are you missing an assembly reference?) [C:\Source\OASIS-master\Providers\Blockchain\TestProjects\NextGenSoftware.OASIS.API.Providers.MoralisDBOASIS.IntegrationTests\NextGenSoftware.OASIS.API.Providers.MoralisDBOASIS.IntegrationTests.csproj]
C:\Source\OASIS-master\Providers\Blockchain\TestProjects\NextGenSoftware.OASIS.API.Providers.MoralisDBOASIS.IntegrationTests\MoralisDBOASISIntegrationTests.cs(5,33): error CS0234: The type or namespace name 'Core' does not exist in the namespace 'NextGenSoftware.OASIS.API' (are you missing an assembly reference?) [C:\Source\OASIS-master\Providers\Blockchain\TestProjects\NextGenSoftware.OASIS.API.Providers.MoralisDBOASIS.IntegrationTests\NextGenSoftware.OASIS.API.Providers.MoralisDBOASIS.IntegrationTests.csproj]
C:\Source\OASIS-master\Providers\Blockchain\TestProjects\NextGenSoftware.OASIS.API.Providers.MoralisDBOASIS.IntegrationTests\MoralisDBOASISIntegrationTests.cs(14,17): error CS0118: 'MoralisDBOASIS' is a namespace but is used like a type [C:\Source\OASIS-master\Providers\Blockchain\TestProjects\NextGenSoftware.OASIS.API.Providers.MoralisDBOASIS.IntegrationTests\NextGenSoftware.OASIS.API.Providers.MoralisDBOASIS.IntegrationTests.csproj]
C:\Source\OASIS-master\Providers\Blockchain\TestProjects\NextGenSoftware.OASIS.API.Providers.CosmosBlockChainOASIS.IntegrationTests\CosmosBlockChainOASISIntegrationTests.cs(26,30): error CS0246: The type or namespace name 'Avatar' could not be found (are you missing a using directive or an assembly reference?) [C:\Source\OASIS-master\Providers\Blockchain\TestProjects\NextGenSoftware.OASIS.API.Providers.CosmosBlockChainOASIS.IntegrationTests\NextGenSoftware.OASIS.API.Providers.CosmosBlockChainOASIS.IntegrationTests.csproj]
C:\Source\OASIS-master\Providers\Blockchain\TestProjects\NextGenSoftware.OASIS.API.Providers.CosmosBlockChainOASIS.IntegrationTests\CosmosBlockChainOASISIntegrationTests.cs(62,29): error CS0246: The type or namespace name 'Holon' could not be found (are you missing a using directive or an assembly reference?) [C:\Source\OASIS-master\Providers\Blockchain\TestProjects\NextGenSoftware.OASIS.API.Providers.CosmosBlockChainOASIS.IntegrationTests\NextGenSoftware.OASIS.API.Providers.CosmosBlockChainOASIS.IntegrationTests.csproj]
C:\Source\OASIS-master\Providers\Blockchain\TestProjects\NextGenSoftware.OASIS.API.Providers.CosmosBlockChainOASIS.IntegrationTests\CosmosBlockChainOASISIntegrationTests.cs(95,36): error CS0246: The type or namespace name 'SearchParams' could not be found (are you missing a using directive or an assembly reference?) [C:\Source\OASIS-master\Providers\Blockchain\TestProjects\NextGenSoftware.OASIS.API.Providers.CosmosBlockChainOASIS.IntegrationTests\NextGenSoftware.OASIS.API.Providers.CosmosBlockChainOASIS.IntegrationTests.csproj]
C:\Source\OASIS-master\Providers\Blockchain\TestProjects\NextGenSoftware.OASIS.API.Providers.CosmosBlockChainOASIS.IntegrationTests\CosmosBlockChainOASISIntegrationTests.cs(98,30): error CS0103: The name 'SearchType' does not exist in the current context [C:\Source\OASIS-master\Providers\Blockchain\TestProjects\NextGenSoftware.OASIS.API.Providers.CosmosBlockChainOASIS.IntegrationTests\NextGenSoftware.OASIS.API.Providers.CosmosBlockChainOASIS.IntegrationTests.csproj]
C:\Source\OASIS-master\Providers\Blockchain\TestProjects\NextGenSoftware.OASIS.API.Providers.CosmosBlockChainOASIS.IntegrationTests\CosmosBlockChainOASISIntegrationTests.cs(102,42): error CS1061: 'CosmosBlockChainOASIS' does not contain a definition for 'SearchAvatarsAsync' and no accessible extension method 'SearchAvatarsAsync' accepting a first argument of type 'CosmosBlockChainOASIS' could be found (are you missing a using directive or an assembly reference?) [C:\Source\OASIS-master\Providers\Blockchain\TestProjects\NextGenSoftware.OASIS.API.Providers.CosmosBlockChainOASIS.IntegrationTests\NextGenSoftware.OASIS.API.Providers.CosmosBlockChainOASIS.IntegrationTests.csproj]
C:\Source\OASIS-master\Providers\Blockchain\TestProjects\NextGenSoftware.OASIS.API.Providers.CosmosBlockChainOASIS.IntegrationTests\CosmosBlockChainOASISIntegrationTests.cs(114,36): error CS0246: The type or namespace name 'SearchParams' could not be found (are you missing a using directive or an assembly reference?) [C:\Source\OASIS-master\Providers\Blockchain\TestProjects\NextGenSoftware.OASIS.API.Providers.CosmosBlockChainOASIS.IntegrationTests\NextGenSoftware.OASIS.API.Providers.CosmosBlockChainOASIS.IntegrationTests.csproj]
C:\Source\OASIS-master\Providers\Blockchain\TestProjects\NextGenSoftware.OASIS.API.Providers.CosmosBlockChainOASIS.IntegrationTests\CosmosBlockChainOASISIntegrationTests.cs(117,30): error CS0103: The name 'SearchType' does not exist in the current context [C:\Source\OASIS-master\Providers\Blockchain\TestProjects\NextGenSoftware.OASIS.API.Providers.CosmosBlockChainOASIS.IntegrationTests\NextGenSoftware.OASIS.API.Providers.CosmosBlockChainOASIS.IntegrationTests.csproj]
C:\Source\OASIS-master\Providers\Blockchain\TestProjects\NextGenSoftware.OASIS.API.Providers.CosmosBlockChainOASIS.IntegrationTests\CosmosBlockChainOASISIntegrationTests.cs(121,42): error CS1061: 'CosmosBlockChainOASIS' does not contain a definition for 'SearchHolonsAsync' and no accessible extension method 'SearchHolonsAsync' accepting a first argument of type 'CosmosBlockChainOASIS' could be found (are you missing a using directive or an assembly reference?) [C:\Source\OASIS-master\Providers\Blockchain\TestProjects\NextGenSoftware.OASIS.API.Providers.CosmosBlockChainOASIS.IntegrationTests\NextGenSoftware.OASIS.API.Providers.CosmosBlockChainOASIS.IntegrationTests.csproj]
C:\Source\OASIS-master\Providers\Blockchain\TestProjects\NextGenSoftware.OASIS.API.Providers.CosmosBlockChainOASIS.IntegrationTests\CosmosBlockChainOASISIntegrationTests.cs(14,39): warning CS8618: Non-nullable field '_provider' must contain a non-null value when exiting constructor. Consider adding the 'required' modifier or declaring the field as nullable. [C:\Source\OASIS-master\Providers\Blockchain\TestProjects\NextGenSoftware.OASIS.API.Providers.CosmosBlockChainOASIS.IntegrationTests\NextGenSoftware.OASIS.API.Providers.CosmosBlockChainOASIS.IntegrationTests.csproj]
C:\Source\OASIS-master\Providers\Blockchain\TestProjects\NextGenSoftware.OASIS.API.Providers.MoralisDBOASIS.UnitTests\MoralisDBOASISUnitTests.cs(3,33): error CS0234: The type or namespace name 'Core' does not exist in the namespace 'NextGenSoftware.OASIS.API' (are you missing an assembly reference?) [C:\Source\OASIS-master\Providers\Blockchain\TestProjects\NextGenSoftware.OASIS.API.Providers.MoralisDBOASIS.UnitTests\NextGenSoftware.OASIS.API.Providers.MoralisDBOASIS.UnitTests.csproj]
C:\Source\OASIS-master\Providers\Blockchain\TestProjects\NextGenSoftware.OASIS.API.Providers.MoralisDBOASIS.UnitTests\MoralisDBOASISUnitTests.cs(4,33): error CS0234: The type or namespace name 'Core' does not exist in the namespace 'NextGenSoftware.OASIS.API' (are you missing an assembly reference?) [C:\Source\OASIS-master\Providers\Blockchain\TestProjects\NextGenSoftware.OASIS.API.Providers.MoralisDBOASIS.UnitTests\NextGenSoftware.OASIS.API.Providers.MoralisDBOASIS.UnitTests.csproj]
C:\Source\OASIS-master\Providers\Blockchain\TestProjects\NextGenSoftware.OASIS.API.Providers.MoralisDBOASIS.UnitTests\MoralisDBOASISUnitTests.cs(5,33): error CS0234: The type or namespace name 'Core' does not exist in the namespace 'NextGenSoftware.OASIS.API' (are you missing an assembly reference?) [C:\Source\OASIS-master\Providers\Blockchain\TestProjects\NextGenSoftware.OASIS.API.Providers.MoralisDBOASIS.UnitTests\NextGenSoftware.OASIS.API.Providers.MoralisDBOASIS.UnitTests.csproj]
C:\Source\OASIS-master\Providers\Blockchain\TestProjects\NextGenSoftware.OASIS.API.Providers.MoralisDBOASIS.UnitTests\MoralisDBOASISUnitTests.cs(13,17): error CS0118: 'MoralisDBOASIS' is a namespace but is used like a type [C:\Source\OASIS-master\Providers\Blockchain\TestProjects\NextGenSoftware.OASIS.API.Providers.MoralisDBOASIS.UnitTests\NextGenSoftware.OASIS.API.Providers.MoralisDBOASIS.UnitTests.csproj]
C:\Source\OASIS-master\Providers\Blockchain\TestProjects\NextGenSoftware.OASIS.API.Providers.PolkadotOASIS.IntegrationTests\NextGenSoftware.OASIS.API.Providers.PolkadotOASIS.IntegrationTests.csproj : warning NU1608: Detected package version outside of dependency constraint: Google.Cloud.Storage.V1 3.7.0 requires Google.Api.Gax.Rest (>= 3.6.0 && < 4.0.0) but version Google.Api.Gax.Rest 4.6.0 was resolved.
C:\Source\OASIS-master\Providers\Blockchain\TestProjects\NextGenSoftware.OASIS.API.Providers.CosmosBlockChainOASIS.UnitTests\CosmosBlockChainOASISUnitTests.cs(28,20): error CS0411: The type arguments for method 'Assert.AreEqual<T>(T?, T?)' cannot be inferred from the usage. Try specifying the type arguments explicitly. [C:\Source\OASIS-master\Providers\Blockchain\TestProjects\NextGenSoftware.OASIS.API.Providers.CosmosBlockChainOASIS.UnitTests\NextGenSoftware.OASIS.API.Providers.CosmosBlockChainOASIS.UnitTests.csproj]
C:\Source\OASIS-master\Providers\Blockchain\TestProjects\NextGenSoftware.OASIS.API.Providers.CosmosBlockChainOASIS.UnitTests\CosmosBlockChainOASISUnitTests.cs(95,37): error CS1061: 'CosmosBlockChainOASIS' does not contain a definition for 'GetProviderVersion' and no accessible extension method 'GetProviderVersion' accepting a first argument of type 'CosmosBlockChainOASIS' could be found (are you missing a using directive or an assembly reference?) [C:\Source\OASIS-master\Providers\Blockchain\TestProjects\NextGenSoftware.OASIS.API.Providers.CosmosBlockChainOASIS.UnitTests\NextGenSoftware.OASIS.API.Providers.CosmosBlockChainOASIS.UnitTests.csproj]
C:\Source\OASIS-master\Providers\Blockchain\TestProjects\NextGenSoftware.OASIS.API.Providers.CosmosBlockChainOASIS.UnitTests\CosmosBlockChainOASISUnitTests.cs(13,39): warning CS8618: Non-nullable field '_provider' must contain a non-null value when exiting constructor. Consider adding the 'required' modifier or declaring the field as nullable. [C:\Source\OASIS-master\Providers\Blockchain\TestProjects\NextGenSoftware.OASIS.API.Providers.CosmosBlockChainOASIS.UnitTests\NextGenSoftware.OASIS.API.Providers.CosmosBlockChainOASIS.UnitTests.csproj]
C:\Source\OASIS-master\Providers\Blockchain\TestProjects\NextGenSoftware.OASIS.API.Providers.PolkadotOASIS.TestHarness\NextGenSoftware.OASIS.API.Providers.PolkadotOASIS.TestHarness.csproj : warning NU1608: Detected package version outside of dependency constraint: Google.Cloud.Storage.V1 3.7.0 requires Google.Api.Gax.Rest (>= 3.6.0 && < 4.0.0) but version Google.Api.Gax.Rest 4.6.0 was resolved.
C:\Source\OASIS-master\Providers\Blockchain\TestProjects\NextGenSoftware.OASIS.API.Providers.PolkadotOASIS.UnitTests\NextGenSoftware.OASIS.API.Providers.PolkadotOASIS.UnitTests.csproj : warning NU1608: Detected package version outside of dependency constraint: Google.Cloud.Storage.V1 3.7.0 requires Google.Api.Gax.Rest (>= 3.6.0 && < 4.0.0) but version Google.Api.Gax.Rest 4.6.0 was resolved.
C:\Source\OASIS-master\Providers\Storage\TestProjects\NextGenSoftware.OASIS.API.Providers.SQLLiteDBOASIS.UnitTests\SQLLiteDBOASISUnitTests.cs(18,29): error CS7036: There is no argument given that corresponds to the required parameter 'connectionString' of 'SQLLiteDBOASIS.SQLLiteDBOASIS(string)' [C:\Source\OASIS-master\Providers\Storage\TestProjects\NextGenSoftware.OASIS.API.Providers.SQLLiteDBOASIS.UnitTests\NextGenSoftware.OASIS.API.Providers.SQLLiteDBOASIS.UnitTests.csproj]
C:\Source\OASIS-master\Providers\Storage\TestProjects\NextGenSoftware.OASIS.API.Providers.SQLLiteDBOASIS.UnitTests\SQLLiteDBOASISTests.cs(17,29): error CS7036: There is no argument given that corresponds to the required parameter 'connectionString' of 'SQLLiteDBOASIS.SQLLiteDBOASIS(string)' [C:\Source\OASIS-master\Providers\Storage\TestProjects\NextGenSoftware.OASIS.API.Providers.SQLLiteDBOASIS.UnitTests\NextGenSoftware.OASIS.API.Providers.SQLLiteDBOASIS.UnitTests.csproj]
C:\Source\OASIS-master\Providers\Storage\TestProjects\NextGenSoftware.OASIS.API.Providers.SQLLiteDBOASIS.UnitTests\SQLLiteDBOASISTests.cs(27,34): error CS1061: 'OASISResult<bool>' does not contain a definition for 'IsSuccess' and no accessible extension method 'IsSuccess' accepting a first argument of type 'OASISResult<bool>' could be found (are you missing a using directive or an assembly reference?) [C:\Source\OASIS-master\Providers\Storage\TestProjects\NextGenSoftware.OASIS.API.Providers.SQLLiteDBOASIS.UnitTests\NextGenSoftware.OASIS.API.Providers.SQLLiteDBOASIS.UnitTests.csproj]
C:\Source\OASIS-master\Providers\Storage\TestProjects\NextGenSoftware.OASIS.API.Providers.SQLLiteDBOASIS.UnitTests\SQLLiteDBOASISTests.cs(37,34): error CS1061: 'OASISResult<bool>' does not contain a definition for 'IsSuccess' and no accessible extension method 'IsSuccess' accepting a first argument of type 'OASISResult<bool>' could be found (are you missing a using directive or an assembly reference?) [C:\Source\OASIS-master\Providers\Storage\TestProjects\NextGenSoftware.OASIS.API.Providers.SQLLiteDBOASIS.UnitTests\NextGenSoftware.OASIS.API.Providers.SQLLiteDBOASIS.UnitTests.csproj]
C:\Source\OASIS-master\Providers\Storage\TestProjects\NextGenSoftware.OASIS.API.Providers.SQLLiteDBOASIS.UnitTests\SQLLiteDBOASISUnitTests.cs(28,20): error CS0411: The type arguments for method 'Assert.AreEqual<T>(T?, T?)' cannot be inferred from the usage. Try specifying the type arguments explicitly. [C:\Source\OASIS-master\Providers\Storage\TestProjects\NextGenSoftware.OASIS.API.Providers.SQLLiteDBOASIS.UnitTests\NextGenSoftware.OASIS.API.Providers.SQLLiteDBOASIS.UnitTests.csproj]
C:\Source\OASIS-master\Providers\Storage\TestProjects\NextGenSoftware.OASIS.API.Providers.SQLLiteDBOASIS.UnitTests\SQLLiteDBOASISTests.cs(44,30): error CS0246: The type or namespace name 'Avatar' could not be found (are you missing a using directive or an assembly reference?) [C:\Source\OASIS-master\Providers\Storage\TestProjects\NextGenSoftware.OASIS.API.Providers.SQLLiteDBOASIS.UnitTests\NextGenSoftware.OASIS.API.Providers.SQLLiteDBOASIS.UnitTests.csproj]
C:\Source\OASIS-master\Providers\Storage\TestProjects\NextGenSoftware.OASIS.API.Providers.SQLLiteDBOASIS.UnitTests\SQLLiteDBOASISTests.cs(67,35): error CS1061: 'OASISResult<IEnumerable<IAvatar>>' does not contain a definition for 'IsSuccess' and no accessible extension method 'IsSuccess' accepting a first argument of type 'OASISResult<IEnumerable<IAvatar>>' could be found (are you missing a using directive or an assembly reference?) [C:\Source\OASIS-master\Providers\Storage\TestProjects\NextGenSoftware.OASIS.API.Providers.SQLLiteDBOASIS.UnitTests\NextGenSoftware.OASIS.API.Providers.SQLLiteDBOASIS.UnitTests.csproj]
C:\Source\OASIS-master\Providers\Storage\TestProjects\NextGenSoftware.OASIS.API.Providers.SQLLiteDBOASIS.UnitTests\SQLLiteDBOASISTests.cs(78,35): error CS1061: 'OASISResult<IAvatar>' does not contain a definition for 'IsSuccess' and no accessible extension method 'IsSuccess' accepting a first argument of type 'OASISResult<IAvatar>' could be found (are you missing a using directive or an assembly reference?) [C:\Source\OASIS-master\Providers\Storage\TestProjects\NextGenSoftware.OASIS.API.Providers.SQLLiteDBOASIS.UnitTests\NextGenSoftware.OASIS.API.Providers.SQLLiteDBOASIS.UnitTests.csproj]
C:\Source\OASIS-master\Providers\Storage\TestProjects\NextGenSoftware.OASIS.API.Providers.SQLLiteDBOASIS.UnitTests\SQLLiteDBOASISUnitTests.cs(95,37): error CS1061: 'SQLLiteDBOASIS' does not contain a definition for 'GetProviderVersion' and no accessible extension method 'GetProviderVersion' accepting a first argument of type 'SQLLiteDBOASIS' could be found (are you missing a using directive or an assembly reference?) [C:\Source\OASIS-master\Providers\Storage\TestProjects\NextGenSoftware.OASIS.API.Providers.SQLLiteDBOASIS.UnitTests\NextGenSoftware.OASIS.API.Providers.SQLLiteDBOASIS.UnitTests.csproj]
C:\Source\OASIS-master\Providers\Storage\TestProjects\NextGenSoftware.OASIS.API.Providers.SQLLiteDBOASIS.UnitTests\SQLLiteDBOASISTests.cs(89,35): error CS1061: 'OASISResult<IAvatar>' does not contain a definition for 'IsSuccess' and no accessible extension method 'IsSuccess' accepting a first argument of type 'OASISResult<IAvatar>' could be found (are you missing a using directive or an assembly reference?) [C:\Source\OASIS-master\Providers\Storage\TestProjects\NextGenSoftware.OASIS.API.Providers.SQLLiteDBOASIS.UnitTests\NextGenSoftware.OASIS.API.Providers.SQLLiteDBOASIS.UnitTests.csproj]
C:\Source\OASIS-master\Providers\Storage\TestProjects\NextGenSoftware.OASIS.API.Providers.SQLLiteDBOASIS.UnitTests\SQLLiteDBOASISUnitTests.cs(13,32): warning CS8618: Non-nullable field '_provider' must contain a non-null value when exiting constructor. Consider adding the 'required' modifier or declaring the field as nullable. [C:\Source\OASIS-master\Providers\Storage\TestProjects\NextGenSoftware.OASIS.API.Providers.SQLLiteDBOASIS.UnitTests\NextGenSoftware.OASIS.API.Providers.SQLLiteDBOASIS.UnitTests.csproj]
C:\Source\OASIS-master\Providers\Storage\TestProjects\NextGenSoftware.OASIS.API.Providers.SQLLiteDBOASIS.UnitTests\SQLLiteDBOASISTests.cs(100,35): error CS1061: 'OASISResult<IAvatar>' does not contain a definition for 'IsSuccess' and no accessible extension method 'IsSuccess' accepting a first argument of type 'OASISResult<IAvatar>' could be found (are you missing a using directive or an assembly reference?) [C:\Source\OASIS-master\Providers\Storage\TestProjects\NextGenSoftware.OASIS.API.Providers.SQLLiteDBOASIS.UnitTests\NextGenSoftware.OASIS.API.Providers.SQLLiteDBOASIS.UnitTests.csproj]
C:\Source\OASIS-master\Providers\Storage\TestProjects\NextGenSoftware.OASIS.API.Providers.SQLLiteDBOASIS.UnitTests\SQLLiteDBOASISTests.cs(111,35): error CS1061: 'OASISResult<IAvatar>' does not contain a definition for 'IsSuccess' and no accessible extension method 'IsSuccess' accepting a first argument of type 'OASISResult<IAvatar>' could be found (are you missing a using directive or an assembly reference?) [C:\Source\OASIS-master\Providers\Storage\TestProjects\NextGenSoftware.OASIS.API.Providers.SQLLiteDBOASIS.UnitTests\NextGenSoftware.OASIS.API.Providers.SQLLiteDBOASIS.UnitTests.csproj]
C:\Source\OASIS-master\Providers\Storage\TestProjects\NextGenSoftware.OASIS.API.Providers.SQLLiteDBOASIS.UnitTests\SQLLiteDBOASISTests.cs(119,29): error CS0246: The type or namespace name 'Holon' could not be found (are you missing a using directive or an assembly reference?) [C:\Source\OASIS-master\Providers\Storage\TestProjects\NextGenSoftware.OASIS.API.Providers.SQLLiteDBOASIS.UnitTests\NextGenSoftware.OASIS.API.Providers.SQLLiteDBOASIS.UnitTests.csproj]
C:\Source\OASIS-master\Providers\Storage\TestProjects\NextGenSoftware.OASIS.API.Providers.SQLLiteDBOASIS.UnitTests\SQLLiteDBOASISTests.cs(140,35): error CS1061: 'OASISResult<IEnumerable<IHolon>>' does not contain a definition for 'IsSuccess' and no accessible extension method 'IsSuccess' accepting a first argument of type 'OASISResult<IEnumerable<IHolon>>' could be found (are you missing a using directive or an assembly reference?) [C:\Source\OASIS-master\Providers\Storage\TestProjects\NextGenSoftware.OASIS.API.Providers.SQLLiteDBOASIS.UnitTests\NextGenSoftware.OASIS.API.Providers.SQLLiteDBOASIS.UnitTests.csproj]
C:\Source\OASIS-master\Providers\Storage\TestProjects\NextGenSoftware.OASIS.API.Providers.SQLLiteDBOASIS.UnitTests\SQLLiteDBOASISTests.cs(151,35): error CS1061: 'OASISResult<IHolon>' does not contain a definition for 'IsSuccess' and no accessible extension method 'IsSuccess' accepting a first argument of type 'OASISResult<IHolon>' could be found (are you missing a using directive or an assembly reference?) [C:\Source\OASIS-master\Providers\Storage\TestProjects\NextGenSoftware.OASIS.API.Providers.SQLLiteDBOASIS.UnitTests\NextGenSoftware.OASIS.API.Providers.SQLLiteDBOASIS.UnitTests.csproj]
C:\Source\OASIS-master\Providers\Storage\TestProjects\NextGenSoftware.OASIS.API.Providers.SQLLiteDBOASIS.UnitTests\SQLLiteDBOASISTests.cs(162,35): error CS1061: 'OASISResult<IEnumerable<IHolon>>' does not contain a definition for 'IsSuccess' and no accessible extension method 'IsSuccess' accepting a first argument of type 'OASISResult<IEnumerable<IHolon>>' could be found (are you missing a using directive or an assembly reference?) [C:\Source\OASIS-master\Providers\Storage\TestProjects\NextGenSoftware.OASIS.API.Providers.SQLLiteDBOASIS.UnitTests\NextGenSoftware.OASIS.API.Providers.SQLLiteDBOASIS.UnitTests.csproj]
C:\Source\OASIS-master\Providers\Storage\TestProjects\NextGenSoftware.OASIS.API.Providers.SQLLiteDBOASIS.UnitTests\SQLLiteDBOASISTests.cs(173,35): error CS1061: 'OASISResult<IHolon>' does not contain a definition for 'IsSuccess' and no accessible extension method 'IsSuccess' accepting a first argument of type 'OASISResult<IHolon>' could be found (are you missing a using directive or an assembly reference?) [C:\Source\OASIS-master\Providers\Storage\TestProjects\NextGenSoftware.OASIS.API.Providers.SQLLiteDBOASIS.UnitTests\NextGenSoftware.OASIS.API.Providers.SQLLiteDBOASIS.UnitTests.csproj]
C:\Source\OASIS-master\Providers\Storage\TestProjects\NextGenSoftware.OASIS.API.Providers.SQLLiteDBOASIS.UnitTests\SQLLiteDBOASISTests.cs(181,36): error CS0246: The type or namespace name 'AvatarDetail' could not be found (are you missing a using directive or an assembly reference?) [C:\Source\OASIS-master\Providers\Storage\TestProjects\NextGenSoftware.OASIS.API.Providers.SQLLiteDBOASIS.UnitTests\NextGenSoftware.OASIS.API.Providers.SQLLiteDBOASIS.UnitTests.csproj]
C:\Source\OASIS-master\Providers\Storage\TestProjects\NextGenSoftware.OASIS.API.Providers.SQLLiteDBOASIS.UnitTests\SQLLiteDBOASISTests.cs(202,35): error CS1061: 'OASISResult<IAvatarDetail>' does not contain a definition for 'IsSuccess' and no accessible extension method 'IsSuccess' accepting a first argument of type 'OASISResult<IAvatarDetail>' could be found (are you missing a using directive or an assembly reference?) [C:\Source\OASIS-master\Providers\Storage\TestProjects\NextGenSoftware.OASIS.API.Providers.SQLLiteDBOASIS.UnitTests\NextGenSoftware.OASIS.API.Providers.SQLLiteDBOASIS.UnitTests.csproj]
C:\Source\OASIS-master\Providers\Storage\TestProjects\NextGenSoftware.OASIS.API.Providers.SQLLiteDBOASIS.UnitTests\SQLLiteDBOASISTests.cs(213,35): error CS1061: 'OASISResult<IAvatarDetail>' does not contain a definition for 'IsSuccess' and no accessible extension method 'IsSuccess' accepting a first argument of type 'OASISResult<IAvatarDetail>' could be found (are you missing a using directive or an assembly reference?) [C:\Source\OASIS-master\Providers\Storage\TestProjects\NextGenSoftware.OASIS.API.Providers.SQLLiteDBOASIS.UnitTests\NextGenSoftware.OASIS.API.Providers.SQLLiteDBOASIS.UnitTests.csproj]
C:\Source\OASIS-master\Providers\Storage\TestProjects\NextGenSoftware.OASIS.API.Providers.SQLLiteDBOASIS.UnitTests\SQLLiteDBOASISTests.cs(224,35): error CS1061: 'OASISResult<IAvatarDetail>' does not contain a definition for 'IsSuccess' and no accessible extension method 'IsSuccess' accepting a first argument of type 'OASISResult<IAvatarDetail>' could be found (are you missing a using directive or an assembly reference?) [C:\Source\OASIS-master\Providers\Storage\TestProjects\NextGenSoftware.OASIS.API.Providers.SQLLiteDBOASIS.UnitTests\NextGenSoftware.OASIS.API.Providers.SQLLiteDBOASIS.UnitTests.csproj]
C:\Source\OASIS-master\Providers\Storage\TestProjects\NextGenSoftware.OASIS.API.Providers.SQLLiteDBOASIS.UnitTests\SQLLiteDBOASISTests.cs(232,36): error CS1061: 'SQLLiteDBOASIS' does not contain a definition for 'GetPlayersNearMe' and no accessible extension method 'GetPlayersNearMe' accepting a first argument of type 'SQLLiteDBOASIS' could be found (are you missing a using directive or an assembly reference?) [C:\Source\OASIS-master\Providers\Storage\TestProjects\NextGenSoftware.OASIS.API.Providers.SQLLiteDBOASIS.UnitTests\NextGenSoftware.OASIS.API.Providers.SQLLiteDBOASIS.UnitTests.csproj]
C:\Source\OASIS-master\Providers\Storage\TestProjects\NextGenSoftware.OASIS.API.Providers.SQLLiteDBOASIS.UnitTests\SQLLiteDBOASISTests.cs(243,36): error CS7036: There is no argument given that corresponds to the required parameter 'geoLong' of 'SQLLiteDBOASIS.GetHolonsNearMe(long, long, int, HolonType)' [C:\Source\OASIS-master\Providers\Storage\TestProjects\NextGenSoftware.OASIS.API.Providers.SQLLiteDBOASIS.UnitTests\NextGenSoftware.OASIS.API.Providers.SQLLiteDBOASIS.UnitTests.csproj]
C:\Source\OASIS-master\Providers\Storage\TestProjects\NextGenSoftware.OASIS.API.Providers.SQLLiteDBOASIS.UnitTests\SQLLiteDBOASISTests.cs(246,35): error CS1061: 'OASISResult<IEnumerable<IHolon>>' does not contain a definition for 'IsSuccess' and no accessible extension method 'IsSuccess' accepting a first argument of type 'OASISResult<IEnumerable<IHolon>>' could be found (are you missing a using directive or an assembly reference?) [C:\Source\OASIS-master\Providers\Storage\TestProjects\NextGenSoftware.OASIS.API.Providers.SQLLiteDBOASIS.UnitTests\NextGenSoftware.OASIS.API.Providers.SQLLiteDBOASIS.UnitTests.csproj]
C:\Source\OASIS-master\Providers\Storage\TestProjects\NextGenSoftware.OASIS.API.Providers.SQLLiteDBOASIS.UnitTests\SQLLiteDBOASISTests.cs(254,35): error CS0246: The type or namespace name 'WalletTransactionRequest' could not be found (are you missing a using directive or an assembly reference?) [C:\Source\OASIS-master\Providers\Storage\TestProjects\NextGenSoftware.OASIS.API.Providers.SQLLiteDBOASIS.UnitTests\NextGenSoftware.OASIS.API.Providers.SQLLiteDBOASIS.UnitTests.csproj]
C:\Source\OASIS-master\Providers\Storage\TestProjects\NextGenSoftware.OASIS.API.Providers.SQLLiteDBOASIS.UnitTests\SQLLiteDBOASISTests.cs(257,42): error CS1061: 'SQLLiteDBOASIS' does not contain a definition for 'SendTransactionAsync' and no accessible extension method 'SendTransactionAsync' accepting a first argument of type 'SQLLiteDBOASIS' could be found (are you missing a using directive or an assembly reference?) [C:\Source\OASIS-master\Providers\Storage\TestProjects\NextGenSoftware.OASIS.API.Providers.SQLLiteDBOASIS.UnitTests\NextGenSoftware.OASIS.API.Providers.SQLLiteDBOASIS.UnitTests.csproj]
C:\Source\OASIS-master\Providers\Storage\TestProjects\NextGenSoftware.OASIS.API.Providers.SQLLiteDBOASIS.UnitTests\SQLLiteDBOASISTests.cs(268,38): error CS0246: The type or namespace name 'NFTWalletTransactionRequest' could not be found (are you missing a using directive or an assembly reference?) [C:\Source\OASIS-master\Providers\Storage\TestProjects\NextGenSoftware.OASIS.API.Providers.SQLLiteDBOASIS.UnitTests\NextGenSoftware.OASIS.API.Providers.SQLLiteDBOASIS.UnitTests.csproj]
C:\Source\OASIS-master\Providers\Storage\TestProjects\NextGenSoftware.OASIS.API.Providers.SQLLiteDBOASIS.UnitTests\SQLLiteDBOASISTests.cs(271,42): error CS1061: 'SQLLiteDBOASIS' does not contain a definition for 'SendNFTAsync' and no accessible extension method 'SendNFTAsync' accepting a first argument of type 'SQLLiteDBOASIS' could be found (are you missing a using directive or an assembly reference?) [C:\Source\OASIS-master\Providers\Storage\TestProjects\NextGenSoftware.OASIS.API.Providers.SQLLiteDBOASIS.UnitTests\NextGenSoftware.OASIS.API.Providers.SQLLiteDBOASIS.UnitTests.csproj]
C:\Source\OASIS-master\Providers\Storage\TestProjects\NextGenSoftware.OASIS.API.Providers.SQLLiteDBOASIS.UnitTests\SQLLiteDBOASISTests.cs(282,35): error CS0246: The type or namespace name 'MintNFTTransactionRequest' could not be found (are you missing a using directive or an assembly reference?) [C:\Source\OASIS-master\Providers\Storage\TestProjects\NextGenSoftware.OASIS.API.Providers.SQLLiteDBOASIS.UnitTests\NextGenSoftware.OASIS.API.Providers.SQLLiteDBOASIS.UnitTests.csproj]
C:\Source\OASIS-master\Providers\Storage\TestProjects\NextGenSoftware.OASIS.API.Providers.SQLLiteDBOASIS.UnitTests\SQLLiteDBOASISTests.cs(285,42): error CS1061: 'SQLLiteDBOASIS' does not contain a definition for 'MintNFTAsync' and no accessible extension method 'MintNFTAsync' accepting a first argument of type 'SQLLiteDBOASIS' could be found (are you missing a using directive or an assembly reference?) [C:\Source\OASIS-master\Providers\Storage\TestProjects\NextGenSoftware.OASIS.API.Providers.SQLLiteDBOASIS.UnitTests\NextGenSoftware.OASIS.API.Providers.SQLLiteDBOASIS.UnitTests.csproj]
C:\Source\OASIS-master\Providers\Storage\TestProjects\NextGenSoftware.OASIS.API.Providers.SQLLiteDBOASIS.UnitTests\SQLLiteDBOASISTests.cs(296,42): error CS1061: 'SQLLiteDBOASIS' does not contain a definition for 'LoadNFTAsync' and no accessible extension method 'LoadNFTAsync' accepting a first argument of type 'SQLLiteDBOASIS' could be found (are you missing a using directive or an assembly reference?) [C:\Source\OASIS-master\Providers\Storage\TestProjects\NextGenSoftware.OASIS.API.Providers.SQLLiteDBOASIS.UnitTests\NextGenSoftware.OASIS.API.Providers.SQLLiteDBOASIS.UnitTests.csproj]
C:\Source\OASIS-master\Providers\Storage\TestProjects\NextGenSoftware.OASIS.API.Providers.SQLLiteDBOASIS.UnitTests\SQLLiteDBOASISTests.cs(307,42): error CS1061: 'SQLLiteDBOASIS' does not contain a definition for 'LoadNFTAsync' and no accessible extension method 'LoadNFTAsync' accepting a first argument of type 'SQLLiteDBOASIS' could be found (are you missing a using directive or an assembly reference?) [C:\Source\OASIS-master\Providers\Storage\TestProjects\NextGenSoftware.OASIS.API.Providers.SQLLiteDBOASIS.UnitTests\NextGenSoftware.OASIS.API.Providers.SQLLiteDBOASIS.UnitTests.csproj]
C:\Source\OASIS-master\Providers\Storage\TestProjects\NextGenSoftware.OASIS.API.Providers.SQLLiteDBOASIS.UnitTests\SQLLiteDBOASISTests.cs(318,42): error CS1061: 'SQLLiteDBOASIS' does not contain a definition for 'LoadAllNFTsForAvatarAsync' and no accessible extension method 'LoadAllNFTsForAvatarAsync' accepting a first argument of type 'SQLLiteDBOASIS' could be found (are you missing a using directive or an assembly reference?) [C:\Source\OASIS-master\Providers\Storage\TestProjects\NextGenSoftware.OASIS.API.Providers.SQLLiteDBOASIS.UnitTests\NextGenSoftware.OASIS.API.Providers.SQLLiteDBOASIS.UnitTests.csproj]
C:\Source\OASIS-master\Providers\Storage\TestProjects\NextGenSoftware.OASIS.API.Providers.SQLLiteDBOASIS.UnitTests\SQLLiteDBOASISTests.cs(329,42): error CS1061: 'SQLLiteDBOASIS' does not contain a definition for 'LoadAllGeoNFTsForAvatarAsync' and no accessible extension method 'LoadAllGeoNFTsForAvatarAsync' accepting a first argument of type 'SQLLiteDBOASIS' could be found (are you missing a using directive or an assembly reference?) [C:\Source\OASIS-master\Providers\Storage\TestProjects\NextGenSoftware.OASIS.API.Providers.SQLLiteDBOASIS.UnitTests\NextGenSoftware.OASIS.API.Providers.SQLLiteDBOASIS.UnitTests.csproj]
C:\Source\OASIS-master\Providers\Storage\TestProjects\NextGenSoftware.OASIS.API.Providers.SQLLiteDBOASIS.UnitTests\SQLLiteDBOASISTests.cs(340,36): error CS0246: The type or namespace name 'PlaceGeoSpatialNFTRequest' could not be found (are you missing a using directive or an assembly reference?) [C:\Source\OASIS-master\Providers\Storage\TestProjects\NextGenSoftware.OASIS.API.Providers.SQLLiteDBOASIS.UnitTests\NextGenSoftware.OASIS.API.Providers.SQLLiteDBOASIS.UnitTests.csproj]
C:\Source\OASIS-master\Providers\Storage\TestProjects\NextGenSoftware.OASIS.API.Providers.SQLLiteDBOASIS.UnitTests\SQLLiteDBOASISTests.cs(343,42): error CS1061: 'SQLLiteDBOASIS' does not contain a definition for 'PlaceGeoNFTAsync' and no accessible extension method 'PlaceGeoNFTAsync' accepting a first argument of type 'SQLLiteDBOASIS' could be found (are you missing a using directive or an assembly reference?) [C:\Source\OASIS-master\Providers\Storage\TestProjects\NextGenSoftware.OASIS.API.Providers.SQLLiteDBOASIS.UnitTests\NextGenSoftware.OASIS.API.Providers.SQLLiteDBOASIS.UnitTests.csproj]
C:\Source\OASIS-master\Providers\Storage\TestProjects\NextGenSoftware.OASIS.API.Providers.SQLLiteDBOASIS.UnitTests\SQLLiteDBOASISTests.cs(354,43): error CS0246: The type or namespace name 'MintAndPlaceGeoSpatialNFTRequest' could not be found (are you missing a using directive or an assembly reference?) [C:\Source\OASIS-master\Providers\Storage\TestProjects\NextGenSoftware.OASIS.API.Providers.SQLLiteDBOASIS.UnitTests\NextGenSoftware.OASIS.API.Providers.SQLLiteDBOASIS.UnitTests.csproj]
C:\Source\OASIS-master\Providers\Storage\TestProjects\NextGenSoftware.OASIS.API.Providers.SQLLiteDBOASIS.UnitTests\SQLLiteDBOASISTests.cs(357,42): error CS1061: 'SQLLiteDBOASIS' does not contain a definition for 'MintAndPlaceGeoNFTAsync' and no accessible extension method 'MintAndPlaceGeoNFTAsync' accepting a first argument of type 'SQLLiteDBOASIS' could be found (are you missing a using directive or an assembly reference?) [C:\Source\OASIS-master\Providers\Storage\TestProjects\NextGenSoftware.OASIS.API.Providers.SQLLiteDBOASIS.UnitTests\NextGenSoftware.OASIS.API.Providers.SQLLiteDBOASIS.UnitTests.csproj]
C:\Source\OASIS-master\Providers\Storage\TestProjects\NextGenSoftware.OASIS.API.Providers.SQLLiteDBOASIS.UnitTests\SQLLiteDBOASISTests.cs(368,36): error CS0246: The type or namespace name 'SearchParams' could not be found (are you missing a using directive or an assembly reference?) [C:\Source\OASIS-master\Providers\Storage\TestProjects\NextGenSoftware.OASIS.API.Providers.SQLLiteDBOASIS.UnitTests\NextGenSoftware.OASIS.API.Providers.SQLLiteDBOASIS.UnitTests.csproj]
C:\Source\OASIS-master\Providers\Storage\TestProjects\NextGenSoftware.OASIS.API.Providers.SQLLiteDBOASIS.UnitTests\SQLLiteDBOASISTests.cs(374,35): error CS1061: 'OASISResult<ISearchResults>' does not contain a definition for 'IsSuccess' and no accessible extension method 'IsSuccess' accepting a first argument of type 'OASISResult<ISearchResults>' could be found (are you missing a using directive or an assembly reference?) [C:\Source\OASIS-master\Providers\Storage\TestProjects\NextGenSoftware.OASIS.API.Providers.SQLLiteDBOASIS.UnitTests\NextGenSoftware.OASIS.API.Providers.SQLLiteDBOASIS.UnitTests.csproj]
C:\Source\OASIS-master\Providers\Storage\TestProjects\NextGenSoftware.OASIS.API.Providers.SQLLiteDBOASIS.UnitTests\SQLLiteDBOASISTests.cs(365,27): warning CS1998: This async method lacks 'await' operators and will run synchronously. Consider using the 'await' operator to await non-blocking API calls, or 'await Task.Run(...)' to do CPU-bound work on a background thread. [C:\Source\OASIS-master\Providers\Storage\TestProjects\NextGenSoftware.OASIS.API.Providers.SQLLiteDBOASIS.UnitTests\NextGenSoftware.OASIS.API.Providers.SQLLiteDBOASIS.UnitTests.csproj]
C:\Source\OASIS-master\Providers\Storage\TestProjects\NextGenSoftware.OASIS.API.Providers.SQLLiteDBOASIS.UnitTests\SQLLiteDBOASISTests.cs(388,35): error CS1061: 'OASISResult<bool>' does not contain a definition for 'IsSuccess' and no accessible extension method 'IsSuccess' accepting a first argument of type 'OASISResult<bool>' could be found (are you missing a using directive or an assembly reference?) [C:\Source\OASIS-master\Providers\Storage\TestProjects\NextGenSoftware.OASIS.API.Providers.SQLLiteDBOASIS.UnitTests\NextGenSoftware.OASIS.API.Providers.SQLLiteDBOASIS.UnitTests.csproj]
C:\Source\OASIS-master\Providers\Storage\TestProjects\NextGenSoftware.OASIS.API.Providers.SQLLiteDBOASIS.UnitTests\SQLLiteDBOASISTests.cs(399,35): error CS1061: 'OASISResult<IEnumerable<IHolon>>' does not contain a definition for 'IsSuccess' and no accessible extension method 'IsSuccess' accepting a first argument of type 'OASISResult<IEnumerable<IHolon>>' could be found (are you missing a using directive or an assembly reference?) [C:\Source\OASIS-master\Providers\Storage\TestProjects\NextGenSoftware.OASIS.API.Providers.SQLLiteDBOASIS.UnitTests\NextGenSoftware.OASIS.API.Providers.SQLLiteDBOASIS.UnitTests.csproj]
C:\Source\OASIS-master\Providers\Storage\TestProjects\NextGenSoftware.OASIS.API.Providers.SQLLiteDBOASIS.UnitTests\SQLLiteDBOASISTests.cs(410,35): error CS1061: 'OASISResult<IEnumerable<IHolon>>' does not contain a definition for 'IsSuccess' and no accessible extension method 'IsSuccess' accepting a first argument of type 'OASISResult<IEnumerable<IHolon>>' could be found (are you missing a using directive or an assembly reference?) [C:\Source\OASIS-master\Providers\Storage\TestProjects\NextGenSoftware.OASIS.API.Providers.SQLLiteDBOASIS.UnitTests\NextGenSoftware.OASIS.API.Providers.SQLLiteDBOASIS.UnitTests.csproj]
C:\Source\OASIS-master\Providers\Storage\TestProjects\NextGenSoftware.OASIS.API.Providers.SQLLiteDBOASIS.UnitTests\SQLLiteDBOASISTests.cs(421,35): error CS1061: 'OASISResult<IEnumerable<IHolon>>' does not contain a definition for 'IsSuccess' and no accessible extension method 'IsSuccess' accepting a first argument of type 'OASISResult<IEnumerable<IHolon>>' could be found (are you missing a using directive or an assembly reference?) [C:\Source\OASIS-master\Providers\Storage\TestProjects\NextGenSoftware.OASIS.API.Providers.SQLLiteDBOASIS.UnitTests\NextGenSoftware.OASIS.API.Providers.SQLLiteDBOASIS.UnitTests.csproj]
C:\Source\OASIS-master\Providers\Storage\TestProjects\NextGenSoftware.OASIS.API.Providers.SQLLiteDBOASIS.UnitTests\SQLLiteDBOASISTests.cs(432,35): error CS1061: 'OASISResult<IEnumerable<IHolon>>' does not contain a definition for 'IsSuccess' and no accessible extension method 'IsSuccess' accepting a first argument of type 'OASISResult<IEnumerable<IHolon>>' could be found (are you missing a using directive or an assembly reference?) [C:\Source\OASIS-master\Providers\Storage\TestProjects\NextGenSoftware.OASIS.API.Providers.SQLLiteDBOASIS.UnitTests\NextGenSoftware.OASIS.API.Providers.SQLLiteDBOASIS.UnitTests.csproj]
C:\Source\OASIS-master\Providers\Storage\TestProjects\NextGenSoftware.OASIS.API.Providers.SQLLiteDBOASIS.UnitTests\SQLLiteDBOASISTests.cs(440,20): error CS0411: The type arguments for method 'Assert.AreEqual<T>(T?, T?)' cannot be inferred from the usage. Try specifying the type arguments explicitly. [C:\Source\OASIS-master\Providers\Storage\TestProjects\NextGenSoftware.OASIS.API.Providers.SQLLiteDBOASIS.UnitTests\NextGenSoftware.OASIS.API.Providers.SQLLiteDBOASIS.UnitTests.csproj]
C:\Source\OASIS-master\Providers\Storage\TestProjects\NextGenSoftware.OASIS.API.Providers.SQLLiteDBOASIS.UnitTests\SQLLiteDBOASISTests.cs(447,20): error CS0411: The type arguments for method 'Assert.AreEqual<T>(T?, T?)' cannot be inferred from the usage. Try specifying the type arguments explicitly. [C:\Source\OASIS-master\Providers\Storage\TestProjects\NextGenSoftware.OASIS.API.Providers.SQLLiteDBOASIS.UnitTests\NextGenSoftware.OASIS.API.Providers.SQLLiteDBOASIS.UnitTests.csproj]
C:\Source\OASIS-master\Providers\Storage\TestProjects\NextGenSoftware.OASIS.API.Providers.SQLLiteDBOASIS.UnitTests\SQLLiteDBOASISTests.cs(12,32): warning CS8618: Non-nullable field '_provider' must contain a non-null value when exiting constructor. Consider adding the 'required' modifier or declaring the field as nullable. [C:\Source\OASIS-master\Providers\Storage\TestProjects\NextGenSoftware.OASIS.API.Providers.SQLLiteDBOASIS.UnitTests\NextGenSoftware.OASIS.API.Providers.SQLLiteDBOASIS.UnitTests.csproj]
C:\Source\OASIS-master\Providers\Blockchain\TestProjects\NextGenSoftware.OASIS.API.Providers.HashgraphOASIS.TestHarness\HashgraphOASISTestHarness.cs(42,35): warning CS1998: This async method lacks 'await' operators and will run synchronously. Consider using the 'await' operator to await non-blocking API calls, or 'await Task.Run(...)' to do CPU-bound work on a background thread. [C:\Source\OASIS-master\Providers\Blockchain\TestProjects\NextGenSoftware.OASIS.API.Providers.HashgraphOASIS.TestHarness\NextGenSoftware.OASIS.API.Providers.HashgraphOASIS.TestHarness.csproj]
C:\Source\OASIS-master\Providers\Blockchain\TestProjects\NextGenSoftware.OASIS.API.Providers.HashgraphOASIS.TestHarness\HashgraphOASISTestHarness.cs(64,37): error CS1061: 'HashgraphOASIS' does not contain a definition for 'GetProviderVersion' and no accessible extension method 'GetProviderVersion' accepting a first argument of type 'HashgraphOASIS' could be found (are you missing a using directive or an assembly reference?) [C:\Source\OASIS-master\Providers\Blockchain\TestProjects\NextGenSoftware.OASIS.API.Providers.HashgraphOASIS.TestHarness\NextGenSoftware.OASIS.API.Providers.HashgraphOASIS.TestHarness.csproj]
C:\Source\OASIS-master\Providers\Blockchain\TestProjects\NextGenSoftware.OASIS.API.Providers.HashgraphOASIS.TestHarness\HashgraphOASISTestHarness.cs(67,42): error CS1061: 'HashgraphOASIS' does not contain a definition for 'GetProviderType' and no accessible extension method 'GetProviderType' accepting a first argument of type 'HashgraphOASIS' could be found (are you missing a using directive or an assembly reference?) [C:\Source\OASIS-master\Providers\Blockchain\TestProjects\NextGenSoftware.OASIS.API.Providers.HashgraphOASIS.TestHarness\NextGenSoftware.OASIS.API.Providers.HashgraphOASIS.TestHarness.csproj]
C:\Source\OASIS-master\Providers\Blockchain\TestProjects\NextGenSoftware.OASIS.API.Providers.HashgraphOASIS.TestHarness\HashgraphOASISTestHarness.cs(70,38): error CS1061: 'HashgraphOASIS' does not contain a definition for 'GetProviderCategory' and no accessible extension method 'GetProviderCategory' accepting a first argument of type 'HashgraphOASIS' could be found (are you missing a using directive or an assembly reference?) [C:\Source\OASIS-master\Providers\Blockchain\TestProjects\NextGenSoftware.OASIS.API.Providers.HashgraphOASIS.TestHarness\NextGenSoftware.OASIS.API.Providers.HashgraphOASIS.TestHarness.csproj]
C:\Source\OASIS-master\Providers\Blockchain\TestProjects\NextGenSoftware.OASIS.API.Providers.HashgraphOASIS.TestHarness\HashgraphOASISTestHarness.cs(60,35): warning CS1998: This async method lacks 'await' operators and will run synchronously. Consider using the 'await' operator to await non-blocking API calls, or 'await Task.Run(...)' to do CPU-bound work on a background thread. [C:\Source\OASIS-master\Providers\Blockchain\TestProjects\NextGenSoftware.OASIS.API.Providers.HashgraphOASIS.TestHarness\NextGenSoftware.OASIS.API.Providers.HashgraphOASIS.TestHarness.csproj]
C:\Source\OASIS-master\Providers\Blockchain\TestProjects\NextGenSoftware.OASIS.API.Providers.HashgraphOASIS.TestHarness\HashgraphOASISTestHarness.cs(82,34): error CS0246: The type or namespace name 'Avatar' could not be found (are you missing a using directive or an assembly reference?) [C:\Source\OASIS-master\Providers\Blockchain\TestProjects\NextGenSoftware.OASIS.API.Providers.HashgraphOASIS.TestHarness\NextGenSoftware.OASIS.API.Providers.HashgraphOASIS.TestHarness.csproj]
C:\Source\OASIS-master\Providers\Blockchain\TestProjects\NextGenSoftware.OASIS.API.Providers.HashgraphOASIS.TestHarness\HashgraphOASISTestHarness.cs(111,33): error CS0246: The type or namespace name 'Holon' could not be found (are you missing a using directive or an assembly reference?) [C:\Source\OASIS-master\Providers\Blockchain\TestProjects\NextGenSoftware.OASIS.API.Providers.HashgraphOASIS.TestHarness\NextGenSoftware.OASIS.API.Providers.HashgraphOASIS.TestHarness.csproj]
C:\Source\OASIS-master\Providers\Blockchain\TestProjects\NextGenSoftware.OASIS.API.Providers.HashgraphOASIS.TestHarness\HashgraphOASISTestHarness.cs(138,36): error CS0246: The type or namespace name 'SearchParams' could not be found (are you missing a using directive or an assembly reference?) [C:\Source\OASIS-master\Providers\Blockchain\TestProjects\NextGenSoftware.OASIS.API.Providers.HashgraphOASIS.TestHarness\NextGenSoftware.OASIS.API.Providers.HashgraphOASIS.TestHarness.csproj]
C:\Source\OASIS-master\Providers\Blockchain\TestProjects\NextGenSoftware.OASIS.API.Providers.HashgraphOASIS.TestHarness\HashgraphOASISTestHarness.cs(141,30): error CS0103: The name 'SearchType' does not exist in the current context [C:\Source\OASIS-master\Providers\Blockchain\TestProjects\NextGenSoftware.OASIS.API.Providers.HashgraphOASIS.TestHarness\NextGenSoftware.OASIS.API.Providers.HashgraphOASIS.TestHarness.csproj]
C:\Source\OASIS-master\Providers\Blockchain\TestProjects\NextGenSoftware.OASIS.API.Providers.HashgraphOASIS.TestHarness\HashgraphOASISTestHarness.cs(145,54): error CS1061: 'HashgraphOASIS' does not contain a definition for 'SearchAvatarsAsync' and no accessible extension method 'SearchAvatarsAsync' accepting a first argument of type 'HashgraphOASIS' could be found (are you missing a using directive or an assembly reference?) [C:\Source\OASIS-master\Providers\Blockchain\TestProjects\NextGenSoftware.OASIS.API.Providers.HashgraphOASIS.TestHarness\NextGenSoftware.OASIS.API.Providers.HashgraphOASIS.TestHarness.csproj]
C:\Source\OASIS-master\Providers\Blockchain\TestProjects\NextGenSoftware.OASIS.API.Providers.HashgraphOASIS.TestHarness\HashgraphOASISTestHarness.cs(155,35): warning CS1998: This async method lacks 'await' operators and will run synchronously. Consider using the 'await' operator to await non-blocking API calls, or 'await Task.Run(...)' to do CPU-bound work on a background thread. [C:\Source\OASIS-master\Providers\Blockchain\TestProjects\NextGenSoftware.OASIS.API.Providers.HashgraphOASIS.TestHarness\NextGenSoftware.OASIS.API.Providers.HashgraphOASIS.TestHarness.csproj]
C:\Source\OASIS-master\Providers\Blockchain\TestProjects\NextGenSoftware.OASIS.API.Providers.Web3CoreOASIS.IntegrationTests\Web3CoreOASISIntegrationTests.cs(19,29): error CS7036: There is no argument given that corresponds to the required parameter 'accountPrivateKey' of 'Web3CoreOASIS.Web3CoreOASIS(string, string, string, string)' [C:\Source\OASIS-master\Providers\Blockchain\TestProjects\NextGenSoftware.OASIS.API.Providers.Web3CoreOASIS.IntegrationTests\NextGenSoftware.OASIS.API.Providers.Web3CoreOASIS.IntegrationTests.csproj]
C:\Source\OASIS-master\Providers\Blockchain\TestProjects\NextGenSoftware.OASIS.API.Providers.Web3CoreOASIS.IntegrationTests\Web3CoreOASISIntegrationTests.cs(26,30): error CS0246: The type or namespace name 'Avatar' could not be found (are you missing a using directive or an assembly reference?) [C:\Source\OASIS-master\Providers\Blockchain\TestProjects\NextGenSoftware.OASIS.API.Providers.Web3CoreOASIS.IntegrationTests\NextGenSoftware.OASIS.API.Providers.Web3CoreOASIS.IntegrationTests.csproj]
C:\Source\OASIS-master\Providers\Blockchain\TestProjects\NextGenSoftware.OASIS.API.Providers.Web3CoreOASIS.IntegrationTests\Web3CoreOASISIntegrationTests.cs(36,42): error CS1061: 'Web3CoreOASIS' does not contain a definition for 'SaveAvatarAsync' and no accessible extension method 'SaveAvatarAsync' accepting a first argument of type 'Web3CoreOASIS' could be found (are you missing a using directive or an assembly reference?) [C:\Source\OASIS-master\Providers\Blockchain\TestProjects\NextGenSoftware.OASIS.API.Providers.Web3CoreOASIS.IntegrationTests\NextGenSoftware.OASIS.API.Providers.Web3CoreOASIS.IntegrationTests.csproj]
C:\Source\OASIS-master\Providers\Blockchain\TestProjects\NextGenSoftware.OASIS.API.Providers.Web3CoreOASIS.IntegrationTests\Web3CoreOASISIntegrationTests.cs(51,42): error CS1061: 'Web3CoreOASIS' does not contain a definition for 'LoadAvatarAsync' and no accessible extension method 'LoadAvatarAsync' accepting a first argument of type 'Web3CoreOASIS' could be found (are you missing a using directive or an assembly reference?) [C:\Source\OASIS-master\Providers\Blockchain\TestProjects\NextGenSoftware.OASIS.API.Providers.Web3CoreOASIS.IntegrationTests\NextGenSoftware.OASIS.API.Providers.Web3CoreOASIS.IntegrationTests.csproj]
C:\Source\OASIS-master\Providers\Blockchain\TestProjects\NextGenSoftware.OASIS.API.Providers.Web3CoreOASIS.IntegrationTests\Web3CoreOASISIntegrationTests.cs(62,29): error CS0246: The type or namespace name 'Holon' could not be found (are you missing a using directive or an assembly reference?) [C:\Source\OASIS-master\Providers\Blockchain\TestProjects\NextGenSoftware.OASIS.API.Providers.Web3CoreOASIS.IntegrationTests\NextGenSoftware.OASIS.API.Providers.Web3CoreOASIS.IntegrationTests.csproj]
C:\Source\OASIS-master\Providers\Blockchain\TestProjects\NextGenSoftware.OASIS.API.Providers.Web3CoreOASIS.IntegrationTests\Web3CoreOASISIntegrationTests.cs(70,42): error CS1061: 'Web3CoreOASIS' does not contain a definition for 'SaveHolonAsync' and no accessible extension method 'SaveHolonAsync' accepting a first argument of type 'Web3CoreOASIS' could be found (are you missing a using directive or an assembly reference?) [C:\Source\OASIS-master\Providers\Blockchain\TestProjects\NextGenSoftware.OASIS.API.Providers.Web3CoreOASIS.IntegrationTests\NextGenSoftware.OASIS.API.Providers.Web3CoreOASIS.IntegrationTests.csproj]
C:\Source\OASIS-master\Providers\Blockchain\TestProjects\NextGenSoftware.OASIS.API.Providers.Web3CoreOASIS.IntegrationTests\Web3CoreOASISIntegrationTests.cs(84,42): error CS1061: 'Web3CoreOASIS' does not contain a definition for 'LoadHolonAsync' and no accessible extension method 'LoadHolonAsync' accepting a first argument of type 'Web3CoreOASIS' could be found (are you missing a using directive or an assembly reference?) [C:\Source\OASIS-master\Providers\Blockchain\TestProjects\NextGenSoftware.OASIS.API.Providers.Web3CoreOASIS.IntegrationTests\NextGenSoftware.OASIS.API.Providers.Web3CoreOASIS.IntegrationTests.csproj]
C:\Source\OASIS-master\Providers\Blockchain\TestProjects\NextGenSoftware.OASIS.API.Providers.Web3CoreOASIS.IntegrationTests\Web3CoreOASISIntegrationTests.cs(95,36): error CS0246: The type or namespace name 'SearchParams' could not be found (are you missing a using directive or an assembly reference?) [C:\Source\OASIS-master\Providers\Blockchain\TestProjects\NextGenSoftware.OASIS.API.Providers.Web3CoreOASIS.IntegrationTests\NextGenSoftware.OASIS.API.Providers.Web3CoreOASIS.IntegrationTests.csproj]
C:\Source\OASIS-master\Providers\Blockchain\TestProjects\NextGenSoftware.OASIS.API.Providers.Web3CoreOASIS.IntegrationTests\Web3CoreOASISIntegrationTests.cs(98,30): error CS0103: The name 'SearchType' does not exist in the current context [C:\Source\OASIS-master\Providers\Blockchain\TestProjects\NextGenSoftware.OASIS.API.Providers.Web3CoreOASIS.IntegrationTests\NextGenSoftware.OASIS.API.Providers.Web3CoreOASIS.IntegrationTests.csproj]
C:\Source\OASIS-master\Providers\Blockchain\TestProjects\NextGenSoftware.OASIS.API.Providers.Web3CoreOASIS.IntegrationTests\Web3CoreOASISIntegrationTests.cs(102,42): error CS1061: 'Web3CoreOASIS' does not contain a definition for 'SearchAvatarsAsync' and no accessible extension method 'SearchAvatarsAsync' accepting a first argument of type 'Web3CoreOASIS' could be found (are you missing a using directive or an assembly reference?) [C:\Source\OASIS-master\Providers\Blockchain\TestProjects\NextGenSoftware.OASIS.API.Providers.Web3CoreOASIS.IntegrationTests\NextGenSoftware.OASIS.API.Providers.Web3CoreOASIS.IntegrationTests.csproj]
C:\Source\OASIS-master\Providers\Blockchain\TestProjects\NextGenSoftware.OASIS.API.Providers.Web3CoreOASIS.IntegrationTests\Web3CoreOASISIntegrationTests.cs(114,36): error CS0246: The type or namespace name 'SearchParams' could not be found (are you missing a using directive or an assembly reference?) [C:\Source\OASIS-master\Providers\Blockchain\TestProjects\NextGenSoftware.OASIS.API.Providers.Web3CoreOASIS.IntegrationTests\NextGenSoftware.OASIS.API.Providers.Web3CoreOASIS.IntegrationTests.csproj]
C:\Source\OASIS-master\Providers\Blockchain\TestProjects\NextGenSoftware.OASIS.API.Providers.Web3CoreOASIS.IntegrationTests\Web3CoreOASISIntegrationTests.cs(117,30): error CS0103: The name 'SearchType' does not exist in the current context [C:\Source\OASIS-master\Providers\Blockchain\TestProjects\NextGenSoftware.OASIS.API.Providers.Web3CoreOASIS.IntegrationTests\NextGenSoftware.OASIS.API.Providers.Web3CoreOASIS.IntegrationTests.csproj]
C:\Source\OASIS-master\Providers\Blockchain\TestProjects\NextGenSoftware.OASIS.API.Providers.Web3CoreOASIS.IntegrationTests\Web3CoreOASISIntegrationTests.cs(121,42): error CS1061: 'Web3CoreOASIS' does not contain a definition for 'SearchHolonsAsync' and no accessible extension method 'SearchHolonsAsync' accepting a first argument of type 'Web3CoreOASIS' could be found (are you missing a using directive or an assembly reference?) [C:\Source\OASIS-master\Providers\Blockchain\TestProjects\NextGenSoftware.OASIS.API.Providers.Web3CoreOASIS.IntegrationTests\NextGenSoftware.OASIS.API.Providers.Web3CoreOASIS.IntegrationTests.csproj]
C:\Source\OASIS-master\Providers\Blockchain\TestProjects\NextGenSoftware.OASIS.API.Providers.Web3CoreOASIS.IntegrationTests\Web3CoreOASISIntegrationTests.cs(132,48): error CS1061: 'Web3CoreOASIS' does not contain a definition for 'IsProviderActivated' and no accessible extension method 'IsProviderActivated' accepting a first argument of type 'Web3CoreOASIS' could be found (are you missing a using directive or an assembly reference?) [C:\Source\OASIS-master\Providers\Blockchain\TestProjects\NextGenSoftware.OASIS.API.Providers.Web3CoreOASIS.IntegrationTests\NextGenSoftware.OASIS.API.Providers.Web3CoreOASIS.IntegrationTests.csproj]
C:\Source\OASIS-master\Providers\Blockchain\TestProjects\NextGenSoftware.OASIS.API.Providers.Web3CoreOASIS.IntegrationTests\Web3CoreOASISIntegrationTests.cs(134,27): error CS1061: 'Web3CoreOASIS' does not contain a definition for 'DeActivateProvider' and no accessible extension method 'DeActivateProvider' accepting a first argument of type 'Web3CoreOASIS' could be found (are you missing a using directive or an assembly reference?) [C:\Source\OASIS-master\Providers\Blockchain\TestProjects\NextGenSoftware.OASIS.API.Providers.Web3CoreOASIS.IntegrationTests\NextGenSoftware.OASIS.API.Providers.Web3CoreOASIS.IntegrationTests.csproj]
C:\Source\OASIS-master\Providers\Blockchain\TestProjects\NextGenSoftware.OASIS.API.Providers.OptimismOASIS.IntegrationTests\OptimismOASISIntegrationTests.cs(26,30): error CS0246: The type or namespace name 'Avatar' could not be found (are you missing a using directive or an assembly reference?) [C:\Source\OASIS-master\Providers\Blockchain\TestProjects\NextGenSoftware.OASIS.API.Providers.OptimismOASIS.IntegrationTests\NextGenSoftware.OASIS.API.Providers.OptimismOASIS.IntegrationTests.csproj]
C:\Source\OASIS-master\Providers\Blockchain\TestProjects\NextGenSoftware.OASIS.API.Providers.Web3CoreOASIS.IntegrationTests\Web3CoreOASISIntegrationTests.cs(134,17): warning CS8602: Dereference of a possibly null reference. [C:\Source\OASIS-master\Providers\Blockchain\TestProjects\NextGenSoftware.OASIS.API.Providers.Web3CoreOASIS.IntegrationTests\NextGenSoftware.OASIS.API.Providers.Web3CoreOASIS.IntegrationTests.csproj]
C:\Source\OASIS-master\Providers\Blockchain\TestProjects\NextGenSoftware.OASIS.API.Providers.Web3CoreOASIS.IntegrationTests\Web3CoreOASISIntegrationTests.cs(14,31): warning CS8618: Non-nullable field '_provider' must contain a non-null value when exiting constructor. Consider adding the 'required' modifier or declaring the field as nullable. [C:\Source\OASIS-master\Providers\Blockchain\TestProjects\NextGenSoftware.OASIS.API.Providers.Web3CoreOASIS.IntegrationTests\NextGenSoftware.OASIS.API.Providers.Web3CoreOASIS.IntegrationTests.csproj]
C:\Source\OASIS-master\Providers\Blockchain\TestProjects\NextGenSoftware.OASIS.API.Providers.OptimismOASIS.TestHarness\OptimismOASISTestHarness.cs(42,35): warning CS1998: This async method lacks 'await' operators and will run synchronously. Consider using the 'await' operator to await non-blocking API calls, or 'await Task.Run(...)' to do CPU-bound work on a background thread. [C:\Source\OASIS-master\Providers\Blockchain\TestProjects\NextGenSoftware.OASIS.API.Providers.OptimismOASIS.TestHarness\NextGenSoftware.OASIS.API.Providers.OptimismOASIS.TestHarness.csproj]
C:\Source\OASIS-master\Providers\Blockchain\TestProjects\NextGenSoftware.OASIS.API.Providers.OptimismOASIS.IntegrationTests\OptimismOASISIntegrationTests.cs(62,29): error CS0246: The type or namespace name 'Holon' could not be found (are you missing a using directive or an assembly reference?) [C:\Source\OASIS-master\Providers\Blockchain\TestProjects\NextGenSoftware.OASIS.API.Providers.OptimismOASIS.IntegrationTests\NextGenSoftware.OASIS.API.Providers.OptimismOASIS.IntegrationTests.csproj]
C:\Source\OASIS-master\Providers\Blockchain\TestProjects\NextGenSoftware.OASIS.API.Providers.OptimismOASIS.TestHarness\OptimismOASISTestHarness.cs(64,37): error CS1061: 'OptimismOASIS' does not contain a definition for 'GetProviderVersion' and no accessible extension method 'GetProviderVersion' accepting a first argument of type 'OptimismOASIS' could be found (are you missing a using directive or an assembly reference?) [C:\Source\OASIS-master\Providers\Blockchain\TestProjects\NextGenSoftware.OASIS.API.Providers.OptimismOASIS.TestHarness\NextGenSoftware.OASIS.API.Providers.OptimismOASIS.TestHarness.csproj]
C:\Source\OASIS-master\Providers\Blockchain\TestProjects\NextGenSoftware.OASIS.API.Providers.OptimismOASIS.IntegrationTests\OptimismOASISIntegrationTests.cs(95,36): error CS0246: The type or namespace name 'SearchParams' could not be found (are you missing a using directive or an assembly reference?) [C:\Source\OASIS-master\Providers\Blockchain\TestProjects\NextGenSoftware.OASIS.API.Providers.OptimismOASIS.IntegrationTests\NextGenSoftware.OASIS.API.Providers.OptimismOASIS.IntegrationTests.csproj]
C:\Source\OASIS-master\Providers\Blockchain\TestProjects\NextGenSoftware.OASIS.API.Providers.OptimismOASIS.TestHarness\OptimismOASISTestHarness.cs(67,42): error CS1061: 'OptimismOASIS' does not contain a definition for 'GetProviderType' and no accessible extension method 'GetProviderType' accepting a first argument of type 'OptimismOASIS' could be found (are you missing a using directive or an assembly reference?) [C:\Source\OASIS-master\Providers\Blockchain\TestProjects\NextGenSoftware.OASIS.API.Providers.OptimismOASIS.TestHarness\NextGenSoftware.OASIS.API.Providers.OptimismOASIS.TestHarness.csproj]
C:\Source\OASIS-master\Providers\Blockchain\TestProjects\NextGenSoftware.OASIS.API.Providers.OptimismOASIS.IntegrationTests\OptimismOASISIntegrationTests.cs(98,30): error CS0103: The name 'SearchType' does not exist in the current context [C:\Source\OASIS-master\Providers\Blockchain\TestProjects\NextGenSoftware.OASIS.API.Providers.OptimismOASIS.IntegrationTests\NextGenSoftware.OASIS.API.Providers.OptimismOASIS.IntegrationTests.csproj]
C:\Source\OASIS-master\Providers\Blockchain\TestProjects\NextGenSoftware.OASIS.API.Providers.OptimismOASIS.TestHarness\OptimismOASISTestHarness.cs(70,38): error CS1061: 'OptimismOASIS' does not contain a definition for 'GetProviderCategory' and no accessible extension method 'GetProviderCategory' accepting a first argument of type 'OptimismOASIS' could be found (are you missing a using directive or an assembly reference?) [C:\Source\OASIS-master\Providers\Blockchain\TestProjects\NextGenSoftware.OASIS.API.Providers.OptimismOASIS.TestHarness\NextGenSoftware.OASIS.API.Providers.OptimismOASIS.TestHarness.csproj]
C:\Source\OASIS-master\Providers\Blockchain\TestProjects\NextGenSoftware.OASIS.API.Providers.OptimismOASIS.IntegrationTests\OptimismOASISIntegrationTests.cs(102,42): error CS1061: 'OptimismOASIS' does not contain a definition for 'SearchAvatarsAsync' and no accessible extension method 'SearchAvatarsAsync' accepting a first argument of type 'OptimismOASIS' could be found (are you missing a using directive or an assembly reference?) [C:\Source\OASIS-master\Providers\Blockchain\TestProjects\NextGenSoftware.OASIS.API.Providers.OptimismOASIS.IntegrationTests\NextGenSoftware.OASIS.API.Providers.OptimismOASIS.IntegrationTests.csproj]
C:\Source\OASIS-master\Providers\Blockchain\TestProjects\NextGenSoftware.OASIS.API.Providers.OptimismOASIS.TestHarness\OptimismOASISTestHarness.cs(60,35): warning CS1998: This async method lacks 'await' operators and will run synchronously. Consider using the 'await' operator to await non-blocking API calls, or 'await Task.Run(...)' to do CPU-bound work on a background thread. [C:\Source\OASIS-master\Providers\Blockchain\TestProjects\NextGenSoftware.OASIS.API.Providers.OptimismOASIS.TestHarness\NextGenSoftware.OASIS.API.Providers.OptimismOASIS.TestHarness.csproj]
C:\Source\OASIS-master\Providers\Blockchain\TestProjects\NextGenSoftware.OASIS.API.Providers.OptimismOASIS.IntegrationTests\OptimismOASISIntegrationTests.cs(114,36): error CS0246: The type or namespace name 'SearchParams' could not be found (are you missing a using directive or an assembly reference?) [C:\Source\OASIS-master\Providers\Blockchain\TestProjects\NextGenSoftware.OASIS.API.Providers.OptimismOASIS.IntegrationTests\NextGenSoftware.OASIS.API.Providers.OptimismOASIS.IntegrationTests.csproj]
C:\Source\OASIS-master\Providers\Blockchain\TestProjects\NextGenSoftware.OASIS.API.Providers.OptimismOASIS.TestHarness\OptimismOASISTestHarness.cs(82,34): error CS0246: The type or namespace name 'Avatar' could not be found (are you missing a using directive or an assembly reference?) [C:\Source\OASIS-master\Providers\Blockchain\TestProjects\NextGenSoftware.OASIS.API.Providers.OptimismOASIS.TestHarness\NextGenSoftware.OASIS.API.Providers.OptimismOASIS.TestHarness.csproj]
C:\Source\OASIS-master\Providers\Blockchain\TestProjects\NextGenSoftware.OASIS.API.Providers.OptimismOASIS.IntegrationTests\OptimismOASISIntegrationTests.cs(117,30): error CS0103: The name 'SearchType' does not exist in the current context [C:\Source\OASIS-master\Providers\Blockchain\TestProjects\NextGenSoftware.OASIS.API.Providers.OptimismOASIS.IntegrationTests\NextGenSoftware.OASIS.API.Providers.OptimismOASIS.IntegrationTests.csproj]
C:\Source\OASIS-master\Providers\Blockchain\TestProjects\NextGenSoftware.OASIS.API.Providers.OptimismOASIS.TestHarness\OptimismOASISTestHarness.cs(111,33): error CS0246: The type or namespace name 'Holon' could not be found (are you missing a using directive or an assembly reference?) [C:\Source\OASIS-master\Providers\Blockchain\TestProjects\NextGenSoftware.OASIS.API.Providers.OptimismOASIS.TestHarness\NextGenSoftware.OASIS.API.Providers.OptimismOASIS.TestHarness.csproj]
C:\Source\OASIS-master\Providers\Blockchain\TestProjects\NextGenSoftware.OASIS.API.Providers.OptimismOASIS.IntegrationTests\OptimismOASISIntegrationTests.cs(121,42): error CS1061: 'OptimismOASIS' does not contain a definition for 'SearchHolonsAsync' and no accessible extension method 'SearchHolonsAsync' accepting a first argument of type 'OptimismOASIS' could be found (are you missing a using directive or an assembly reference?) [C:\Source\OASIS-master\Providers\Blockchain\TestProjects\NextGenSoftware.OASIS.API.Providers.OptimismOASIS.IntegrationTests\NextGenSoftware.OASIS.API.Providers.OptimismOASIS.IntegrationTests.csproj]
C:\Source\OASIS-master\Providers\Blockchain\TestProjects\NextGenSoftware.OASIS.API.Providers.OptimismOASIS.TestHarness\OptimismOASISTestHarness.cs(138,36): error CS0246: The type or namespace name 'SearchParams' could not be found (are you missing a using directive or an assembly reference?) [C:\Source\OASIS-master\Providers\Blockchain\TestProjects\NextGenSoftware.OASIS.API.Providers.OptimismOASIS.TestHarness\NextGenSoftware.OASIS.API.Providers.OptimismOASIS.TestHarness.csproj]
C:\Source\OASIS-master\Providers\Blockchain\TestProjects\NextGenSoftware.OASIS.API.Providers.OptimismOASIS.IntegrationTests\OptimismOASISIntegrationTests.cs(14,31): warning CS8618: Non-nullable field '_provider' must contain a non-null value when exiting constructor. Consider adding the 'required' modifier or declaring the field as nullable. [C:\Source\OASIS-master\Providers\Blockchain\TestProjects\NextGenSoftware.OASIS.API.Providers.OptimismOASIS.IntegrationTests\NextGenSoftware.OASIS.API.Providers.OptimismOASIS.IntegrationTests.csproj]
C:\Source\OASIS-master\Providers\Blockchain\TestProjects\NextGenSoftware.OASIS.API.Providers.OptimismOASIS.TestHarness\OptimismOASISTestHarness.cs(141,30): error CS0103: The name 'SearchType' does not exist in the current context [C:\Source\OASIS-master\Providers\Blockchain\TestProjects\NextGenSoftware.OASIS.API.Providers.OptimismOASIS.TestHarness\NextGenSoftware.OASIS.API.Providers.OptimismOASIS.TestHarness.csproj]
C:\Source\OASIS-master\Providers\Blockchain\TestProjects\NextGenSoftware.OASIS.API.Providers.OptimismOASIS.TestHarness\OptimismOASISTestHarness.cs(145,54): error CS1061: 'OptimismOASIS' does not contain a definition for 'SearchAvatarsAsync' and no accessible extension method 'SearchAvatarsAsync' accepting a first argument of type 'OptimismOASIS' could be found (are you missing a using directive or an assembly reference?) [C:\Source\OASIS-master\Providers\Blockchain\TestProjects\NextGenSoftware.OASIS.API.Providers.OptimismOASIS.TestHarness\NextGenSoftware.OASIS.API.Providers.OptimismOASIS.TestHarness.csproj]
C:\Source\OASIS-master\Providers\Blockchain\TestProjects\NextGenSoftware.OASIS.API.Providers.OptimismOASIS.TestHarness\OptimismOASISTestHarness.cs(155,35): warning CS1998: This async method lacks 'await' operators and will run synchronously. Consider using the 'await' operator to await non-blocking API calls, or 'await Task.Run(...)' to do CPU-bound work on a background thread. [C:\Source\OASIS-master\Providers\Blockchain\TestProjects\NextGenSoftware.OASIS.API.Providers.OptimismOASIS.TestHarness\NextGenSoftware.OASIS.API.Providers.OptimismOASIS.TestHarness.csproj]
C:\Source\OASIS-master\Providers\Blockchain\TestProjects\NextGenSoftware.OASIS.API.Providers.Web3CoreOASIS.UnitTests\Web3CoreOASISUnitTests.cs(18,29): error CS7036: There is no argument given that corresponds to the required parameter 'accountPrivateKey' of 'Web3CoreOASIS.Web3CoreOASIS(string, string, string, string)' [C:\Source\OASIS-master\Providers\Blockchain\TestProjects\NextGenSoftware.OASIS.API.Providers.Web3CoreOASIS.UnitTests\NextGenSoftware.OASIS.API.Providers.Web3CoreOASIS.UnitTests.csproj]
C:\Source\OASIS-master\Providers\Blockchain\TestProjects\NextGenSoftware.OASIS.API.Providers.Web3CoreOASIS.UnitTests\Web3CoreOASISUnitTests.cs(25,42): error CS1061: 'Web3CoreOASIS' does not contain a definition for 'ProviderType' and no accessible extension method 'ProviderType' accepting a first argument of type 'Web3CoreOASIS' could be found (are you missing a using directive or an assembly reference?) [C:\Source\OASIS-master\Providers\Blockchain\TestProjects\NextGenSoftware.OASIS.API.Providers.Web3CoreOASIS.UnitTests\NextGenSoftware.OASIS.API.Providers.Web3CoreOASIS.UnitTests.csproj]
C:\Source\OASIS-master\Providers\Blockchain\TestProjects\NextGenSoftware.OASIS.API.Providers.Web3CoreOASIS.UnitTests\Web3CoreOASISUnitTests.cs(28,42): error CS0117: 'ProviderType' does not contain a definition for 'Web3CoreOASIS' [C:\Source\OASIS-master\Providers\Blockchain\TestProjects\NextGenSoftware.OASIS.API.Providers.Web3CoreOASIS.UnitTests\NextGenSoftware.OASIS.API.Providers.Web3CoreOASIS.UnitTests.csproj]
C:\Source\OASIS-master\Providers\Blockchain\TestProjects\NextGenSoftware.OASIS.API.Providers.Web3CoreOASIS.UnitTests\Web3CoreOASISUnitTests.cs(35,41): error CS1061: 'Web3CoreOASIS' does not contain a definition for 'IsProviderActivated' and no accessible extension method 'IsProviderActivated' accepting a first argument of type 'Web3CoreOASIS' could be found (are you missing a using directive or an assembly reference?) [C:\Source\OASIS-master\Providers\Blockchain\TestProjects\NextGenSoftware.OASIS.API.Providers.Web3CoreOASIS.UnitTests\NextGenSoftware.OASIS.API.Providers.Web3CoreOASIS.UnitTests.csproj]
C:\Source\OASIS-master\Providers\Blockchain\TestProjects\NextGenSoftware.OASIS.API.Providers.Web3CoreOASIS.UnitTests\Web3CoreOASISUnitTests.cs(45,42): error CS1061: 'Web3CoreOASIS' does not contain a definition for 'ProviderName' and no accessible extension method 'ProviderName' accepting a first argument of type 'Web3CoreOASIS' could be found (are you missing a using directive or an assembly reference?) [C:\Source\OASIS-master\Providers\Blockchain\TestProjects\NextGenSoftware.OASIS.API.Providers.Web3CoreOASIS.UnitTests\NextGenSoftware.OASIS.API.Providers.Web3CoreOASIS.UnitTests.csproj]
C:\Source\OASIS-master\Providers\Blockchain\TestProjects\NextGenSoftware.OASIS.API.Providers.Web3CoreOASIS.UnitTests\Web3CoreOASISUnitTests.cs(55,41): error CS1061: 'Web3CoreOASIS' does not contain a definition for 'ProviderDescription' and no accessible extension method 'ProviderDescription' accepting a first argument of type 'Web3CoreOASIS' could be found (are you missing a using directive or an assembly reference?) [C:\Source\OASIS-master\Providers\Blockchain\TestProjects\NextGenSoftware.OASIS.API.Providers.Web3CoreOASIS.UnitTests\NextGenSoftware.OASIS.API.Providers.Web3CoreOASIS.UnitTests.csproj]
C:\Source\OASIS-master\Providers\Blockchain\TestProjects\NextGenSoftware.OASIS.API.Providers.Web3CoreOASIS.UnitTests\Web3CoreOASISUnitTests.cs(66,38): error CS1061: 'Web3CoreOASIS' does not contain a definition for 'IsProviderActivated' and no accessible extension method 'IsProviderActivated' accepting a first argument of type 'Web3CoreOASIS' could be found (are you missing a using directive or an assembly reference?) [C:\Source\OASIS-master\Providers\Blockchain\TestProjects\NextGenSoftware.OASIS.API.Providers.Web3CoreOASIS.UnitTests\NextGenSoftware.OASIS.API.Providers.Web3CoreOASIS.UnitTests.csproj]
C:\Source\OASIS-master\Providers\Blockchain\TestProjects\NextGenSoftware.OASIS.API.Providers.Web3CoreOASIS.UnitTests\Web3CoreOASISUnitTests.cs(69,36): error CS1061: 'Web3CoreOASIS' does not contain a definition for 'ActivateProvider' and no accessible extension method 'ActivateProvider' accepting a first argument of type 'Web3CoreOASIS' could be found (are you missing a using directive or an assembly reference?) [C:\Source\OASIS-master\Providers\Blockchain\TestProjects\NextGenSoftware.OASIS.API.Providers.Web3CoreOASIS.UnitTests\NextGenSoftware.OASIS.API.Providers.Web3CoreOASIS.UnitTests.csproj]
C:\Source\OASIS-master\Providers\Blockchain\TestProjects\NextGenSoftware.OASIS.API.Providers.Web3CoreOASIS.UnitTests\Web3CoreOASISUnitTests.cs(73,37): error CS1061: 'Web3CoreOASIS' does not contain a definition for 'IsProviderActivated' and no accessible extension method 'IsProviderActivated' accepting a first argument of type 'Web3CoreOASIS' could be found (are you missing a using directive or an assembly reference?) [C:\Source\OASIS-master\Providers\Blockchain\TestProjects\NextGenSoftware.OASIS.API.Providers.Web3CoreOASIS.UnitTests\NextGenSoftware.OASIS.API.Providers.Web3CoreOASIS.UnitTests.csproj]
C:\Source\OASIS-master\Providers\Blockchain\TestProjects\NextGenSoftware.OASIS.API.Providers.Web3CoreOASIS.UnitTests\Web3CoreOASISUnitTests.cs(80,23): error CS1061: 'Web3CoreOASIS' does not contain a definition for 'ActivateProvider' and no accessible extension method 'ActivateProvider' accepting a first argument of type 'Web3CoreOASIS' could be found (are you missing a using directive or an assembly reference?) [C:\Source\OASIS-master\Providers\Blockchain\TestProjects\NextGenSoftware.OASIS.API.Providers.Web3CoreOASIS.UnitTests\NextGenSoftware.OASIS.API.Providers.Web3CoreOASIS.UnitTests.csproj]
C:\Source\OASIS-master\Providers\Blockchain\TestProjects\NextGenSoftware.OASIS.API.Providers.Web3CoreOASIS.UnitTests\Web3CoreOASISUnitTests.cs(81,37): error CS1061: 'Web3CoreOASIS' does not contain a definition for 'IsProviderActivated' and no accessible extension method 'IsProviderActivated' accepting a first argument of type 'Web3CoreOASIS' could be found (are you missing a using directive or an assembly reference?) [C:\Source\OASIS-master\Providers\Blockchain\TestProjects\NextGenSoftware.OASIS.API.Providers.Web3CoreOASIS.UnitTests\NextGenSoftware.OASIS.API.Providers.Web3CoreOASIS.UnitTests.csproj]
C:\Source\OASIS-master\Providers\Blockchain\TestProjects\NextGenSoftware.OASIS.API.Providers.Web3CoreOASIS.UnitTests\Web3CoreOASISUnitTests.cs(84,36): error CS1061: 'Web3CoreOASIS' does not contain a definition for 'DeActivateProvider' and no accessible extension method 'DeActivateProvider' accepting a first argument of type 'Web3CoreOASIS' could be found (are you missing a using directive or an assembly reference?) [C:\Source\OASIS-master\Providers\Blockchain\TestProjects\NextGenSoftware.OASIS.API.Providers.Web3CoreOASIS.UnitTests\NextGenSoftware.OASIS.API.Providers.Web3CoreOASIS.UnitTests.csproj]
C:\Source\OASIS-master\Providers\Blockchain\TestProjects\NextGenSoftware.OASIS.API.Providers.Web3CoreOASIS.UnitTests\Web3CoreOASISUnitTests.cs(88,38): error CS1061: 'Web3CoreOASIS' does not contain a definition for 'IsProviderActivated' and no accessible extension method 'IsProviderActivated' accepting a first argument of type 'Web3CoreOASIS' could be found (are you missing a using directive or an assembly reference?) [C:\Source\OASIS-master\Providers\Blockchain\TestProjects\NextGenSoftware.OASIS.API.Providers.Web3CoreOASIS.UnitTests\NextGenSoftware.OASIS.API.Providers.Web3CoreOASIS.UnitTests.csproj]
C:\Source\OASIS-master\Providers\Blockchain\TestProjects\NextGenSoftware.OASIS.API.Providers.Web3CoreOASIS.UnitTests\Web3CoreOASISUnitTests.cs(95,37): error CS1061: 'Web3CoreOASIS' does not contain a definition for 'GetProviderVersion' and no accessible extension method 'GetProviderVersion' accepting a first argument of type 'Web3CoreOASIS' could be found (are you missing a using directive or an assembly reference?) [C:\Source\OASIS-master\Providers\Blockchain\TestProjects\NextGenSoftware.OASIS.API.Providers.Web3CoreOASIS.UnitTests\NextGenSoftware.OASIS.API.Providers.Web3CoreOASIS.UnitTests.csproj]
C:\Source\OASIS-master\Providers\Blockchain\TestProjects\NextGenSoftware.OASIS.API.Providers.Web3CoreOASIS.UnitTests\Web3CoreOASISUnitTests.cs(105,48): error CS1061: 'Web3CoreOASIS' does not contain a definition for 'IsProviderActivated' and no accessible extension method 'IsProviderActivated' accepting a first argument of type 'Web3CoreOASIS' could be found (are you missing a using directive or an assembly reference?) [C:\Source\OASIS-master\Providers\Blockchain\TestProjects\NextGenSoftware.OASIS.API.Providers.Web3CoreOASIS.UnitTests\NextGenSoftware.OASIS.API.Providers.Web3CoreOASIS.UnitTests.csproj]
C:\Source\OASIS-master\Providers\Blockchain\TestProjects\NextGenSoftware.OASIS.API.Providers.Web3CoreOASIS.UnitTests\Web3CoreOASISUnitTests.cs(107,27): error CS1061: 'Web3CoreOASIS' does not contain a definition for 'DeActivateProvider' and no accessible extension method 'DeActivateProvider' accepting a first argument of type 'Web3CoreOASIS' could be found (are you missing a using directive or an assembly reference?) [C:\Source\OASIS-master\Providers\Blockchain\TestProjects\NextGenSoftware.OASIS.API.Providers.Web3CoreOASIS.UnitTests\NextGenSoftware.OASIS.API.Providers.Web3CoreOASIS.UnitTests.csproj]
C:\Source\OASIS-master\Providers\Blockchain\TestProjects\NextGenSoftware.OASIS.API.Providers.Web3CoreOASIS.UnitTests\Web3CoreOASISUnitTests.cs(107,17): warning CS8602: Dereference of a possibly null reference. [C:\Source\OASIS-master\Providers\Blockchain\TestProjects\NextGenSoftware.OASIS.API.Providers.Web3CoreOASIS.UnitTests\NextGenSoftware.OASIS.API.Providers.Web3CoreOASIS.UnitTests.csproj]
C:\Source\OASIS-master\Providers\Blockchain\TestProjects\NextGenSoftware.OASIS.API.Providers.Web3CoreOASIS.UnitTests\Web3CoreOASISUnitTests.cs(13,31): warning CS8618: Non-nullable field '_provider' must contain a non-null value when exiting constructor. Consider adding the 'required' modifier or declaring the field as nullable. [C:\Source\OASIS-master\Providers\Blockchain\TestProjects\NextGenSoftware.OASIS.API.Providers.Web3CoreOASIS.UnitTests\NextGenSoftware.OASIS.API.Providers.Web3CoreOASIS.UnitTests.csproj]
C:\Source\OASIS-master\Providers\Blockchain\TestProjects\NextGenSoftware.OASIS.API.Providers.RootstockOASIS.TestHarness\RootstockOASISTestHarness.cs(19,29): error CS7036: There is no argument given that corresponds to the required parameter 'hostUri' of 'RootstockOASIS.RootstockOASIS(string, string, string)' [C:\Source\OASIS-master\Providers\Blockchain\TestProjects\NextGenSoftware.OASIS.API.Providers.RootstockOASIS.TestHarness\NextGenSoftware.OASIS.API.Providers.RootstockOASIS.TestHarness.csproj]
C:\Source\OASIS-master\Providers\Blockchain\TestProjects\NextGenSoftware.OASIS.API.Providers.RootstockOASIS.TestHarness\RootstockOASISTestHarness.cs(42,35): warning CS1998: This async method lacks 'await' operators and will run synchronously. Consider using the 'await' operator to await non-blocking API calls, or 'await Task.Run(...)' to do CPU-bound work on a background thread. [C:\Source\OASIS-master\Providers\Blockchain\TestProjects\NextGenSoftware.OASIS.API.Providers.RootstockOASIS.TestHarness\NextGenSoftware.OASIS.API.Providers.RootstockOASIS.TestHarness.csproj]
C:\Source\OASIS-master\Providers\Blockchain\TestProjects\NextGenSoftware.OASIS.API.Providers.RootstockOASIS.TestHarness\RootstockOASISTestHarness.cs(64,37): error CS1061: 'RootstockOASIS' does not contain a definition for 'GetProviderVersion' and no accessible extension method 'GetProviderVersion' accepting a first argument of type 'RootstockOASIS' could be found (are you missing a using directive or an assembly reference?) [C:\Source\OASIS-master\Providers\Blockchain\TestProjects\NextGenSoftware.OASIS.API.Providers.RootstockOASIS.TestHarness\NextGenSoftware.OASIS.API.Providers.RootstockOASIS.TestHarness.csproj]
C:\Source\OASIS-master\Providers\Blockchain\TestProjects\NextGenSoftware.OASIS.API.Providers.RootstockOASIS.TestHarness\RootstockOASISTestHarness.cs(67,42): error CS1061: 'RootstockOASIS' does not contain a definition for 'GetProviderType' and no accessible extension method 'GetProviderType' accepting a first argument of type 'RootstockOASIS' could be found (are you missing a using directive or an assembly reference?) [C:\Source\OASIS-master\Providers\Blockchain\TestProjects\NextGenSoftware.OASIS.API.Providers.RootstockOASIS.TestHarness\NextGenSoftware.OASIS.API.Providers.RootstockOASIS.TestHarness.csproj]
C:\Source\OASIS-master\Providers\Blockchain\TestProjects\NextGenSoftware.OASIS.API.Providers.RootstockOASIS.TestHarness\RootstockOASISTestHarness.cs(70,38): error CS1061: 'RootstockOASIS' does not contain a definition for 'GetProviderCategory' and no accessible extension method 'GetProviderCategory' accepting a first argument of type 'RootstockOASIS' could be found (are you missing a using directive or an assembly reference?) [C:\Source\OASIS-master\Providers\Blockchain\TestProjects\NextGenSoftware.OASIS.API.Providers.RootstockOASIS.TestHarness\NextGenSoftware.OASIS.API.Providers.RootstockOASIS.TestHarness.csproj]
C:\Source\OASIS-master\Providers\Blockchain\TestProjects\NextGenSoftware.OASIS.API.Providers.RootstockOASIS.TestHarness\RootstockOASISTestHarness.cs(60,35): warning CS1998: This async method lacks 'await' operators and will run synchronously. Consider using the 'await' operator to await non-blocking API calls, or 'await Task.Run(...)' to do CPU-bound work on a background thread. [C:\Source\OASIS-master\Providers\Blockchain\TestProjects\NextGenSoftware.OASIS.API.Providers.RootstockOASIS.TestHarness\NextGenSoftware.OASIS.API.Providers.RootstockOASIS.TestHarness.csproj]
C:\Source\OASIS-master\Providers\Blockchain\TestProjects\NextGenSoftware.OASIS.API.Providers.RootstockOASIS.TestHarness\RootstockOASISTestHarness.cs(82,34): error CS0246: The type or namespace name 'Avatar' could not be found (are you missing a using directive or an assembly reference?) [C:\Source\OASIS-master\Providers\Blockchain\TestProjects\NextGenSoftware.OASIS.API.Providers.RootstockOASIS.TestHarness\NextGenSoftware.OASIS.API.Providers.RootstockOASIS.TestHarness.csproj]
C:\Source\OASIS-master\Providers\Blockchain\TestProjects\NextGenSoftware.OASIS.API.Providers.RootstockOASIS.TestHarness\RootstockOASISTestHarness.cs(111,33): error CS0246: The type or namespace name 'Holon' could not be found (are you missing a using directive or an assembly reference?) [C:\Source\OASIS-master\Providers\Blockchain\TestProjects\NextGenSoftware.OASIS.API.Providers.RootstockOASIS.TestHarness\NextGenSoftware.OASIS.API.Providers.RootstockOASIS.TestHarness.csproj]
C:\Source\OASIS-master\Providers\Blockchain\TestProjects\NextGenSoftware.OASIS.API.Providers.RootstockOASIS.TestHarness\RootstockOASISTestHarness.cs(138,36): error CS0246: The type or namespace name 'SearchParams' could not be found (are you missing a using directive or an assembly reference?) [C:\Source\OASIS-master\Providers\Blockchain\TestProjects\NextGenSoftware.OASIS.API.Providers.RootstockOASIS.TestHarness\NextGenSoftware.OASIS.API.Providers.RootstockOASIS.TestHarness.csproj]
C:\Source\OASIS-master\Providers\Blockchain\TestProjects\NextGenSoftware.OASIS.API.Providers.RootstockOASIS.TestHarness\RootstockOASISTestHarness.cs(141,30): error CS0103: The name 'SearchType' does not exist in the current context [C:\Source\OASIS-master\Providers\Blockchain\TestProjects\NextGenSoftware.OASIS.API.Providers.RootstockOASIS.TestHarness\NextGenSoftware.OASIS.API.Providers.RootstockOASIS.TestHarness.csproj]
C:\Source\OASIS-master\Providers\Blockchain\TestProjects\NextGenSoftware.OASIS.API.Providers.RootstockOASIS.TestHarness\RootstockOASISTestHarness.cs(145,54): error CS1061: 'RootstockOASIS' does not contain a definition for 'SearchAvatarsAsync' and no accessible extension method 'SearchAvatarsAsync' accepting a first argument of type 'RootstockOASIS' could be found (are you missing a using directive or an assembly reference?) [C:\Source\OASIS-master\Providers\Blockchain\TestProjects\NextGenSoftware.OASIS.API.Providers.RootstockOASIS.TestHarness\NextGenSoftware.OASIS.API.Providers.RootstockOASIS.TestHarness.csproj]
C:\Source\OASIS-master\Providers\Blockchain\TestProjects\NextGenSoftware.OASIS.API.Providers.RootstockOASIS.TestHarness\RootstockOASISTestHarness.cs(155,35): warning CS1998: This async method lacks 'await' operators and will run synchronously. Consider using the 'await' operator to await non-blocking API calls, or 'await Task.Run(...)' to do CPU-bound work on a background thread. [C:\Source\OASIS-master\Providers\Blockchain\TestProjects\NextGenSoftware.OASIS.API.Providers.RootstockOASIS.TestHarness\NextGenSoftware.OASIS.API.Providers.RootstockOASIS.TestHarness.csproj]
C:\Source\OASIS-master\Providers\Blockchain\TestProjects\NextGenSoftware.OASIS.API.Providers.RootstockOASIS.UnitTests\RootstockOASISUnitTests.cs(18,29): error CS7036: There is no argument given that corresponds to the required parameter 'hostUri' of 'RootstockOASIS.RootstockOASIS(string, string, string)' [C:\Source\OASIS-master\Providers\Blockchain\TestProjects\NextGenSoftware.OASIS.API.Providers.RootstockOASIS.UnitTests\NextGenSoftware.OASIS.API.Providers.RootstockOASIS.UnitTests.csproj]
C:\Source\OASIS-master\Providers\Blockchain\TestProjects\NextGenSoftware.OASIS.API.Providers.RootstockOASIS.UnitTests\RootstockOASISUnitTests.cs(28,20): error CS0411: The type arguments for method 'Assert.AreEqual<T>(T?, T?)' cannot be inferred from the usage. Try specifying the type arguments explicitly. [C:\Source\OASIS-master\Providers\Blockchain\TestProjects\NextGenSoftware.OASIS.API.Providers.RootstockOASIS.UnitTests\NextGenSoftware.OASIS.API.Providers.RootstockOASIS.UnitTests.csproj]
C:\Source\OASIS-master\Providers\Blockchain\TestProjects\NextGenSoftware.OASIS.API.Providers.RootstockOASIS.UnitTests\RootstockOASISUnitTests.cs(95,37): error CS1061: 'RootstockOASIS' does not contain a definition for 'GetProviderVersion' and no accessible extension method 'GetProviderVersion' accepting a first argument of type 'RootstockOASIS' could be found (are you missing a using directive or an assembly reference?) [C:\Source\OASIS-master\Providers\Blockchain\TestProjects\NextGenSoftware.OASIS.API.Providers.RootstockOASIS.UnitTests\NextGenSoftware.OASIS.API.Providers.RootstockOASIS.UnitTests.csproj]
C:\Source\OASIS-master\Providers\Blockchain\TestProjects\NextGenSoftware.OASIS.API.Providers.RootstockOASIS.UnitTests\RootstockOASISUnitTests.cs(13,32): warning CS8618: Non-nullable field '_provider' must contain a non-null value when exiting constructor. Consider adding the 'required' modifier or declaring the field as nullable. [C:\Source\OASIS-master\Providers\Blockchain\TestProjects\NextGenSoftware.OASIS.API.Providers.RootstockOASIS.UnitTests\NextGenSoftware.OASIS.API.Providers.RootstockOASIS.UnitTests.csproj]
C:\Source\OASIS-master\Providers\Blockchain\TestProjects\NextGenSoftware.OASIS.API.Providers.HashgraphOASIS.IntegrationTests\HashgraphOASISIntegrationTests.cs(26,30): error CS0246: The type or namespace name 'Avatar' could not be found (are you missing a using directive or an assembly reference?) [C:\Source\OASIS-master\Providers\Blockchain\TestProjects\NextGenSoftware.OASIS.API.Providers.HashgraphOASIS.IntegrationTests\NextGenSoftware.OASIS.API.Providers.HashgraphOASIS.IntegrationTests.csproj]
C:\Source\OASIS-master\Providers\Blockchain\TestProjects\NextGenSoftware.OASIS.API.Providers.HashgraphOASIS.IntegrationTests\HashgraphOASISIntegrationTests.cs(62,29): error CS0246: The type or namespace name 'Holon' could not be found (are you missing a using directive or an assembly reference?) [C:\Source\OASIS-master\Providers\Blockchain\TestProjects\NextGenSoftware.OASIS.API.Providers.HashgraphOASIS.IntegrationTests\NextGenSoftware.OASIS.API.Providers.HashgraphOASIS.IntegrationTests.csproj]
C:\Source\OASIS-master\Providers\Blockchain\TestProjects\NextGenSoftware.OASIS.API.Providers.HashgraphOASIS.IntegrationTests\HashgraphOASISIntegrationTests.cs(95,36): error CS0246: The type or namespace name 'SearchParams' could not be found (are you missing a using directive or an assembly reference?) [C:\Source\OASIS-master\Providers\Blockchain\TestProjects\NextGenSoftware.OASIS.API.Providers.HashgraphOASIS.IntegrationTests\NextGenSoftware.OASIS.API.Providers.HashgraphOASIS.IntegrationTests.csproj]
C:\Source\OASIS-master\Providers\Blockchain\TestProjects\NextGenSoftware.OASIS.API.Providers.HashgraphOASIS.IntegrationTests\HashgraphOASISIntegrationTests.cs(98,30): error CS0103: The name 'SearchType' does not exist in the current context [C:\Source\OASIS-master\Providers\Blockchain\TestProjects\NextGenSoftware.OASIS.API.Providers.HashgraphOASIS.IntegrationTests\NextGenSoftware.OASIS.API.Providers.HashgraphOASIS.IntegrationTests.csproj]
C:\Source\OASIS-master\Providers\Blockchain\TestProjects\NextGenSoftware.OASIS.API.Providers.HashgraphOASIS.IntegrationTests\HashgraphOASISIntegrationTests.cs(102,42): error CS1061: 'HashgraphOASIS' does not contain a definition for 'SearchAvatarsAsync' and no accessible extension method 'SearchAvatarsAsync' accepting a first argument of type 'HashgraphOASIS' could be found (are you missing a using directive or an assembly reference?) [C:\Source\OASIS-master\Providers\Blockchain\TestProjects\NextGenSoftware.OASIS.API.Providers.HashgraphOASIS.IntegrationTests\NextGenSoftware.OASIS.API.Providers.HashgraphOASIS.IntegrationTests.csproj]
C:\Source\OASIS-master\Providers\Blockchain\TestProjects\NextGenSoftware.OASIS.API.Providers.HashgraphOASIS.IntegrationTests\HashgraphOASISIntegrationTests.cs(114,36): error CS0246: The type or namespace name 'SearchParams' could not be found (are you missing a using directive or an assembly reference?) [C:\Source\OASIS-master\Providers\Blockchain\TestProjects\NextGenSoftware.OASIS.API.Providers.HashgraphOASIS.IntegrationTests\NextGenSoftware.OASIS.API.Providers.HashgraphOASIS.IntegrationTests.csproj]
C:\Source\OASIS-master\Providers\Blockchain\TestProjects\NextGenSoftware.OASIS.API.Providers.HashgraphOASIS.IntegrationTests\HashgraphOASISIntegrationTests.cs(117,30): error CS0103: The name 'SearchType' does not exist in the current context [C:\Source\OASIS-master\Providers\Blockchain\TestProjects\NextGenSoftware.OASIS.API.Providers.HashgraphOASIS.IntegrationTests\NextGenSoftware.OASIS.API.Providers.HashgraphOASIS.IntegrationTests.csproj]
C:\Source\OASIS-master\Providers\Blockchain\TestProjects\NextGenSoftware.OASIS.API.Providers.HashgraphOASIS.IntegrationTests\HashgraphOASISIntegrationTests.cs(121,42): error CS1061: 'HashgraphOASIS' does not contain a definition for 'SearchHolonsAsync' and no accessible extension method 'SearchHolonsAsync' accepting a first argument of type 'HashgraphOASIS' could be found (are you missing a using directive or an assembly reference?) [C:\Source\OASIS-master\Providers\Blockchain\TestProjects\NextGenSoftware.OASIS.API.Providers.HashgraphOASIS.IntegrationTests\NextGenSoftware.OASIS.API.Providers.HashgraphOASIS.IntegrationTests.csproj]
C:\Source\OASIS-master\Providers\Blockchain\TestProjects\NextGenSoftware.OASIS.API.Providers.HashgraphOASIS.IntegrationTests\HashgraphOASISIntegrationTests.cs(14,32): warning CS8618: Non-nullable field '_provider' must contain a non-null value when exiting constructor. Consider adding the 'required' modifier or declaring the field as nullable. [C:\Source\OASIS-master\Providers\Blockchain\TestProjects\NextGenSoftware.OASIS.API.Providers.HashgraphOASIS.IntegrationTests\NextGenSoftware.OASIS.API.Providers.HashgraphOASIS.IntegrationTests.csproj]
C:\Source\OASIS-master\Providers\Blockchain\TestProjects\NextGenSoftware.OASIS.API.Providers.RootstockOASIS.IntegrationTests\RootstockOASISIntegrationTests.cs(19,29): error CS7036: There is no argument given that corresponds to the required parameter 'hostUri' of 'RootstockOASIS.RootstockOASIS(string, string, string)' [C:\Source\OASIS-master\Providers\Blockchain\TestProjects\NextGenSoftware.OASIS.API.Providers.RootstockOASIS.IntegrationTests\NextGenSoftware.OASIS.API.Providers.RootstockOASIS.IntegrationTests.csproj]
C:\Source\OASIS-master\Providers\Blockchain\TestProjects\NextGenSoftware.OASIS.API.Providers.RootstockOASIS.IntegrationTests\RootstockOASISIntegrationTests.cs(26,30): error CS0246: The type or namespace name 'Avatar' could not be found (are you missing a using directive or an assembly reference?) [C:\Source\OASIS-master\Providers\Blockchain\TestProjects\NextGenSoftware.OASIS.API.Providers.RootstockOASIS.IntegrationTests\NextGenSoftware.OASIS.API.Providers.RootstockOASIS.IntegrationTests.csproj]
C:\Source\OASIS-master\Providers\Blockchain\TestProjects\NextGenSoftware.OASIS.API.Providers.RootstockOASIS.IntegrationTests\RootstockOASISIntegrationTests.cs(62,29): error CS0246: The type or namespace name 'Holon' could not be found (are you missing a using directive or an assembly reference?) [C:\Source\OASIS-master\Providers\Blockchain\TestProjects\NextGenSoftware.OASIS.API.Providers.RootstockOASIS.IntegrationTests\NextGenSoftware.OASIS.API.Providers.RootstockOASIS.IntegrationTests.csproj]
C:\Source\OASIS-master\Providers\Blockchain\TestProjects\NextGenSoftware.OASIS.API.Providers.RootstockOASIS.IntegrationTests\RootstockOASISIntegrationTests.cs(95,36): error CS0246: The type or namespace name 'SearchParams' could not be found (are you missing a using directive or an assembly reference?) [C:\Source\OASIS-master\Providers\Blockchain\TestProjects\NextGenSoftware.OASIS.API.Providers.RootstockOASIS.IntegrationTests\NextGenSoftware.OASIS.API.Providers.RootstockOASIS.IntegrationTests.csproj]
C:\Source\OASIS-master\Providers\Blockchain\TestProjects\NextGenSoftware.OASIS.API.Providers.RootstockOASIS.IntegrationTests\RootstockOASISIntegrationTests.cs(98,30): error CS0103: The name 'SearchType' does not exist in the current context [C:\Source\OASIS-master\Providers\Blockchain\TestProjects\NextGenSoftware.OASIS.API.Providers.RootstockOASIS.IntegrationTests\NextGenSoftware.OASIS.API.Providers.RootstockOASIS.IntegrationTests.csproj]
C:\Source\OASIS-master\Providers\Blockchain\TestProjects\NextGenSoftware.OASIS.API.Providers.RootstockOASIS.IntegrationTests\RootstockOASISIntegrationTests.cs(102,42): error CS1061: 'RootstockOASIS' does not contain a definition for 'SearchAvatarsAsync' and no accessible extension method 'SearchAvatarsAsync' accepting a first argument of type 'RootstockOASIS' could be found (are you missing a using directive or an assembly reference?) [C:\Source\OASIS-master\Providers\Blockchain\TestProjects\NextGenSoftware.OASIS.API.Providers.RootstockOASIS.IntegrationTests\NextGenSoftware.OASIS.API.Providers.RootstockOASIS.IntegrationTests.csproj]
C:\Source\OASIS-master\Providers\Blockchain\TestProjects\NextGenSoftware.OASIS.API.Providers.RootstockOASIS.IntegrationTests\RootstockOASISIntegrationTests.cs(114,36): error CS0246: The type or namespace name 'SearchParams' could not be found (are you missing a using directive or an assembly reference?) [C:\Source\OASIS-master\Providers\Blockchain\TestProjects\NextGenSoftware.OASIS.API.Providers.RootstockOASIS.IntegrationTests\NextGenSoftware.OASIS.API.Providers.RootstockOASIS.IntegrationTests.csproj]
C:\Source\OASIS-master\Providers\Blockchain\TestProjects\NextGenSoftware.OASIS.API.Providers.RootstockOASIS.IntegrationTests\RootstockOASISIntegrationTests.cs(117,30): error CS0103: The name 'SearchType' does not exist in the current context [C:\Source\OASIS-master\Providers\Blockchain\TestProjects\NextGenSoftware.OASIS.API.Providers.RootstockOASIS.IntegrationTests\NextGenSoftware.OASIS.API.Providers.RootstockOASIS.IntegrationTests.csproj]
C:\Source\OASIS-master\Providers\Blockchain\TestProjects\NextGenSoftware.OASIS.API.Providers.RootstockOASIS.IntegrationTests\RootstockOASISIntegrationTests.cs(121,42): error CS1061: 'RootstockOASIS' does not contain a definition for 'SearchHolonsAsync' and no accessible extension method 'SearchHolonsAsync' accepting a first argument of type 'RootstockOASIS' could be found (are you missing a using directive or an assembly reference?) [C:\Source\OASIS-master\Providers\Blockchain\TestProjects\NextGenSoftware.OASIS.API.Providers.RootstockOASIS.IntegrationTests\NextGenSoftware.OASIS.API.Providers.RootstockOASIS.IntegrationTests.csproj]
C:\Source\OASIS-master\Providers\Blockchain\TestProjects\NextGenSoftware.OASIS.API.Providers.RootstockOASIS.IntegrationTests\RootstockOASISIntegrationTests.cs(14,32): warning CS8618: Non-nullable field '_provider' must contain a non-null value when exiting constructor. Consider adding the 'required' modifier or declaring the field as nullable. [C:\Source\OASIS-master\Providers\Blockchain\TestProjects\NextGenSoftware.OASIS.API.Providers.RootstockOASIS.IntegrationTests\NextGenSoftware.OASIS.API.Providers.RootstockOASIS.IntegrationTests.csproj]
C:\Source\OASIS-master\Providers\Blockchain\TestProjects\NextGenSoftware.OASIS.API.Providers.HashgraphOASIS.UnitTests\HashgraphOASISUnitTests.cs(28,20): error CS0411: The type arguments for method 'Assert.AreEqual<T>(T?, T?)' cannot be inferred from the usage. Try specifying the type arguments explicitly. [C:\Source\OASIS-master\Providers\Blockchain\TestProjects\NextGenSoftware.OASIS.API.Providers.HashgraphOASIS.UnitTests\NextGenSoftware.OASIS.API.Providers.HashgraphOASIS.UnitTests.csproj]
C:\Source\OASIS-master\Providers\Blockchain\TestProjects\NextGenSoftware.OASIS.API.Providers.HashgraphOASIS.UnitTests\HashgraphOASISUnitTests.cs(95,37): error CS1061: 'HashgraphOASIS' does not contain a definition for 'GetProviderVersion' and no accessible extension method 'GetProviderVersion' accepting a first argument of type 'HashgraphOASIS' could be found (are you missing a using directive or an assembly reference?) [C:\Source\OASIS-master\Providers\Blockchain\TestProjects\NextGenSoftware.OASIS.API.Providers.HashgraphOASIS.UnitTests\NextGenSoftware.OASIS.API.Providers.HashgraphOASIS.UnitTests.csproj]
C:\Source\OASIS-master\Providers\Blockchain\TestProjects\NextGenSoftware.OASIS.API.Providers.HashgraphOASIS.UnitTests\HashgraphOASISUnitTests.cs(13,32): warning CS8618: Non-nullable field '_provider' must contain a non-null value when exiting constructor. Consider adding the 'required' modifier or declaring the field as nullable. [C:\Source\OASIS-master\Providers\Blockchain\TestProjects\NextGenSoftware.OASIS.API.Providers.HashgraphOASIS.UnitTests\NextGenSoftware.OASIS.API.Providers.HashgraphOASIS.UnitTests.csproj]
C:\Source\OASIS-master\Providers\Blockchain\TestProjects\NextGenSoftware.OASIS.API.Providers.OptimismOASIS.UnitTests\OptimismOASISUnitTests.cs(28,20): error CS0411: The type arguments for method 'Assert.AreEqual<T>(T?, T?)' cannot be inferred from the usage. Try specifying the type arguments explicitly. [C:\Source\OASIS-master\Providers\Blockchain\TestProjects\NextGenSoftware.OASIS.API.Providers.OptimismOASIS.UnitTests\NextGenSoftware.OASIS.API.Providers.OptimismOASIS.UnitTests.csproj]
C:\Source\OASIS-master\Providers\Blockchain\TestProjects\NextGenSoftware.OASIS.API.Providers.OptimismOASIS.UnitTests\OptimismOASISUnitTests.cs(95,37): error CS1061: 'OptimismOASIS' does not contain a definition for 'GetProviderVersion' and no accessible extension method 'GetProviderVersion' accepting a first argument of type 'OptimismOASIS' could be found (are you missing a using directive or an assembly reference?) [C:\Source\OASIS-master\Providers\Blockchain\TestProjects\NextGenSoftware.OASIS.API.Providers.OptimismOASIS.UnitTests\NextGenSoftware.OASIS.API.Providers.OptimismOASIS.UnitTests.csproj]
C:\Source\OASIS-master\Providers\Blockchain\TestProjects\NextGenSoftware.OASIS.API.Providers.OptimismOASIS.UnitTests\OptimismOASISUnitTests.cs(13,31): warning CS8618: Non-nullable field '_provider' must contain a non-null value when exiting constructor. Consider adding the 'required' modifier or declaring the field as nullable. [C:\Source\OASIS-master\Providers\Blockchain\TestProjects\NextGenSoftware.OASIS.API.Providers.OptimismOASIS.UnitTests\NextGenSoftware.OASIS.API.Providers.OptimismOASIS.UnitTests.csproj]
C:\Source\OASIS-master\Providers\Blockchain\TestProjects\NextGenSoftware.OASIS.API.Providers.SuiOASIS.TestHarness\SuiOASISTestHarness.cs(42,35): warning CS1998: This async method lacks 'await' operators and will run synchronously. Consider using the 'await' operator to await non-blocking API calls, or 'await Task.Run(...)' to do CPU-bound work on a background thread. [C:\Source\OASIS-master\Providers\Blockchain\TestProjects\NextGenSoftware.OASIS.API.Providers.SuiOASIS.TestHarness\NextGenSoftware.OASIS.API.Providers.SuiOASIS.TestHarness.csproj]
C:\Source\OASIS-master\Providers\Blockchain\TestProjects\NextGenSoftware.OASIS.API.Providers.SuiOASIS.TestHarness\SuiOASISTestHarness.cs(64,37): error CS1061: 'SuiOASIS' does not contain a definition for 'GetProviderVersion' and no accessible extension method 'GetProviderVersion' accepting a first argument of type 'SuiOASIS' could be found (are you missing a using directive or an assembly reference?) [C:\Source\OASIS-master\Providers\Blockchain\TestProjects\NextGenSoftware.OASIS.API.Providers.SuiOASIS.TestHarness\NextGenSoftware.OASIS.API.Providers.SuiOASIS.TestHarness.csproj]
C:\Source\OASIS-master\Providers\Blockchain\TestProjects\NextGenSoftware.OASIS.API.Providers.SuiOASIS.TestHarness\SuiOASISTestHarness.cs(67,42): error CS1061: 'SuiOASIS' does not contain a definition for 'GetProviderType' and no accessible extension method 'GetProviderType' accepting a first argument of type 'SuiOASIS' could be found (are you missing a using directive or an assembly reference?) [C:\Source\OASIS-master\Providers\Blockchain\TestProjects\NextGenSoftware.OASIS.API.Providers.SuiOASIS.TestHarness\NextGenSoftware.OASIS.API.Providers.SuiOASIS.TestHarness.csproj]
C:\Source\OASIS-master\Providers\Blockchain\TestProjects\NextGenSoftware.OASIS.API.Providers.SuiOASIS.TestHarness\SuiOASISTestHarness.cs(70,38): error CS1061: 'SuiOASIS' does not contain a definition for 'GetProviderCategory' and no accessible extension method 'GetProviderCategory' accepting a first argument of type 'SuiOASIS' could be found (are you missing a using directive or an assembly reference?) [C:\Source\OASIS-master\Providers\Blockchain\TestProjects\NextGenSoftware.OASIS.API.Providers.SuiOASIS.TestHarness\NextGenSoftware.OASIS.API.Providers.SuiOASIS.TestHarness.csproj]
C:\Source\OASIS-master\Providers\Blockchain\TestProjects\NextGenSoftware.OASIS.API.Providers.SuiOASIS.TestHarness\SuiOASISTestHarness.cs(60,35): warning CS1998: This async method lacks 'await' operators and will run synchronously. Consider using the 'await' operator to await non-blocking API calls, or 'await Task.Run(...)' to do CPU-bound work on a background thread. [C:\Source\OASIS-master\Providers\Blockchain\TestProjects\NextGenSoftware.OASIS.API.Providers.SuiOASIS.TestHarness\NextGenSoftware.OASIS.API.Providers.SuiOASIS.TestHarness.csproj]
C:\Source\OASIS-master\Providers\Blockchain\TestProjects\NextGenSoftware.OASIS.API.Providers.SuiOASIS.TestHarness\SuiOASISTestHarness.cs(82,34): error CS0246: The type or namespace name 'Avatar' could not be found (are you missing a using directive or an assembly reference?) [C:\Source\OASIS-master\Providers\Blockchain\TestProjects\NextGenSoftware.OASIS.API.Providers.SuiOASIS.TestHarness\NextGenSoftware.OASIS.API.Providers.SuiOASIS.TestHarness.csproj]
C:\Source\OASIS-master\Providers\Blockchain\TestProjects\NextGenSoftware.OASIS.API.Providers.SuiOASIS.TestHarness\SuiOASISTestHarness.cs(111,33): error CS0246: The type or namespace name 'Holon' could not be found (are you missing a using directive or an assembly reference?) [C:\Source\OASIS-master\Providers\Blockchain\TestProjects\NextGenSoftware.OASIS.API.Providers.SuiOASIS.TestHarness\NextGenSoftware.OASIS.API.Providers.SuiOASIS.TestHarness.csproj]
C:\Source\OASIS-master\Providers\Blockchain\TestProjects\NextGenSoftware.OASIS.API.Providers.SuiOASIS.TestHarness\SuiOASISTestHarness.cs(138,36): error CS0246: The type or namespace name 'SearchParams' could not be found (are you missing a using directive or an assembly reference?) [C:\Source\OASIS-master\Providers\Blockchain\TestProjects\NextGenSoftware.OASIS.API.Providers.SuiOASIS.TestHarness\NextGenSoftware.OASIS.API.Providers.SuiOASIS.TestHarness.csproj]
C:\Source\OASIS-master\Providers\Blockchain\TestProjects\NextGenSoftware.OASIS.API.Providers.SuiOASIS.TestHarness\SuiOASISTestHarness.cs(141,30): error CS0103: The name 'SearchType' does not exist in the current context [C:\Source\OASIS-master\Providers\Blockchain\TestProjects\NextGenSoftware.OASIS.API.Providers.SuiOASIS.TestHarness\NextGenSoftware.OASIS.API.Providers.SuiOASIS.TestHarness.csproj]
C:\Source\OASIS-master\Providers\Blockchain\TestProjects\NextGenSoftware.OASIS.API.Providers.SuiOASIS.TestHarness\SuiOASISTestHarness.cs(145,54): error CS1061: 'SuiOASIS' does not contain a definition for 'SearchAvatarsAsync' and no accessible extension method 'SearchAvatarsAsync' accepting a first argument of type 'SuiOASIS' could be found (are you missing a using directive or an assembly reference?) [C:\Source\OASIS-master\Providers\Blockchain\TestProjects\NextGenSoftware.OASIS.API.Providers.SuiOASIS.TestHarness\NextGenSoftware.OASIS.API.Providers.SuiOASIS.TestHarness.csproj]
C:\Source\OASIS-master\Providers\Blockchain\TestProjects\NextGenSoftware.OASIS.API.Providers.SuiOASIS.TestHarness\SuiOASISTestHarness.cs(155,35): warning CS1998: This async method lacks 'await' operators and will run synchronously. Consider using the 'await' operator to await non-blocking API calls, or 'await Task.Run(...)' to do CPU-bound work on a background thread. [C:\Source\OASIS-master\Providers\Blockchain\TestProjects\NextGenSoftware.OASIS.API.Providers.SuiOASIS.TestHarness\NextGenSoftware.OASIS.API.Providers.SuiOASIS.TestHarness.csproj]
C:\Source\OASIS-master\Providers\Blockchain\TestProjects\NextGenSoftware.OASIS.API.Providers.SuiOASIS.IntegrationTests\SuiOASISIntegrationTests.cs(26,30): error CS0246: The type or namespace name 'Avatar' could not be found (are you missing a using directive or an assembly reference?) [C:\Source\OASIS-master\Providers\Blockchain\TestProjects\NextGenSoftware.OASIS.API.Providers.SuiOASIS.IntegrationTests\NextGenSoftware.OASIS.API.Providers.SuiOASIS.IntegrationTests.csproj]
C:\Source\OASIS-master\Providers\Blockchain\TestProjects\NextGenSoftware.OASIS.API.Providers.SuiOASIS.IntegrationTests\SuiOASISIntegrationTests.cs(62,29): error CS0246: The type or namespace name 'Holon' could not be found (are you missing a using directive or an assembly reference?) [C:\Source\OASIS-master\Providers\Blockchain\TestProjects\NextGenSoftware.OASIS.API.Providers.SuiOASIS.IntegrationTests\NextGenSoftware.OASIS.API.Providers.SuiOASIS.IntegrationTests.csproj]
C:\Source\OASIS-master\Providers\Blockchain\TestProjects\NextGenSoftware.OASIS.API.Providers.SuiOASIS.IntegrationTests\SuiOASISIntegrationTests.cs(95,36): error CS0246: The type or namespace name 'SearchParams' could not be found (are you missing a using directive or an assembly reference?) [C:\Source\OASIS-master\Providers\Blockchain\TestProjects\NextGenSoftware.OASIS.API.Providers.SuiOASIS.IntegrationTests\NextGenSoftware.OASIS.API.Providers.SuiOASIS.IntegrationTests.csproj]
C:\Source\OASIS-master\Providers\Blockchain\TestProjects\NextGenSoftware.OASIS.API.Providers.SuiOASIS.IntegrationTests\SuiOASISIntegrationTests.cs(98,30): error CS0103: The name 'SearchType' does not exist in the current context [C:\Source\OASIS-master\Providers\Blockchain\TestProjects\NextGenSoftware.OASIS.API.Providers.SuiOASIS.IntegrationTests\NextGenSoftware.OASIS.API.Providers.SuiOASIS.IntegrationTests.csproj]
C:\Source\OASIS-master\Providers\Blockchain\TestProjects\NextGenSoftware.OASIS.API.Providers.SuiOASIS.IntegrationTests\SuiOASISIntegrationTests.cs(102,42): error CS1061: 'SuiOASIS' does not contain a definition for 'SearchAvatarsAsync' and no accessible extension method 'SearchAvatarsAsync' accepting a first argument of type 'SuiOASIS' could be found (are you missing a using directive or an assembly reference?) [C:\Source\OASIS-master\Providers\Blockchain\TestProjects\NextGenSoftware.OASIS.API.Providers.SuiOASIS.IntegrationTests\NextGenSoftware.OASIS.API.Providers.SuiOASIS.IntegrationTests.csproj]
C:\Source\OASIS-master\Providers\Blockchain\TestProjects\NextGenSoftware.OASIS.API.Providers.SuiOASIS.IntegrationTests\SuiOASISIntegrationTests.cs(114,36): error CS0246: The type or namespace name 'SearchParams' could not be found (are you missing a using directive or an assembly reference?) [C:\Source\OASIS-master\Providers\Blockchain\TestProjects\NextGenSoftware.OASIS.API.Providers.SuiOASIS.IntegrationTests\NextGenSoftware.OASIS.API.Providers.SuiOASIS.IntegrationTests.csproj]
C:\Source\OASIS-master\Providers\Blockchain\TestProjects\NextGenSoftware.OASIS.API.Providers.SuiOASIS.IntegrationTests\SuiOASISIntegrationTests.cs(117,30): error CS0103: The name 'SearchType' does not exist in the current context [C:\Source\OASIS-master\Providers\Blockchain\TestProjects\NextGenSoftware.OASIS.API.Providers.SuiOASIS.IntegrationTests\NextGenSoftware.OASIS.API.Providers.SuiOASIS.IntegrationTests.csproj]
C:\Source\OASIS-master\Providers\Blockchain\TestProjects\NextGenSoftware.OASIS.API.Providers.SuiOASIS.IntegrationTests\SuiOASISIntegrationTests.cs(121,42): error CS1061: 'SuiOASIS' does not contain a definition for 'SearchHolonsAsync' and no accessible extension method 'SearchHolonsAsync' accepting a first argument of type 'SuiOASIS' could be found (are you missing a using directive or an assembly reference?) [C:\Source\OASIS-master\Providers\Blockchain\TestProjects\NextGenSoftware.OASIS.API.Providers.SuiOASIS.IntegrationTests\NextGenSoftware.OASIS.API.Providers.SuiOASIS.IntegrationTests.csproj]
C:\Source\OASIS-master\Providers\Blockchain\TestProjects\NextGenSoftware.OASIS.API.Providers.SuiOASIS.IntegrationTests\SuiOASISIntegrationTests.cs(14,26): warning CS8618: Non-nullable field '_provider' must contain a non-null value when exiting constructor. Consider adding the 'required' modifier or declaring the field as nullable. [C:\Source\OASIS-master\Providers\Blockchain\TestProjects\NextGenSoftware.OASIS.API.Providers.SuiOASIS.IntegrationTests\NextGenSoftware.OASIS.API.Providers.SuiOASIS.IntegrationTests.csproj]
C:\Source\OASIS-master\Providers\Blockchain\TestProjects\NextGenSoftware.OASIS.API.Providers.SuiOASIS.UnitTests\SuiOASISUnitTests.cs(28,20): error CS0411: The type arguments for method 'Assert.AreEqual<T>(T?, T?)' cannot be inferred from the usage. Try specifying the type arguments explicitly. [C:\Source\OASIS-master\Providers\Blockchain\TestProjects\NextGenSoftware.OASIS.API.Providers.SuiOASIS.UnitTests\NextGenSoftware.OASIS.API.Providers.SuiOASIS.UnitTests.csproj]
C:\Source\OASIS-master\Providers\Blockchain\TestProjects\NextGenSoftware.OASIS.API.Providers.SuiOASIS.UnitTests\SuiOASISUnitTests.cs(95,37): error CS1061: 'SuiOASIS' does not contain a definition for 'GetProviderVersion' and no accessible extension method 'GetProviderVersion' accepting a first argument of type 'SuiOASIS' could be found (are you missing a using directive or an assembly reference?) [C:\Source\OASIS-master\Providers\Blockchain\TestProjects\NextGenSoftware.OASIS.API.Providers.SuiOASIS.UnitTests\NextGenSoftware.OASIS.API.Providers.SuiOASIS.UnitTests.csproj]
C:\Source\OASIS-master\Providers\Blockchain\TestProjects\NextGenSoftware.OASIS.API.Providers.SuiOASIS.UnitTests\SuiOASISUnitTests.cs(13,26): warning CS8618: Non-nullable field '_provider' must contain a non-null value when exiting constructor. Consider adding the 'required' modifier or declaring the field as nullable. [C:\Source\OASIS-master\Providers\Blockchain\TestProjects\NextGenSoftware.OASIS.API.Providers.SuiOASIS.UnitTests\NextGenSoftware.OASIS.API.Providers.SuiOASIS.UnitTests.csproj]

Build FAILED.

C:\Source\OASIS-master\External Libs\Spectre.Console\Spectre.Console\Spectre.Console.csproj : warning NU1505: Duplicate 'PackageDownload' items found. Remove the duplicate items or use the Update functionality to ensure a consistent restore behavior. The duplicate 'PackageDownload' items are: Microsoft.NETCore.App.Ref [3.0.0], Microsoft.NETCore.App.Ref [7.0.20]. [TargetFramework=net7.0]
C:\Program Files\dotnet\sdk\9.0.306\Sdks\Microsoft.NET.Sdk\targets\Microsoft.NET.TargetFrameworkInference.targets(187,5): warning NETSDK1215: Targeting .NET Standard prior to 2.0 is no longer recommended. See https://aka.ms/dotnet/dotnet-standard-guidance for more details. [C:\Source\OASIS-master\External Libs\net-ipfs-http-client-master\src\IpfsHttpClient.csproj::TargetFramework=netstandard14]
C:\Source\OASIS-master\OASIS Architecture\NextGenSoftware.OASIS.OASISBootLoader\NextGenSoftware.OASIS.OASISBootLoader.csproj : warning NU1608: Detected package version outside of dependency constraint: Google.Cloud.Storage.V1 3.7.0 requires Google.Api.Gax.Rest (>= 3.6.0 && < 4.0.0) but version Google.Api.Gax.Rest 4.6.0 was resolved. [C:\Source\OASIS-master\The OASIS.sln]
C:\Source\OASIS-master\OASIS Architecture\NextGenSoftware.OASIS.OASISBootLoader.UnitTests\NextGenSoftware.OASIS.OASISBootLoader.UnitTests.csproj : warning NU1608: Detected package version outside of dependency constraint: Google.Cloud.Storage.V1 3.7.0 requires Google.Api.Gax.Rest (>= 3.6.0 && < 4.0.0) but version Google.Api.Gax.Rest 4.6.0 was resolved. [C:\Source\OASIS-master\The OASIS.sln]
C:\Source\OASIS-master\ONODE\NextGenSoftware.OASIS.API.ONODE.OPORTAL\NextGenSoftware.OASIS.API.ONODE.OPORTAL.csproj : warning NU1701: Package 'Microsoft.AspNet.WebApi.Core 5.2.7' was restored using '.NETFramework,Version=v4.6.1, .NETFramework,Version=v4.6.2, .NETFramework,Version=v4.7, .NETFramework,Version=v4.7.1, .NETFramework,Version=v4.7.2, .NETFramework,Version=v4.8, .NETFramework,Version=v4.8.1' instead of the project target framework 'net8.0'. This package may not be fully compatible with your project. [C:\Source\OASIS-master\The OASIS.sln]
C:\Source\OASIS-master\ONODE\NextGenSoftware.OASIS.API.ONode.WebAPI\NextGenSoftware.OASIS.API.ONode.WebAPI.csproj : warning NU1902: Package 'System.IdentityModel.Tokens.Jwt' 7.0.3 has a known moderate severity vulnerability, https://github.com/advisories/GHSA-59j7-ghrg-fj52 [C:\Source\OASIS-master\The OASIS.sln]
C:\Source\OASIS-master\OASIS Architecture\NextGenSoftware.OASIS.API.Core\NextGenSoftware.OASIS.API.Core.csproj : warning NU1902: Package 'System.IdentityModel.Tokens.Jwt' 6.7.1 has a known moderate severity vulnerability, https://github.com/advisories/GHSA-59j7-ghrg-fj52 [C:\Source\OASIS-master\The OASIS.sln]
C:\Source\OASIS-master\OASIS Architecture\NextGenSoftware.OASIS.API.Core.TestHarness\NextGenSoftware.OASIS.API.Core.TestHarness.csproj : warning NU1608: Detected package version outside of dependency constraint: Google.Cloud.Storage.V1 3.7.0 requires Google.Api.Gax.Rest (>= 3.6.0 && < 4.0.0) but version Google.Api.Gax.Rest 4.6.0 was resolved. [C:\Source\OASIS-master\The OASIS.sln]
C:\Source\holochain-client-csharp\NextGenSoftware.Holochain.HoloNET.Client\NextGenSoftware.Holochain.HoloNET.Client.csproj : warning NU1902: Package 'MessagePack' 2.4.59 has a known moderate severity vulnerability, https://github.com/advisories/GHSA-4qm4-8hg2-g2xm [C:\Source\OASIS-master\The OASIS.sln]
C:\Source\OASIS-master\Providers\Blockchain\TestProjects\NextGenSoftware.OASIS.API.Providers.PolkadotOASIS.UnitTests\NextGenSoftware.OASIS.API.Providers.PolkadotOASIS.UnitTests.csproj : warning NU1608: Detected package version outside of dependency constraint: Google.Cloud.Storage.V1 3.7.0 requires Google.Api.Gax.Rest (>= 3.6.0 && < 4.0.0) but version Google.Api.Gax.Rest 4.6.0 was resolved. [C:\Source\OASIS-master\The OASIS.sln]
C:\Source\OASIS-master\Providers\Blockchain\TestProjects\NextGenSoftware.OASIS.API.Providers.PolkadotOASIS.TestHarness\NextGenSoftware.OASIS.API.Providers.PolkadotOASIS.TestHarness.csproj : warning NU1608: Detected package version outside of dependency constraint: Google.Cloud.Storage.V1 3.7.0 requires Google.Api.Gax.Rest (>= 3.6.0 && < 4.0.0) but version Google.Api.Gax.Rest 4.6.0 was resolved. [C:\Source\OASIS-master\The OASIS.sln]
C:\Source\OASIS-master\Providers\Blockchain\TestProjects\NextGenSoftware.OASIS.API.Providers.PolkadotOASIS.IntegrationTests\NextGenSoftware.OASIS.API.Providers.PolkadotOASIS.IntegrationTests.csproj : warning NU1608: Detected package version outside of dependency constraint: Google.Cloud.Storage.V1 3.7.0 requires Google.Api.Gax.Rest (>= 3.6.0 && < 4.0.0) but version Google.Api.Gax.Rest 4.6.0 was resolved. [C:\Source\OASIS-master\The OASIS.sln]
C:\Source\OASIS-master\Providers\Blockchain\NextGenSoftware.OASIS.API.Providers.PolkadotOASIS\NextGenSoftware.OASIS.API.Providers.PolkadotOASIS.csproj : warning NU1608: Detected package version outside of dependency constraint: Google.Cloud.Storage.V1 3.7.0 requires Google.Api.Gax.Rest (>= 3.6.0 && < 4.0.0) but version Google.Api.Gax.Rest 4.6.0 was resolved. [C:\Source\OASIS-master\The OASIS.sln]
C:\Source\OASIS-master\Providers\Other\NextGenSoftware.OASIS.API.Providers.CargoOASIS\NextGenSoftware.OASIS.API.Providers.CargoOASIS.csproj : warning NU1608: Detected package version outside of dependency constraint: Nethereum.KeyStore 4.0.5 requires Portable.BouncyCastle (>= 1.8.2 && < 1.9.0) but version Portable.BouncyCastle 1.9.0 was resolved. [C:\Source\OASIS-master\The OASIS.sln]
C:\Source\OASIS-master\Providers\Other\NextGenSoftware.OASIS.API.Providers.CargoOASIS\NextGenSoftware.OASIS.API.Providers.CargoOASIS.csproj : warning NU1608: Detected package version outside of dependency constraint: Nethereum.Signer 4.0.5 requires Portable.BouncyCastle (>= 1.8.2 && < 1.9.0) but version Portable.BouncyCastle 1.9.0 was resolved. [C:\Source\OASIS-master\The OASIS.sln]
C:\Source\OASIS-master\Providers\Cloud\TestProjects\NextGenSoftware.OASIS.API.Providers.GoogleCloudOASIS.UnitTests\NextGenSoftware.OASIS.API.Providers.GoogleCloudOASIS.UnitTests.csproj : warning NU1608: Detected package version outside of dependency constraint: Google.Cloud.Storage.V1 3.7.0 requires Google.Api.Gax.Rest (>= 3.6.0 && < 4.0.0) but version Google.Api.Gax.Rest 4.6.0 was resolved. [C:\Source\OASIS-master\The OASIS.sln]
C:\Source\OASIS-master\Providers\Cloud\TestProjects\NextGenSoftware.OASIS.API.Providers.GoogleCloudOASIS.IntegrationTests\NextGenSoftware.OASIS.API.Providers.GoogleCloudOASIS.IntegrationTests.csproj : warning NU1608: Detected package version outside of dependency constraint: Google.Cloud.Storage.V1 3.7.0 requires Google.Api.Gax.Rest (>= 3.6.0 && < 4.0.0) but version Google.Api.Gax.Rest 4.6.0 was resolved. [C:\Source\OASIS-master\The OASIS.sln]
C:\Source\OASIS-master\Providers\Cloud\NextGenSoftware.OASIS.API.Providers.GoogleCloudOASIS\NextGenSoftware.OASIS.API.Providers.GoogleCloudOASIS.csproj : warning NU1608: Detected package version outside of dependency constraint: Google.Cloud.Storage.V1 3.7.0 requires Google.Api.Gax.Rest (>= 3.6.0 && < 4.0.0) but version Google.Api.Gax.Rest 4.6.0 was resolved. [C:\Source\OASIS-master\The OASIS.sln]
C:\Source\OASIS-master\STAR ODK\NextGenSoftware.OASIS.STAR.WebUI\NextGenSoftware.OASIS.STAR.WebUI.csproj : warning NU1903: Package 'System.Text.Json' 8.0.0 has a known high severity vulnerability, https://github.com/advisories/GHSA-8g4q-xg66-9fp4 [C:\Source\OASIS-master\The OASIS.sln]
C:\Source\OASIS-master\STAR ODK\NextGenSoftware.OASIS.STAR.WebUI\NextGenSoftware.OASIS.STAR.WebUI.csproj : warning NU1903: Package 'System.Text.Json' 8.0.0 has a known high severity vulnerability, https://github.com/advisories/GHSA-hh2w-p6rv-4g7w [C:\Source\OASIS-master\The OASIS.sln]
C:\Source\OASIS-master\Providers\Other\TestProjects\NextGenSoftware.OASIS.API.Providers.CargoOASIS.UnitTests\NextGenSoftware.OASIS.API.Providers.CargoOASIS.UnitTests.csproj : warning NU1608: Detected package version outside of dependency constraint: Nethereum.KeyStore 4.0.5 requires Portable.BouncyCastle (>= 1.8.2 && < 1.9.0) but version Portable.BouncyCastle 1.9.0 was resolved. [C:\Source\OASIS-master\The OASIS.sln]
C:\Source\OASIS-master\Providers\Other\TestProjects\NextGenSoftware.OASIS.API.Providers.CargoOASIS.UnitTests\NextGenSoftware.OASIS.API.Providers.CargoOASIS.UnitTests.csproj : warning NU1608: Detected package version outside of dependency constraint: Nethereum.Signer 4.0.5 requires Portable.BouncyCastle (>= 1.8.2 && < 1.9.0) but version Portable.BouncyCastle 1.9.0 was resolved. [C:\Source\OASIS-master\The OASIS.sln]
C:\Source\OASIS-master\Providers\Other\TestProjects\NextGenSoftware.OASIS.API.Providers.CargoOASIS.TestHarness\NextGenSoftware.OASIS.API.Providers.CargoOASIS.TestHarness.csproj : warning NU1608: Detected package version outside of dependency constraint: Nethereum.KeyStore 4.0.5 requires Portable.BouncyCastle (>= 1.8.2 && < 1.9.0) but version Portable.BouncyCastle 1.9.0 was resolved. [C:\Source\OASIS-master\The OASIS.sln]
C:\Source\OASIS-master\Providers\Other\TestProjects\NextGenSoftware.OASIS.API.Providers.CargoOASIS.TestHarness\NextGenSoftware.OASIS.API.Providers.CargoOASIS.TestHarness.csproj : warning NU1608: Detected package version outside of dependency constraint: Nethereum.Signer 4.0.5 requires Portable.BouncyCastle (>= 1.8.2 && < 1.9.0) but version Portable.BouncyCastle 1.9.0 was resolved. [C:\Source\OASIS-master\The OASIS.sln]
C:\Source\OASIS-master\Providers\Other\TestProjects\NextGenSoftware.OASIS.API.Providers.CargoOASIS.IntegrationTests\NextGenSoftware.OASIS.API.Providers.CargoOASIS.IntegrationTests.csproj : warning NU1608: Detected package version outside of dependency constraint: Nethereum.KeyStore 4.0.5 requires Portable.BouncyCastle (>= 1.8.2 && < 1.9.0) but version Portable.BouncyCastle 1.9.0 was resolved. [C:\Source\OASIS-master\The OASIS.sln]
C:\Source\OASIS-master\Providers\Other\TestProjects\NextGenSoftware.OASIS.API.Providers.CargoOASIS.IntegrationTests\NextGenSoftware.OASIS.API.Providers.CargoOASIS.IntegrationTests.csproj : warning NU1608: Detected package version outside of dependency constraint: Nethereum.Signer 4.0.5 requires Portable.BouncyCastle (>= 1.8.2 && < 1.9.0) but version Portable.BouncyCastle 1.9.0 was resolved. [C:\Source\OASIS-master\The OASIS.sln]
C:\Source\OASIS-master\ONODE\NextGenSoftware.OASIS.API.ONODE.OPORTAL\NextGenSoftware.OASIS.API.ONODE.OPORTAL.csproj : warning NU1701: Package 'Microsoft.AspNet.WebApi.Core 5.2.7' was restored using '.NETFramework,Version=v4.6.1, .NETFramework,Version=v4.6.2, .NETFramework,Version=v4.7, .NETFramework,Version=v4.7.1, .NETFramework,Version=v4.7.2, .NETFramework,Version=v4.8, .NETFramework,Version=v4.8.1' instead of the project target framework 'net8.0'. This package may not be fully compatible with your project.
C:\Source\OASIS-master\ONODE\NextGenSoftware.OASIS.API.ONode.WebAPI\NextGenSoftware.OASIS.API.ONode.WebAPI.csproj : warning NU1902: Package 'System.IdentityModel.Tokens.Jwt' 7.0.3 has a known moderate severity vulnerability, https://github.com/advisories/GHSA-59j7-ghrg-fj52
C:\Source\OASIS-master\OASIS Architecture\NextGenSoftware.OASIS.API.Core\NextGenSoftware.OASIS.API.Core.csproj : warning NU1902: Package 'System.IdentityModel.Tokens.Jwt' 6.7.1 has a known moderate severity vulnerability, https://github.com/advisories/GHSA-59j7-ghrg-fj52
C:\Source\OASIS-master\OASIS Architecture\NextGenSoftware.OASIS.API.Core.TestHarness\NextGenSoftware.OASIS.API.Core.TestHarness.csproj : warning NU1608: Detected package version outside of dependency constraint: Google.Cloud.Storage.V1 3.7.0 requires Google.Api.Gax.Rest (>= 3.6.0 && < 4.0.0) but version Google.Api.Gax.Rest 4.6.0 was resolved.
C:\Program Files\dotnet\sdk\9.0.306\Microsoft.Common.CurrentVersion.targets(2433,5): warning MSB3245: Could not resolve this reference. Could not locate the assembly "AutoMapper". Check to make sure the assembly exists on disk. If this reference is required by your code, you may get compilation errors. [C:\Source\OASIS-master\STAR ODK\STAR OAPP DNA Templates\NextGenSoftware.OASIS.STAR.DNATemplates.OAPP.Console.DLL\NextGenSoftware.OASIS.STAR.DNATemplates.OAPP.Console.DLL.csproj]
C:\Program Files\dotnet\sdk\9.0.306\Microsoft.Common.CurrentVersion.targets(2433,5): warning MSB3245: Could not resolve this reference. Could not locate the assembly "AutoMapper.Extensions.Microsoft.DependencyInjection". Check to make sure the assembly exists on disk. If this reference is required by your code, you may get compilation errors. [C:\Source\OASIS-master\STAR ODK\STAR OAPP DNA Templates\NextGenSoftware.OASIS.STAR.DNATemplates.OAPP.Console.DLL\NextGenSoftware.OASIS.STAR.DNATemplates.OAPP.Console.DLL.csproj]
C:\Program Files\dotnet\sdk\9.0.306\Microsoft.Common.CurrentVersion.targets(2433,5): warning MSB3245: Could not resolve this reference. Could not locate the assembly "AWSSDK.Core". Check to make sure the assembly exists on disk. If this reference is required by your code, you may get compilation errors. [C:\Source\OASIS-master\STAR ODK\STAR OAPP DNA Templates\NextGenSoftware.OASIS.STAR.DNATemplates.OAPP.Console.DLL\NextGenSoftware.OASIS.STAR.DNATemplates.OAPP.Console.DLL.csproj]
C:\Program Files\dotnet\sdk\9.0.306\Microsoft.Common.CurrentVersion.targets(2433,5): warning MSB3245: Could not resolve this reference. Could not locate the assembly "AWSSDK.SecurityToken". Check to make sure the assembly exists on disk. If this reference is required by your code, you may get compilation errors. [C:\Source\OASIS-master\STAR ODK\STAR OAPP DNA Templates\NextGenSoftware.OASIS.STAR.DNATemplates.OAPP.Console.DLL\NextGenSoftware.OASIS.STAR.DNATemplates.OAPP.Console.DLL.csproj]
C:\Program Files\dotnet\sdk\9.0.306\Microsoft.Common.CurrentVersion.targets(2433,5): warning MSB3245: Could not resolve this reference. Could not locate the assembly "Azure.Core". Check to make sure the assembly exists on disk. If this reference is required by your code, you may get compilation errors. [C:\Source\OASIS-master\STAR ODK\STAR OAPP DNA Templates\NextGenSoftware.OASIS.STAR.DNATemplates.OAPP.Console.DLL\NextGenSoftware.OASIS.STAR.DNATemplates.OAPP.Console.DLL.csproj]
C:\Program Files\dotnet\sdk\9.0.306\Microsoft.Common.CurrentVersion.targets(2433,5): warning MSB3245: Could not resolve this reference. Could not locate the assembly "BCrypt.Net-Next". Check to make sure the assembly exists on disk. If this reference is required by your code, you may get compilation errors. [C:\Source\OASIS-master\STAR ODK\STAR OAPP DNA Templates\NextGenSoftware.OASIS.STAR.DNATemplates.OAPP.Console.DLL\NextGenSoftware.OASIS.STAR.DNATemplates.OAPP.Console.DLL.csproj]
C:\Program Files\dotnet\sdk\9.0.306\Microsoft.Common.CurrentVersion.targets(2433,5): warning MSB3245: Could not resolve this reference. Could not locate the assembly "BouncyCastle.Crypto". Check to make sure the assembly exists on disk. If this reference is required by your code, you may get compilation errors. [C:\Source\OASIS-master\STAR ODK\STAR OAPP DNA Templates\NextGenSoftware.OASIS.STAR.DNATemplates.OAPP.Console.DLL\NextGenSoftware.OASIS.STAR.DNATemplates.OAPP.Console.DLL.csproj]
C:\Program Files\dotnet\sdk\9.0.306\Microsoft.Common.CurrentVersion.targets(2433,5): warning MSB3245: Could not resolve this reference. Could not locate the assembly "CBOR". Check to make sure the assembly exists on disk. If this reference is required by your code, you may get compilation errors. [C:\Source\OASIS-master\STAR ODK\STAR OAPP DNA Templates\NextGenSoftware.OASIS.STAR.DNATemplates.OAPP.Console.DLL\NextGenSoftware.OASIS.STAR.DNATemplates.OAPP.Console.DLL.csproj]
C:\Program Files\dotnet\sdk\9.0.306\Microsoft.Common.CurrentVersion.targets(2433,5): warning MSB3245: Could not resolve this reference. Could not locate the assembly "Chaos.NaCl". Check to make sure the assembly exists on disk. If this reference is required by your code, you may get compilation errors. [C:\Source\OASIS-master\STAR ODK\STAR OAPP DNA Templates\NextGenSoftware.OASIS.STAR.DNATemplates.OAPP.Console.DLL\NextGenSoftware.OASIS.STAR.DNATemplates.OAPP.Console.DLL.csproj]
C:\Program Files\dotnet\sdk\9.0.306\Microsoft.Common.CurrentVersion.targets(2433,5): warning MSB3245: Could not resolve this reference. Could not locate the assembly "Colorful.Console". Check to make sure the assembly exists on disk. If this reference is required by your code, you may get compilation errors. [C:\Source\OASIS-master\STAR ODK\STAR OAPP DNA Templates\NextGenSoftware.OASIS.STAR.DNATemplates.OAPP.Console.DLL\NextGenSoftware.OASIS.STAR.DNATemplates.OAPP.Console.DLL.csproj]
C:\Program Files\dotnet\sdk\9.0.306\Microsoft.Common.CurrentVersion.targets(2433,5): warning MSB3245: Could not resolve this reference. Could not locate the assembly "Common.Logging". Check to make sure the assembly exists on disk. If this reference is required by your code, you may get compilation errors. [C:\Source\OASIS-master\STAR ODK\STAR OAPP DNA Templates\NextGenSoftware.OASIS.STAR.DNATemplates.OAPP.Console.DLL\NextGenSoftware.OASIS.STAR.DNATemplates.OAPP.Console.DLL.csproj]
C:\Program Files\dotnet\sdk\9.0.306\Microsoft.Common.CurrentVersion.targets(2433,5): warning MSB3245: Could not resolve this reference. Could not locate the assembly "Common.Logging.Core". Check to make sure the assembly exists on disk. If this reference is required by your code, you may get compilation errors. [C:\Source\OASIS-master\STAR ODK\STAR OAPP DNA Templates\NextGenSoftware.OASIS.STAR.DNATemplates.OAPP.Console.DLL\NextGenSoftware.OASIS.STAR.DNATemplates.OAPP.Console.DLL.csproj]
C:\Program Files\dotnet\sdk\9.0.306\Microsoft.Common.CurrentVersion.targets(2433,5): warning MSB3245: Could not resolve this reference. Could not locate the assembly "Cryptography.ECDSA". Check to make sure the assembly exists on disk. If this reference is required by your code, you may get compilation errors. [C:\Source\OASIS-master\STAR ODK\STAR OAPP DNA Templates\NextGenSoftware.OASIS.STAR.DNATemplates.OAPP.Console.DLL\NextGenSoftware.OASIS.STAR.DNATemplates.OAPP.Console.DLL.csproj]
C:\Program Files\dotnet\sdk\9.0.306\Microsoft.Common.CurrentVersion.targets(2433,5): warning MSB3245: Could not resolve this reference. Could not locate the assembly "DnsClient". Check to make sure the assembly exists on disk. If this reference is required by your code, you may get compilation errors. [C:\Source\OASIS-master\STAR ODK\STAR OAPP DNA Templates\NextGenSoftware.OASIS.STAR.DNATemplates.OAPP.Console.DLL\NextGenSoftware.OASIS.STAR.DNATemplates.OAPP.Console.DLL.csproj]
C:\Program Files\dotnet\sdk\9.0.306\Microsoft.Common.CurrentVersion.targets(2433,5): warning MSB3245: Could not resolve this reference. Could not locate the assembly "EosSharp". Check to make sure the assembly exists on disk. If this reference is required by your code, you may get compilation errors. [C:\Source\OASIS-master\STAR ODK\STAR OAPP DNA Templates\NextGenSoftware.OASIS.STAR.DNATemplates.OAPP.Console.DLL\NextGenSoftware.OASIS.STAR.DNATemplates.OAPP.Console.DLL.csproj]
C:\Program Files\dotnet\sdk\9.0.306\Microsoft.Common.CurrentVersion.targets(2433,5): warning MSB3245: Could not resolve this reference. Could not locate the assembly "EosSharp.Core". Check to make sure the assembly exists on disk. If this reference is required by your code, you may get compilation errors. [C:\Source\OASIS-master\STAR ODK\STAR OAPP DNA Templates\NextGenSoftware.OASIS.STAR.DNATemplates.OAPP.Console.DLL\NextGenSoftware.OASIS.STAR.DNATemplates.OAPP.Console.DLL.csproj]
C:\Program Files\dotnet\sdk\9.0.306\Microsoft.Common.CurrentVersion.targets(2433,5): warning MSB3245: Could not resolve this reference. Could not locate the assembly "Google.Protobuf". Check to make sure the assembly exists on disk. If this reference is required by your code, you may get compilation errors. [C:\Source\OASIS-master\STAR ODK\STAR OAPP DNA Templates\NextGenSoftware.OASIS.STAR.DNATemplates.OAPP.Console.DLL\NextGenSoftware.OASIS.STAR.DNATemplates.OAPP.Console.DLL.csproj]
C:\Program Files\dotnet\sdk\9.0.306\Microsoft.Common.CurrentVersion.targets(2433,5): warning MSB3245: Could not resolve this reference. Could not locate the assembly "Humanizer". Check to make sure the assembly exists on disk. If this reference is required by your code, you may get compilation errors. [C:\Source\OASIS-master\STAR ODK\STAR OAPP DNA Templates\NextGenSoftware.OASIS.STAR.DNATemplates.OAPP.Console.DLL\NextGenSoftware.OASIS.STAR.DNATemplates.OAPP.Console.DLL.csproj]
C:\Program Files\dotnet\sdk\9.0.306\Microsoft.Common.CurrentVersion.targets(2433,5): warning MSB3245: Could not resolve this reference. Could not locate the assembly "ICSharpCode.SharpZipLib". Check to make sure the assembly exists on disk. If this reference is required by your code, you may get compilation errors. [C:\Source\OASIS-master\STAR ODK\STAR OAPP DNA Templates\NextGenSoftware.OASIS.STAR.DNATemplates.OAPP.Console.DLL\NextGenSoftware.OASIS.STAR.DNATemplates.OAPP.Console.DLL.csproj]
C:\Program Files\dotnet\sdk\9.0.306\Microsoft.Common.CurrentVersion.targets(2433,5): warning MSB3245: Could not resolve this reference. Could not locate the assembly "Ipfs.Core". Check to make sure the assembly exists on disk. If this reference is required by your code, you may get compilation errors. [C:\Source\OASIS-master\STAR ODK\STAR OAPP DNA Templates\NextGenSoftware.OASIS.STAR.DNATemplates.OAPP.Console.DLL\NextGenSoftware.OASIS.STAR.DNATemplates.OAPP.Console.DLL.csproj]
C:\Program Files\dotnet\sdk\9.0.306\Microsoft.Common.CurrentVersion.targets(2433,5): warning MSB3245: Could not resolve this reference. Could not locate the assembly "Ipfs.Engine". Check to make sure the assembly exists on disk. If this reference is required by your code, you may get compilation errors. [C:\Source\OASIS-master\STAR ODK\STAR OAPP DNA Templates\NextGenSoftware.OASIS.STAR.DNATemplates.OAPP.Console.DLL\NextGenSoftware.OASIS.STAR.DNATemplates.OAPP.Console.DLL.csproj]
C:\Program Files\dotnet\sdk\9.0.306\Microsoft.Common.CurrentVersion.targets(2433,5): warning MSB3245: Could not resolve this reference. Could not locate the assembly "Ipfs.Http.Client". Check to make sure the assembly exists on disk. If this reference is required by your code, you may get compilation errors. [C:\Source\OASIS-master\STAR ODK\STAR OAPP DNA Templates\NextGenSoftware.OASIS.STAR.DNATemplates.OAPP.Console.DLL\NextGenSoftware.OASIS.STAR.DNATemplates.OAPP.Console.DLL.csproj]
C:\Program Files\dotnet\sdk\9.0.306\Microsoft.Common.CurrentVersion.targets(2433,5): warning MSB3245: Could not resolve this reference. Could not locate the assembly "MailKit". Check to make sure the assembly exists on disk. If this reference is required by your code, you may get compilation errors. [C:\Source\OASIS-master\STAR ODK\STAR OAPP DNA Templates\NextGenSoftware.OASIS.STAR.DNATemplates.OAPP.Console.DLL\NextGenSoftware.OASIS.STAR.DNATemplates.OAPP.Console.DLL.csproj]
C:\Program Files\dotnet\sdk\9.0.306\Microsoft.Common.CurrentVersion.targets(2433,5): warning MSB3245: Could not resolve this reference. Could not locate the assembly "Makaretu.Dns". Check to make sure the assembly exists on disk. If this reference is required by your code, you may get compilation errors. [C:\Source\OASIS-master\STAR ODK\STAR OAPP DNA Templates\NextGenSoftware.OASIS.STAR.DNATemplates.OAPP.Console.DLL\NextGenSoftware.OASIS.STAR.DNATemplates.OAPP.Console.DLL.csproj]
C:\Program Files\dotnet\sdk\9.0.306\Microsoft.Common.CurrentVersion.targets(2433,5): warning MSB3245: Could not resolve this reference. Could not locate the assembly "Makaretu.Dns.Multicast". Check to make sure the assembly exists on disk. If this reference is required by your code, you may get compilation errors. [C:\Source\OASIS-master\STAR ODK\STAR OAPP DNA Templates\NextGenSoftware.OASIS.STAR.DNATemplates.OAPP.Console.DLL\NextGenSoftware.OASIS.STAR.DNATemplates.OAPP.Console.DLL.csproj]
C:\Program Files\dotnet\sdk\9.0.306\Microsoft.Common.CurrentVersion.targets(2433,5): warning MSB3245: Could not resolve this reference. Could not locate the assembly "Makaretu.Dns.Unicast". Check to make sure the assembly exists on disk. If this reference is required by your code, you may get compilation errors. [C:\Source\OASIS-master\STAR ODK\STAR OAPP DNA Templates\NextGenSoftware.OASIS.STAR.DNATemplates.OAPP.Console.DLL\NextGenSoftware.OASIS.STAR.DNATemplates.OAPP.Console.DLL.csproj]
C:\Program Files\dotnet\sdk\9.0.306\Microsoft.Common.CurrentVersion.targets(2433,5): warning MSB3245: Could not resolve this reference. Could not locate the assembly "Makaretu.KBucket". Check to make sure the assembly exists on disk. If this reference is required by your code, you may get compilation errors. [C:\Source\OASIS-master\STAR ODK\STAR OAPP DNA Templates\NextGenSoftware.OASIS.STAR.DNATemplates.OAPP.Console.DLL\NextGenSoftware.OASIS.STAR.DNATemplates.OAPP.Console.DLL.csproj]
C:\Program Files\dotnet\sdk\9.0.306\Microsoft.Common.CurrentVersion.targets(2433,5): warning MSB3245: Could not resolve this reference. Could not locate the assembly "MessagePack". Check to make sure the assembly exists on disk. If this reference is required by your code, you may get compilation errors. [C:\Source\OASIS-master\STAR ODK\STAR OAPP DNA Templates\NextGenSoftware.OASIS.STAR.DNATemplates.OAPP.Console.DLL\NextGenSoftware.OASIS.STAR.DNATemplates.OAPP.Console.DLL.csproj]
C:\Program Files\dotnet\sdk\9.0.306\Microsoft.Common.CurrentVersion.targets(2433,5): warning MSB3245: Could not resolve this reference. Could not locate the assembly "MessagePack.Annotations". Check to make sure the assembly exists on disk. If this reference is required by your code, you may get compilation errors. [C:\Source\OASIS-master\STAR ODK\STAR OAPP DNA Templates\NextGenSoftware.OASIS.STAR.DNATemplates.OAPP.Console.DLL\NextGenSoftware.OASIS.STAR.DNATemplates.OAPP.Console.DLL.csproj]
C:\Program Files\dotnet\sdk\9.0.306\Microsoft.Common.CurrentVersion.targets(2433,5): warning MSB3245: Could not resolve this reference. Could not locate the assembly "Microsoft.AspNetCore.Authentication.JwtBearer". Check to make sure the assembly exists on disk. If this reference is required by your code, you may get compilation errors. [C:\Source\OASIS-master\STAR ODK\STAR OAPP DNA Templates\NextGenSoftware.OASIS.STAR.DNATemplates.OAPP.Console.DLL\NextGenSoftware.OASIS.STAR.DNATemplates.OAPP.Console.DLL.csproj]
C:\Program Files\dotnet\sdk\9.0.306\Microsoft.Common.CurrentVersion.targets(2433,5): warning MSB3245: Could not resolve this reference. Could not locate the assembly "Microsoft.Azure.Cosmos.Client". Check to make sure the assembly exists on disk. If this reference is required by your code, you may get compilation errors. [C:\Source\OASIS-master\STAR ODK\STAR OAPP DNA Templates\NextGenSoftware.OASIS.STAR.DNATemplates.OAPP.Console.DLL\NextGenSoftware.OASIS.STAR.DNATemplates.OAPP.Console.DLL.csproj]
C:\Program Files\dotnet\sdk\9.0.306\Microsoft.Common.CurrentVersion.targets(2433,5): warning MSB3245: Could not resolve this reference. Could not locate the assembly "Microsoft.Azure.Cosmos.Core". Check to make sure the assembly exists on disk. If this reference is required by your code, you may get compilation errors. [C:\Source\OASIS-master\STAR ODK\STAR OAPP DNA Templates\NextGenSoftware.OASIS.STAR.DNATemplates.OAPP.Console.DLL\NextGenSoftware.OASIS.STAR.DNATemplates.OAPP.Console.DLL.csproj]
C:\Program Files\dotnet\sdk\9.0.306\Microsoft.Common.CurrentVersion.targets(2433,5): warning MSB3245: Could not resolve this reference. Could not locate the assembly "Microsoft.Azure.Cosmos.Direct". Check to make sure the assembly exists on disk. If this reference is required by your code, you may get compilation errors. [C:\Source\OASIS-master\STAR ODK\STAR OAPP DNA Templates\NextGenSoftware.OASIS.STAR.DNATemplates.OAPP.Console.DLL\NextGenSoftware.OASIS.STAR.DNATemplates.OAPP.Console.DLL.csproj]
C:\Program Files\dotnet\sdk\9.0.306\Microsoft.Common.CurrentVersion.targets(2433,5): warning MSB3245: Could not resolve this reference. Could not locate the assembly "Microsoft.Azure.Cosmos.Serialization.HybridRow". Check to make sure the assembly exists on disk. If this reference is required by your code, you may get compilation errors. [C:\Source\OASIS-master\STAR ODK\STAR OAPP DNA Templates\NextGenSoftware.OASIS.STAR.DNATemplates.OAPP.Console.DLL\NextGenSoftware.OASIS.STAR.DNATemplates.OAPP.Console.DLL.csproj]
C:\Program Files\dotnet\sdk\9.0.306\Microsoft.Common.CurrentVersion.targets(2433,5): warning MSB3245: Could not resolve this reference. Could not locate the assembly "Microsoft.Azure.DocumentDB.Core". Check to make sure the assembly exists on disk. If this reference is required by your code, you may get compilation errors. [C:\Source\OASIS-master\STAR ODK\STAR OAPP DNA Templates\NextGenSoftware.OASIS.STAR.DNATemplates.OAPP.Console.DLL\NextGenSoftware.OASIS.STAR.DNATemplates.OAPP.Console.DLL.csproj]
C:\Program Files\dotnet\sdk\9.0.306\Microsoft.Common.CurrentVersion.targets(2433,5): warning MSB3245: Could not resolve this reference. Could not locate the assembly "Microsoft.Bcl.AsyncInterfaces". Check to make sure the assembly exists on disk. If this reference is required by your code, you may get compilation errors. [C:\Source\OASIS-master\STAR ODK\STAR OAPP DNA Templates\NextGenSoftware.OASIS.STAR.DNATemplates.OAPP.Console.DLL\NextGenSoftware.OASIS.STAR.DNATemplates.OAPP.Console.DLL.csproj]
C:\Program Files\dotnet\sdk\9.0.306\Microsoft.Common.CurrentVersion.targets(2433,5): warning MSB3245: Could not resolve this reference. Could not locate the assembly "Microsoft.Bcl.HashCode". Check to make sure the assembly exists on disk. If this reference is required by your code, you may get compilation errors. [C:\Source\OASIS-master\STAR ODK\STAR OAPP DNA Templates\NextGenSoftware.OASIS.STAR.DNATemplates.OAPP.Console.DLL\NextGenSoftware.OASIS.STAR.DNATemplates.OAPP.Console.DLL.csproj]
C:\Program Files\dotnet\sdk\9.0.306\Microsoft.Common.CurrentVersion.targets(2433,5): warning MSB3245: Could not resolve this reference. Could not locate the assembly "Microsoft.Data.Sqlite". Check to make sure the assembly exists on disk. If this reference is required by your code, you may get compilation errors. [C:\Source\OASIS-master\STAR ODK\STAR OAPP DNA Templates\NextGenSoftware.OASIS.STAR.DNATemplates.OAPP.Console.DLL\NextGenSoftware.OASIS.STAR.DNATemplates.OAPP.Console.DLL.csproj]
C:\Program Files\dotnet\sdk\9.0.306\Microsoft.Common.CurrentVersion.targets(2433,5): warning MSB3245: Could not resolve this reference. Could not locate the assembly "Microsoft.EntityFrameworkCore". Check to make sure the assembly exists on disk. If this reference is required by your code, you may get compilation errors. [C:\Source\OASIS-master\STAR ODK\STAR OAPP DNA Templates\NextGenSoftware.OASIS.STAR.DNATemplates.OAPP.Console.DLL\NextGenSoftware.OASIS.STAR.DNATemplates.OAPP.Console.DLL.csproj]
C:\Program Files\dotnet\sdk\9.0.306\Microsoft.Common.CurrentVersion.targets(2433,5): warning MSB3245: Could not resolve this reference. Could not locate the assembly "Microsoft.EntityFrameworkCore.Abstractions". Check to make sure the assembly exists on disk. If this reference is required by your code, you may get compilation errors. [C:\Source\OASIS-master\STAR ODK\STAR OAPP DNA Templates\NextGenSoftware.OASIS.STAR.DNATemplates.OAPP.Console.DLL\NextGenSoftware.OASIS.STAR.DNATemplates.OAPP.Console.DLL.csproj]
C:\Program Files\dotnet\sdk\9.0.306\Microsoft.Common.CurrentVersion.targets(2433,5): warning MSB3245: Could not resolve this reference. Could not locate the assembly "Microsoft.EntityFrameworkCore.Design". Check to make sure the assembly exists on disk. If this reference is required by your code, you may get compilation errors. [C:\Source\OASIS-master\STAR ODK\STAR OAPP DNA Templates\NextGenSoftware.OASIS.STAR.DNATemplates.OAPP.Console.DLL\NextGenSoftware.OASIS.STAR.DNATemplates.OAPP.Console.DLL.csproj]
C:\Program Files\dotnet\sdk\9.0.306\Microsoft.Common.CurrentVersion.targets(2433,5): warning MSB3245: Could not resolve this reference. Could not locate the assembly "Microsoft.EntityFrameworkCore.Relational". Check to make sure the assembly exists on disk. If this reference is required by your code, you may get compilation errors. [C:\Source\OASIS-master\STAR ODK\STAR OAPP DNA Templates\NextGenSoftware.OASIS.STAR.DNATemplates.OAPP.Console.DLL\NextGenSoftware.OASIS.STAR.DNATemplates.OAPP.Console.DLL.csproj]
C:\Program Files\dotnet\sdk\9.0.306\Microsoft.Common.CurrentVersion.targets(2433,5): warning MSB3245: Could not resolve this reference. Could not locate the assembly "Microsoft.EntityFrameworkCore.Sqlite". Check to make sure the assembly exists on disk. If this reference is required by your code, you may get compilation errors. [C:\Source\OASIS-master\STAR ODK\STAR OAPP DNA Templates\NextGenSoftware.OASIS.STAR.DNATemplates.OAPP.Console.DLL\NextGenSoftware.OASIS.STAR.DNATemplates.OAPP.Console.DLL.csproj]
C:\Program Files\dotnet\sdk\9.0.306\Microsoft.Common.CurrentVersion.targets(2433,5): warning MSB3245: Could not resolve this reference. Could not locate the assembly "Microsoft.Extensions.DependencyModel". Check to make sure the assembly exists on disk. If this reference is required by your code, you may get compilation errors. [C:\Source\OASIS-master\STAR ODK\STAR OAPP DNA Templates\NextGenSoftware.OASIS.STAR.DNATemplates.OAPP.Console.DLL\NextGenSoftware.OASIS.STAR.DNATemplates.OAPP.Console.DLL.csproj]
C:\Program Files\dotnet\sdk\9.0.306\Microsoft.Common.CurrentVersion.targets(2433,5): warning MSB3245: Could not resolve this reference. Could not locate the assembly "Microsoft.IdentityModel.Abstractions". Check to make sure the assembly exists on disk. If this reference is required by your code, you may get compilation errors. [C:\Source\OASIS-master\STAR ODK\STAR OAPP DNA Templates\NextGenSoftware.OASIS.STAR.DNATemplates.OAPP.Console.DLL\NextGenSoftware.OASIS.STAR.DNATemplates.OAPP.Console.DLL.csproj]
C:\Program Files\dotnet\sdk\9.0.306\Microsoft.Common.CurrentVersion.targets(2433,5): warning MSB3245: Could not resolve this reference. Could not locate the assembly "Microsoft.IdentityModel.JsonWebTokens". Check to make sure the assembly exists on disk. If this reference is required by your code, you may get compilation errors. [C:\Source\OASIS-master\STAR ODK\STAR OAPP DNA Templates\NextGenSoftware.OASIS.STAR.DNATemplates.OAPP.Console.DLL\NextGenSoftware.OASIS.STAR.DNATemplates.OAPP.Console.DLL.csproj]
C:\Program Files\dotnet\sdk\9.0.306\Microsoft.Common.CurrentVersion.targets(2433,5): warning MSB3245: Could not resolve this reference. Could not locate the assembly "Microsoft.IdentityModel.Logging". Check to make sure the assembly exists on disk. If this reference is required by your code, you may get compilation errors. [C:\Source\OASIS-master\STAR ODK\STAR OAPP DNA Templates\NextGenSoftware.OASIS.STAR.DNATemplates.OAPP.Console.DLL\NextGenSoftware.OASIS.STAR.DNATemplates.OAPP.Console.DLL.csproj]
C:\Program Files\dotnet\sdk\9.0.306\Microsoft.Common.CurrentVersion.targets(2433,5): warning MSB3245: Could not resolve this reference. Could not locate the assembly "Microsoft.IdentityModel.Protocols". Check to make sure the assembly exists on disk. If this reference is required by your code, you may get compilation errors. [C:\Source\OASIS-master\STAR ODK\STAR OAPP DNA Templates\NextGenSoftware.OASIS.STAR.DNATemplates.OAPP.Console.DLL\NextGenSoftware.OASIS.STAR.DNATemplates.OAPP.Console.DLL.csproj]
C:\Program Files\dotnet\sdk\9.0.306\Microsoft.Common.CurrentVersion.targets(2433,5): warning MSB3245: Could not resolve this reference. Could not locate the assembly "Microsoft.IdentityModel.Protocols.OpenIdConnect". Check to make sure the assembly exists on disk. If this reference is required by your code, you may get compilation errors. [C:\Source\OASIS-master\STAR ODK\STAR OAPP DNA Templates\NextGenSoftware.OASIS.STAR.DNATemplates.OAPP.Console.DLL\NextGenSoftware.OASIS.STAR.DNATemplates.OAPP.Console.DLL.csproj]
C:\Program Files\dotnet\sdk\9.0.306\Microsoft.Common.CurrentVersion.targets(2433,5): warning MSB3245: Could not resolve this reference. Could not locate the assembly "Microsoft.IdentityModel.Tokens". Check to make sure the assembly exists on disk. If this reference is required by your code, you may get compilation errors. [C:\Source\OASIS-master\STAR ODK\STAR OAPP DNA Templates\NextGenSoftware.OASIS.STAR.DNATemplates.OAPP.Console.DLL\NextGenSoftware.OASIS.STAR.DNATemplates.OAPP.Console.DLL.csproj]
C:\Program Files\dotnet\sdk\9.0.306\Microsoft.Common.CurrentVersion.targets(2433,5): warning MSB3245: Could not resolve this reference. Could not locate the assembly "Microsoft.NET.StringTools". Check to make sure the assembly exists on disk. If this reference is required by your code, you may get compilation errors. [C:\Source\OASIS-master\STAR ODK\STAR OAPP DNA Templates\NextGenSoftware.OASIS.STAR.DNATemplates.OAPP.Console.DLL\NextGenSoftware.OASIS.STAR.DNATemplates.OAPP.Console.DLL.csproj]
C:\Program Files\dotnet\sdk\9.0.306\Microsoft.Common.CurrentVersion.targets(2433,5): warning MSB3245: Could not resolve this reference. Could not locate the assembly "Microsoft.OpenApi". Check to make sure the assembly exists on disk. If this reference is required by your code, you may get compilation errors. [C:\Source\OASIS-master\STAR ODK\STAR OAPP DNA Templates\NextGenSoftware.OASIS.STAR.DNATemplates.OAPP.Console.DLL\NextGenSoftware.OASIS.STAR.DNATemplates.OAPP.Console.DLL.csproj]
C:\Program Files\dotnet\sdk\9.0.306\Microsoft.Common.CurrentVersion.targets(2433,5): warning MSB3245: Could not resolve this reference. Could not locate the assembly "Microsoft.Win32.SystemEvents". Check to make sure the assembly exists on disk. If this reference is required by your code, you may get compilation errors. [C:\Source\OASIS-master\STAR ODK\STAR OAPP DNA Templates\NextGenSoftware.OASIS.STAR.DNATemplates.OAPP.Console.DLL\NextGenSoftware.OASIS.STAR.DNATemplates.OAPP.Console.DLL.csproj]
C:\Program Files\dotnet\sdk\9.0.306\Microsoft.Common.CurrentVersion.targets(2433,5): warning MSB3245: Could not resolve this reference. Could not locate the assembly "MimeKit". Check to make sure the assembly exists on disk. If this reference is required by your code, you may get compilation errors. [C:\Source\OASIS-master\STAR ODK\STAR OAPP DNA Templates\NextGenSoftware.OASIS.STAR.DNATemplates.OAPP.Console.DLL\NextGenSoftware.OASIS.STAR.DNATemplates.OAPP.Console.DLL.csproj]
C:\Program Files\dotnet\sdk\9.0.306\Microsoft.Common.CurrentVersion.targets(2433,5): warning MSB3245: Could not resolve this reference. Could not locate the assembly "MongoDB.Bson". Check to make sure the assembly exists on disk. If this reference is required by your code, you may get compilation errors. [C:\Source\OASIS-master\STAR ODK\STAR OAPP DNA Templates\NextGenSoftware.OASIS.STAR.DNATemplates.OAPP.Console.DLL\NextGenSoftware.OASIS.STAR.DNATemplates.OAPP.Console.DLL.csproj]
C:\Program Files\dotnet\sdk\9.0.306\Microsoft.Common.CurrentVersion.targets(2433,5): warning MSB3245: Could not resolve this reference. Could not locate the assembly "MongoDB.Driver". Check to make sure the assembly exists on disk. If this reference is required by your code, you may get compilation errors. [C:\Source\OASIS-master\STAR ODK\STAR OAPP DNA Templates\NextGenSoftware.OASIS.STAR.DNATemplates.OAPP.Console.DLL\NextGenSoftware.OASIS.STAR.DNATemplates.OAPP.Console.DLL.csproj]
C:\Program Files\dotnet\sdk\9.0.306\Microsoft.Common.CurrentVersion.targets(2433,5): warning MSB3245: Could not resolve this reference. Could not locate the assembly "MongoDB.Driver.Core". Check to make sure the assembly exists on disk. If this reference is required by your code, you may get compilation errors. [C:\Source\OASIS-master\STAR ODK\STAR OAPP DNA Templates\NextGenSoftware.OASIS.STAR.DNATemplates.OAPP.Console.DLL\NextGenSoftware.OASIS.STAR.DNATemplates.OAPP.Console.DLL.csproj]
C:\Program Files\dotnet\sdk\9.0.306\Microsoft.Common.CurrentVersion.targets(2433,5): warning MSB3245: Could not resolve this reference. Could not locate the assembly "MongoDB.Libmongocrypt". Check to make sure the assembly exists on disk. If this reference is required by your code, you may get compilation errors. [C:\Source\OASIS-master\STAR ODK\STAR OAPP DNA Templates\NextGenSoftware.OASIS.STAR.DNATemplates.OAPP.Console.DLL\NextGenSoftware.OASIS.STAR.DNATemplates.OAPP.Console.DLL.csproj]
C:\Program Files\dotnet\sdk\9.0.306\Microsoft.Common.CurrentVersion.targets(2433,5): warning MSB3245: Could not resolve this reference. Could not locate the assembly "NBitcoin.Secp256k1". Check to make sure the assembly exists on disk. If this reference is required by your code, you may get compilation errors. [C:\Source\OASIS-master\STAR ODK\STAR OAPP DNA Templates\NextGenSoftware.OASIS.STAR.DNATemplates.OAPP.Console.DLL\NextGenSoftware.OASIS.STAR.DNATemplates.OAPP.Console.DLL.csproj]
C:\Program Files\dotnet\sdk\9.0.306\Microsoft.Common.CurrentVersion.targets(2433,5): warning MSB3245: Could not resolve this reference. Could not locate the assembly "Neo4j.Driver". Check to make sure the assembly exists on disk. If this reference is required by your code, you may get compilation errors. [C:\Source\OASIS-master\STAR ODK\STAR OAPP DNA Templates\NextGenSoftware.OASIS.STAR.DNATemplates.OAPP.Console.DLL\NextGenSoftware.OASIS.STAR.DNATemplates.OAPP.Console.DLL.csproj]
C:\Program Files\dotnet\sdk\9.0.306\Microsoft.Common.CurrentVersion.targets(2433,5): warning MSB3245: Could not resolve this reference. Could not locate the assembly "Neo4j.Driver.Simple". Check to make sure the assembly exists on disk. If this reference is required by your code, you may get compilation errors. [C:\Source\OASIS-master\STAR ODK\STAR OAPP DNA Templates\NextGenSoftware.OASIS.STAR.DNATemplates.OAPP.Console.DLL\NextGenSoftware.OASIS.STAR.DNATemplates.OAPP.Console.DLL.csproj]
C:\Program Files\dotnet\sdk\9.0.306\Microsoft.Common.CurrentVersion.targets(2433,5): warning MSB3245: Could not resolve this reference. Could not locate the assembly "Nethereum.ABI". Check to make sure the assembly exists on disk. If this reference is required by your code, you may get compilation errors. [C:\Source\OASIS-master\STAR ODK\STAR OAPP DNA Templates\NextGenSoftware.OASIS.STAR.DNATemplates.OAPP.Console.DLL\NextGenSoftware.OASIS.STAR.DNATemplates.OAPP.Console.DLL.csproj]
C:\Program Files\dotnet\sdk\9.0.306\Microsoft.Common.CurrentVersion.targets(2433,5): warning MSB3245: Could not resolve this reference. Could not locate the assembly "Nethereum.Accounts". Check to make sure the assembly exists on disk. If this reference is required by your code, you may get compilation errors. [C:\Source\OASIS-master\STAR ODK\STAR OAPP DNA Templates\NextGenSoftware.OASIS.STAR.DNATemplates.OAPP.Console.DLL\NextGenSoftware.OASIS.STAR.DNATemplates.OAPP.Console.DLL.csproj]
C:\Program Files\dotnet\sdk\9.0.306\Microsoft.Common.CurrentVersion.targets(2433,5): warning MSB3245: Could not resolve this reference. Could not locate the assembly "Nethereum.BlockchainProcessing". Check to make sure the assembly exists on disk. If this reference is required by your code, you may get compilation errors. [C:\Source\OASIS-master\STAR ODK\STAR OAPP DNA Templates\NextGenSoftware.OASIS.STAR.DNATemplates.OAPP.Console.DLL\NextGenSoftware.OASIS.STAR.DNATemplates.OAPP.Console.DLL.csproj]
C:\Program Files\dotnet\sdk\9.0.306\Microsoft.Common.CurrentVersion.targets(2433,5): warning MSB3245: Could not resolve this reference. Could not locate the assembly "Nethereum.Contracts". Check to make sure the assembly exists on disk. If this reference is required by your code, you may get compilation errors. [C:\Source\OASIS-master\STAR ODK\STAR OAPP DNA Templates\NextGenSoftware.OASIS.STAR.DNATemplates.OAPP.Console.DLL\NextGenSoftware.OASIS.STAR.DNATemplates.OAPP.Console.DLL.csproj]
C:\Program Files\dotnet\sdk\9.0.306\Microsoft.Common.CurrentVersion.targets(2433,5): warning MSB3245: Could not resolve this reference. Could not locate the assembly "Nethereum.Hex". Check to make sure the assembly exists on disk. If this reference is required by your code, you may get compilation errors. [C:\Source\OASIS-master\STAR ODK\STAR OAPP DNA Templates\NextGenSoftware.OASIS.STAR.DNATemplates.OAPP.Console.DLL\NextGenSoftware.OASIS.STAR.DNATemplates.OAPP.Console.DLL.csproj]
C:\Program Files\dotnet\sdk\9.0.306\Microsoft.Common.CurrentVersion.targets(2433,5): warning MSB3245: Could not resolve this reference. Could not locate the assembly "Nethereum.JsonRpc.Client". Check to make sure the assembly exists on disk. If this reference is required by your code, you may get compilation errors. [C:\Source\OASIS-master\STAR ODK\STAR OAPP DNA Templates\NextGenSoftware.OASIS.STAR.DNATemplates.OAPP.Console.DLL\NextGenSoftware.OASIS.STAR.DNATemplates.OAPP.Console.DLL.csproj]
C:\Program Files\dotnet\sdk\9.0.306\Microsoft.Common.CurrentVersion.targets(2433,5): warning MSB3245: Could not resolve this reference. Could not locate the assembly "Nethereum.JsonRpc.RpcClient". Check to make sure the assembly exists on disk. If this reference is required by your code, you may get compilation errors. [C:\Source\OASIS-master\STAR ODK\STAR OAPP DNA Templates\NextGenSoftware.OASIS.STAR.DNATemplates.OAPP.Console.DLL\NextGenSoftware.OASIS.STAR.DNATemplates.OAPP.Console.DLL.csproj]
C:\Program Files\dotnet\sdk\9.0.306\Microsoft.Common.CurrentVersion.targets(2433,5): warning MSB3245: Could not resolve this reference. Could not locate the assembly "Nethereum.KeyStore". Check to make sure the assembly exists on disk. If this reference is required by your code, you may get compilation errors. [C:\Source\OASIS-master\STAR ODK\STAR OAPP DNA Templates\NextGenSoftware.OASIS.STAR.DNATemplates.OAPP.Console.DLL\NextGenSoftware.OASIS.STAR.DNATemplates.OAPP.Console.DLL.csproj]
C:\Program Files\dotnet\sdk\9.0.306\Microsoft.Common.CurrentVersion.targets(2433,5): warning MSB3245: Could not resolve this reference. Could not locate the assembly "Nethereum.Model". Check to make sure the assembly exists on disk. If this reference is required by your code, you may get compilation errors. [C:\Source\OASIS-master\STAR ODK\STAR OAPP DNA Templates\NextGenSoftware.OASIS.STAR.DNATemplates.OAPP.Console.DLL\NextGenSoftware.OASIS.STAR.DNATemplates.OAPP.Console.DLL.csproj]
C:\Program Files\dotnet\sdk\9.0.306\Microsoft.Common.CurrentVersion.targets(2433,5): warning MSB3245: Could not resolve this reference. Could not locate the assembly "Nethereum.RLP". Check to make sure the assembly exists on disk. If this reference is required by your code, you may get compilation errors. [C:\Source\OASIS-master\STAR ODK\STAR OAPP DNA Templates\NextGenSoftware.OASIS.STAR.DNATemplates.OAPP.Console.DLL\NextGenSoftware.OASIS.STAR.DNATemplates.OAPP.Console.DLL.csproj]
C:\Program Files\dotnet\sdk\9.0.306\Microsoft.Common.CurrentVersion.targets(2433,5): warning MSB3245: Could not resolve this reference. Could not locate the assembly "Nethereum.RPC". Check to make sure the assembly exists on disk. If this reference is required by your code, you may get compilation errors. [C:\Source\OASIS-master\STAR ODK\STAR OAPP DNA Templates\NextGenSoftware.OASIS.STAR.DNATemplates.OAPP.Console.DLL\NextGenSoftware.OASIS.STAR.DNATemplates.OAPP.Console.DLL.csproj]
C:\Program Files\dotnet\sdk\9.0.306\Microsoft.Common.CurrentVersion.targets(2433,5): warning MSB3245: Could not resolve this reference. Could not locate the assembly "Nethereum.Signer". Check to make sure the assembly exists on disk. If this reference is required by your code, you may get compilation errors. [C:\Source\OASIS-master\STAR ODK\STAR OAPP DNA Templates\NextGenSoftware.OASIS.STAR.DNATemplates.OAPP.Console.DLL\NextGenSoftware.OASIS.STAR.DNATemplates.OAPP.Console.DLL.csproj]
C:\Program Files\dotnet\sdk\9.0.306\Microsoft.Common.CurrentVersion.targets(2433,5): warning MSB3245: Could not resolve this reference. Could not locate the assembly "Nethereum.Util". Check to make sure the assembly exists on disk. If this reference is required by your code, you may get compilation errors. [C:\Source\OASIS-master\STAR ODK\STAR OAPP DNA Templates\NextGenSoftware.OASIS.STAR.DNATemplates.OAPP.Console.DLL\NextGenSoftware.OASIS.STAR.DNATemplates.OAPP.Console.DLL.csproj]
C:\Program Files\dotnet\sdk\9.0.306\Microsoft.Common.CurrentVersion.targets(2433,5): warning MSB3245: Could not resolve this reference. Could not locate the assembly "Nethereum.Web3". Check to make sure the assembly exists on disk. If this reference is required by your code, you may get compilation errors. [C:\Source\OASIS-master\STAR ODK\STAR OAPP DNA Templates\NextGenSoftware.OASIS.STAR.DNATemplates.OAPP.Console.DLL\NextGenSoftware.OASIS.STAR.DNATemplates.OAPP.Console.DLL.csproj]
C:\Program Files\dotnet\sdk\9.0.306\Microsoft.Common.CurrentVersion.targets(2433,5): warning MSB3245: Could not resolve this reference. Could not locate the assembly "Newtonsoft.Json". Check to make sure the assembly exists on disk. If this reference is required by your code, you may get compilation errors. [C:\Source\OASIS-master\STAR ODK\STAR OAPP DNA Templates\NextGenSoftware.OASIS.STAR.DNATemplates.OAPP.Console.DLL\NextGenSoftware.OASIS.STAR.DNATemplates.OAPP.Console.DLL.csproj]
C:\Program Files\dotnet\sdk\9.0.306\Microsoft.Common.CurrentVersion.targets(2433,5): warning MSB3245: Could not resolve this reference. Could not locate the assembly "Newtonsoft.Json.Bson". Check to make sure the assembly exists on disk. If this reference is required by your code, you may get compilation errors. [C:\Source\OASIS-master\STAR ODK\STAR OAPP DNA Templates\NextGenSoftware.OASIS.STAR.DNATemplates.OAPP.Console.DLL\NextGenSoftware.OASIS.STAR.DNATemplates.OAPP.Console.DLL.csproj]
C:\Program Files\dotnet\sdk\9.0.306\Microsoft.Common.CurrentVersion.targets(2433,5): warning MSB3245: Could not resolve this reference. Could not locate the assembly "NextGenSoftware.CLI.Engine". Check to make sure the assembly exists on disk. If this reference is required by your code, you may get compilation errors. [C:\Source\OASIS-master\STAR ODK\STAR OAPP DNA Templates\NextGenSoftware.OASIS.STAR.DNATemplates.OAPP.Console.DLL\NextGenSoftware.OASIS.STAR.DNATemplates.OAPP.Console.DLL.csproj]
C:\Program Files\dotnet\sdk\9.0.306\Microsoft.Common.CurrentVersion.targets(2433,5): warning MSB3245: Could not resolve this reference. Could not locate the assembly "NextGenSoftware.ErrorHandling". Check to make sure the assembly exists on disk. If this reference is required by your code, you may get compilation errors. [C:\Source\OASIS-master\STAR ODK\STAR OAPP DNA Templates\NextGenSoftware.OASIS.STAR.DNATemplates.OAPP.Console.DLL\NextGenSoftware.OASIS.STAR.DNATemplates.OAPP.Console.DLL.csproj]
C:\Program Files\dotnet\sdk\9.0.306\Microsoft.Common.CurrentVersion.targets(2433,5): warning MSB3245: Could not resolve this reference. Could not locate the assembly "NextGenSoftware.Holochain.HoloNET.Client". Check to make sure the assembly exists on disk. If this reference is required by your code, you may get compilation errors. [C:\Source\OASIS-master\STAR ODK\STAR OAPP DNA Templates\NextGenSoftware.OASIS.STAR.DNATemplates.OAPP.Console.DLL\NextGenSoftware.OASIS.STAR.DNATemplates.OAPP.Console.DLL.csproj]
C:\Program Files\dotnet\sdk\9.0.306\Microsoft.Common.CurrentVersion.targets(2433,5): warning MSB3245: Could not resolve this reference. Could not locate the assembly "NextGenSoftware.Holochain.HoloNET.ORM". Check to make sure the assembly exists on disk. If this reference is required by your code, you may get compilation errors. [C:\Source\OASIS-master\STAR ODK\STAR OAPP DNA Templates\NextGenSoftware.OASIS.STAR.DNATemplates.OAPP.Console.DLL\NextGenSoftware.OASIS.STAR.DNATemplates.OAPP.Console.DLL.csproj]
C:\Program Files\dotnet\sdk\9.0.306\Microsoft.Common.CurrentVersion.targets(2433,5): warning MSB3245: Could not resolve this reference. Could not locate the assembly "NextGenSoftware.Logging". Check to make sure the assembly exists on disk. If this reference is required by your code, you may get compilation errors. [C:\Source\OASIS-master\STAR ODK\STAR OAPP DNA Templates\NextGenSoftware.OASIS.STAR.DNATemplates.OAPP.Console.DLL\NextGenSoftware.OASIS.STAR.DNATemplates.OAPP.Console.DLL.csproj]
C:\Program Files\dotnet\sdk\9.0.306\Microsoft.Common.CurrentVersion.targets(2433,5): warning MSB3245: Could not resolve this reference. Could not locate the assembly "NextGenSoftware.Logging.NLog". Check to make sure the assembly exists on disk. If this reference is required by your code, you may get compilation errors. [C:\Source\OASIS-master\STAR ODK\STAR OAPP DNA Templates\NextGenSoftware.OASIS.STAR.DNATemplates.OAPP.Console.DLL\NextGenSoftware.OASIS.STAR.DNATemplates.OAPP.Console.DLL.csproj]
C:\Program Files\dotnet\sdk\9.0.306\Microsoft.Common.CurrentVersion.targets(2433,5): warning MSB3245: Could not resolve this reference. Could not locate the assembly "NextGenSoftware.OASIS.API.Core". Check to make sure the assembly exists on disk. If this reference is required by your code, you may get compilation errors. [C:\Source\OASIS-master\STAR ODK\STAR OAPP DNA Templates\NextGenSoftware.OASIS.STAR.DNATemplates.OAPP.Console.DLL\NextGenSoftware.OASIS.STAR.DNATemplates.OAPP.Console.DLL.csproj]
C:\Program Files\dotnet\sdk\9.0.306\Microsoft.Common.CurrentVersion.targets(2433,5): warning MSB3245: Could not resolve this reference. Could not locate the assembly "NextGenSoftware.OASIS.API.Core.Apollo.Server". Check to make sure the assembly exists on disk. If this reference is required by your code, you may get compilation errors. [C:\Source\OASIS-master\STAR ODK\STAR OAPP DNA Templates\NextGenSoftware.OASIS.STAR.DNATemplates.OAPP.Console.DLL\NextGenSoftware.OASIS.STAR.DNATemplates.OAPP.Console.DLL.csproj]
C:\Program Files\dotnet\sdk\9.0.306\Microsoft.Common.CurrentVersion.targets(2433,5): warning MSB3245: Could not resolve this reference. Could not locate the assembly "NextGenSoftware.OASIS.API.COSMIC". Check to make sure the assembly exists on disk. If this reference is required by your code, you may get compilation errors. [C:\Source\OASIS-master\STAR ODK\STAR OAPP DNA Templates\NextGenSoftware.OASIS.STAR.DNATemplates.OAPP.Console.DLL\NextGenSoftware.OASIS.STAR.DNATemplates.OAPP.Console.DLL.csproj]
C:\Program Files\dotnet\sdk\9.0.306\Microsoft.Common.CurrentVersion.targets(2433,5): warning MSB3245: Could not resolve this reference. Could not locate the assembly "NextGenSoftware.OASIS.API.DNA". Check to make sure the assembly exists on disk. If this reference is required by your code, you may get compilation errors. [C:\Source\OASIS-master\STAR ODK\STAR OAPP DNA Templates\NextGenSoftware.OASIS.STAR.DNATemplates.OAPP.Console.DLL\NextGenSoftware.OASIS.STAR.DNATemplates.OAPP.Console.DLL.csproj]
C:\Program Files\dotnet\sdk\9.0.306\Microsoft.Common.CurrentVersion.targets(2433,5): warning MSB3245: Could not resolve this reference. Could not locate the assembly "NextGenSoftware.OASIS.API.Native.Integrated.EndPoint". Check to make sure the assembly exists on disk. If this reference is required by your code, you may get compilation errors. [C:\Source\OASIS-master\STAR ODK\STAR OAPP DNA Templates\NextGenSoftware.OASIS.STAR.DNATemplates.OAPP.Console.DLL\NextGenSoftware.OASIS.STAR.DNATemplates.OAPP.Console.DLL.csproj]
C:\Program Files\dotnet\sdk\9.0.306\Microsoft.Common.CurrentVersion.targets(2433,5): warning MSB3245: Could not resolve this reference. Could not locate the assembly "NextGenSoftware.OASIS.API.ONODEONODE.Core". Check to make sure the assembly exists on disk. If this reference is required by your code, you may get compilation errors. [C:\Source\OASIS-master\STAR ODK\STAR OAPP DNA Templates\NextGenSoftware.OASIS.STAR.DNATemplates.OAPP.Console.DLL\NextGenSoftware.OASIS.STAR.DNATemplates.OAPP.Console.DLL.csproj]
C:\Program Files\dotnet\sdk\9.0.306\Microsoft.Common.CurrentVersion.targets(2433,5): warning MSB3245: Could not resolve this reference. Could not locate the assembly "NextGenSoftware.OASIS.API.ONODEONODE.WebAPI". Check to make sure the assembly exists on disk. If this reference is required by your code, you may get compilation errors. [C:\Source\OASIS-master\STAR ODK\STAR OAPP DNA Templates\NextGenSoftware.OASIS.STAR.DNATemplates.OAPP.Console.DLL\NextGenSoftware.OASIS.STAR.DNATemplates.OAPP.Console.DLL.csproj]
C:\Program Files\dotnet\sdk\9.0.306\Microsoft.Common.CurrentVersion.targets(2433,5): warning MSB3245: Could not resolve this reference. Could not locate the assembly "NextGenSoftware.OASIS.API.Providers.ActivityPubOASIS". Check to make sure the assembly exists on disk. If this reference is required by your code, you may get compilation errors. [C:\Source\OASIS-master\STAR ODK\STAR OAPP DNA Templates\NextGenSoftware.OASIS.STAR.DNATemplates.OAPP.Console.DLL\NextGenSoftware.OASIS.STAR.DNATemplates.OAPP.Console.DLL.csproj]
C:\Program Files\dotnet\sdk\9.0.306\Microsoft.Common.CurrentVersion.targets(2433,5): warning MSB3245: Could not resolve this reference. Could not locate the assembly "NextGenSoftware.OASIS.API.Providers.AzureCosmosDBOASIS". Check to make sure the assembly exists on disk. If this reference is required by your code, you may get compilation errors. [C:\Source\OASIS-master\STAR ODK\STAR OAPP DNA Templates\NextGenSoftware.OASIS.STAR.DNATemplates.OAPP.Console.DLL\NextGenSoftware.OASIS.STAR.DNATemplates.OAPP.Console.DLL.csproj]
C:\Program Files\dotnet\sdk\9.0.306\Microsoft.Common.CurrentVersion.targets(2433,5): warning MSB3245: Could not resolve this reference. Could not locate the assembly "NextGenSoftware.OASIS.API.Providers.BlockStackOASIS". Check to make sure the assembly exists on disk. If this reference is required by your code, you may get compilation errors. [C:\Source\OASIS-master\STAR ODK\STAR OAPP DNA Templates\NextGenSoftware.OASIS.STAR.DNATemplates.OAPP.Console.DLL\NextGenSoftware.OASIS.STAR.DNATemplates.OAPP.Console.DLL.csproj]
C:\Program Files\dotnet\sdk\9.0.306\Microsoft.Common.CurrentVersion.targets(2433,5): warning MSB3245: Could not resolve this reference. Could not locate the assembly "NextGenSoftware.OASIS.API.Providers.ChainLinkOASIS". Check to make sure the assembly exists on disk. If this reference is required by your code, you may get compilation errors. [C:\Source\OASIS-master\STAR ODK\STAR OAPP DNA Templates\NextGenSoftware.OASIS.STAR.DNATemplates.OAPP.Console.DLL\NextGenSoftware.OASIS.STAR.DNATemplates.OAPP.Console.DLL.csproj]
C:\Program Files\dotnet\sdk\9.0.306\Microsoft.Common.CurrentVersion.targets(2433,5): warning MSB3245: Could not resolve this reference. Could not locate the assembly "NextGenSoftware.OASIS.API.Providers.EOSIOOASIS". Check to make sure the assembly exists on disk. If this reference is required by your code, you may get compilation errors. [C:\Source\OASIS-master\STAR ODK\STAR OAPP DNA Templates\NextGenSoftware.OASIS.STAR.DNATemplates.OAPP.Console.DLL\NextGenSoftware.OASIS.STAR.DNATemplates.OAPP.Console.DLL.csproj]
C:\Program Files\dotnet\sdk\9.0.306\Microsoft.Common.CurrentVersion.targets(2433,5): warning MSB3245: Could not resolve this reference. Could not locate the assembly "NextGenSoftware.OASIS.API.Providers.EthereumOASIS". Check to make sure the assembly exists on disk. If this reference is required by your code, you may get compilation errors. [C:\Source\OASIS-master\STAR ODK\STAR OAPP DNA Templates\NextGenSoftware.OASIS.STAR.DNATemplates.OAPP.Console.DLL\NextGenSoftware.OASIS.STAR.DNATemplates.OAPP.Console.DLL.csproj]
C:\Program Files\dotnet\sdk\9.0.306\Microsoft.Common.CurrentVersion.targets(2433,5): warning MSB3245: Could not resolve this reference. Could not locate the assembly "NextGenSoftware.OASIS.API.Providers.HashgraphOASIS". Check to make sure the assembly exists on disk. If this reference is required by your code, you may get compilation errors. [C:\Source\OASIS-master\STAR ODK\STAR OAPP DNA Templates\NextGenSoftware.OASIS.STAR.DNATemplates.OAPP.Console.DLL\NextGenSoftware.OASIS.STAR.DNATemplates.OAPP.Console.DLL.csproj]
C:\Program Files\dotnet\sdk\9.0.306\Microsoft.Common.CurrentVersion.targets(2433,5): warning MSB3245: Could not resolve this reference. Could not locate the assembly "NextGenSoftware.OASIS.API.Providers.HoloOASIS". Check to make sure the assembly exists on disk. If this reference is required by your code, you may get compilation errors. [C:\Source\OASIS-master\STAR ODK\STAR OAPP DNA Templates\NextGenSoftware.OASIS.STAR.DNATemplates.OAPP.Console.DLL\NextGenSoftware.OASIS.STAR.DNATemplates.OAPP.Console.DLL.csproj]
C:\Program Files\dotnet\sdk\9.0.306\Microsoft.Common.CurrentVersion.targets(2433,5): warning MSB3245: Could not resolve this reference. Could not locate the assembly "NextGenSoftware.OASIS.API.Providers.HoloWebOASIS". Check to make sure the assembly exists on disk. If this reference is required by your code, you may get compilation errors. [C:\Source\OASIS-master\STAR ODK\STAR OAPP DNA Templates\NextGenSoftware.OASIS.STAR.DNATemplates.OAPP.Console.DLL\NextGenSoftware.OASIS.STAR.DNATemplates.OAPP.Console.DLL.csproj]
C:\Program Files\dotnet\sdk\9.0.306\Microsoft.Common.CurrentVersion.targets(2433,5): warning MSB3245: Could not resolve this reference. Could not locate the assembly "NextGenSoftware.OASIS.API.Providers.IPFSOASIS". Check to make sure the assembly exists on disk. If this reference is required by your code, you may get compilation errors. [C:\Source\OASIS-master\STAR ODK\STAR OAPP DNA Templates\NextGenSoftware.OASIS.STAR.DNATemplates.OAPP.Console.DLL\NextGenSoftware.OASIS.STAR.DNATemplates.OAPP.Console.DLL.csproj]
C:\Program Files\dotnet\sdk\9.0.306\Microsoft.Common.CurrentVersion.targets(2433,5): warning MSB3245: Could not resolve this reference. Could not locate the assembly "NextGenSoftware.OASIS.API.Providers.LocalFileOASIS". Check to make sure the assembly exists on disk. If this reference is required by your code, you may get compilation errors. [C:\Source\OASIS-master\STAR ODK\STAR OAPP DNA Templates\NextGenSoftware.OASIS.STAR.DNATemplates.OAPP.Console.DLL\NextGenSoftware.OASIS.STAR.DNATemplates.OAPP.Console.DLL.csproj]
C:\Program Files\dotnet\sdk\9.0.306\Microsoft.Common.CurrentVersion.targets(2433,5): warning MSB3245: Could not resolve this reference. Could not locate the assembly "NextGenSoftware.OASIS.API.Providers.MongoDBOASIS". Check to make sure the assembly exists on disk. If this reference is required by your code, you may get compilation errors. [C:\Source\OASIS-master\STAR ODK\STAR OAPP DNA Templates\NextGenSoftware.OASIS.STAR.DNATemplates.OAPP.Console.DLL\NextGenSoftware.OASIS.STAR.DNATemplates.OAPP.Console.DLL.csproj]
C:\Program Files\dotnet\sdk\9.0.306\Microsoft.Common.CurrentVersion.targets(2433,5): warning MSB3245: Could not resolve this reference. Could not locate the assembly "NextGenSoftware.OASIS.API.Providers.Neo4jOASIS.Aura". Check to make sure the assembly exists on disk. If this reference is required by your code, you may get compilation errors. [C:\Source\OASIS-master\STAR ODK\STAR OAPP DNA Templates\NextGenSoftware.OASIS.STAR.DNATemplates.OAPP.Console.DLL\NextGenSoftware.OASIS.STAR.DNATemplates.OAPP.Console.DLL.csproj]
C:\Program Files\dotnet\sdk\9.0.306\Microsoft.Common.CurrentVersion.targets(2433,5): warning MSB3245: Could not resolve this reference. Could not locate the assembly "NextGenSoftware.OASIS.API.Providers.PLANOASIS". Check to make sure the assembly exists on disk. If this reference is required by your code, you may get compilation errors. [C:\Source\OASIS-master\STAR ODK\STAR OAPP DNA Templates\NextGenSoftware.OASIS.STAR.DNATemplates.OAPP.Console.DLL\NextGenSoftware.OASIS.STAR.DNATemplates.OAPP.Console.DLL.csproj]
C:\Program Files\dotnet\sdk\9.0.306\Microsoft.Common.CurrentVersion.targets(2433,5): warning MSB3245: Could not resolve this reference. Could not locate the assembly "NextGenSoftware.OASIS.API.Providers.ScuttlebuttOASIS". Check to make sure the assembly exists on disk. If this reference is required by your code, you may get compilation errors. [C:\Source\OASIS-master\STAR ODK\STAR OAPP DNA Templates\NextGenSoftware.OASIS.STAR.DNATemplates.OAPP.Console.DLL\NextGenSoftware.OASIS.STAR.DNATemplates.OAPP.Console.DLL.csproj]
C:\Program Files\dotnet\sdk\9.0.306\Microsoft.Common.CurrentVersion.targets(2433,5): warning MSB3245: Could not resolve this reference. Could not locate the assembly "NextGenSoftware.OASIS.API.Providers.SEEDSOASIS". Check to make sure the assembly exists on disk. If this reference is required by your code, you may get compilation errors. [C:\Source\OASIS-master\STAR ODK\STAR OAPP DNA Templates\NextGenSoftware.OASIS.STAR.DNATemplates.OAPP.Console.DLL\NextGenSoftware.OASIS.STAR.DNATemplates.OAPP.Console.DLL.csproj]
C:\Program Files\dotnet\sdk\9.0.306\Microsoft.Common.CurrentVersion.targets(2433,5): warning MSB3245: Could not resolve this reference. Could not locate the assembly "NextGenSoftware.OASIS.API.Providers.SOLANAOASIS". Check to make sure the assembly exists on disk. If this reference is required by your code, you may get compilation errors. [C:\Source\OASIS-master\STAR ODK\STAR OAPP DNA Templates\NextGenSoftware.OASIS.STAR.DNATemplates.OAPP.Console.DLL\NextGenSoftware.OASIS.STAR.DNATemplates.OAPP.Console.DLL.csproj]
C:\Program Files\dotnet\sdk\9.0.306\Microsoft.Common.CurrentVersion.targets(2433,5): warning MSB3245: Could not resolve this reference. Could not locate the assembly "NextGenSoftware.OASIS.API.Providers.SOLIDOASIS". Check to make sure the assembly exists on disk. If this reference is required by your code, you may get compilation errors. [C:\Source\OASIS-master\STAR ODK\STAR OAPP DNA Templates\NextGenSoftware.OASIS.STAR.DNATemplates.OAPP.Console.DLL\NextGenSoftware.OASIS.STAR.DNATemplates.OAPP.Console.DLL.csproj]
C:\Program Files\dotnet\sdk\9.0.306\Microsoft.Common.CurrentVersion.targets(2433,5): warning MSB3245: Could not resolve this reference. Could not locate the assembly "NextGenSoftware.OASIS.API.Providers.SQLLiteDBOASIS". Check to make sure the assembly exists on disk. If this reference is required by your code, you may get compilation errors. [C:\Source\OASIS-master\STAR ODK\STAR OAPP DNA Templates\NextGenSoftware.OASIS.STAR.DNATemplates.OAPP.Console.DLL\NextGenSoftware.OASIS.STAR.DNATemplates.OAPP.Console.DLL.csproj]
C:\Source\OASIS-master\External Libs\Spectre.Console\Spectre.Console\AnsiConsole.cs(10,32): warning CS8632: The annotation for nullable reference types should only be used in code within a '#nullable' annotations context. [C:\Source\OASIS-master\External Libs\Spectre.Console\Spectre.Console\Spectre.Console.csproj::TargetFramework=netstandard2.0]
C:\Program Files\dotnet\sdk\9.0.306\Microsoft.Common.CurrentVersion.targets(2433,5): warning MSB3245: Could not resolve this reference. Could not locate the assembly "NextGenSoftware.OASIS.API.Providers.TelosOASIS". Check to make sure the assembly exists on disk. If this reference is required by your code, you may get compilation errors. [C:\Source\OASIS-master\STAR ODK\STAR OAPP DNA Templates\NextGenSoftware.OASIS.STAR.DNATemplates.OAPP.Console.DLL\NextGenSoftware.OASIS.STAR.DNATemplates.OAPP.Console.DLL.csproj]
C:\Source\OASIS-master\External Libs\Spectre.Console\Spectre.Console\Extensions\Progress\StatusExtensions.cs(51,68): warning CS8632: The annotation for nullable reference types should only be used in code within a '#nullable' annotations context. [C:\Source\OASIS-master\External Libs\Spectre.Console\Spectre.Console\Spectre.Console.csproj::TargetFramework=netstandard2.0]
C:\Program Files\dotnet\sdk\9.0.306\Microsoft.Common.CurrentVersion.targets(2433,5): warning MSB3245: Could not resolve this reference. Could not locate the assembly "NextGenSoftware.OASIS.API.Providers.ThreeFoldOASIS". Check to make sure the assembly exists on disk. If this reference is required by your code, you may get compilation errors. [C:\Source\OASIS-master\STAR ODK\STAR OAPP DNA Templates\NextGenSoftware.OASIS.STAR.DNATemplates.OAPP.Console.DLL\NextGenSoftware.OASIS.STAR.DNATemplates.OAPP.Console.DLL.csproj]
C:\Program Files\dotnet\sdk\9.0.306\Microsoft.Common.CurrentVersion.targets(2433,5): warning MSB3245: Could not resolve this reference. Could not locate the assembly "NextGenSoftware.OASIS.API.Providers.TRONOASIS". Check to make sure the assembly exists on disk. If this reference is required by your code, you may get compilation errors. [C:\Source\OASIS-master\STAR ODK\STAR OAPP DNA Templates\NextGenSoftware.OASIS.STAR.DNATemplates.OAPP.Console.DLL\NextGenSoftware.OASIS.STAR.DNATemplates.OAPP.Console.DLL.csproj]
C:\Program Files\dotnet\sdk\9.0.306\Microsoft.Common.CurrentVersion.targets(2433,5): warning MSB3245: Could not resolve this reference. Could not locate the assembly "NextGenSoftware.OASIS.Common". Check to make sure the assembly exists on disk. If this reference is required by your code, you may get compilation errors. [C:\Source\OASIS-master\STAR ODK\STAR OAPP DNA Templates\NextGenSoftware.OASIS.STAR.DNATemplates.OAPP.Console.DLL\NextGenSoftware.OASIS.STAR.DNATemplates.OAPP.Console.DLL.csproj]
C:\Program Files\dotnet\sdk\9.0.306\Microsoft.Common.CurrentVersion.targets(2433,5): warning MSB3245: Could not resolve this reference. Could not locate the assembly "NextGenSoftware.OASIS.OASISBootLoader". Check to make sure the assembly exists on disk. If this reference is required by your code, you may get compilation errors. [C:\Source\OASIS-master\STAR ODK\STAR OAPP DNA Templates\NextGenSoftware.OASIS.STAR.DNATemplates.OAPP.Console.DLL\NextGenSoftware.OASIS.STAR.DNATemplates.OAPP.Console.DLL.csproj]
C:\Source\OASIS-master\External Libs\Spectre.Console\Spectre.Console\Internal\Ratio.cs(43,84): warning CS8632: The annotation for nullable reference types should only be used in code within a '#nullable' annotations context. [C:\Source\OASIS-master\External Libs\Spectre.Console\Spectre.Console\Spectre.Console.csproj::TargetFramework=netstandard2.0]
C:\Source\OASIS-master\External Libs\Spectre.Console\Spectre.Console\Internal\Text\Markup\MarkupParser.cs(9,57): warning CS8632: The annotation for nullable reference types should only be used in code within a '#nullable' annotations context. [C:\Source\OASIS-master\External Libs\Spectre.Console\Spectre.Console\Spectre.Console.csproj::TargetFramework=netstandard2.0]
C:\Program Files\dotnet\sdk\9.0.306\Microsoft.Common.CurrentVersion.targets(2433,5): warning MSB3245: Could not resolve this reference. Could not locate the assembly "NextGenSoftware.OASIS.STAR". Check to make sure the assembly exists on disk. If this reference is required by your code, you may get compilation errors. [C:\Source\OASIS-master\STAR ODK\STAR OAPP DNA Templates\NextGenSoftware.OASIS.STAR.DNATemplates.OAPP.Console.DLL\NextGenSoftware.OASIS.STAR.DNATemplates.OAPP.Console.DLL.csproj]
C:\Source\OASIS-master\External Libs\Spectre.Console\Spectre.Console\Extensions\StringBuilderExtensions.cs(9,86): warning CS8632: The annotation for nullable reference types should only be used in code within a '#nullable' annotations context. [C:\Source\OASIS-master\External Libs\Spectre.Console\Spectre.Console\Spectre.Console.csproj::TargetFramework=netstandard2.0]
C:\Source\OASIS-master\External Libs\Spectre.Console\Spectre.Console\Extensions\StringBuilderExtensions.cs(14,86): warning CS8632: The annotation for nullable reference types should only be used in code within a '#nullable' annotations context. [C:\Source\OASIS-master\External Libs\Spectre.Console\Spectre.Console\Spectre.Console.csproj::TargetFramework=netstandard2.0]
C:\Program Files\dotnet\sdk\9.0.306\Microsoft.Common.CurrentVersion.targets(2433,5): warning MSB3245: Could not resolve this reference. Could not locate the assembly "NextGenSoftware.OASIS.STAR.CLI". Check to make sure the assembly exists on disk. If this reference is required by your code, you may get compilation errors. [C:\Source\OASIS-master\STAR ODK\STAR OAPP DNA Templates\NextGenSoftware.OASIS.STAR.DNATemplates.OAPP.Console.DLL\NextGenSoftware.OASIS.STAR.DNATemplates.OAPP.Console.DLL.csproj]
C:\Source\OASIS-master\External Libs\Spectre.Console\Spectre.Console\Extensions\StringBuilderExtensions.cs(14,101): warning CS8632: The annotation for nullable reference types should only be used in code within a '#nullable' annotations context. [C:\Source\OASIS-master\External Libs\Spectre.Console\Spectre.Console\Spectre.Console.csproj::TargetFramework=netstandard2.0]
C:\Program Files\dotnet\sdk\9.0.306\Microsoft.Common.CurrentVersion.targets(2433,5): warning MSB3245: Could not resolve this reference. Could not locate the assembly "NextGenSoftware.OASIS.STAR.CLI.Lib". Check to make sure the assembly exists on disk. If this reference is required by your code, you may get compilation errors. [C:\Source\OASIS-master\STAR ODK\STAR OAPP DNA Templates\NextGenSoftware.OASIS.STAR.DNATemplates.OAPP.Console.DLL\NextGenSoftware.OASIS.STAR.DNATemplates.OAPP.Console.DLL.csproj]
C:\Source\OASIS-master\External Libs\Spectre.Console\Spectre.Console\Extensions\StringExtensions.cs(24,54): warning CS8632: The annotation for nullable reference types should only be used in code within a '#nullable' annotations context. [C:\Source\OASIS-master\External Libs\Spectre.Console\Spectre.Console\Spectre.Console.csproj::TargetFramework=netstandard2.0]
C:\Source\OASIS-master\External Libs\Spectre.Console\Spectre.Console\Extensions\StringExtensions.cs(41,54): warning CS8632: The annotation for nullable reference types should only be used in code within a '#nullable' annotations context. [C:\Source\OASIS-master\External Libs\Spectre.Console\Spectre.Console\Spectre.Console.csproj::TargetFramework=netstandard2.0]
C:\Program Files\dotnet\sdk\9.0.306\Microsoft.Common.CurrentVersion.targets(2433,5): warning MSB3245: Could not resolve this reference. Could not locate the assembly "NextGenSoftware.Utilities". Check to make sure the assembly exists on disk. If this reference is required by your code, you may get compilation errors. [C:\Source\OASIS-master\STAR ODK\STAR OAPP DNA Templates\NextGenSoftware.OASIS.STAR.DNATemplates.OAPP.Console.DLL\NextGenSoftware.OASIS.STAR.DNATemplates.OAPP.Console.DLL.csproj]
C:\Source\OASIS-master\External Libs\Spectre.Console\Spectre.Console\Extensions\StringExtensions.cs(67,65): warning CS8632: The annotation for nullable reference types should only be used in code within a '#nullable' annotations context. [C:\Source\OASIS-master\External Libs\Spectre.Console\Spectre.Console\Spectre.Console.csproj::TargetFramework=netstandard2.0]
C:\Source\OASIS-master\External Libs\Spectre.Console\Spectre.Console\Extensions\StringExtensions.cs(67,84): warning CS8632: The annotation for nullable reference types should only be used in code within a '#nullable' annotations context. [C:\Source\OASIS-master\External Libs\Spectre.Console\Spectre.Console\Spectre.Console.csproj::TargetFramework=netstandard2.0]
C:\Program Files\dotnet\sdk\9.0.306\Microsoft.Common.CurrentVersion.targets(2433,5): warning MSB3245: Could not resolve this reference. Could not locate the assembly "NextGenSoftware.WebSocket". Check to make sure the assembly exists on disk. If this reference is required by your code, you may get compilation errors. [C:\Source\OASIS-master\STAR ODK\STAR OAPP DNA Templates\NextGenSoftware.OASIS.STAR.DNATemplates.OAPP.Console.DLL\NextGenSoftware.OASIS.STAR.DNATemplates.OAPP.Console.DLL.csproj]
C:\Source\OASIS-master\External Libs\Spectre.Console\Spectre.Console\Extensions\StringExtensions.cs(84,59): warning CS8632: The annotation for nullable reference types should only be used in code within a '#nullable' annotations context. [C:\Source\OASIS-master\External Libs\Spectre.Console\Spectre.Console\Spectre.Console.csproj::TargetFramework=netstandard2.0]
C:\Source\OASIS-master\External Libs\Spectre.Console\Spectre.Console\Extensions\StringExtensions.cs(84,31): warning CS8632: The annotation for nullable reference types should only be used in code within a '#nullable' annotations context. [C:\Source\OASIS-master\External Libs\Spectre.Console\Spectre.Console\Spectre.Console.csproj::TargetFramework=netstandard2.0]
C:\Program Files\dotnet\sdk\9.0.306\Microsoft.Common.CurrentVersion.targets(2433,5): warning MSB3245: Could not resolve this reference. Could not locate the assembly "Nito.AsyncEx.Context". Check to make sure the assembly exists on disk. If this reference is required by your code, you may get compilation errors. [C:\Source\OASIS-master\STAR ODK\STAR OAPP DNA Templates\NextGenSoftware.OASIS.STAR.DNATemplates.OAPP.Console.DLL\NextGenSoftware.OASIS.STAR.DNATemplates.OAPP.Console.DLL.csproj]
C:\Source\OASIS-master\External Libs\Spectre.Console\Spectre.Console\Extensions\StringExtensions.cs(90,61): warning CS8632: The annotation for nullable reference types should only be used in code within a '#nullable' annotations context. [C:\Source\OASIS-master\External Libs\Spectre.Console\Spectre.Console\Spectre.Console.csproj::TargetFramework=netstandard2.0]
C:\Source\OASIS-master\External Libs\Spectre.Console\Spectre.Console\Widgets\Panel.cs(24,21): warning CS8632: The annotation for nullable reference types should only be used in code within a '#nullable' annotations context. [C:\Source\OASIS-master\External Libs\Spectre.Console\Spectre.Console\Spectre.Console.csproj::TargetFramework=netstandard2.0]
C:\Program Files\dotnet\sdk\9.0.306\Microsoft.Common.CurrentVersion.targets(2433,5): warning MSB3245: Could not resolve this reference. Could not locate the assembly "Nito.AsyncEx.Coordination". Check to make sure the assembly exists on disk. If this reference is required by your code, you may get compilation errors. [C:\Source\OASIS-master\STAR ODK\STAR OAPP DNA Templates\NextGenSoftware.OASIS.STAR.DNATemplates.OAPP.Console.DLL\NextGenSoftware.OASIS.STAR.DNATemplates.OAPP.Console.DLL.csproj]
C:\Source\OASIS-master\External Libs\Spectre.Console\Spectre.Console\Internal\Text\Markup\MarkupTokenizer.cs(10,27): warning CS8632: The annotation for nullable reference types should only be used in code within a '#nullable' annotations context. [C:\Source\OASIS-master\External Libs\Spectre.Console\Spectre.Console\Spectre.Console.csproj::TargetFramework=netstandard2.0]
C:\Source\OASIS-master\External Libs\Spectre.Console\Spectre.Console\Widgets\Panel.cs(41,27): warning CS8632: The annotation for nullable reference types should only be used in code within a '#nullable' annotations context. [C:\Source\OASIS-master\External Libs\Spectre.Console\Spectre.Console\Spectre.Console.csproj::TargetFramework=netstandard2.0]
C:\Program Files\dotnet\sdk\9.0.306\Microsoft.Common.CurrentVersion.targets(2433,5): warning MSB3245: Could not resolve this reference. Could not locate the assembly "Nito.AsyncEx.Interop.WaitHandles". Check to make sure the assembly exists on disk. If this reference is required by your code, you may get compilation errors. [C:\Source\OASIS-master\STAR ODK\STAR OAPP DNA Templates\NextGenSoftware.OASIS.STAR.DNATemplates.OAPP.Console.DLL\NextGenSoftware.OASIS.STAR.DNATemplates.OAPP.Console.DLL.csproj]
C:\Source\OASIS-master\External Libs\Spectre.Console\Spectre.Console\AnsiConsoleSettings.cs(24,34): warning CS8632: The annotation for nullable reference types should only be used in code within a '#nullable' annotations context. [C:\Source\OASIS-master\External Libs\Spectre.Console\Spectre.Console\Spectre.Console.csproj::TargetFramework=netstandard2.0]
C:\Source\OASIS-master\External Libs\Spectre.Console\Spectre.Console\AnsiConsoleSettings.cs(35,32): warning CS8632: The annotation for nullable reference types should only be used in code within a '#nullable' annotations context. [C:\Source\OASIS-master\External Libs\Spectre.Console\Spectre.Console\Spectre.Console.csproj::TargetFramework=netstandard2.0]
C:\Program Files\dotnet\sdk\9.0.306\Microsoft.Common.CurrentVersion.targets(2433,5): warning MSB3245: Could not resolve this reference. Could not locate the assembly "Nito.AsyncEx.Oop". Check to make sure the assembly exists on disk. If this reference is required by your code, you may get compilation errors. [C:\Source\OASIS-master\STAR ODK\STAR OAPP DNA Templates\NextGenSoftware.OASIS.STAR.DNATemplates.OAPP.Console.DLL\NextGenSoftware.OASIS.STAR.DNATemplates.OAPP.Console.DLL.csproj]
C:\Source\OASIS-master\External Libs\Spectre.Console\Spectre.Console\AnsiConsoleSettings.cs(46,42): warning CS8632: The annotation for nullable reference types should only be used in code within a '#nullable' annotations context. [C:\Source\OASIS-master\External Libs\Spectre.Console\Spectre.Console\Spectre.Console.csproj::TargetFramework=netstandard2.0]
C:\Source\OASIS-master\External Libs\Spectre.Console\Spectre.Console\IHasBorder.cs(18,21): warning CS8632: The annotation for nullable reference types should only be used in code within a '#nullable' annotations context. [C:\Source\OASIS-master\External Libs\Spectre.Console\Spectre.Console\Spectre.Console.csproj::TargetFramework=netstandard2.0]
C:\Program Files\dotnet\sdk\9.0.306\Microsoft.Common.CurrentVersion.targets(2433,5): warning MSB3245: Could not resolve this reference. Could not locate the assembly "Nito.AsyncEx.Tasks". Check to make sure the assembly exists on disk. If this reference is required by your code, you may get compilation errors. [C:\Source\OASIS-master\STAR ODK\STAR OAPP DNA Templates\NextGenSoftware.OASIS.STAR.DNATemplates.OAPP.Console.DLL\NextGenSoftware.OASIS.STAR.DNATemplates.OAPP.Console.DLL.csproj]
C:\Source\OASIS-master\External Libs\Spectre.Console\Spectre.Console\BoxBorder.cs(13,33): warning CS8632: The annotation for nullable reference types should only be used in code within a '#nullable' annotations context. [C:\Source\OASIS-master\External Libs\Spectre.Console\Spectre.Console\Spectre.Console.csproj::TargetFramework=netstandard2.0]
C:\Program Files\dotnet\sdk\9.0.306\Microsoft.Common.CurrentVersion.targets(2433,5): warning MSB3245: Could not resolve this reference. Could not locate the assembly "Nito.Cancellation". Check to make sure the assembly exists on disk. If this reference is required by your code, you may get compilation errors. [C:\Source\OASIS-master\STAR ODK\STAR OAPP DNA Templates\NextGenSoftware.OASIS.STAR.DNATemplates.OAPP.Console.DLL\NextGenSoftware.OASIS.STAR.DNATemplates.OAPP.Console.DLL.csproj]
C:\Source\OASIS-master\External Libs\Spectre.Console\Spectre.Console\Widgets\PanelHeader.cs(39,42): warning CS8632: The annotation for nullable reference types should only be used in code within a '#nullable' annotations context. [C:\Source\OASIS-master\External Libs\Spectre.Console\Spectre.Console\Spectre.Console.csproj::TargetFramework=netstandard2.0]
C:\Source\OASIS-master\External Libs\Spectre.Console\Spectre.Console\Extensions\StringExtensions.cs(173,86): warning CS8632: The annotation for nullable reference types should only be used in code within a '#nullable' annotations context. [C:\Source\OASIS-master\External Libs\Spectre.Console\Spectre.Console\Spectre.Console.csproj::TargetFramework=netstandard2.0]
C:\Program Files\dotnet\sdk\9.0.306\Microsoft.Common.CurrentVersion.targets(2433,5): warning MSB3245: Could not resolve this reference. Could not locate the assembly "Nito.Collections.Deque". Check to make sure the assembly exists on disk. If this reference is required by your code, you may get compilation errors. [C:\Source\OASIS-master\STAR ODK\STAR OAPP DNA Templates\NextGenSoftware.OASIS.STAR.DNATemplates.OAPP.Console.DLL\NextGenSoftware.OASIS.STAR.DNATemplates.OAPP.Console.DLL.csproj]
C:\Source\OASIS-master\External Libs\Spectre.Console\Spectre.Console\Widgets\Paragraph.cs(58,51): warning CS8632: The annotation for nullable reference types should only be used in code within a '#nullable' annotations context. [C:\Source\OASIS-master\External Libs\Spectre.Console\Spectre.Console\Spectre.Console.csproj::TargetFramework=netstandard2.0]
C:\Program Files\dotnet\sdk\9.0.306\Microsoft.Common.CurrentVersion.targets(2433,5): warning MSB3245: Could not resolve this reference. Could not locate the assembly "Nito.Disposables". Check to make sure the assembly exists on disk. If this reference is required by your code, you may get compilation errors. [C:\Source\OASIS-master\STAR ODK\STAR OAPP DNA Templates\NextGenSoftware.OASIS.STAR.DNATemplates.OAPP.Console.DLL\NextGenSoftware.OASIS.STAR.DNATemplates.OAPP.Console.DLL.csproj]
C:\Source\OASIS-master\External Libs\Spectre.Console\Spectre.Console\Padding.cs(65,43): warning CS8632: The annotation for nullable reference types should only be used in code within a '#nullable' annotations context. [C:\Source\OASIS-master\External Libs\Spectre.Console\Spectre.Console\Spectre.Console.csproj::TargetFramework=netstandard2.0]
C:\Source\OASIS-master\External Libs\Spectre.Console\Spectre.Console\Extensions\TableExtensions.cs(79,91): warning CS8632: The annotation for nullable reference types should only be used in code within a '#nullable' annotations context. [C:\Source\OASIS-master\External Libs\Spectre.Console\Spectre.Console\Spectre.Console.csproj::TargetFramework=netstandard2.0]
C:\Source\OASIS-master\External Libs\Spectre.Console\Spectre.Console\Extensions\TableExtensions.cs(234,71): warning CS8632: The annotation for nullable reference types should only be used in code within a '#nullable' annotations context. [C:\Source\OASIS-master\External Libs\Spectre.Console\Spectre.Console\Spectre.Console.csproj::TargetFramework=netstandard2.0]
C:\Program Files\dotnet\sdk\9.0.306\Microsoft.Common.CurrentVersion.targets(2433,5): warning MSB3245: Could not resolve this reference. Could not locate the assembly "NLog". Check to make sure the assembly exists on disk. If this reference is required by your code, you may get compilation errors. [C:\Source\OASIS-master\STAR ODK\STAR OAPP DNA Templates\NextGenSoftware.OASIS.STAR.DNATemplates.OAPP.Console.DLL\NextGenSoftware.OASIS.STAR.DNATemplates.OAPP.Console.DLL.csproj]
C:\Source\OASIS-master\External Libs\Spectre.Console\Spectre.Console\Extensions\TableExtensions.cs(273,73): warning CS8632: The annotation for nullable reference types should only be used in code within a '#nullable' annotations context. [C:\Source\OASIS-master\External Libs\Spectre.Console\Spectre.Console\Spectre.Console.csproj::TargetFramework=netstandard2.0]
C:\Source\OASIS-master\External Libs\Spectre.Console\Spectre.Console\Cli\Annotations\CommandOptionAttribute.cs(30,22): warning CS8632: The annotation for nullable reference types should only be used in code within a '#nullable' annotations context. [C:\Source\OASIS-master\External Libs\Spectre.Console\Spectre.Console\Spectre.Console.csproj::TargetFramework=netstandard2.0]
C:\Program Files\dotnet\sdk\9.0.306\Microsoft.Common.CurrentVersion.targets(2433,5): warning MSB3245: Could not resolve this reference. Could not locate the assembly "Numbers". Check to make sure the assembly exists on disk. If this reference is required by your code, you may get compilation errors. [C:\Source\OASIS-master\STAR ODK\STAR OAPP DNA Templates\NextGenSoftware.OASIS.STAR.DNATemplates.OAPP.Console.DLL\NextGenSoftware.OASIS.STAR.DNATemplates.OAPP.Console.DLL.csproj]
C:\Source\OASIS-master\External Libs\Spectre.Console\Spectre.Console\Extensions\TreeExtensions.cs(16,55): warning CS8632: The annotation for nullable reference types should only be used in code within a '#nullable' annotations context. [C:\Source\OASIS-master\External Libs\Spectre.Console\Spectre.Console\Spectre.Console.csproj::TargetFramework=netstandard2.0]
C:\Source\OASIS-master\External Libs\Spectre.Console\Spectre.Console\Widgets\Paragraph.cs(41,44): warning CS8632: The annotation for nullable reference types should only be used in code within a '#nullable' annotations context. [C:\Source\OASIS-master\External Libs\Spectre.Console\Spectre.Console\Spectre.Console.csproj::TargetFramework=netstandard2.0]
C:\Program Files\dotnet\sdk\9.0.306\Microsoft.Common.CurrentVersion.targets(2433,5): warning MSB3245: Could not resolve this reference. Could not locate the assembly "PeerTalk". Check to make sure the assembly exists on disk. If this reference is required by your code, you may get compilation errors. [C:\Source\OASIS-master\STAR ODK\STAR OAPP DNA Templates\NextGenSoftware.OASIS.STAR.DNATemplates.OAPP.Console.DLL\NextGenSoftware.OASIS.STAR.DNATemplates.OAPP.Console.DLL.csproj]
C:\Source\OASIS-master\External Libs\Spectre.Console\Spectre.Console\Widgets\ProgressBar.cs(23,27): warning CS8632: The annotation for nullable reference types should only be used in code within a '#nullable' annotations context. [C:\Source\OASIS-master\External Libs\Spectre.Console\Spectre.Console\Spectre.Console.csproj::TargetFramework=netstandard2.0]
C:\Source\OASIS-master\External Libs\Spectre.Console\Spectre.Console\Cli\Annotations\ParameterValidationAttribute.cs(33,85): warning CS8632: The annotation for nullable reference types should only be used in code within a '#nullable' annotations context. [C:\Source\OASIS-master\External Libs\Spectre.Console\Spectre.Console\Spectre.Console.csproj::TargetFramework=netstandard2.0]
C:\Program Files\dotnet\sdk\9.0.306\Microsoft.Common.CurrentVersion.targets(2433,5): warning MSB3245: Could not resolve this reference. Could not locate the assembly "protobuf-net". Check to make sure the assembly exists on disk. If this reference is required by your code, you may get compilation errors. [C:\Source\OASIS-master\STAR ODK\STAR OAPP DNA Templates\NextGenSoftware.OASIS.STAR.DNATemplates.OAPP.Console.DLL\NextGenSoftware.OASIS.STAR.DNATemplates.OAPP.Console.DLL.csproj]
C:\Source\OASIS-master\External Libs\Spectre.Console\Spectre.Console\IHasCulture.cs(13,20): warning CS8632: The annotation for nullable reference types should only be used in code within a '#nullable' annotations context. [C:\Source\OASIS-master\External Libs\Spectre.Console\Spectre.Console\Spectre.Console.csproj::TargetFramework=netstandard2.0]
C:\Source\OASIS-master\External Libs\Spectre.Console\Spectre.Console\Widgets\Progress\Columns\DownloadedColumn.cs(15,27): warning CS8632: The annotation for nullable reference types should only be used in code within a '#nullable' annotations context. [C:\Source\OASIS-master\External Libs\Spectre.Console\Spectre.Console\Spectre.Console.csproj::TargetFramework=netstandard2.0]
C:\Program Files\dotnet\sdk\9.0.306\Microsoft.Common.CurrentVersion.targets(2433,5): warning MSB3245: Could not resolve this reference. Could not locate the assembly "Rijndael256". Check to make sure the assembly exists on disk. If this reference is required by your code, you may get compilation errors. [C:\Source\OASIS-master\STAR ODK\STAR OAPP DNA Templates\NextGenSoftware.OASIS.STAR.DNATemplates.OAPP.Console.DLL\NextGenSoftware.OASIS.STAR.DNATemplates.OAPP.Console.DLL.csproj]
C:\Source\OASIS-master\External Libs\Spectre.Console\Spectre.Console\Style.cs(29,22): warning CS8632: The annotation for nullable reference types should only be used in code within a '#nullable' annotations context. [C:\Source\OASIS-master\External Libs\Spectre.Console\Spectre.Console\Spectre.Console.csproj::TargetFramework=netstandard2.0]
C:\Source\OASIS-master\External Libs\Spectre.Console\Spectre.Console\Style.cs(158,59): warning CS8632: The annotation for nullable reference types should only be used in code within a '#nullable' annotations context. [C:\Source\OASIS-master\External Libs\Spectre.Console\Spectre.Console\Spectre.Console.csproj::TargetFramework=netstandard2.0]
C:\Program Files\dotnet\sdk\9.0.306\Microsoft.Common.CurrentVersion.targets(2433,5): warning MSB3245: Could not resolve this reference. Could not locate the assembly "SauceControl.Blake2Fast". Check to make sure the assembly exists on disk. If this reference is required by your code, you may get compilation errors. [C:\Source\OASIS-master\STAR ODK\STAR OAPP DNA Templates\NextGenSoftware.OASIS.STAR.DNATemplates.OAPP.Console.DLL\NextGenSoftware.OASIS.STAR.DNATemplates.OAPP.Console.DLL.csproj]
C:\Source\OASIS-master\External Libs\Spectre.Console\Spectre.Console\Style.cs(227,43): warning CS8632: The annotation for nullable reference types should only be used in code within a '#nullable' annotations context. [C:\Source\OASIS-master\External Libs\Spectre.Console\Spectre.Console\Spectre.Console.csproj::TargetFramework=netstandard2.0]
C:\Source\OASIS-master\External Libs\Spectre.Console\Spectre.Console\Style.cs(233,33): warning CS8632: The annotation for nullable reference types should only be used in code within a '#nullable' annotations context. [C:\Source\OASIS-master\External Libs\Spectre.Console\Spectre.Console\Spectre.Console.csproj::TargetFramework=netstandard2.0]
C:\Program Files\dotnet\sdk\9.0.306\Microsoft.Common.CurrentVersion.targets(2433,5): warning MSB3245: Could not resolve this reference. Could not locate the assembly "Semver". Check to make sure the assembly exists on disk. If this reference is required by your code, you may get compilation errors. [C:\Source\OASIS-master\STAR ODK\STAR OAPP DNA Templates\NextGenSoftware.OASIS.STAR.DNATemplates.OAPP.Console.DLL\NextGenSoftware.OASIS.STAR.DNATemplates.OAPP.Console.DLL.csproj]
C:\Source\OASIS-master\External Libs\Spectre.Console\Spectre.Console\Style.cs(44,111): warning CS8632: The annotation for nullable reference types should only be used in code within a '#nullable' annotations context. [C:\Source\OASIS-master\External Libs\Spectre.Console\Spectre.Console\Spectre.Console.csproj::TargetFramework=netstandard2.0]
C:\Program Files\dotnet\sdk\9.0.306\Microsoft.Common.CurrentVersion.targets(2433,5): warning MSB3245: Could not resolve this reference. Could not locate the assembly "SharpCompress". Check to make sure the assembly exists on disk. If this reference is required by your code, you may get compilation errors. [C:\Source\OASIS-master\STAR ODK\STAR OAPP DNA Templates\NextGenSoftware.OASIS.STAR.DNATemplates.OAPP.Console.DLL\NextGenSoftware.OASIS.STAR.DNATemplates.OAPP.Console.DLL.csproj]
C:\Source\OASIS-master\External Libs\Spectre.Console\Spectre.Console\StyleParser.cs(32,60): warning CS8632: The annotation for nullable reference types should only be used in code within a '#nullable' annotations context. [C:\Source\OASIS-master\External Libs\Spectre.Console\Spectre.Console\Spectre.Console.csproj::TargetFramework=netstandard2.0]
C:\Source\OASIS-master\External Libs\Spectre.Console\Spectre.Console\StyleParser.cs(32,29): warning CS8632: The annotation for nullable reference types should only be used in code within a '#nullable' annotations context. [C:\Source\OASIS-master\External Libs\Spectre.Console\Spectre.Console\Spectre.Console.csproj::TargetFramework=netstandard2.0]
C:\Program Files\dotnet\sdk\9.0.306\Microsoft.Common.CurrentVersion.targets(2433,5): warning MSB3245: Could not resolve this reference. Could not locate the assembly "SimpleBase". Check to make sure the assembly exists on disk. If this reference is required by your code, you may get compilation errors. [C:\Source\OASIS-master\STAR ODK\STAR OAPP DNA Templates\NextGenSoftware.OASIS.STAR.DNATemplates.OAPP.Console.DLL\NextGenSoftware.OASIS.STAR.DNATemplates.OAPP.Console.DLL.csproj]
C:\Source\OASIS-master\External Libs\Spectre.Console\Spectre.Console\StyleParser.cs(26,59): warning CS8632: The annotation for nullable reference types should only be used in code within a '#nullable' annotations context. [C:\Source\OASIS-master\External Libs\Spectre.Console\Spectre.Console\Spectre.Console.csproj::TargetFramework=netstandard2.0]
C:\Source\OASIS-master\External Libs\Spectre.Console\Spectre.Console\StyleParser.cs(140,67): warning CS8632: The annotation for nullable reference types should only be used in code within a '#nullable' annotations context. [C:\Source\OASIS-master\External Libs\Spectre.Console\Spectre.Console\Spectre.Console.csproj::TargetFramework=netstandard2.0]
C:\Program Files\dotnet\sdk\9.0.306\Microsoft.Common.CurrentVersion.targets(2433,5): warning MSB3245: Could not resolve this reference. Could not locate the assembly "Snappier". Check to make sure the assembly exists on disk. If this reference is required by your code, you may get compilation errors. [C:\Source\OASIS-master\STAR ODK\STAR OAPP DNA Templates\NextGenSoftware.OASIS.STAR.DNATemplates.OAPP.Console.DLL\NextGenSoftware.OASIS.STAR.DNATemplates.OAPP.Console.DLL.csproj]
C:\Source\OASIS-master\External Libs\Spectre.Console\Spectre.Console\StyleParser.cs(177,67): warning CS8632: The annotation for nullable reference types should only be used in code within a '#nullable' annotations context. [C:\Source\OASIS-master\External Libs\Spectre.Console\Spectre.Console\Spectre.Console.csproj::TargetFramework=netstandard2.0]
C:\Source\OASIS-master\External Libs\Spectre.Console\Spectre.Console\TableBorder.cs(21,35): warning CS8632: The annotation for nullable reference types should only be used in code within a '#nullable' annotations context. [C:\Source\OASIS-master\External Libs\Spectre.Console\Spectre.Console\Spectre.Console.csproj::TargetFramework=netstandard2.0]
C:\Program Files\dotnet\sdk\9.0.306\Microsoft.Common.CurrentVersion.targets(2433,5): warning MSB3245: Could not resolve this reference. Could not locate the assembly "Sodium.Core". Check to make sure the assembly exists on disk. If this reference is required by your code, you may get compilation errors. [C:\Source\OASIS-master\STAR ODK\STAR OAPP DNA Templates\NextGenSoftware.OASIS.STAR.DNATemplates.OAPP.Console.DLL\NextGenSoftware.OASIS.STAR.DNATemplates.OAPP.Console.DLL.csproj]
C:\Source\OASIS-master\External Libs\Spectre.Console\Spectre.Console\Widgets\Progress\Columns\SpinnerColumn.cs(44,22): warning CS8632: The annotation for nullable reference types should only be used in code within a '#nullable' annotations context. [C:\Source\OASIS-master\External Libs\Spectre.Console\Spectre.Console\Spectre.Console.csproj::TargetFramework=netstandard2.0]
C:\Source\OASIS-master\External Libs\Spectre.Console\Spectre.Console\Widgets\Progress\Columns\SpinnerColumn.cs(58,22): warning CS8632: The annotation for nullable reference types should only be used in code within a '#nullable' annotations context. [C:\Source\OASIS-master\External Libs\Spectre.Console\Spectre.Console\Spectre.Console.csproj::TargetFramework=netstandard2.0]
C:\Program Files\dotnet\sdk\9.0.306\Microsoft.Common.CurrentVersion.targets(2433,5): warning MSB3245: Could not resolve this reference. Could not locate the assembly "Solnet.Extensions". Check to make sure the assembly exists on disk. If this reference is required by your code, you may get compilation errors. [C:\Source\OASIS-master\STAR ODK\STAR OAPP DNA Templates\NextGenSoftware.OASIS.STAR.DNATemplates.OAPP.Console.DLL\NextGenSoftware.OASIS.STAR.DNATemplates.OAPP.Console.DLL.csproj]
C:\Source\OASIS-master\External Libs\Spectre.Console\Spectre.Console\Widgets\Progress\Columns\SpinnerColumn.cs(71,21): warning CS8632: The annotation for nullable reference types should only be used in code within a '#nullable' annotations context. [C:\Source\OASIS-master\External Libs\Spectre.Console\Spectre.Console\Spectre.Console.csproj::TargetFramework=netstandard2.0]
C:\Source\OASIS-master\External Libs\Spectre.Console\Spectre.Console\Widgets\Progress\Columns\SpinnerColumn.cs(76,21): warning CS8632: The annotation for nullable reference types should only be used in code within a '#nullable' annotations context. [C:\Source\OASIS-master\External Libs\Spectre.Console\Spectre.Console\Spectre.Console.csproj::TargetFramework=netstandard2.0]
C:\Program Files\dotnet\sdk\9.0.306\Microsoft.Common.CurrentVersion.targets(2433,5): warning MSB3245: Could not resolve this reference. Could not locate the assembly "Solnet.KeyStore". Check to make sure the assembly exists on disk. If this reference is required by your code, you may get compilation errors. [C:\Source\OASIS-master\STAR ODK\STAR OAPP DNA Templates\NextGenSoftware.OASIS.STAR.DNATemplates.OAPP.Console.DLL\NextGenSoftware.OASIS.STAR.DNATemplates.OAPP.Console.DLL.csproj]
C:\Source\OASIS-master\External Libs\Spectre.Console\Spectre.Console\Widgets\Progress\Columns\SpinnerColumn.cs(81,21): warning CS8632: The annotation for nullable reference types should only be used in code within a '#nullable' annotations context. [C:\Source\OASIS-master\External Libs\Spectre.Console\Spectre.Console\Spectre.Console.csproj::TargetFramework=netstandard2.0]
C:\Source\OASIS-master\External Libs\Spectre.Console\Spectre.Console\Widgets\Progress\Columns\SpinnerColumn.cs(18,23): warning CS8632: The annotation for nullable reference types should only be used in code within a '#nullable' annotations context. [C:\Source\OASIS-master\External Libs\Spectre.Console\Spectre.Console\Spectre.Console.csproj::TargetFramework=netstandard2.0]
C:\Source\OASIS-master\External Libs\Spectre.Console\Spectre.Console\Widgets\Progress\Columns\SpinnerColumn.cs(19,23): warning CS8632: The annotation for nullable reference types should only be used in code within a '#nullable' annotations context. [C:\Source\OASIS-master\External Libs\Spectre.Console\Spectre.Console\Spectre.Console.csproj::TargetFramework=netstandard2.0]
C:\Program Files\dotnet\sdk\9.0.306\Microsoft.Common.CurrentVersion.targets(2433,5): warning MSB3245: Could not resolve this reference. Could not locate the assembly "Solnet.Programs". Check to make sure the assembly exists on disk. If this reference is required by your code, you may get compilation errors. [C:\Source\OASIS-master\STAR ODK\STAR OAPP DNA Templates\NextGenSoftware.OASIS.STAR.DNATemplates.OAPP.Console.DLL\NextGenSoftware.OASIS.STAR.DNATemplates.OAPP.Console.DLL.csproj]
C:\Source\OASIS-master\External Libs\Spectre.Console\Spectre.Console\Cli\CommandApp.cs(122,40): warning CS8632: The annotation for nullable reference types should only be used in code within a '#nullable' annotations context. [C:\Source\OASIS-master\External Libs\Spectre.Console\Spectre.Console\Spectre.Console.csproj::TargetFramework=netstandard2.0]
C:\Program Files\dotnet\sdk\9.0.306\Microsoft.Common.CurrentVersion.targets(2433,5): warning MSB3245: Could not resolve this reference. Could not locate the assembly "Solnet.Rpc". Check to make sure the assembly exists on disk. If this reference is required by your code, you may get compilation errors. [C:\Source\OASIS-master\STAR ODK\STAR OAPP DNA Templates\NextGenSoftware.OASIS.STAR.DNATemplates.OAPP.Console.DLL\NextGenSoftware.OASIS.STAR.DNATemplates.OAPP.Console.DLL.csproj]
C:\Source\OASIS-master\External Libs\Spectre.Console\Spectre.Console\Cli\CommandApp.cs(122,42): warning CS8632: The annotation for nullable reference types should only be used in code within a '#nullable' annotations context. [C:\Source\OASIS-master\External Libs\Spectre.Console\Spectre.Console\Spectre.Console.csproj::TargetFramework=netstandard2.0]
C:\Source\OASIS-master\External Libs\Spectre.Console\Spectre.Console\Widgets\Progress\Columns\TransferSpeedColumn.cs(15,27): warning CS8632: The annotation for nullable reference types should only be used in code within a '#nullable' annotations context. [C:\Source\OASIS-master\External Libs\Spectre.Console\Spectre.Console\Spectre.Console.csproj::TargetFramework=netstandard2.0]
C:\Program Files\dotnet\sdk\9.0.306\Microsoft.Common.CurrentVersion.targets(2433,5): warning MSB3245: Could not resolve this reference. Could not locate the assembly "Solnet.Serum". Check to make sure the assembly exists on disk. If this reference is required by your code, you may get compilation errors. [C:\Source\OASIS-master\STAR ODK\STAR OAPP DNA Templates\NextGenSoftware.OASIS.STAR.DNATemplates.OAPP.Console.DLL\NextGenSoftware.OASIS.STAR.DNATemplates.OAPP.Console.DLL.csproj]
C:\Source\OASIS-master\External Libs\Spectre.Console\Spectre.Console\Cli\CommandApp.cs(22,41): warning CS8632: The annotation for nullable reference types should only be used in code within a '#nullable' annotations context. [C:\Source\OASIS-master\External Libs\Spectre.Console\Spectre.Console\Spectre.Console.csproj::TargetFramework=netstandard2.0]
C:\Source\OASIS-master\External Libs\Spectre.Console\Spectre.Console\Cli\CommandAppException.cs(14,27): warning CS8632: The annotation for nullable reference types should only be used in code within a '#nullable' annotations context. [C:\Source\OASIS-master\External Libs\Spectre.Console\Spectre.Console\Spectre.Console.csproj::TargetFramework=netstandard2.0]
C:\Program Files\dotnet\sdk\9.0.306\Microsoft.Common.CurrentVersion.targets(2433,5): warning MSB3245: Could not resolve this reference. Could not locate the assembly "Solnet.Wallet". Check to make sure the assembly exists on disk. If this reference is required by your code, you may get compilation errors. [C:\Source\OASIS-master\STAR ODK\STAR OAPP DNA Templates\NextGenSoftware.OASIS.STAR.DNATemplates.OAPP.Console.DLL\NextGenSoftware.OASIS.STAR.DNATemplates.OAPP.Console.DLL.csproj]
C:\Source\OASIS-master\External Libs\Spectre.Console\Spectre.Console\Cli\CommandAppException.cs(18,65): warning CS8632: The annotation for nullable reference types should only be used in code within a '#nullable' annotations context. [C:\Source\OASIS-master\External Libs\Spectre.Console\Spectre.Console\Spectre.Console.csproj::TargetFramework=netstandard2.0]
C:\Source\OASIS-master\External Libs\Spectre.Console\Spectre.Console\Cli\CommandAppException.cs(24,79): warning CS8632: The annotation for nullable reference types should only be used in code within a '#nullable' annotations context. [C:\Source\OASIS-master\External Libs\Spectre.Console\Spectre.Console\Spectre.Console.csproj::TargetFramework=netstandard2.0]
C:\Program Files\dotnet\sdk\9.0.306\Microsoft.Common.CurrentVersion.targets(2433,5): warning MSB3245: Could not resolve this reference. Could not locate the assembly "SQLitePCLRaw.batteries_v2". Check to make sure the assembly exists on disk. If this reference is required by your code, you may get compilation errors. [C:\Source\OASIS-master\STAR ODK\STAR OAPP DNA Templates\NextGenSoftware.OASIS.STAR.DNATemplates.OAPP.Console.DLL\NextGenSoftware.OASIS.STAR.DNATemplates.OAPP.Console.DLL.csproj]
C:\Source\OASIS-master\External Libs\Spectre.Console\Spectre.Console\Widgets\Text.cs(27,39): warning CS8632: The annotation for nullable reference types should only be used in code within a '#nullable' annotations context. [C:\Source\OASIS-master\External Libs\Spectre.Console\Spectre.Console\Spectre.Console.csproj::TargetFramework=netstandard2.0]
C:\Source\OASIS-master\External Libs\Spectre.Console\Spectre.Console\Widgets\Progress\Progress.cs(43,34): warning CS8632: The annotation for nullable reference types should only be used in code within a '#nullable' annotations context. [C:\Source\OASIS-master\External Libs\Spectre.Console\Spectre.Console\Spectre.Console.csproj::TargetFramework=netstandard2.0]
C:\Program Files\dotnet\sdk\9.0.306\Microsoft.Common.CurrentVersion.targets(2433,5): warning MSB3245: Could not resolve this reference. Could not locate the assembly "SQLitePCLRaw.core". Check to make sure the assembly exists on disk. If this reference is required by your code, you may get compilation errors. [C:\Source\OASIS-master\STAR ODK\STAR OAPP DNA Templates\NextGenSoftware.OASIS.STAR.DNATemplates.OAPP.Console.DLL\NextGenSoftware.OASIS.STAR.DNATemplates.OAPP.Console.DLL.csproj]
C:\Source\OASIS-master\External Libs\Spectre.Console\Spectre.Console\TreeGuide.cs(13,33): warning CS8632: The annotation for nullable reference types should only be used in code within a '#nullable' annotations context. [C:\Source\OASIS-master\External Libs\Spectre.Console\Spectre.Console\Spectre.Console.csproj::TargetFramework=netstandard2.0]
C:\Source\OASIS-master\External Libs\Spectre.Console\Spectre.Console\Widgets\Tree.cs(18,21): warning CS8632: The annotation for nullable reference types should only be used in code within a '#nullable' annotations context. [C:\Source\OASIS-master\External Libs\Spectre.Console\Spectre.Console\Spectre.Console.csproj::TargetFramework=netstandard2.0]
C:\Program Files\dotnet\sdk\9.0.306\Microsoft.Common.CurrentVersion.targets(2433,5): warning MSB3245: Could not resolve this reference. Could not locate the assembly "SQLitePCLRaw.provider.e_sqlite3". Check to make sure the assembly exists on disk. If this reference is required by your code, you may get compilation errors. [C:\Source\OASIS-master\STAR ODK\STAR OAPP DNA Templates\NextGenSoftware.OASIS.STAR.DNATemplates.OAPP.Console.DLL\NextGenSoftware.OASIS.STAR.DNATemplates.OAPP.Console.DLL.csproj]
C:\Source\OASIS-master\External Libs\Spectre.Console\Spectre.Console\Widgets\Calendar.cs(73,21): warning CS8632: The annotation for nullable reference types should only be used in code within a '#nullable' annotations context. [C:\Source\OASIS-master\External Libs\Spectre.Console\Spectre.Console\Spectre.Console.csproj::TargetFramework=netstandard2.0]
C:\Source\OASIS-master\External Libs\Spectre.Console\Spectre.Console\Widgets\Calendar.cs(82,27): warning CS8632: The annotation for nullable reference types should only be used in code within a '#nullable' annotations context. [C:\Source\OASIS-master\External Libs\Spectre.Console\Spectre.Console\Spectre.Console.csproj::TargetFramework=netstandard2.0]
C:\Program Files\dotnet\sdk\9.0.306\Microsoft.Common.CurrentVersion.targets(2433,5): warning MSB3245: Could not resolve this reference. Could not locate the assembly "Swashbuckle.AspNetCore.Swagger". Check to make sure the assembly exists on disk. If this reference is required by your code, you may get compilation errors. [C:\Source\OASIS-master\STAR ODK\STAR OAPP DNA Templates\NextGenSoftware.OASIS.STAR.DNATemplates.OAPP.Console.DLL\NextGenSoftware.OASIS.STAR.DNATemplates.OAPP.Console.DLL.csproj]
C:\Source\OASIS-master\External Libs\Spectre.Console\Spectre.Console\Widgets\Calendar.cs(109,21): warning CS8632: The annotation for nullable reference types should only be used in code within a '#nullable' annotations context. [C:\Source\OASIS-master\External Libs\Spectre.Console\Spectre.Console\Spectre.Console.csproj::TargetFramework=netstandard2.0]
C:\Source\OASIS-master\External Libs\Spectre.Console\Spectre.Console\Enrichment\ProfileEnrichment.cs(20,38): warning CS8632: The annotation for nullable reference types should only be used in code within a '#nullable' annotations context. [C:\Source\OASIS-master\External Libs\Spectre.Console\Spectre.Console\Spectre.Console.csproj::TargetFramework=netstandard2.0]
C:\Program Files\dotnet\sdk\9.0.306\Microsoft.Common.CurrentVersion.targets(2433,5): warning MSB3245: Could not resolve this reference. Could not locate the assembly "Swashbuckle.AspNetCore.SwaggerGen". Check to make sure the assembly exists on disk. If this reference is required by your code, you may get compilation errors. [C:\Source\OASIS-master\STAR ODK\STAR OAPP DNA Templates\NextGenSoftware.OASIS.STAR.DNATemplates.OAPP.Console.DLL\NextGenSoftware.OASIS.STAR.DNATemplates.OAPP.Console.DLL.csproj]
C:\Source\OASIS-master\External Libs\Spectre.Console\Spectre.Console\Cli\CommandApp`1.cs(20,41): warning CS8632: The annotation for nullable reference types should only be used in code within a '#nullable' annotations context. [C:\Source\OASIS-master\External Libs\Spectre.Console\Spectre.Console\Spectre.Console.csproj::TargetFramework=netstandard2.0]
C:\Source\OASIS-master\External Libs\Spectre.Console\Spectre.Console\Cli\CommandConfigurationException.cs(14,75): warning CS8632: The annotation for nullable reference types should only be used in code within a '#nullable' annotations context. [C:\Source\OASIS-master\External Libs\Spectre.Console\Spectre.Console\Spectre.Console.csproj::TargetFramework=netstandard2.0]
C:\Program Files\dotnet\sdk\9.0.306\Microsoft.Common.CurrentVersion.targets(2433,5): warning MSB3245: Could not resolve this reference. Could not locate the assembly "Swashbuckle.AspNetCore.SwaggerUI". Check to make sure the assembly exists on disk. If this reference is required by your code, you may get compilation errors. [C:\Source\OASIS-master\STAR ODK\STAR OAPP DNA Templates\NextGenSoftware.OASIS.STAR.DNATemplates.OAPP.Console.DLL\NextGenSoftware.OASIS.STAR.DNATemplates.OAPP.Console.DLL.csproj]
C:\Source\OASIS-master\External Libs\Spectre.Console\Spectre.Console\Cli\CommandConfigurationException.cs(19,89): warning CS8632: The annotation for nullable reference types should only be used in code within a '#nullable' annotations context. [C:\Source\OASIS-master\External Libs\Spectre.Console\Spectre.Console\Spectre.Console.csproj::TargetFramework=netstandard2.0]
C:\Source\OASIS-master\External Libs\Spectre.Console\Spectre.Console\Cli\CommandContext.cs(30,22): warning CS8632: The annotation for nullable reference types should only be used in code within a '#nullable' annotations context. [C:\Source\OASIS-master\External Libs\Spectre.Console\Spectre.Console\Spectre.Console.csproj::TargetFramework=netstandard2.0]
C:\Program Files\dotnet\sdk\9.0.306\Microsoft.Common.CurrentVersion.targets(2433,5): warning MSB3245: Could not resolve this reference. Could not locate the assembly "System.Configuration.ConfigurationManager". Check to make sure the assembly exists on disk. If this reference is required by your code, you may get compilation errors. [C:\Source\OASIS-master\STAR ODK\STAR OAPP DNA Templates\NextGenSoftware.OASIS.STAR.DNATemplates.OAPP.Console.DLL\NextGenSoftware.OASIS.STAR.DNATemplates.OAPP.Console.DLL.csproj]
C:\Source\OASIS-master\External Libs\Spectre.Console\Spectre.Console\Cli\CommandContext.cs(38,81): warning CS8632: The annotation for nullable reference types should only be used in code within a '#nullable' annotations context. [C:\Source\OASIS-master\External Libs\Spectre.Console\Spectre.Console\Spectre.Console.csproj::TargetFramework=netstandard2.0]
C:\Source\OASIS-master\External Libs\Spectre.Console\Spectre.Console\Cli\CommandParseException.cs(23,73): warning CS8632: The annotation for nullable reference types should only be used in code within a '#nullable' annotations context. [C:\Source\OASIS-master\External Libs\Spectre.Console\Spectre.Console\Spectre.Console.csproj::TargetFramework=netstandard2.0]
C:\Program Files\dotnet\sdk\9.0.306\Microsoft.Common.CurrentVersion.targets(2433,5): warning MSB3245: Could not resolve this reference. Could not locate the assembly "System.Drawing.Common". Check to make sure the assembly exists on disk. If this reference is required by your code, you may get compilation errors. [C:\Source\OASIS-master\STAR ODK\STAR OAPP DNA Templates\NextGenSoftware.OASIS.STAR.DNATemplates.OAPP.Console.DLL\NextGenSoftware.OASIS.STAR.DNATemplates.OAPP.Console.DLL.csproj]
C:\Source\OASIS-master\External Libs\Spectre.Console\Spectre.Console\Cli\CommandParseException.cs(104,93): warning CS8632: The annotation for nullable reference types should only be used in code within a '#nullable' annotations context. [C:\Source\OASIS-master\External Libs\Spectre.Console\Spectre.Console\Spectre.Console.csproj::TargetFramework=netstandard2.0]
C:\Source\OASIS-master\External Libs\Spectre.Console\Spectre.Console\Cli\CommandParseException.cs(13,67): warning CS8632: The annotation for nullable reference types should only be used in code within a '#nullable' annotations context. [C:\Source\OASIS-master\External Libs\Spectre.Console\Spectre.Console\Spectre.Console.csproj::TargetFramework=netstandard2.0]
C:\Program Files\dotnet\sdk\9.0.306\Microsoft.Common.CurrentVersion.targets(2433,5): warning MSB3245: Could not resolve this reference. Could not locate the assembly "System.IdentityModel.Tokens.Jwt". Check to make sure the assembly exists on disk. If this reference is required by your code, you may get compilation errors. [C:\Source\OASIS-master\STAR ODK\STAR OAPP DNA Templates\NextGenSoftware.OASIS.STAR.DNATemplates.OAPP.Console.DLL\NextGenSoftware.OASIS.STAR.DNATemplates.OAPP.Console.DLL.csproj]
C:\Source\OASIS-master\External Libs\Spectre.Console\Spectre.Console\Cli\CommandRuntimeException.cs(21,89): warning CS8632: The annotation for nullable reference types should only be used in code within a '#nullable' annotations context. [C:\Source\OASIS-master\External Libs\Spectre.Console\Spectre.Console\Spectre.Console.csproj::TargetFramework=netstandard2.0]
C:\Source\OASIS-master\External Libs\Spectre.Console\Spectre.Console\Extensions\AnsiConsoleExtensions.Input.cs(13,73): warning CS8632: The annotation for nullable reference types should only be used in code within a '#nullable' annotations context. [C:\Source\OASIS-master\External Libs\Spectre.Console\Spectre.Console\Spectre.Console.csproj::TargetFramework=netstandard2.0]
C:\Program Files\dotnet\sdk\9.0.306\Microsoft.Common.CurrentVersion.targets(2433,5): warning MSB3245: Could not resolve this reference. Could not locate the assembly "System.Net.Http.Formatting". Check to make sure the assembly exists on disk. If this reference is required by your code, you may get compilation errors. [C:\Source\OASIS-master\STAR ODK\STAR OAPP DNA Templates\NextGenSoftware.OASIS.STAR.DNATemplates.OAPP.Console.DLL\NextGenSoftware.OASIS.STAR.DNATemplates.OAPP.Console.DLL.csproj]
C:\Source\OASIS-master\External Libs\Spectre.Console\Spectre.Console\Extensions\AnsiConsoleExtensions.Input.cs(13,114): warning CS8632: The annotation for nullable reference types should only be used in code within a '#nullable' annotations context. [C:\Source\OASIS-master\External Libs\Spectre.Console\Spectre.Console\Spectre.Console.csproj::TargetFramework=netstandard2.0]
C:\Source\OASIS-master\External Libs\Spectre.Console\Spectre.Console\Cli\CommandRuntimeException.cs(11,69): warning CS8632: The annotation for nullable reference types should only be used in code within a '#nullable' annotations context. [C:\Source\OASIS-master\External Libs\Spectre.Console\Spectre.Console\Spectre.Console.csproj::TargetFramework=netstandard2.0]
C:\Program Files\dotnet\sdk\9.0.306\Microsoft.Common.CurrentVersion.targets(2433,5): warning MSB3245: Could not resolve this reference. Could not locate the assembly "System.Net.IPNetwork". Check to make sure the assembly exists on disk. If this reference is required by your code, you may get compilation errors. [C:\Source\OASIS-master\STAR ODK\STAR OAPP DNA Templates\NextGenSoftware.OASIS.STAR.DNATemplates.OAPP.Console.DLL\NextGenSoftware.OASIS.STAR.DNATemplates.OAPP.Console.DLL.csproj]
C:\Source\OASIS-master\External Libs\Spectre.Console\Spectre.Console\Cli\CommandRuntimeException.cs(16,83): warning CS8632: The annotation for nullable reference types should only be used in code within a '#nullable' annotations context. [C:\Source\OASIS-master\External Libs\Spectre.Console\Spectre.Console\Spectre.Console.csproj::TargetFramework=netstandard2.0]
C:\Source\OASIS-master\External Libs\Spectre.Console\Spectre.Console\Widgets\Progress\ProgressRefreshThread.cs(12,32): warning CS8632: The annotation for nullable reference types should only be used in code within a '#nullable' annotations context. [C:\Source\OASIS-master\External Libs\Spectre.Console\Spectre.Console\Spectre.Console.csproj::TargetFramework=netstandard2.0]
C:\Program Files\dotnet\sdk\9.0.306\Microsoft.Common.CurrentVersion.targets(2433,5): warning MSB3245: Could not resolve this reference. Could not locate the assembly "System.Security.Cryptography.ProtectedData". Check to make sure the assembly exists on disk. If this reference is required by your code, you may get compilation errors. [C:\Source\OASIS-master\STAR ODK\STAR OAPP DNA Templates\NextGenSoftware.OASIS.STAR.DNATemplates.OAPP.Console.DLL\NextGenSoftware.OASIS.STAR.DNATemplates.OAPP.Console.DLL.csproj]
C:\Source\OASIS-master\External Libs\Spectre.Console\Spectre.Console\Cli\CommandTemplateException.cs(146,104): warning CS8632: The annotation for nullable reference types should only be used in code within a '#nullable' annotations context. [C:\Source\OASIS-master\External Libs\Spectre.Console\Spectre.Console\Spectre.Console.csproj::TargetFramework=netstandard2.0]
C:\Source\OASIS-master\External Libs\Spectre.Console\Spectre.Console\Widgets\Calendar.cs(24,22): warning CS8632: The annotation for nullable reference types should only be used in code within a '#nullable' annotations context. [C:\Source\OASIS-master\External Libs\Spectre.Console\Spectre.Console\Spectre.Console.csproj::TargetFramework=netstandard2.0]
C:\Program Files\dotnet\sdk\9.0.306\Microsoft.Common.CurrentVersion.targets(2433,5): warning MSB3245: Could not resolve this reference. Could not locate the assembly "System.Security.Permissions". Check to make sure the assembly exists on disk. If this reference is required by your code, you may get compilation errors. [C:\Source\OASIS-master\STAR ODK\STAR OAPP DNA Templates\NextGenSoftware.OASIS.STAR.DNATemplates.OAPP.Console.DLL\NextGenSoftware.OASIS.STAR.DNATemplates.OAPP.Console.DLL.csproj]
C:\Source\OASIS-master\External Libs\Spectre.Console\Spectre.Console\Widgets\Calendar.cs(25,28): warning CS8632: The annotation for nullable reference types should only be used in code within a '#nullable' annotations context. [C:\Source\OASIS-master\External Libs\Spectre.Console\Spectre.Console\Spectre.Console.csproj::TargetFramework=netstandard2.0]
C:\Source\OASIS-master\External Libs\Spectre.Console\Spectre.Console\Widgets\Calendar.cs(28,22): warning CS8632: The annotation for nullable reference types should only be used in code within a '#nullable' annotations context. [C:\Source\OASIS-master\External Libs\Spectre.Console\Spectre.Console\Spectre.Console.csproj::TargetFramework=netstandard2.0]
C:\Program Files\dotnet\sdk\9.0.306\Microsoft.Common.CurrentVersion.targets(2433,5): warning MSB3245: Could not resolve this reference. Could not locate the assembly "System.ServiceModel". Check to make sure the assembly exists on disk. If this reference is required by your code, you may get compilation errors. [C:\Source\OASIS-master\STAR ODK\STAR OAPP DNA Templates\NextGenSoftware.OASIS.STAR.DNATemplates.OAPP.Console.DLL\NextGenSoftware.OASIS.STAR.DNATemplates.OAPP.Console.DLL.csproj]
C:\Source\OASIS-master\External Libs\Spectre.Console\Spectre.Console\Widgets\Charts\BarChart.cs(27,22): warning CS8632: The annotation for nullable reference types should only be used in code within a '#nullable' annotations context. [C:\Source\OASIS-master\External Libs\Spectre.Console\Spectre.Console\Spectre.Console.csproj::TargetFramework=netstandard2.0]
C:\Source\OASIS-master\External Libs\Spectre.Console\Spectre.Console\Widgets\Progress\ProgressTask.cs(169,19): warning CS8632: The annotation for nullable reference types should only be used in code within a '#nullable' annotations context. [C:\Source\OASIS-master\External Libs\Spectre.Console\Spectre.Console\Spectre.Console.csproj::TargetFramework=netstandard2.0]
C:\Program Files\dotnet\sdk\9.0.306\Microsoft.Common.CurrentVersion.targets(2433,5): warning MSB3245: Could not resolve this reference. Could not locate the assembly "System.ServiceModel.Primitives". Check to make sure the assembly exists on disk. If this reference is required by your code, you may get compilation errors. [C:\Source\OASIS-master\STAR ODK\STAR OAPP DNA Templates\NextGenSoftware.OASIS.STAR.DNATemplates.OAPP.Console.DLL\NextGenSoftware.OASIS.STAR.DNATemplates.OAPP.Console.DLL.csproj]
C:\Source\OASIS-master\External Libs\Spectre.Console\Spectre.Console\Widgets\Charts\BarChart.cs(44,27): warning CS8632: The annotation for nullable reference types should only be used in code within a '#nullable' annotations context. [C:\Source\OASIS-master\External Libs\Spectre.Console\Spectre.Console\Spectre.Console.csproj::TargetFramework=netstandard2.0]
C:\Program Files\dotnet\sdk\9.0.306\Microsoft.Common.CurrentVersion.targets(2433,5): warning MSB3245: Could not resolve this reference. Could not locate the assembly "System.Web.Http". Check to make sure the assembly exists on disk. If this reference is required by your code, you may get compilation errors. [C:\Source\OASIS-master\STAR ODK\STAR OAPP DNA Templates\NextGenSoftware.OASIS.STAR.DNATemplates.OAPP.Console.DLL\NextGenSoftware.OASIS.STAR.DNATemplates.OAPP.Console.DLL.csproj]
C:\Source\OASIS-master\External Libs\Spectre.Console\Spectre.Console\Extensions\BarChartExtensions.cs(145,65): warning CS8632: The annotation for nullable reference types should only be used in code within a '#nullable' annotations context. [C:\Source\OASIS-master\External Libs\Spectre.Console\Spectre.Console\Spectre.Console.csproj::TargetFramework=netstandard2.0]
C:\Source\OASIS-master\External Libs\Spectre.Console\Spectre.Console\Rendering\Borders\Boxes\HeavyBoxBorder.cs(11,34): warning CS8632: The annotation for nullable reference types should only be used in code within a '#nullable' annotations context. [C:\Source\OASIS-master\External Libs\Spectre.Console\Spectre.Console\Spectre.Console.csproj::TargetFramework=netstandard2.0]
C:\Program Files\dotnet\sdk\9.0.306\Microsoft.Common.CurrentVersion.targets(2433,5): warning MSB3245: Could not resolve this reference. Could not locate the assembly "System.Windows.Extensions". Check to make sure the assembly exists on disk. If this reference is required by your code, you may get compilation errors. [C:\Source\OASIS-master\STAR ODK\STAR OAPP DNA Templates\NextGenSoftware.OASIS.STAR.DNATemplates.OAPP.Console.DLL\NextGenSoftware.OASIS.STAR.DNATemplates.OAPP.Console.DLL.csproj]
C:\Source\OASIS-master\External Libs\Spectre.Console\Spectre.Console\Rendering\Borders\Boxes\RoundedBoxBorder.cs(11,34): warning CS8632: The annotation for nullable reference types should only be used in code within a '#nullable' annotations context. [C:\Source\OASIS-master\External Libs\Spectre.Console\Spectre.Console\Spectre.Console.csproj::TargetFramework=netstandard2.0]
C:\Source\OASIS-master\External Libs\Spectre.Console\Spectre.Console\Internal\Colors\ColorTable.cs(46,29): warning CS8632: The annotation for nullable reference types should only be used in code within a '#nullable' annotations context. [C:\Source\OASIS-master\External Libs\Spectre.Console\Spectre.Console\Spectre.Console.csproj::TargetFramework=netstandard2.0]
C:\Program Files\dotnet\sdk\9.0.306\Microsoft.Common.CurrentVersion.targets(2433,5): warning MSB3245: Could not resolve this reference. Could not locate the assembly "YamlDotNet". Check to make sure the assembly exists on disk. If this reference is required by your code, you may get compilation errors. [C:\Source\OASIS-master\STAR ODK\STAR OAPP DNA Templates\NextGenSoftware.OASIS.STAR.DNATemplates.OAPP.Console.DLL\NextGenSoftware.OASIS.STAR.DNATemplates.OAPP.Console.DLL.csproj]
C:\Source\OASIS-master\External Libs\Spectre.Console\Spectre.Console\Widgets\Charts\BreakdownChart.cs(36,49): warning CS8632: The annotation for nullable reference types should only be used in code within a '#nullable' annotations context. [C:\Source\OASIS-master\External Libs\Spectre.Console\Spectre.Console\Spectre.Console.csproj::TargetFramework=netstandard2.0]
C:\Source\OASIS-master\External Libs\Spectre.Console\Spectre.Console\Widgets\Charts\BreakdownChart.cs(49,27): warning CS8632: The annotation for nullable reference types should only be used in code within a '#nullable' annotations context. [C:\Source\OASIS-master\External Libs\Spectre.Console\Spectre.Console\Spectre.Console.csproj::TargetFramework=netstandard2.0]
C:\Program Files\dotnet\sdk\9.0.306\Microsoft.Common.CurrentVersion.targets(2433,5): warning MSB3245: Could not resolve this reference. Could not locate the assembly "ZstdSharp". Check to make sure the assembly exists on disk. If this reference is required by your code, you may get compilation errors. [C:\Source\OASIS-master\STAR ODK\STAR OAPP DNA Templates\NextGenSoftware.OASIS.STAR.DNATemplates.OAPP.Console.DLL\NextGenSoftware.OASIS.STAR.DNATemplates.OAPP.Console.DLL.csproj]
C:\Source\OASIS-master\External Libs\Spectre.Console\Spectre.Console\Widgets\Progress\Renderers\FallbackProgressRenderer.cs(109,35): warning CS8632: The annotation for nullable reference types should only be used in code within a '#nullable' annotations context. [C:\Source\OASIS-master\External Libs\Spectre.Console\Spectre.Console\Spectre.Console.csproj::TargetFramework=netstandard2.0]
C:\Source\OASIS-master\External Libs\Spectre.Console\Spectre.Console\Widgets\Progress\Renderers\FallbackProgressRenderer.cs(14,28): warning CS8632: The annotation for nullable reference types should only be used in code within a '#nullable' annotations context. [C:\Source\OASIS-master\External Libs\Spectre.Console\Spectre.Console\Spectre.Console.csproj::TargetFramework=netstandard2.0]
C:\Source\OASIS-master\External Libs\Spectre.Console\Spectre.Console\Widgets\Charts\BreakdownTags.cs(13,27): warning CS8632: The annotation for nullable reference types should only be used in code within a '#nullable' annotations context. [C:\Source\OASIS-master\External Libs\Spectre.Console\Spectre.Console\Spectre.Console.csproj::TargetFramework=netstandard2.0]
C:\Source\OASIS-master\External Libs\Spectre.Console\Spectre.Console\Widgets\Charts\BreakdownTags.cs(15,49): warning CS8632: The annotation for nullable reference types should only be used in code within a '#nullable' annotations context. [C:\Source\OASIS-master\External Libs\Spectre.Console\Spectre.Console\Spectre.Console.csproj::TargetFramework=netstandard2.0]
C:\Source\OASIS-master\External Libs\Spectre.Console\Spectre.Console\Widgets\Progress\Renderers\FallbackStatusRenderer.cs(11,28): warning CS8632: The annotation for nullable reference types should only be used in code within a '#nullable' annotations context. [C:\Source\OASIS-master\External Libs\Spectre.Console\Spectre.Console\Spectre.Console.csproj::TargetFramework=netstandard2.0]
C:\Source\OASIS-master\External Libs\Spectre.Console\Spectre.Console\Widgets\Progress\Renderers\FallbackStatusRenderer.cs(12,23): warning CS8632: The annotation for nullable reference types should only be used in code within a '#nullable' annotations context. [C:\Source\OASIS-master\External Libs\Spectre.Console\Spectre.Console\Spectre.Console.csproj::TargetFramework=netstandard2.0]
C:\Source\OASIS-master\External Libs\Spectre.Console\Spectre.Console\Internal\FileSize.cs(24,41): warning CS8632: The annotation for nullable reference types should only be used in code within a '#nullable' annotations context. [C:\Source\OASIS-master\External Libs\Spectre.Console\Spectre.Console\Spectre.Console.csproj::TargetFramework=netstandard2.0]
C:\Source\OASIS-master\External Libs\Spectre.Console\Spectre.Console\Internal\FileSize.cs(44,63): warning CS8632: The annotation for nullable reference types should only be used in code within a '#nullable' annotations context. [C:\Source\OASIS-master\External Libs\Spectre.Console\Spectre.Console\Spectre.Console.csproj::TargetFramework=netstandard2.0]
C:\Source\OASIS-master\External Libs\Spectre.Console\Spectre.Console\Cli\IFlagValue.cs(23,15): warning CS8632: The annotation for nullable reference types should only be used in code within a '#nullable' annotations context. [C:\Source\OASIS-master\External Libs\Spectre.Console\Spectre.Console\Spectre.Console.csproj::TargetFramework=netstandard2.0]
C:\Source\OASIS-master\External Libs\Spectre.Console\Spectre.Console\Cli\FlagValue.cs(28,15): warning CS8632: The annotation for nullable reference types should only be used in code within a '#nullable' annotations context. [C:\Source\OASIS-master\External Libs\Spectre.Console\Spectre.Console\Spectre.Console.csproj::TargetFramework=netstandard2.0]
C:\Source\OASIS-master\External Libs\Spectre.Console\Spectre.Console\Cli\ICommandAppSettings.cs(11,15): warning CS8632: The annotation for nullable reference types should only be used in code within a '#nullable' annotations context. [C:\Source\OASIS-master\External Libs\Spectre.Console\Spectre.Console\Spectre.Console.csproj::TargetFramework=netstandard2.0]
C:\Source\OASIS-master\External Libs\Spectre.Console\Spectre.Console\Cli\ICommandAppSettings.cs(16,15): warning CS8632: The annotation for nullable reference types should only be used in code within a '#nullable' annotations context. [C:\Source\OASIS-master\External Libs\Spectre.Console\Spectre.Console\Spectre.Console.csproj::TargetFramework=netstandard2.0]
C:\Source\OASIS-master\External Libs\Spectre.Console\Spectre.Console\Cli\ICommandAppSettings.cs(21,21): warning CS8632: The annotation for nullable reference types should only be used in code within a '#nullable' annotations context. [C:\Source\OASIS-master\External Libs\Spectre.Console\Spectre.Console\Spectre.Console.csproj::TargetFramework=netstandard2.0]
C:\Source\OASIS-master\External Libs\Spectre.Console\Spectre.Console\Cli\ICommandAppSettings.cs(27,28): warning CS8632: The annotation for nullable reference types should only be used in code within a '#nullable' annotations context. [C:\Source\OASIS-master\External Libs\Spectre.Console\Spectre.Console\Spectre.Console.csproj::TargetFramework=netstandard2.0]
C:\Source\OASIS-master\External Libs\Spectre.Console\Spectre.Console\Cli\ICommandParameterInfo.cs(18,31): warning CS8632: The annotation for nullable reference types should only be used in code within a '#nullable' annotations context. [C:\Source\OASIS-master\External Libs\Spectre.Console\Spectre.Console\Spectre.Console.csproj::TargetFramework=netstandard2.0]
C:\Source\OASIS-master\External Libs\Spectre.Console\Spectre.Console\Rendering\Borders\Tables\HeavyEdgeTableBorder.cs(11,36): warning CS8632: The annotation for nullable reference types should only be used in code within a '#nullable' annotations context. [C:\Source\OASIS-master\External Libs\Spectre.Console\Spectre.Console\Spectre.Console.csproj::TargetFramework=netstandard2.0]
C:\Source\OASIS-master\External Libs\Spectre.Console\Spectre.Console\Rendering\Borders\Tables\HeavyHeadTableBorder.cs(11,36): warning CS8632: The annotation for nullable reference types should only be used in code within a '#nullable' annotations context. [C:\Source\OASIS-master\External Libs\Spectre.Console\Spectre.Console\Spectre.Console.csproj::TargetFramework=netstandard2.0]
C:\Source\OASIS-master\External Libs\Spectre.Console\Spectre.Console\Rendering\Borders\Tables\HeavyTableBorder.cs(11,36): warning CS8632: The annotation for nullable reference types should only be used in code within a '#nullable' annotations context. [C:\Source\OASIS-master\External Libs\Spectre.Console\Spectre.Console\Spectre.Console.csproj::TargetFramework=netstandard2.0]
C:\Source\OASIS-master\External Libs\Spectre.Console\Spectre.Console\Rendering\Borders\Tables\MinimalHeavyHeadTableBorder.cs(11,36): warning CS8632: The annotation for nullable reference types should only be used in code within a '#nullable' annotations context. [C:\Source\OASIS-master\External Libs\Spectre.Console\Spectre.Console\Spectre.Console.csproj::TargetFramework=netstandard2.0]
C:\Source\OASIS-master\External Libs\Spectre.Console\Spectre.Console\Widgets\Markup.cs(35,41): warning CS8632: The annotation for nullable reference types should only be used in code within a '#nullable' annotations context. [C:\Source\OASIS-master\External Libs\Spectre.Console\Spectre.Console\Spectre.Console.csproj::TargetFramework=netstandard2.0]
C:\Source\OASIS-master\External Libs\Spectre.Console\Spectre.Console\Widgets\Exceptions\ExceptionInfo.cs(10,29): warning CS8632: The annotation for nullable reference types should only be used in code within a '#nullable' annotations context. [C:\Source\OASIS-master\External Libs\Spectre.Console\Spectre.Console\Spectre.Console.csproj::TargetFramework=netstandard2.0]
C:\Source\OASIS-master\External Libs\Spectre.Console\Spectre.Console\Widgets\Exceptions\ExceptionInfo.cs(15,26): warning CS8632: The annotation for nullable reference types should only be used in code within a '#nullable' annotations context. [C:\Source\OASIS-master\External Libs\Spectre.Console\Spectre.Console\Spectre.Console.csproj::TargetFramework=netstandard2.0]
C:\Source\OASIS-master\External Libs\Spectre.Console\Spectre.Console\Widgets\Exceptions\ExceptionParser.cs(14,36): warning CS8632: The annotation for nullable reference types should only be used in code within a '#nullable' annotations context. [C:\Source\OASIS-master\External Libs\Spectre.Console\Spectre.Console\Spectre.Console.csproj::TargetFramework=netstandard2.0]
C:\Source\OASIS-master\External Libs\Spectre.Console\Spectre.Console\Widgets\Exceptions\ExceptionParser.cs(25,37): warning CS8632: The annotation for nullable reference types should only be used in code within a '#nullable' annotations context. [C:\Source\OASIS-master\External Libs\Spectre.Console\Spectre.Console\Spectre.Console.csproj::TargetFramework=netstandard2.0]
C:\Source\OASIS-master\External Libs\Spectre.Console\Spectre.Console\Widgets\Exceptions\ExceptionParser.cs(90,38): warning CS8632: The annotation for nullable reference types should only be used in code within a '#nullable' annotations context. [C:\Source\OASIS-master\External Libs\Spectre.Console\Spectre.Console\Spectre.Console.csproj::TargetFramework=netstandard2.0]
C:\Source\OASIS-master\External Libs\Spectre.Console\Spectre.Console\Widgets\Exceptions\ExceptionParser.cs(121,56): warning CS8632: The annotation for nullable reference types should only be used in code within a '#nullable' annotations context. [C:\Source\OASIS-master\External Libs\Spectre.Console\Spectre.Console\Spectre.Console.csproj::TargetFramework=netstandard2.0]
C:\Source\OASIS-master\External Libs\Spectre.Console\Spectre.Console\Rendering\Borders\Tables\RoundedTableBorder.cs(11,36): warning CS8632: The annotation for nullable reference types should only be used in code within a '#nullable' annotations context. [C:\Source\OASIS-master\External Libs\Spectre.Console\Spectre.Console\Spectre.Console.csproj::TargetFramework=netstandard2.0]
C:\Source\OASIS-master\External Libs\Spectre.Console\Spectre.Console\Cli\Internal\Binding\CommandValueBinder.cs(14,84): warning CS8632: The annotation for nullable reference types should only be used in code within a '#nullable' annotations context. [C:\Source\OASIS-master\External Libs\Spectre.Console\Spectre.Console\Spectre.Console.csproj::TargetFramework=netstandard2.0]
C:\Source\OASIS-master\External Libs\Spectre.Console\Spectre.Console\Cli\Internal\Binding\CommandValueBinder.cs(32,92): warning CS8632: The annotation for nullable reference types should only be used in code within a '#nullable' annotations context. [C:\Source\OASIS-master\External Libs\Spectre.Console\Spectre.Console\Spectre.Console.csproj::TargetFramework=netstandard2.0]
C:\Source\OASIS-master\External Libs\Spectre.Console\Spectre.Console\Cli\Internal\Binding\CommandValueBinder.cs(68,67): warning CS8632: The annotation for nullable reference types should only be used in code within a '#nullable' annotations context. [C:\Source\OASIS-master\External Libs\Spectre.Console\Spectre.Console\Spectre.Console.csproj::TargetFramework=netstandard2.0]
C:\Source\OASIS-master\External Libs\Spectre.Console\Spectre.Console\Cli\Internal\Binding\CommandValueBinder.cs(94,66): warning CS8632: The annotation for nullable reference types should only be used in code within a '#nullable' annotations context. [C:\Source\OASIS-master\External Libs\Spectre.Console\Spectre.Console\Spectre.Console.csproj::TargetFramework=netstandard2.0]
C:\Source\OASIS-master\External Libs\Spectre.Console\Spectre.Console\Rendering\Borders\Tables\SimpleHeavyTableBorder.cs(11,36): warning CS8632: The annotation for nullable reference types should only be used in code within a '#nullable' annotations context. [C:\Source\OASIS-master\External Libs\Spectre.Console\Spectre.Console\Spectre.Console.csproj::TargetFramework=netstandard2.0]
C:\Source\OASIS-master\External Libs\Spectre.Console\Spectre.Console\Cli\Internal\Binding\CommandValueLookup.cs(8,95): warning CS8632: The annotation for nullable reference types should only be used in code within a '#nullable' annotations context. [C:\Source\OASIS-master\External Libs\Spectre.Console\Spectre.Console\Spectre.Console.csproj::TargetFramework=netstandard2.0]
C:\Source\OASIS-master\External Libs\Spectre.Console\Spectre.Console\Widgets\Prompt\MultiSelectionPrompt.cs(18,22): warning CS8632: The annotation for nullable reference types should only be used in code within a '#nullable' annotations context. [C:\Source\OASIS-master\External Libs\Spectre.Console\Spectre.Console\Spectre.Console.csproj::TargetFramework=netstandard2.0]
C:\Source\OASIS-master\External Libs\Spectre.Console\Spectre.Console\Widgets\Prompt\MultiSelectionPrompt.cs(34,31): warning CS8632: The annotation for nullable reference types should only be used in code within a '#nullable' annotations context. [C:\Source\OASIS-master\External Libs\Spectre.Console\Spectre.Console\Spectre.Console.csproj::TargetFramework=netstandard2.0]
C:\Source\OASIS-master\External Libs\Spectre.Console\Spectre.Console\Widgets\Prompt\MultiSelectionPrompt.cs(45,21): warning CS8632: The annotation for nullable reference types should only be used in code within a '#nullable' annotations context. [C:\Source\OASIS-master\External Libs\Spectre.Console\Spectre.Console\Spectre.Console.csproj::TargetFramework=netstandard2.0]
C:\Source\OASIS-master\External Libs\Spectre.Console\Spectre.Console\Widgets\Prompt\MultiSelectionPrompt.cs(50,22): warning CS8632: The annotation for nullable reference types should only be used in code within a '#nullable' annotations context. [C:\Source\OASIS-master\External Libs\Spectre.Console\Spectre.Console\Spectre.Console.csproj::TargetFramework=netstandard2.0]
C:\Source\OASIS-master\External Libs\Spectre.Console\Spectre.Console\Widgets\Prompt\MultiSelectionPrompt.cs(55,22): warning CS8632: The annotation for nullable reference types should only be used in code within a '#nullable' annotations context. [C:\Source\OASIS-master\External Libs\Spectre.Console\Spectre.Console\Spectre.Console.csproj::TargetFramework=netstandard2.0]
C:\Source\OASIS-master\External Libs\Spectre.Console\Spectre.Console\Rendering\JustInTimeRenderable.cs(13,28): warning CS8632: The annotation for nullable reference types should only be used in code within a '#nullable' annotations context. [C:\Source\OASIS-master\External Libs\Spectre.Console\Spectre.Console\Spectre.Console.csproj::TargetFramework=netstandard2.0]
C:\Source\OASIS-master\External Libs\Spectre.Console\Spectre.Console\Rendering\LiveRenderable.cs(9,28): warning CS8632: The annotation for nullable reference types should only be used in code within a '#nullable' annotations context. [C:\Source\OASIS-master\External Libs\Spectre.Console\Spectre.Console\Spectre.Console.csproj::TargetFramework=netstandard2.0]
C:\Source\OASIS-master\External Libs\Spectre.Console\Spectre.Console\Rendering\Measurement.cs(32,43): warning CS8632: The annotation for nullable reference types should only be used in code within a '#nullable' annotations context. [C:\Source\OASIS-master\External Libs\Spectre.Console\Spectre.Console\Spectre.Console.csproj::TargetFramework=netstandard2.0]
C:\Source\OASIS-master\External Libs\Spectre.Console\Spectre.Console\Widgets\Prompt\MultiSelectionPromptExtensions.cs(139,96): warning CS8632: The annotation for nullable reference types should only be used in code within a '#nullable' annotations context. [C:\Source\OASIS-master\External Libs\Spectre.Console\Spectre.Console\Spectre.Console.csproj::TargetFramework=netstandard2.0]
C:\Source\OASIS-master\External Libs\Spectre.Console\Spectre.Console\Widgets\Prompt\MultiSelectionPromptExtensions.cs(198,106): warning CS8632: The annotation for nullable reference types should only be used in code within a '#nullable' annotations context. [C:\Source\OASIS-master\External Libs\Spectre.Console\Spectre.Console\Spectre.Console.csproj::TargetFramework=netstandard2.0]
C:\Source\OASIS-master\External Libs\Spectre.Console\Spectre.Console\Widgets\Prompt\MultiSelectionPromptExtensions.cs(216,107): warning CS8632: The annotation for nullable reference types should only be used in code within a '#nullable' annotations context. [C:\Source\OASIS-master\External Libs\Spectre.Console\Spectre.Console\Spectre.Console.csproj::TargetFramework=netstandard2.0]
C:\Source\OASIS-master\External Libs\Spectre.Console\Spectre.Console\Widgets\Prompt\MultiSelectionPromptExtensions.cs(274,112): warning CS8632: The annotation for nullable reference types should only be used in code within a '#nullable' annotations context. [C:\Source\OASIS-master\External Libs\Spectre.Console\Spectre.Console\Spectre.Console.csproj::TargetFramework=netstandard2.0]
C:\Source\OASIS-master\External Libs\Spectre.Console\Spectre.Console\Widgets\Prompt\Rendering\RenderableList.cs(20,108): warning CS8632: The annotation for nullable reference types should only be used in code within a '#nullable' annotations context. [C:\Source\OASIS-master\External Libs\Spectre.Console\Spectre.Console\Spectre.Console.csproj::TargetFramework=netstandard2.0]
C:\Source\OASIS-master\External Libs\Spectre.Console\Spectre.Console\Widgets\Exceptions\StackFrameInfo.cs(12,22): warning CS8632: The annotation for nullable reference types should only be used in code within a '#nullable' annotations context. [C:\Source\OASIS-master\External Libs\Spectre.Console\Spectre.Console\Spectre.Console.csproj::TargetFramework=netstandard2.0]
C:\Source\OASIS-master\External Libs\Spectre.Console\Spectre.Console\Widgets\Exceptions\StackFrameInfo.cs(25,58): warning CS8632: The annotation for nullable reference types should only be used in code within a '#nullable' annotations context. [C:\Source\OASIS-master\External Libs\Spectre.Console\Spectre.Console\Spectre.Console.csproj::TargetFramework=netstandard2.0]
C:\Source\OASIS-master\External Libs\Spectre.Console\Spectre.Console\Widgets\Exceptions\StackFrameInfo.cs(17,19): warning CS8632: The annotation for nullable reference types should only be used in code within a '#nullable' annotations context. [C:\Source\OASIS-master\External Libs\Spectre.Console\Spectre.Console\Spectre.Console.csproj::TargetFramework=netstandard2.0]
C:\Source\OASIS-master\External Libs\Spectre.Console\Spectre.Console\Cli\Internal\Binding\CommandValueLookup.cs(17,63): warning CS8632: The annotation for nullable reference types should only be used in code within a '#nullable' annotations context. [C:\Source\OASIS-master\External Libs\Spectre.Console\Spectre.Console\Spectre.Console.csproj::TargetFramework=netstandard2.0]
C:\Source\OASIS-master\External Libs\Spectre.Console\Spectre.Console\Cli\Internal\Binding\CommandValueLookup.cs(25,48): warning CS8632: The annotation for nullable reference types should only be used in code within a '#nullable' annotations context. [C:\Source\OASIS-master\External Libs\Spectre.Console\Spectre.Console\Spectre.Console.csproj::TargetFramework=netstandard2.0]
C:\Source\OASIS-master\External Libs\Spectre.Console\Spectre.Console\Cli\Internal\Binding\CommandValueLookup.cs(35,51): warning CS8632: The annotation for nullable reference types should only be used in code within a '#nullable' annotations context. [C:\Source\OASIS-master\External Libs\Spectre.Console\Spectre.Console\Spectre.Console.csproj::TargetFramework=netstandard2.0]
C:\Source\OASIS-master\External Libs\Spectre.Console\Spectre.Console\Cli\Internal\Binding\CommandValueLookup.cs(35,98): warning CS8632: The annotation for nullable reference types should only be used in code within a '#nullable' annotations context. [C:\Source\OASIS-master\External Libs\Spectre.Console\Spectre.Console\Spectre.Console.csproj::TargetFramework=netstandard2.0]
C:\Source\OASIS-master\External Libs\Spectre.Console\Spectre.Console\Cli\Internal\Binding\CommandValueLookup.cs(47,22): warning CS8632: The annotation for nullable reference types should only be used in code within a '#nullable' annotations context. [C:\Source\OASIS-master\External Libs\Spectre.Console\Spectre.Console\Spectre.Console.csproj::TargetFramework=netstandard2.0]
C:\Source\OASIS-master\External Libs\Spectre.Console\Spectre.Console\Cli\Internal\Binding\CommandValueLookup.cs(53,64): warning CS8632: The annotation for nullable reference types should only be used in code within a '#nullable' annotations context. [C:\Source\OASIS-master\External Libs\Spectre.Console\Spectre.Console\Spectre.Console.csproj::TargetFramework=netstandard2.0]
C:\Source\OASIS-master\External Libs\Spectre.Console\Spectre.Console\Cli\Internal\Binding\CommandValueLookup.cs(10,78): warning CS8632: The annotation for nullable reference types should only be used in code within a '#nullable' annotations context. [C:\Source\OASIS-master\External Libs\Spectre.Console\Spectre.Console\Spectre.Console.csproj::TargetFramework=netstandard2.0]
C:\Source\OASIS-master\External Libs\Spectre.Console\Spectre.Console\Cli\Internal\Binding\CommandValueResolver.cs(9,72): warning CS8632: The annotation for nullable reference types should only be used in code within a '#nullable' annotations context. [C:\Source\OASIS-master\External Libs\Spectre.Console\Spectre.Console\Spectre.Console.csproj::TargetFramework=netstandard2.0]
C:\Source\OASIS-master\External Libs\Spectre.Console\Spectre.Console\Cli\Internal\Binding\CommandValueResolver.cs(101,37): warning CS8632: The annotation for nullable reference types should only be used in code within a '#nullable' annotations context. [C:\Source\OASIS-master\External Libs\Spectre.Console\Spectre.Console\Spectre.Console.csproj::TargetFramework=netstandard2.0]
C:\Source\OASIS-master\External Libs\Spectre.Console\Spectre.Console\Cli\Internal\Collections\IMultiMap.cs(12,25): warning CS8632: The annotation for nullable reference types should only be used in code within a '#nullable' annotations context. [C:\Source\OASIS-master\External Libs\Spectre.Console\Spectre.Console\Spectre.Console.csproj::TargetFramework=netstandard2.0]
C:\Source\OASIS-master\External Libs\Spectre.Console\Spectre.Console\Cli\Internal\Collections\IMultiMap.cs(12,38): warning CS8632: The annotation for nullable reference types should only be used in code within a '#nullable' annotations context. [C:\Source\OASIS-master\External Libs\Spectre.Console\Spectre.Console\Spectre.Console.csproj::TargetFramework=netstandard2.0]
C:\Source\OASIS-master\External Libs\Spectre.Console\Spectre.Console\Rendering\Segment.cs(149,39): warning CS8632: The annotation for nullable reference types should only be used in code within a '#nullable' annotations context. [C:\Source\OASIS-master\External Libs\Spectre.Console\Spectre.Console\Spectre.Console.csproj::TargetFramework=netstandard2.0]
C:\Source\OASIS-master\External Libs\Spectre.Console\Spectre.Console\Widgets\Prompt\Rendering\RenderableMultiSelectionList.cs(15,32): warning CS8632: The annotation for nullable reference types should only be used in code within a '#nullable' annotations context. [C:\Source\OASIS-master\External Libs\Spectre.Console\Spectre.Console\Spectre.Console.csproj::TargetFramework=netstandard2.0]
C:\Source\OASIS-master\External Libs\Spectre.Console\Spectre.Console\Widgets\Prompt\Rendering\RenderableMultiSelectionList.cs(23,41): warning CS8632: The annotation for nullable reference types should only be used in code within a '#nullable' annotations context. [C:\Source\OASIS-master\External Libs\Spectre.Console\Spectre.Console\Spectre.Console.csproj::TargetFramework=netstandard2.0]
C:\Source\OASIS-master\External Libs\Spectre.Console\Spectre.Console\Widgets\Prompt\Rendering\RenderableMultiSelectionList.cs(25,28): warning CS8632: The annotation for nullable reference types should only be used in code within a '#nullable' annotations context. [C:\Source\OASIS-master\External Libs\Spectre.Console\Spectre.Console\Spectre.Console.csproj::TargetFramework=netstandard2.0]
C:\Source\OASIS-master\External Libs\Spectre.Console\Spectre.Console\Widgets\Prompt\Rendering\RenderableMultiSelectionList.cs(25,46): warning CS8632: The annotation for nullable reference types should only be used in code within a '#nullable' annotations context. [C:\Source\OASIS-master\External Libs\Spectre.Console\Spectre.Console\Spectre.Console.csproj::TargetFramework=netstandard2.0]
C:\Source\OASIS-master\External Libs\Spectre.Console\Spectre.Console\Widgets\Prompt\Rendering\RenderableMultiSelectionList.cs(26,19): warning CS8632: The annotation for nullable reference types should only be used in code within a '#nullable' annotations context. [C:\Source\OASIS-master\External Libs\Spectre.Console\Spectre.Console\Spectre.Console.csproj::TargetFramework=netstandard2.0]
C:\Source\OASIS-master\External Libs\Spectre.Console\Spectre.Console\Widgets\Prompt\Rendering\RenderableMultiSelectionList.cs(26,44): warning CS8632: The annotation for nullable reference types should only be used in code within a '#nullable' annotations context. [C:\Source\OASIS-master\External Libs\Spectre.Console\Spectre.Console\Spectre.Console.csproj::TargetFramework=netstandard2.0]
C:\Source\OASIS-master\External Libs\Spectre.Console\Spectre.Console\Widgets\Prompt\Rendering\RenderableSelectionList.cs(13,32): warning CS8632: The annotation for nullable reference types should only be used in code within a '#nullable' annotations context. [C:\Source\OASIS-master\External Libs\Spectre.Console\Spectre.Console\Spectre.Console.csproj::TargetFramework=netstandard2.0]
C:\Source\OASIS-master\External Libs\Spectre.Console\Spectre.Console\Widgets\Prompt\Rendering\RenderableSelectionList.cs(18,41): warning CS8632: The annotation for nullable reference types should only be used in code within a '#nullable' annotations context. [C:\Source\OASIS-master\External Libs\Spectre.Console\Spectre.Console\Spectre.Console.csproj::TargetFramework=netstandard2.0]
C:\Source\OASIS-master\External Libs\Spectre.Console\Spectre.Console\Widgets\Prompt\Rendering\RenderableSelectionList.cs(19,45): warning CS8632: The annotation for nullable reference types should only be used in code within a '#nullable' annotations context. [C:\Source\OASIS-master\External Libs\Spectre.Console\Spectre.Console\Spectre.Console.csproj::TargetFramework=netstandard2.0]
C:\Source\OASIS-master\External Libs\Spectre.Console\Spectre.Console\Widgets\Prompt\Rendering\RenderableSelectionList.cs(19,63): warning CS8632: The annotation for nullable reference types should only be used in code within a '#nullable' annotations context. [C:\Source\OASIS-master\External Libs\Spectre.Console\Spectre.Console\Spectre.Console.csproj::TargetFramework=netstandard2.0]
C:\Source\OASIS-master\External Libs\Spectre.Console\Spectre.Console\Widgets\Prompt\Rendering\RenderableSelectionList.cs(20,19): warning CS8632: The annotation for nullable reference types should only be used in code within a '#nullable' annotations context. [C:\Source\OASIS-master\External Libs\Spectre.Console\Spectre.Console\Spectre.Console.csproj::TargetFramework=netstandard2.0]
C:\Source\OASIS-master\External Libs\Spectre.Console\Spectre.Console\Widgets\Figlet\FigletFont.cs(111,33): warning CS8632: The annotation for nullable reference types should only be used in code within a '#nullable' annotations context. [C:\Source\OASIS-master\External Libs\Spectre.Console\Spectre.Console\Spectre.Console.csproj::TargetFramework=netstandard2.0]
C:\Source\OASIS-master\External Libs\Spectre.Console\Spectre.Console\Widgets\Prompt\SelectionPrompt.cs(17,22): warning CS8632: The annotation for nullable reference types should only be used in code within a '#nullable' annotations context. [C:\Source\OASIS-master\External Libs\Spectre.Console\Spectre.Console\Spectre.Console.csproj::TargetFramework=netstandard2.0]
C:\Source\OASIS-master\External Libs\Spectre.Console\Spectre.Console\Widgets\Prompt\SelectionPrompt.cs(28,31): warning CS8632: The annotation for nullable reference types should only be used in code within a '#nullable' annotations context. [C:\Source\OASIS-master\External Libs\Spectre.Console\Spectre.Console\Spectre.Console.csproj::TargetFramework=netstandard2.0]
C:\Source\OASIS-master\External Libs\Spectre.Console\Spectre.Console\Widgets\Prompt\SelectionPrompt.cs(39,21): warning CS8632: The annotation for nullable reference types should only be used in code within a '#nullable' annotations context. [C:\Source\OASIS-master\External Libs\Spectre.Console\Spectre.Console\Spectre.Console.csproj::TargetFramework=netstandard2.0]
C:\Source\OASIS-master\External Libs\Spectre.Console\Spectre.Console\Widgets\Prompt\SelectionPrompt.cs(44,22): warning CS8632: The annotation for nullable reference types should only be used in code within a '#nullable' annotations context. [C:\Source\OASIS-master\External Libs\Spectre.Console\Spectre.Console\Spectre.Console.csproj::TargetFramework=netstandard2.0]
C:\Source\OASIS-master\External Libs\Spectre.Console\Spectre.Console\Widgets\Prompt\SelectionPromptExtensions.cs(72,86): warning CS8632: The annotation for nullable reference types should only be used in code within a '#nullable' annotations context. [C:\Source\OASIS-master\External Libs\Spectre.Console\Spectre.Console\Spectre.Console.csproj::TargetFramework=netstandard2.0]
C:\Source\OASIS-master\External Libs\Spectre.Console\Spectre.Console\Widgets\Prompt\SelectionPromptExtensions.cs(131,96): warning CS8632: The annotation for nullable reference types should only be used in code within a '#nullable' annotations context. [C:\Source\OASIS-master\External Libs\Spectre.Console\Spectre.Console\Spectre.Console.csproj::TargetFramework=netstandard2.0]
C:\Source\OASIS-master\External Libs\Spectre.Console\Spectre.Console\Cli\Internal\CommandValidator.cs(5,66): warning CS8632: The annotation for nullable reference types should only be used in code within a '#nullable' annotations context. [C:\Source\OASIS-master\External Libs\Spectre.Console\Spectre.Console\Spectre.Console.csproj::TargetFramework=netstandard2.0]
C:\Source\OASIS-master\External Libs\Spectre.Console\Spectre.Console\Rendering\Segment.cs(423,48): warning CS8632: The annotation for nullable reference types should only be used in code within a '#nullable' annotations context. [C:\Source\OASIS-master\External Libs\Spectre.Console\Spectre.Console\Spectre.Console.csproj::TargetFramework=netstandard2.0]
C:\Source\OASIS-master\External Libs\Spectre.Console\Spectre.Console\Rendering\Segment.cs(423,30): warning CS8632: The annotation for nullable reference types should only be used in code within a '#nullable' annotations context. [C:\Source\OASIS-master\External Libs\Spectre.Console\Spectre.Console\Spectre.Console.csproj::TargetFramework=netstandard2.0]
C:\Source\OASIS-master\External Libs\Spectre.Console\Spectre.Console\Cli\Internal\Collections\MultiMap.cs(163,32): warning CS8632: The annotation for nullable reference types should only be used in code within a '#nullable' annotations context. [C:\Source\OASIS-master\External Libs\Spectre.Console\Spectre.Console\Spectre.Console.csproj::TargetFramework=netstandard2.0]
C:\Source\OASIS-master\External Libs\Spectre.Console\Spectre.Console\Cli\Internal\Collections\MultiMap.cs(163,45): warning CS8632: The annotation for nullable reference types should only be used in code within a '#nullable' annotations context. [C:\Source\OASIS-master\External Libs\Spectre.Console\Spectre.Console\Spectre.Console.csproj::TargetFramework=netstandard2.0]
C:\Source\OASIS-master\External Libs\Spectre.Console\Spectre.Console\Widgets\Prompt\SelectionPromptExtensions.cs(149,102): warning CS8632: The annotation for nullable reference types should only be used in code within a '#nullable' annotations context. [C:\Source\OASIS-master\External Libs\Spectre.Console\Spectre.Console\Spectre.Console.csproj::TargetFramework=netstandard2.0]
C:\Source\OASIS-master\External Libs\Spectre.Console\Spectre.Console\Widgets\Table\TableRenderer.cs(159,102): warning CS8632: The annotation for nullable reference types should only be used in code within a '#nullable' annotations context. [C:\Source\OASIS-master\External Libs\Spectre.Console\Spectre.Console\Spectre.Console.csproj::TargetFramework=netstandard2.0]
C:\Source\OASIS-master\External Libs\Spectre.Console\Spectre.Console\Widgets\Prompt\TextPrompt.cs(23,21): warning CS8632: The annotation for nullable reference types should only be used in code within a '#nullable' annotations context. [C:\Source\OASIS-master\External Libs\Spectre.Console\Spectre.Console\Spectre.Console.csproj::TargetFramework=netstandard2.0]
C:\Source\OASIS-master\External Libs\Spectre.Console\Spectre.Console\Widgets\Prompt\TextPrompt.cs(67,31): warning CS8632: The annotation for nullable reference types should only be used in code within a '#nullable' annotations context. [C:\Source\OASIS-master\External Libs\Spectre.Console\Spectre.Console\Spectre.Console.csproj::TargetFramework=netstandard2.0]
C:\Source\OASIS-master\External Libs\Spectre.Console\Spectre.Console\Widgets\Prompt\TextPrompt.cs(72,41): warning CS8632: The annotation for nullable reference types should only be used in code within a '#nullable' annotations context. [C:\Source\OASIS-master\External Libs\Spectre.Console\Spectre.Console\Spectre.Console.csproj::TargetFramework=netstandard2.0]
C:\Source\OASIS-master\External Libs\Spectre.Console\Spectre.Console\Widgets\Table\TableRendererContext.cs(37,26): warning CS8632: The annotation for nullable reference types should only be used in code within a '#nullable' annotations context. [C:\Source\OASIS-master\External Libs\Spectre.Console\Spectre.Console\Spectre.Console.csproj::TargetFramework=netstandard2.0]
C:\Source\OASIS-master\External Libs\Spectre.Console\Spectre.Console\Widgets\Table\TableRendererContext.cs(38,26): warning CS8632: The annotation for nullable reference types should only be used in code within a '#nullable' annotations context. [C:\Source\OASIS-master\External Libs\Spectre.Console\Spectre.Console\Spectre.Console.csproj::TargetFramework=netstandard2.0]
C:\Source\OASIS-master\External Libs\Spectre.Console\Spectre.Console\Widgets\Prompt\TextPrompt.cs(77,39): warning CS8632: The annotation for nullable reference types should only be used in code within a '#nullable' annotations context. [C:\Source\OASIS-master\External Libs\Spectre.Console\Spectre.Console\Spectre.Console.csproj::TargetFramework=netstandard2.0]
C:\Source\OASIS-master\External Libs\Spectre.Console\Spectre.Console\Widgets\Prompt\TextPrompt.cs(208,77): warning CS8632: The annotation for nullable reference types should only be used in code within a '#nullable' annotations context. [C:\Source\OASIS-master\External Libs\Spectre.Console\Spectre.Console\Spectre.Console.csproj::TargetFramework=netstandard2.0]
C:\Source\OASIS-master\External Libs\Spectre.Console\Spectre.Console\Widgets\Prompt\TextPrompt.cs(18,40): warning CS8632: The annotation for nullable reference types should only be used in code within a '#nullable' annotations context. [C:\Source\OASIS-master\External Libs\Spectre.Console\Spectre.Console\Spectre.Console.csproj::TargetFramework=netstandard2.0]
C:\Source\OASIS-master\External Libs\Spectre.Console\Spectre.Console\Widgets\Prompt\TextPrompt.cs(84,56): warning CS8632: The annotation for nullable reference types should only be used in code within a '#nullable' annotations context. [C:\Source\OASIS-master\External Libs\Spectre.Console\Spectre.Console\Spectre.Console.csproj::TargetFramework=netstandard2.0]
C:\Source\OASIS-master\External Libs\Spectre.Console\Spectre.Console\Widgets\Table\TableTitle.cs(18,21): warning CS8632: The annotation for nullable reference types should only be used in code within a '#nullable' annotations context. [C:\Source\OASIS-master\External Libs\Spectre.Console\Spectre.Console\Spectre.Console.csproj::TargetFramework=netstandard2.0]
C:\Source\OASIS-master\External Libs\Spectre.Console\Spectre.Console\Widgets\Table\TableTitle.cs(36,41): warning CS8632: The annotation for nullable reference types should only be used in code within a '#nullable' annotations context. [C:\Source\OASIS-master\External Libs\Spectre.Console\Spectre.Console\Spectre.Console.csproj::TargetFramework=netstandard2.0]
C:\Source\OASIS-master\External Libs\Spectre.Console\Spectre.Console\Widgets\Table\TableTitle.cs(25,45): warning CS8632: The annotation for nullable reference types should only be used in code within a '#nullable' annotations context. [C:\Source\OASIS-master\External Libs\Spectre.Console\Spectre.Console\Spectre.Console.csproj::TargetFramework=netstandard2.0]
C:\Source\OASIS-master\External Libs\Spectre.Console\Spectre.Console\Extensions\Progress\SpinnerColumnExtensions.cs(16,75): warning CS8632: The annotation for nullable reference types should only be used in code within a '#nullable' annotations context. [C:\Source\OASIS-master\External Libs\Spectre.Console\Spectre.Console\Spectre.Console.csproj::TargetFramework=netstandard2.0]
C:\Source\OASIS-master\External Libs\Spectre.Console\Spectre.Console\Cli\Internal\Configuration\CommandAppSettings.cs(7,22): warning CS8632: The annotation for nullable reference types should only be used in code within a '#nullable' annotations context. [C:\Source\OASIS-master\External Libs\Spectre.Console\Spectre.Console\Spectre.Console.csproj::TargetFramework=netstandard2.0]
C:\Source\OASIS-master\External Libs\Spectre.Console\Spectre.Console\Extensions\Progress\SpinnerColumnExtensions.cs(34,84): warning CS8632: The annotation for nullable reference types should only be used in code within a '#nullable' annotations context. [C:\Source\OASIS-master\External Libs\Spectre.Console\Spectre.Console\Spectre.Console.csproj::TargetFramework=netstandard2.0]
C:\Source\OASIS-master\External Libs\Spectre.Console\Spectre.Console\Cli\Internal\Configuration\CommandAppSettings.cs(8,22): warning CS8632: The annotation for nullable reference types should only be used in code within a '#nullable' annotations context. [C:\Source\OASIS-master\External Libs\Spectre.Console\Spectre.Console\Spectre.Console.csproj::TargetFramework=netstandard2.0]
C:\Source\OASIS-master\External Libs\Spectre.Console\Spectre.Console\Extensions\Progress\SpinnerColumnExtensions.cs(51,84): warning CS8632: The annotation for nullable reference types should only be used in code within a '#nullable' annotations context. [C:\Source\OASIS-master\External Libs\Spectre.Console\Spectre.Console\Spectre.Console.csproj::TargetFramework=netstandard2.0]
C:\Source\OASIS-master\External Libs\Spectre.Console\Spectre.Console\Cli\Internal\Configuration\CommandAppSettings.cs(9,28): warning CS8632: The annotation for nullable reference types should only be used in code within a '#nullable' annotations context. [C:\Source\OASIS-master\External Libs\Spectre.Console\Spectre.Console\Spectre.Console.csproj::TargetFramework=netstandard2.0]
C:\Source\OASIS-master\External Libs\Spectre.Console\Spectre.Console\Cli\Internal\Composition\Activators.cs(17,23): warning CS8632: The annotation for nullable reference types should only be used in code within a '#nullable' annotations context. [C:\Source\OASIS-master\External Libs\Spectre.Console\Spectre.Console\Spectre.Console.csproj::TargetFramework=netstandard2.0]
C:\Source\OASIS-master\External Libs\Spectre.Console\Spectre.Console\Cli\Internal\Configuration\CommandAppSettings.cs(10,35): warning CS8632: The annotation for nullable reference types should only be used in code within a '#nullable' annotations context. [C:\Source\OASIS-master\External Libs\Spectre.Console\Spectre.Console\Spectre.Console.csproj::TargetFramework=netstandard2.0]
C:\Source\OASIS-master\External Libs\Spectre.Console\Spectre.Console\Extensions\Progress\StatusContextExtensions.cs(50,83): warning CS8632: The annotation for nullable reference types should only be used in code within a '#nullable' annotations context. [C:\Source\OASIS-master\External Libs\Spectre.Console\Spectre.Console\Spectre.Console.csproj::TargetFramework=netstandard2.0]
C:\Source\OASIS-master\External Libs\Spectre.Console\Spectre.Console\Cli\Internal\Modelling\CommandModel.cs(11,22): warning CS8632: The annotation for nullable reference types should only be used in code within a '#nullable' annotations context. [C:\Source\OASIS-master\External Libs\Spectre.Console\Spectre.Console\Spectre.Console.csproj::TargetFramework=netstandard2.0]
C:\Source\OASIS-master\External Libs\Spectre.Console\Spectre.Console\Cli\Internal\Modelling\CommandModel.cs(13,27): warning CS8632: The annotation for nullable reference types should only be used in code within a '#nullable' annotations context. [C:\Source\OASIS-master\External Libs\Spectre.Console\Spectre.Console\Spectre.Console.csproj::TargetFramework=netstandard2.0]
C:\Source\OASIS-master\External Libs\Spectre.Console\Spectre.Console\Cli\Internal\Modelling\CommandModel.cs(38,30): warning CS8632: The annotation for nullable reference types should only be used in code within a '#nullable' annotations context. [C:\Source\OASIS-master\External Libs\Spectre.Console\Spectre.Console\Spectre.Console.csproj::TargetFramework=netstandard2.0]
C:\Source\OASIS-master\External Libs\Spectre.Console\Spectre.Console\Cli\Internal\Modelling\CommandModel.cs(19,24): warning CS8632: The annotation for nullable reference types should only be used in code within a '#nullable' annotations context. [C:\Source\OASIS-master\External Libs\Spectre.Console\Spectre.Console\Spectre.Console.csproj::TargetFramework=netstandard2.0]
C:\Source\OASIS-master\External Libs\Spectre.Console\Spectre.Console\Cli\Internal\Composition\ComponentRegistration.cs(12,96): warning CS8632: The annotation for nullable reference types should only be used in code within a '#nullable' annotations context. [C:\Source\OASIS-master\External Libs\Spectre.Console\Spectre.Console\Spectre.Console.csproj::TargetFramework=netstandard2.0]
C:\Source\OASIS-master\External Libs\Spectre.Console\Spectre.Console\Cli\Internal\Modelling\CommandModelBuilder.cs(51,53): warning CS8632: The annotation for nullable reference types should only be used in code within a '#nullable' annotations context. [C:\Source\OASIS-master\External Libs\Spectre.Console\Spectre.Console\Spectre.Console.csproj::TargetFramework=netstandard2.0]
C:\Source\OASIS-master\External Libs\Spectre.Console\Spectre.Console\Cli\Internal\Modelling\CommandModelBuilder.cs(218,39): warning CS8632: The annotation for nullable reference types should only be used in code within a '#nullable' annotations context. [C:\Source\OASIS-master\External Libs\Spectre.Console\Spectre.Console\Spectre.Console.csproj::TargetFramework=netstandard2.0]
C:\Source\OASIS-master\External Libs\Spectre.Console\Spectre.Console\Cli\Internal\Modelling\CommandModelBuilder.cs(219,35): warning CS8632: The annotation for nullable reference types should only be used in code within a '#nullable' annotations context. [C:\Source\OASIS-master\External Libs\Spectre.Console\Spectre.Console\Spectre.Console.csproj::TargetFramework=netstandard2.0]
C:\Source\OASIS-master\External Libs\Spectre.Console\Spectre.Console\Rendering\SegmentLineIterator.cs(22,15): warning CS8632: The annotation for nullable reference types should only be used in code within a '#nullable' annotations context. [C:\Source\OASIS-master\External Libs\Spectre.Console\Spectre.Console\Spectre.Console.csproj::TargetFramework=netstandard2.0]
C:\Source\OASIS-master\External Libs\Spectre.Console\Spectre.Console\Rendering\Tree\BoldLineTreeGuide.cs(11,34): warning CS8632: The annotation for nullable reference types should only be used in code within a '#nullable' annotations context. [C:\Source\OASIS-master\External Libs\Spectre.Console\Spectre.Console\Spectre.Console.csproj::TargetFramework=netstandard2.0]
C:\Source\OASIS-master\External Libs\Spectre.Console\Spectre.Console\Cli\Internal\Modelling\CommandModelValidator.cs(50,49): warning CS8632: The annotation for nullable reference types should only be used in code within a '#nullable' annotations context. [C:\Source\OASIS-master\External Libs\Spectre.Console\Spectre.Console\Spectre.Console.csproj::TargetFramework=netstandard2.0]
C:\Source\OASIS-master\External Libs\Spectre.Console\Spectre.Console\Rendering\Tree\DoubleLineTreeGuide.cs(11,34): warning CS8632: The annotation for nullable reference types should only be used in code within a '#nullable' annotations context. [C:\Source\OASIS-master\External Libs\Spectre.Console\Spectre.Console\Spectre.Console.csproj::TargetFramework=netstandard2.0]
C:\Source\OASIS-master\External Libs\Spectre.Console\Spectre.Console\Rendering\Tree\LineTreeGuide.cs(11,34): warning CS8632: The annotation for nullable reference types should only be used in code within a '#nullable' annotations context. [C:\Source\OASIS-master\External Libs\Spectre.Console\Spectre.Console\Spectre.Console.csproj::TargetFramework=netstandard2.0]
C:\Source\OASIS-master\External Libs\Spectre.Console\Spectre.Console\Cli\ITypeResolver.cs(15,29): warning CS8632: The annotation for nullable reference types should only be used in code within a '#nullable' annotations context. [C:\Source\OASIS-master\External Libs\Spectre.Console\Spectre.Console\Spectre.Console.csproj::TargetFramework=netstandard2.0]
C:\Source\OASIS-master\External Libs\Spectre.Console\Spectre.Console\Cli\ITypeResolver.cs(15,15): warning CS8632: The annotation for nullable reference types should only be used in code within a '#nullable' annotations context. [C:\Source\OASIS-master\External Libs\Spectre.Console\Spectre.Console\Spectre.Console.csproj::TargetFramework=netstandard2.0]
C:\Source\OASIS-master\External Libs\Spectre.Console\Spectre.Console\Cli\Internal\Modelling\CommandOption.cs(12,22): warning CS8632: The annotation for nullable reference types should only be used in code within a '#nullable' annotations context. [C:\Source\OASIS-master\External Libs\Spectre.Console\Spectre.Console\Spectre.Console.csproj::TargetFramework=netstandard2.0]
C:\Source\OASIS-master\External Libs\Spectre.Console\Spectre.Console\Cli\PairDeconstuctor.cs(17,71): warning CS8632: The annotation for nullable reference types should only be used in code within a '#nullable' annotations context. [C:\Source\OASIS-master\External Libs\Spectre.Console\Spectre.Console\Spectre.Console.csproj::TargetFramework=netstandard2.0]
C:\Source\OASIS-master\External Libs\Spectre.Console\Spectre.Console\Cli\Internal\Modelling\CommandOption.cs(17,91): warning CS8632: The annotation for nullable reference types should only be used in code within a '#nullable' annotations context. [C:\Source\OASIS-master\External Libs\Spectre.Console\Spectre.Console\Spectre.Console.csproj::TargetFramework=netstandard2.0]
C:\Source\OASIS-master\External Libs\Spectre.Console\Spectre.Console\Cli\Internal\Modelling\CommandOption.cs(18,35): warning CS8632: The annotation for nullable reference types should only be used in code within a '#nullable' annotations context. [C:\Source\OASIS-master\External Libs\Spectre.Console\Spectre.Console\Spectre.Console.csproj::TargetFramework=netstandard2.0]
C:\Source\OASIS-master\External Libs\Spectre.Console\Spectre.Console\Cli\Internal\Modelling\CommandOption.cs(18,74): warning CS8632: The annotation for nullable reference types should only be used in code within a '#nullable' annotations context. [C:\Source\OASIS-master\External Libs\Spectre.Console\Spectre.Console\Spectre.Console.csproj::TargetFramework=netstandard2.0]
C:\Source\OASIS-master\External Libs\Spectre.Console\Spectre.Console\Cli\Internal\Modelling\CommandOption.cs(20,34): warning CS8632: The annotation for nullable reference types should only be used in code within a '#nullable' annotations context. [C:\Source\OASIS-master\External Libs\Spectre.Console\Spectre.Console\Spectre.Console.csproj::TargetFramework=netstandard2.0]
C:\Source\OASIS-master\External Libs\Spectre.Console\Spectre.Console\Cli\Internal\Modelling\CommandParameter.cs(15,22): warning CS8632: The annotation for nullable reference types should only be used in code within a '#nullable' annotations context. [C:\Source\OASIS-master\External Libs\Spectre.Console\Spectre.Console\Spectre.Console.csproj::TargetFramework=netstandard2.0]
C:\Source\OASIS-master\External Libs\Spectre.Console\Spectre.Console\Cli\Internal\Modelling\CommandParameter.cs(16,37): warning CS8632: The annotation for nullable reference types should only be used in code within a '#nullable' annotations context. [C:\Source\OASIS-master\External Libs\Spectre.Console\Spectre.Console\Spectre.Console.csproj::TargetFramework=netstandard2.0]
C:\Source\OASIS-master\External Libs\Spectre.Console\Spectre.Console\Cli\Internal\Modelling\CommandParameter.cs(17,38): warning CS8632: The annotation for nullable reference types should only be used in code within a '#nullable' annotations context. [C:\Source\OASIS-master\External Libs\Spectre.Console\Spectre.Console\Spectre.Console.csproj::TargetFramework=netstandard2.0]
C:\Source\OASIS-master\External Libs\Spectre.Console\Spectre.Console\Cli\Internal\Modelling\CommandParameter.cs(18,42): warning CS8632: The annotation for nullable reference types should only be used in code within a '#nullable' annotations context. [C:\Source\OASIS-master\External Libs\Spectre.Console\Spectre.Console\Spectre.Console.csproj::TargetFramework=netstandard2.0]
C:\Source\OASIS-master\External Libs\Spectre.Console\Spectre.Console\Cli\Internal\IPairDeconstructor.cs(22,19): warning CS8632: The annotation for nullable reference types should only be used in code within a '#nullable' annotations context. [C:\Source\OASIS-master\External Libs\Spectre.Console\Spectre.Console\Spectre.Console.csproj::TargetFramework=netstandard2.0]
C:\Source\OASIS-master\External Libs\Spectre.Console\Spectre.Console\Cli\Internal\IPairDeconstructor.cs(18,16): warning CS8632: The annotation for nullable reference types should only be used in code within a '#nullable' annotations context. [C:\Source\OASIS-master\External Libs\Spectre.Console\Spectre.Console\Spectre.Console.csproj::TargetFramework=netstandard2.0]
C:\Source\OASIS-master\External Libs\Spectre.Console\Spectre.Console\Cli\Internal\IPairDeconstructor.cs(18,29): warning CS8632: The annotation for nullable reference types should only be used in code within a '#nullable' annotations context. [C:\Source\OASIS-master\External Libs\Spectre.Console\Spectre.Console\Spectre.Console.csproj::TargetFramework=netstandard2.0]
C:\Source\OASIS-master\External Libs\Spectre.Console\Spectre.Console\Cli\PairDeconstuctor.cs(20,129): warning CS8632: The annotation for nullable reference types should only be used in code within a '#nullable' annotations context. [C:\Source\OASIS-master\External Libs\Spectre.Console\Spectre.Console\Spectre.Console.csproj::TargetFramework=netstandard2.0]
C:\Source\OASIS-master\External Libs\Spectre.Console\Spectre.Console\Cli\PairDeconstuctor.cs(20,16): warning CS8632: The annotation for nullable reference types should only be used in code within a '#nullable' annotations context. [C:\Source\OASIS-master\External Libs\Spectre.Console\Spectre.Console\Spectre.Console.csproj::TargetFramework=netstandard2.0]
C:\Source\OASIS-master\External Libs\Spectre.Console\Spectre.Console\Cli\PairDeconstuctor.cs(20,29): warning CS8632: The annotation for nullable reference types should only be used in code within a '#nullable' annotations context. [C:\Source\OASIS-master\External Libs\Spectre.Console\Spectre.Console\Spectre.Console.csproj::TargetFramework=netstandard2.0]
C:\Source\OASIS-master\External Libs\Spectre.Console\Spectre.Console\Cli\Internal\Modelling\CommandParameter.cs(55,84): warning CS8632: The annotation for nullable reference types should only be used in code within a '#nullable' annotations context. [C:\Source\OASIS-master\External Libs\Spectre.Console\Spectre.Console\Spectre.Console.csproj::TargetFramework=netstandard2.0]
C:\Source\OASIS-master\STAR ODK\NextGenSoftware.OASIS.STAR.WebUI\NextGenSoftware.OASIS.STAR.WebUI.csproj : warning NU1903: Package 'System.Text.Json' 8.0.0 has a known high severity vulnerability, https://github.com/advisories/GHSA-8g4q-xg66-9fp4
C:\Source\OASIS-master\External Libs\Spectre.Console\Spectre.Console\Cli\Internal\Modelling\CommandParameter.cs(146,22): warning CS8632: The annotation for nullable reference types should only be used in code within a '#nullable' annotations context. [C:\Source\OASIS-master\External Libs\Spectre.Console\Spectre.Console\Spectre.Console.csproj::TargetFramework=netstandard2.0]
C:\Source\OASIS-master\STAR ODK\NextGenSoftware.OASIS.STAR.WebUI\NextGenSoftware.OASIS.STAR.WebUI.csproj : warning NU1903: Package 'System.Text.Json' 8.0.0 has a known high severity vulnerability, https://github.com/advisories/GHSA-hh2w-p6rv-4g7w
C:\Source\OASIS-master\External Libs\Spectre.Console\Spectre.Console\Extensions\BreakdownChartExtensions.cs(146,116): warning CS8632: The annotation for nullable reference types should only be used in code within a '#nullable' annotations context. [C:\Source\OASIS-master\External Libs\Spectre.Console\Spectre.Console\Spectre.Console.csproj::TargetFramework=netstandard2.0]
C:\Source\OASIS-master\External Libs\Spectre.Console\Spectre.Console\Cli\Internal\Modelling\CommandParameter.cs(28,19): warning CS8632: The annotation for nullable reference types should only be used in code within a '#nullable' annotations context. [C:\Source\OASIS-master\External Libs\Spectre.Console\Spectre.Console\Spectre.Console.csproj::TargetFramework=netstandard2.0]
C:\Source\OASIS-master\External Libs\Spectre.Console\Spectre.Console\Cli\Internal\Modelling\CommandParameter.cs(28,56): warning CS8632: The annotation for nullable reference types should only be used in code within a '#nullable' annotations context. [C:\Source\OASIS-master\External Libs\Spectre.Console\Spectre.Console\Spectre.Console.csproj::TargetFramework=netstandard2.0]
C:\Source\OASIS-master\External Libs\Spectre.Console\Spectre.Console\Cli\Internal\Modelling\CommandParameter.cs(29,34): warning CS8632: The annotation for nullable reference types should only be used in code within a '#nullable' annotations context. [C:\Source\OASIS-master\External Libs\Spectre.Console\Spectre.Console\Spectre.Console.csproj::TargetFramework=netstandard2.0]
C:\Source\OASIS-master\External Libs\Spectre.Console\Spectre.Console\Cli\Internal\Modelling\CommandParameter.cs(30,39): warning CS8632: The annotation for nullable reference types should only be used in code within a '#nullable' annotations context. [C:\Source\OASIS-master\External Libs\Spectre.Console\Spectre.Console\Spectre.Console.csproj::TargetFramework=netstandard2.0]
C:\Source\OASIS-master\External Libs\Spectre.Console\Spectre.Console\Widgets\Prompt\TextPromptExtensions.cs(193,104): warning CS8632: The annotation for nullable reference types should only be used in code within a '#nullable' annotations context. [C:\Source\OASIS-master\External Libs\Spectre.Console\Spectre.Console\Spectre.Console.csproj::TargetFramework=netstandard2.0]
C:\Source\OASIS-master\External Libs\Spectre.Console\Spectre.Console\Cli\Internal\CommandBinder.cs(7,55): warning CS8632: The annotation for nullable reference types should only be used in code within a '#nullable' annotations context. [C:\Source\OASIS-master\External Libs\Spectre.Console\Spectre.Console\Spectre.Console.csproj::TargetFramework=netstandard2.0]
C:\Source\OASIS-master\External Libs\Spectre.Console\Spectre.Console\Widgets\Prompt\TextPromptExtensions.cs(301,93): warning CS8632: The annotation for nullable reference types should only be used in code within a '#nullable' annotations context. [C:\Source\OASIS-master\External Libs\Spectre.Console\Spectre.Console\Spectre.Console.csproj::TargetFramework=netstandard2.0]
C:\Source\OASIS-master\External Libs\Spectre.Console\Spectre.Console\Widgets\Prompt\ValidationResult.cs(16,22): warning CS8632: The annotation for nullable reference types should only be used in code within a '#nullable' annotations context. [C:\Source\OASIS-master\External Libs\Spectre.Console\Spectre.Console\Spectre.Console.csproj::TargetFramework=netstandard2.0]
C:\Source\OASIS-master\External Libs\Spectre.Console\Spectre.Console\Cli\Internal\CommandSuggestor.cs(10,75): warning CS8632: The annotation for nullable reference types should only be used in code within a '#nullable' annotations context. [C:\Source\OASIS-master\External Libs\Spectre.Console\Spectre.Console\Spectre.Console.csproj::TargetFramework=netstandard2.0]
C:\Source\OASIS-master\External Libs\Spectre.Console\Spectre.Console\Cli\Internal\CommandSuggestor.cs(10,34): warning CS8632: The annotation for nullable reference types should only be used in code within a '#nullable' annotations context. [C:\Source\OASIS-master\External Libs\Spectre.Console\Spectre.Console\Spectre.Console.csproj::TargetFramework=netstandard2.0]
C:\Source\OASIS-master\External Libs\Spectre.Console\Spectre.Console\Widgets\Prompt\ValidationResult.cs(38,52): warning CS8632: The annotation for nullable reference types should only be used in code within a '#nullable' annotations context. [C:\Source\OASIS-master\External Libs\Spectre.Console\Spectre.Console\Spectre.Console.csproj::TargetFramework=netstandard2.0]
C:\Source\OASIS-master\External Libs\Spectre.Console\Spectre.Console\Widgets\Prompt\ValidationResult.cs(18,57): warning CS8632: The annotation for nullable reference types should only be used in code within a '#nullable' annotations context. [C:\Source\OASIS-master\External Libs\Spectre.Console\Spectre.Console\Spectre.Console.csproj::TargetFramework=netstandard2.0]
C:\Source\OASIS-master\External Libs\Spectre.Console\Spectre.Console\Widgets\Rule.cs(16,22): warning CS8632: The annotation for nullable reference types should only be used in code within a '#nullable' annotations context. [C:\Source\OASIS-master\External Libs\Spectre.Console\Spectre.Console\Spectre.Console.csproj::TargetFramework=netstandard2.0]
C:\Source\OASIS-master\External Libs\Spectre.Console\Spectre.Console\Widgets\Rule.cs(21,21): warning CS8632: The annotation for nullable reference types should only be used in code within a '#nullable' annotations context. [C:\Source\OASIS-master\External Libs\Spectre.Console\Spectre.Console\Spectre.Console.csproj::TargetFramework=netstandard2.0]
C:\Source\OASIS-master\External Libs\Spectre.Console\Spectre.Console\Cli\Internal\Configuration\ConfiguredCommand.cs(10,22): warning CS8632: The annotation for nullable reference types should only be used in code within a '#nullable' annotations context. [C:\Source\OASIS-master\External Libs\Spectre.Console\Spectre.Console\Spectre.Console.csproj::TargetFramework=netstandard2.0]
C:\Source\OASIS-master\External Libs\Spectre.Console\Spectre.Console\Cli\Internal\Configuration\ConfiguredCommand.cs(11,22): warning CS8632: The annotation for nullable reference types should only be used in code within a '#nullable' annotations context. [C:\Source\OASIS-master\External Libs\Spectre.Console\Spectre.Console\Spectre.Console.csproj::TargetFramework=netstandard2.0]
C:\Source\OASIS-master\External Libs\Spectre.Console\Spectre.Console\Cli\Internal\Configuration\ConfiguredCommand.cs(12,20): warning CS8632: The annotation for nullable reference types should only be used in code within a '#nullable' annotations context. [C:\Source\OASIS-master\External Libs\Spectre.Console\Spectre.Console\Spectre.Console.csproj::TargetFramework=netstandard2.0]
C:\Source\OASIS-master\External Libs\Spectre.Console\Spectre.Console\Cli\Internal\Configuration\ConfiguredCommand.cs(14,58): warning CS8632: The annotation for nullable reference types should only be used in code within a '#nullable' annotations context. [C:\Source\OASIS-master\External Libs\Spectre.Console\Spectre.Console\Spectre.Console.csproj::TargetFramework=netstandard2.0]
C:\Source\OASIS-master\External Libs\Spectre.Console\Spectre.Console\Cli\Internal\Configuration\ConfiguredCommand.cs(63,68): warning CS8632: The annotation for nullable reference types should only be used in code within a '#nullable' annotations context. [C:\Source\OASIS-master\External Libs\Spectre.Console\Spectre.Console\Spectre.Console.csproj::TargetFramework=netstandard2.0]
C:\Source\OASIS-master\External Libs\Spectre.Console\Spectre.Console\Cli\Internal\Configuration\ConfiguredCommand.cs(23,17): warning CS8632: The annotation for nullable reference types should only be used in code within a '#nullable' annotations context. [C:\Source\OASIS-master\External Libs\Spectre.Console\Spectre.Console\Spectre.Console.csproj::TargetFramework=netstandard2.0]
C:\Source\OASIS-master\External Libs\Spectre.Console\Spectre.Console\Cli\Internal\Configuration\ConfiguredCommand.cs(25,55): warning CS8632: The annotation for nullable reference types should only be used in code within a '#nullable' annotations context. [C:\Source\OASIS-master\External Libs\Spectre.Console\Spectre.Console\Spectre.Console.csproj::TargetFramework=netstandard2.0]
C:\Source\OASIS-master\External Libs\Spectre.Console\Spectre.Console\Cli\Internal\Configuration\IConfiguration.cs(23,26): warning CS8632: The annotation for nullable reference types should only be used in code within a '#nullable' annotations context. [C:\Source\OASIS-master\External Libs\Spectre.Console\Spectre.Console\Spectre.Console.csproj::TargetFramework=netstandard2.0]
C:\Source\OASIS-master\External Libs\Spectre.Console\Spectre.Console\Cli\Internal\Configuration\TemplateParser.cs(23,26): warning CS8632: The annotation for nullable reference types should only be used in code within a '#nullable' annotations context. [C:\Source\OASIS-master\External Libs\Spectre.Console\Spectre.Console\Spectre.Console.csproj::TargetFramework=netstandard2.0]
C:\Source\OASIS-master\External Libs\Spectre.Console\Spectre.Console\Extensions\BreakdownChartExtensions.cs(163,103): warning CS8632: The annotation for nullable reference types should only be used in code within a '#nullable' annotations context. [C:\Source\OASIS-master\External Libs\Spectre.Console\Spectre.Console\Spectre.Console.csproj::TargetFramework=netstandard2.0]
C:\Source\OASIS-master\External Libs\Spectre.Console\Spectre.Console\Cli\Internal\Modelling\CommandParameterComparer.cs(9,91): warning CS8632: The annotation for nullable reference types should only be used in code within a '#nullable' annotations context. [C:\Source\OASIS-master\External Libs\Spectre.Console\Spectre.Console\Spectre.Console.csproj::TargetFramework=netstandard2.0]
C:\Source\OASIS-master\External Libs\Spectre.Console\Spectre.Console\Extensions\CalendarExtensions.cs(72,76): warning CS8632: The annotation for nullable reference types should only be used in code within a '#nullable' annotations context. [C:\Source\OASIS-master\External Libs\Spectre.Console\Spectre.Console\Spectre.Console.csproj::TargetFramework=netstandard2.0]
C:\Source\OASIS-master\External Libs\Spectre.Console\Spectre.Console\Cli\Internal\Modelling\CommandParameterComparer.cs(11,48): warning CS8632: The annotation for nullable reference types should only be used in code within a '#nullable' annotations context. [C:\Source\OASIS-master\External Libs\Spectre.Console\Spectre.Console\Spectre.Console.csproj::TargetFramework=netstandard2.0]
C:\Source\OASIS-master\External Libs\Spectre.Console\Spectre.Console\Cli\Internal\Modelling\CommandParameterComparer.cs(11,69): warning CS8632: The annotation for nullable reference types should only be used in code within a '#nullable' annotations context. [C:\Source\OASIS-master\External Libs\Spectre.Console\Spectre.Console\Spectre.Console.csproj::TargetFramework=netstandard2.0]
C:\Source\OASIS-master\External Libs\Spectre.Console\Spectre.Console\Cli\Internal\Composition\DefaultTypeResolver.cs(26,36): warning CS8632: The annotation for nullable reference types should only be used in code within a '#nullable' annotations context. [C:\Source\OASIS-master\External Libs\Spectre.Console\Spectre.Console\Spectre.Console.csproj::TargetFramework=netstandard2.0]
C:\Source\OASIS-master\External Libs\Spectre.Console\Spectre.Console\Cli\Internal\Composition\DefaultTypeResolver.cs(26,22): warning CS8632: The annotation for nullable reference types should only be used in code within a '#nullable' annotations context. [C:\Source\OASIS-master\External Libs\Spectre.Console\Spectre.Console\Spectre.Console.csproj::TargetFramework=netstandard2.0]
C:\Source\OASIS-master\External Libs\Spectre.Console\Spectre.Console\Extensions\CalendarExtensions.cs(89,73): warning CS8632: The annotation for nullable reference types should only be used in code within a '#nullable' annotations context. [C:\Source\OASIS-master\External Libs\Spectre.Console\Spectre.Console\Spectre.Console.csproj::TargetFramework=netstandard2.0]
C:\Source\OASIS-master\External Libs\Spectre.Console\Spectre.Console\Cli\Internal\Modelling\CommandParameterComparer.cs(26,52): warning CS8632: The annotation for nullable reference types should only be used in code within a '#nullable' annotations context. [C:\Source\OASIS-master\External Libs\Spectre.Console\Spectre.Console\Spectre.Console.csproj::TargetFramework=netstandard2.0]
C:\Source\OASIS-master\External Libs\Spectre.Console\Spectre.Console\Cli\Internal\Composition\DefaultTypeResolver.cs(62,53): warning CS8632: The annotation for nullable reference types should only be used in code within a '#nullable' annotations context. [C:\Source\OASIS-master\External Libs\Spectre.Console\Spectre.Console\Spectre.Console.csproj::TargetFramework=netstandard2.0]
C:\Source\OASIS-master\External Libs\Spectre.Console\Spectre.Console\Cli\Internal\Composition\DefaultTypeResolver.cs(62,22): warning CS8632: The annotation for nullable reference types should only be used in code within a '#nullable' annotations context. [C:\Source\OASIS-master\External Libs\Spectre.Console\Spectre.Console\Spectre.Console.csproj::TargetFramework=netstandard2.0]
C:\Source\OASIS-master\External Libs\Spectre.Console\Spectre.Console\Cli\Internal\Composition\DefaultTypeResolver.cs(16,53): warning CS8632: The annotation for nullable reference types should only be used in code within a '#nullable' annotations context. [C:\Source\OASIS-master\External Libs\Spectre.Console\Spectre.Console\Spectre.Console.csproj::TargetFramework=netstandard2.0]
C:\Source\OASIS-master\External Libs\Spectre.Console\Spectre.Console\Cli\Internal\Configuration\ConfigurationHelper.cs(9,27): warning CS8632: The annotation for nullable reference types should only be used in code within a '#nullable' annotations context. [C:\Source\OASIS-master\External Libs\Spectre.Console\Spectre.Console\Spectre.Console.csproj::TargetFramework=netstandard2.0]
C:\Source\OASIS-master\External Libs\Spectre.Console\Spectre.Console\Cli\Internal\Configuration\ConfigurationHelper.cs(20,57): warning CS8632: The annotation for nullable reference types should only be used in code within a '#nullable' annotations context. [C:\Source\OASIS-master\External Libs\Spectre.Console\Spectre.Console\Spectre.Console.csproj::TargetFramework=netstandard2.0]
C:\Source\OASIS-master\External Libs\Spectre.Console\Spectre.Console\Cli\Internal\Configuration\ConfigurationHelper.cs(21,43): warning CS8632: The annotation for nullable reference types should only be used in code within a '#nullable' annotations context. [C:\Source\OASIS-master\External Libs\Spectre.Console\Spectre.Console\Spectre.Console.csproj::TargetFramework=netstandard2.0]
C:\Source\OASIS-master\External Libs\Spectre.Console\Spectre.Console\Cli\Internal\DefaultPairDeconstructor.cs(15,19): warning CS8632: The annotation for nullable reference types should only be used in code within a '#nullable' annotations context. [C:\Source\OASIS-master\External Libs\Spectre.Console\Spectre.Console\Spectre.Console.csproj::TargetFramework=netstandard2.0]
C:\Source\OASIS-master\External Libs\Spectre.Console\Spectre.Console\Cli\Internal\DefaultPairDeconstructor.cs(11,16): warning CS8632: The annotation for nullable reference types should only be used in code within a '#nullable' annotations context. [C:\Source\OASIS-master\External Libs\Spectre.Console\Spectre.Console\Spectre.Console.csproj::TargetFramework=netstandard2.0]
C:\Source\OASIS-master\External Libs\Spectre.Console\Spectre.Console\Cli\Internal\DefaultPairDeconstructor.cs(11,29): warning CS8632: The annotation for nullable reference types should only be used in code within a '#nullable' annotations context. [C:\Source\OASIS-master\External Libs\Spectre.Console\Spectre.Console\Spectre.Console.csproj::TargetFramework=netstandard2.0]
C:\Source\OASIS-master\External Libs\Spectre.Console\Spectre.Console\Cli\Internal\Parsing\CommandTree.cs(10,27): warning CS8632: The annotation for nullable reference types should only be used in code within a '#nullable' annotations context. [C:\Source\OASIS-master\External Libs\Spectre.Console\Spectre.Console\Spectre.Console.csproj::TargetFramework=netstandard2.0]
C:\Source\OASIS-master\External Libs\Spectre.Console\Spectre.Console\Cli\Internal\Parsing\CommandTree.cs(11,27): warning CS8632: The annotation for nullable reference types should only be used in code within a '#nullable' annotations context. [C:\Source\OASIS-master\External Libs\Spectre.Console\Spectre.Console\Spectre.Console.csproj::TargetFramework=netstandard2.0]
C:\Source\OASIS-master\External Libs\Spectre.Console\Spectre.Console\Cli\Internal\Parsing\CommandTree.cs(14,39): warning CS8632: The annotation for nullable reference types should only be used in code within a '#nullable' annotations context. [C:\Source\OASIS-master\External Libs\Spectre.Console\Spectre.Console\Spectre.Console.csproj::TargetFramework=netstandard2.0]
C:\Source\OASIS-master\External Libs\Spectre.Console\Spectre.Console\Cli\Internal\Configuration\Configurator.cs(13,33): warning CS8632: The annotation for nullable reference types should only be used in code within a '#nullable' annotations context. [C:\Source\OASIS-master\External Libs\Spectre.Console\Spectre.Console\Spectre.Console.csproj::TargetFramework=netstandard2.0]
C:\Source\OASIS-master\External Libs\Spectre.Console\Spectre.Console\Cli\Internal\Exceptions\CommandLineTemplateExceptionFactory.cs(7,87): warning CS8632: The annotation for nullable reference types should only be used in code within a '#nullable' annotations context. [C:\Source\OASIS-master\External Libs\Spectre.Console\Spectre.Console\Spectre.Console.csproj::TargetFramework=netstandard2.0]
C:\Source\OASIS-master\External Libs\Spectre.Console\Spectre.Console\Cli\Internal\Parsing\CommandTreeExtensions.cs(8,34): warning CS8632: The annotation for nullable reference types should only be used in code within a '#nullable' annotations context. [C:\Source\OASIS-master\External Libs\Spectre.Console\Spectre.Console\Spectre.Console.csproj::TargetFramework=netstandard2.0]
C:\Source\OASIS-master\External Libs\Spectre.Console\Spectre.Console\Cli\Internal\Exceptions\CommandLineTemplateExceptionFactory.cs(12,86): warning CS8632: The annotation for nullable reference types should only be used in code within a '#nullable' annotations context. [C:\Source\OASIS-master\External Libs\Spectre.Console\Spectre.Console\Spectre.Console.csproj::TargetFramework=netstandard2.0]
C:\Source\OASIS-master\External Libs\Spectre.Console\Spectre.Console\Cli\Internal\Parsing\CommandTreeExtensions.cs(33,38): warning CS8632: The annotation for nullable reference types should only be used in code within a '#nullable' annotations context. [C:\Source\OASIS-master\External Libs\Spectre.Console\Spectre.Console\Spectre.Console.csproj::TargetFramework=netstandard2.0]
C:\Source\OASIS-master\External Libs\Spectre.Console\Spectre.Console\Cli\Internal\Parsing\CommandTreeExtensions.cs(40,36): warning CS8632: The annotation for nullable reference types should only be used in code within a '#nullable' annotations context. [C:\Source\OASIS-master\External Libs\Spectre.Console\Spectre.Console\Spectre.Console.csproj::TargetFramework=netstandard2.0]
C:\Source\OASIS-master\External Libs\Spectre.Console\Spectre.Console\Cli\Internal\Extensions\AnsiConsoleExtensions.cs(16,64): warning CS8632: The annotation for nullable reference types should only be used in code within a '#nullable' annotations context. [C:\Source\OASIS-master\External Libs\Spectre.Console\Spectre.Console\Spectre.Console.csproj::TargetFramework=netstandard2.0]
C:\Source\OASIS-master\External Libs\Spectre.Console\Spectre.Console\Cli\Internal\Extensions\AnsiConsoleExtensions.cs(21,56): warning CS8632: The annotation for nullable reference types should only be used in code within a '#nullable' annotations context. [C:\Source\OASIS-master\External Libs\Spectre.Console\Spectre.Console\Spectre.Console.csproj::TargetFramework=netstandard2.0]
C:\Source\OASIS-master\External Libs\Spectre.Console\Spectre.Console\Cli\Internal\Extensions\AnsiConsoleExtensions.cs(21,78): warning CS8632: The annotation for nullable reference types should only be used in code within a '#nullable' annotations context. [C:\Source\OASIS-master\External Libs\Spectre.Console\Spectre.Console\Spectre.Console.csproj::TargetFramework=netstandard2.0]
C:\Source\OASIS-master\External Libs\Spectre.Console\Spectre.Console\Cli\Internal\Extensions\AnsiConsoleExtensions.cs(30,56): warning CS8632: The annotation for nullable reference types should only be used in code within a '#nullable' annotations context. [C:\Source\OASIS-master\External Libs\Spectre.Console\Spectre.Console\Spectre.Console.csproj::TargetFramework=netstandard2.0]
C:\Source\OASIS-master\External Libs\Spectre.Console\Spectre.Console\Cli\Internal\Extensions\AnsiConsoleExtensions.cs(30,90): warning CS8632: The annotation for nullable reference types should only be used in code within a '#nullable' annotations context. [C:\Source\OASIS-master\External Libs\Spectre.Console\Spectre.Console\Spectre.Console.csproj::TargetFramework=netstandard2.0]
C:\Source\OASIS-master\External Libs\Spectre.Console\Spectre.Console\Cli\Internal\Commands\ExplainCommand.cs(105,59): warning CS8632: The annotation for nullable reference types should only be used in code within a '#nullable' annotations context. [C:\Source\OASIS-master\External Libs\Spectre.Console\Spectre.Console\Spectre.Console.csproj::TargetFramework=netstandard2.0]
C:\Source\OASIS-master\External Libs\Spectre.Console\Spectre.Console\Cli\Internal\Commands\ExplainCommand.cs(122,84): warning CS8632: The annotation for nullable reference types should only be used in code within a '#nullable' annotations context. [C:\Source\OASIS-master\External Libs\Spectre.Console\Spectre.Console\Spectre.Console.csproj::TargetFramework=netstandard2.0]
C:\Source\OASIS-master\External Libs\Spectre.Console\Spectre.Console\Cli\Internal\Parsing\CommandTreeParser.cs(107,24): warning CS8632: The annotation for nullable reference types should only be used in code within a '#nullable' annotations context. [C:\Source\OASIS-master\External Libs\Spectre.Console\Spectre.Console\Spectre.Console.csproj::TargetFramework=netstandard2.0]
C:\Source\OASIS-master\External Libs\Spectre.Console\Spectre.Console\Cli\Internal\Parsing\CommandTreeParser.cs(129,24): warning CS8632: The annotation for nullable reference types should only be used in code within a '#nullable' annotations context. [C:\Source\OASIS-master\External Libs\Spectre.Console\Spectre.Console\Spectre.Console.csproj::TargetFramework=netstandard2.0]
C:\Source\OASIS-master\External Libs\Spectre.Console\Spectre.Console\Cli\Internal\Commands\ExplainCommand.cs(25,37): warning CS8632: The annotation for nullable reference types should only be used in code within a '#nullable' annotations context. [C:\Source\OASIS-master\External Libs\Spectre.Console\Spectre.Console\Spectre.Console.csproj::TargetFramework=netstandard2.0]
C:\Source\OASIS-master\External Libs\Spectre.Console\Spectre.Console\Cli\Internal\Commands\ExplainCommand.cs(33,28): warning CS8632: The annotation for nullable reference types should only be used in code within a '#nullable' annotations context. [C:\Source\OASIS-master\External Libs\Spectre.Console\Spectre.Console\Spectre.Console.csproj::TargetFramework=netstandard2.0]
C:\Source\OASIS-master\External Libs\Spectre.Console\Spectre.Console\Widgets\Table\Table.cs(30,21): warning CS8632: The annotation for nullable reference types should only be used in code within a '#nullable' annotations context. [C:\Source\OASIS-master\External Libs\Spectre.Console\Spectre.Console\Spectre.Console.csproj::TargetFramework=netstandard2.0]
C:\Source\OASIS-master\External Libs\Spectre.Console\Spectre.Console\Widgets\Table\Table.cs(60,26): warning CS8632: The annotation for nullable reference types should only be used in code within a '#nullable' annotations context. [C:\Source\OASIS-master\External Libs\Spectre.Console\Spectre.Console\Spectre.Console.csproj::TargetFramework=netstandard2.0]
C:\Source\OASIS-master\External Libs\Spectre.Console\Spectre.Console\Widgets\Table\Table.cs(65,26): warning CS8632: The annotation for nullable reference types should only be used in code within a '#nullable' annotations context. [C:\Source\OASIS-master\External Libs\Spectre.Console\Spectre.Console\Spectre.Console.csproj::TargetFramework=netstandard2.0]
C:\Source\OASIS-master\External Libs\Spectre.Console\Spectre.Console\Cli\Internal\Parsing\CommandTreeTokenizer.cs(95,19): warning CS8632: The annotation for nullable reference types should only be used in code within a '#nullable' annotations context. [C:\Source\OASIS-master\External Libs\Spectre.Console\Spectre.Console\Spectre.Console.csproj::TargetFramework=netstandard2.0]
C:\Source\OASIS-master\External Libs\Spectre.Console\Spectre.Console\Cli\Internal\Parsing\CommandTreeTokenStream.cs(16,32): warning CS8632: The annotation for nullable reference types should only be used in code within a '#nullable' annotations context. [C:\Source\OASIS-master\External Libs\Spectre.Console\Spectre.Console\Spectre.Console.csproj::TargetFramework=netstandard2.0]
C:\Source\OASIS-master\External Libs\Spectre.Console\Spectre.Console\Cli\Internal\Parsing\CommandTreeTokenStream.cs(35,32): warning CS8632: The annotation for nullable reference types should only be used in code within a '#nullable' annotations context. [C:\Source\OASIS-master\External Libs\Spectre.Console\Spectre.Console\Spectre.Console.csproj::TargetFramework=netstandard2.0]
C:\Source\OASIS-master\External Libs\Spectre.Console\Spectre.Console\Cli\Internal\Parsing\CommandTreeTokenStream.cs(46,32): warning CS8632: The annotation for nullable reference types should only be used in code within a '#nullable' annotations context. [C:\Source\OASIS-master\External Libs\Spectre.Console\Spectre.Console\Spectre.Console.csproj::TargetFramework=netstandard2.0]
C:\Source\OASIS-master\External Libs\Spectre.Console\Spectre.Console\Cli\Internal\Parsing\CommandTreeTokenStream.cs(58,32): warning CS8632: The annotation for nullable reference types should only be used in code within a '#nullable' annotations context. [C:\Source\OASIS-master\External Libs\Spectre.Console\Spectre.Console\Spectre.Console.csproj::TargetFramework=netstandard2.0]
C:\Source\OASIS-master\External Libs\Spectre.Console\Spectre.Console\Cli\Internal\Parsing\MappedCommandParameter.cs(7,22): warning CS8632: The annotation for nullable reference types should only be used in code within a '#nullable' annotations context. [C:\Source\OASIS-master\External Libs\Spectre.Console\Spectre.Console\Spectre.Console.csproj::TargetFramework=netstandard2.0]
C:\Source\OASIS-master\External Libs\Spectre.Console\Spectre.Console\Cli\Internal\Parsing\MappedCommandParameter.cs(9,73): warning CS8632: The annotation for nullable reference types should only be used in code within a '#nullable' annotations context. [C:\Source\OASIS-master\External Libs\Spectre.Console\Spectre.Console\Spectre.Console.csproj::TargetFramework=netstandard2.0]
C:\Source\OASIS-master\External Libs\Spectre.Console\Spectre.Console\Cli\Internal\RemainingArguments.cs(9,38): warning CS8632: The annotation for nullable reference types should only be used in code within a '#nullable' annotations context. [C:\Source\OASIS-master\External Libs\Spectre.Console\Spectre.Console\Spectre.Console.csproj::TargetFramework=netstandard2.0]
C:\Source\OASIS-master\External Libs\Spectre.Console\Spectre.Console\Cli\Internal\Parsing\CommandTreeParser.cs(297,29): warning CS8632: The annotation for nullable reference types should only be used in code within a '#nullable' annotations context. [C:\Source\OASIS-master\External Libs\Spectre.Console\Spectre.Console\Spectre.Console.csproj::TargetFramework=netstandard2.0]
C:\Source\OASIS-master\External Libs\Spectre.Console\Spectre.Console\Cli\Internal\Parsing\CommandTreeParser.cs(292,23): warning CS8632: The annotation for nullable reference types should only be used in code within a '#nullable' annotations context. [C:\Source\OASIS-master\External Libs\Spectre.Console\Spectre.Console\Spectre.Console.csproj::TargetFramework=netstandard2.0]
C:\Source\OASIS-master\External Libs\Spectre.Console\Spectre.Console\Widgets\Table\TableColumn.cs(19,27): warning CS8632: The annotation for nullable reference types should only be used in code within a '#nullable' annotations context. [C:\Source\OASIS-master\External Libs\Spectre.Console\Spectre.Console\Spectre.Console.csproj::TargetFramework=netstandard2.0]
C:\Source\OASIS-master\External Libs\Spectre.Console\Spectre.Console\Cli\Internal\Extensions\ListExtensions.cs(26,67): warning CS8632: The annotation for nullable reference types should only be used in code within a '#nullable' annotations context. [C:\Source\OASIS-master\External Libs\Spectre.Console\Spectre.Console\Spectre.Console.csproj::TargetFramework=netstandard2.0]
C:\Source\OASIS-master\External Libs\Spectre.Console\Spectre.Console\Cli\Internal\Extensions\ListExtensions.cs(35,84): warning CS8632: The annotation for nullable reference types should only be used in code within a '#nullable' annotations context. [C:\Source\OASIS-master\External Libs\Spectre.Console\Spectre.Console\Spectre.Console.csproj::TargetFramework=netstandard2.0]
C:\Source\OASIS-master\External Libs\Spectre.Console\Spectre.Console\Cli\Internal\Parsing\CommandTreeParserContext.cs(36,60): warning CS8632: The annotation for nullable reference types should only be used in code within a '#nullable' annotations context. [C:\Source\OASIS-master\External Libs\Spectre.Console\Spectre.Console\Spectre.Console.csproj::TargetFramework=netstandard2.0]
C:\Source\OASIS-master\External Libs\Spectre.Console\Spectre.Console\Cli\Internal\Parsing\CommandTreeParserContext.cs(50,38): warning CS8632: The annotation for nullable reference types should only be used in code within a '#nullable' annotations context. [C:\Source\OASIS-master\External Libs\Spectre.Console\Spectre.Console\Spectre.Console.csproj::TargetFramework=netstandard2.0]
C:\Source\OASIS-master\External Libs\Spectre.Console\Spectre.Console\Cli\Internal\Parsing\CommandTreeParserContext.cs(11,56): warning CS8632: The annotation for nullable reference types should only be used in code within a '#nullable' annotations context. [C:\Source\OASIS-master\External Libs\Spectre.Console\Spectre.Console\Spectre.Console.csproj::TargetFramework=netstandard2.0]
C:\Source\OASIS-master\External Libs\Spectre.Console\Spectre.Console\Cli\Internal\Extensions\XmlElementExtensions.cs(12,93): warning CS8632: The annotation for nullable reference types should only be used in code within a '#nullable' annotations context. [C:\Source\OASIS-master\External Libs\Spectre.Console\Spectre.Console\Spectre.Console.csproj::TargetFramework=netstandard2.0]
C:\Source\OASIS-master\External Libs\Spectre.Console\Spectre.Console\Cli\Internal\Extensions\XmlElementExtensions.cs(17,106): warning CS8632: The annotation for nullable reference types should only be used in code within a '#nullable' annotations context. [C:\Source\OASIS-master\External Libs\Spectre.Console\Spectre.Console\Spectre.Console.csproj::TargetFramework=netstandard2.0]
C:\Source\OASIS-master\External Libs\Spectre.Console\Spectre.Console\Cli\Internal\Parsing\CommandTreeParserResult.cs(6,27): warning CS8632: The annotation for nullable reference types should only be used in code within a '#nullable' annotations context. [C:\Source\OASIS-master\External Libs\Spectre.Console\Spectre.Console\Spectre.Console.csproj::TargetFramework=netstandard2.0]
C:\Source\OASIS-master\External Libs\Spectre.Console\Spectre.Console\Cli\Internal\Parsing\CommandTreeParserResult.cs(9,51): warning CS8632: The annotation for nullable reference types should only be used in code within a '#nullable' annotations context. [C:\Source\OASIS-master\External Libs\Spectre.Console\Spectre.Console\Spectre.Console.csproj::TargetFramework=netstandard2.0]
C:\Source\OASIS-master\External Libs\Spectre.Console\Spectre.Console\Cli\Internal\HelpWriter.cs(78,92): warning CS8632: The annotation for nullable reference types should only be used in code within a '#nullable' annotations context. [C:\Source\OASIS-master\External Libs\Spectre.Console\Spectre.Console\Spectre.Console.csproj::TargetFramework=netstandard2.0]
C:\Source\OASIS-master\External Libs\Spectre.Console\Spectre.Console\Cli\Internal\HelpWriter.cs(93,89): warning CS8632: The annotation for nullable reference types should only be used in code within a '#nullable' annotations context. [C:\Source\OASIS-master\External Libs\Spectre.Console\Spectre.Console\Spectre.Console.csproj::TargetFramework=netstandard2.0]
C:\Source\OASIS-master\External Libs\Spectre.Console\Spectre.Console\Cli\Internal\HelpWriter.cs(166,92): warning CS8632: The annotation for nullable reference types should only be used in code within a '#nullable' annotations context. [C:\Source\OASIS-master\External Libs\Spectre.Console\Spectre.Console\Spectre.Console.csproj::TargetFramework=netstandard2.0]
C:\Source\OASIS-master\External Libs\Spectre.Console\Spectre.Console\Cli\Internal\HelpWriter.cs(223,73): warning CS8632: The annotation for nullable reference types should only be used in code within a '#nullable' annotations context. [C:\Source\OASIS-master\External Libs\Spectre.Console\Spectre.Console\Spectre.Console.csproj::TargetFramework=netstandard2.0]
C:\Source\OASIS-master\External Libs\Spectre.Console\Spectre.Console\Cli\Internal\HelpWriter.cs(261,91): warning CS8632: The annotation for nullable reference types should only be used in code within a '#nullable' annotations context. [C:\Source\OASIS-master\External Libs\Spectre.Console\Spectre.Console\Spectre.Console.csproj::TargetFramework=netstandard2.0]
C:\Source\OASIS-master\External Libs\Spectre.Console\Spectre.Console\Cli\Internal\Configuration\Configurator`1.cs(10,40): warning CS8632: The annotation for nullable reference types should only be used in code within a '#nullable' annotations context. [C:\Source\OASIS-master\External Libs\Spectre.Console\Spectre.Console\Spectre.Console.csproj::TargetFramework=netstandard2.0]
C:\Source\OASIS-master\External Libs\Spectre.Console\Spectre.Console\Cli\Internal\Configuration\Configurator`1.cs(12,70): warning CS8632: The annotation for nullable reference types should only be used in code within a '#nullable' annotations context. [C:\Source\OASIS-master\External Libs\Spectre.Console\Spectre.Console\Spectre.Console.csproj::TargetFramework=netstandard2.0]
C:\Source\OASIS-master\External Libs\Spectre.Console\Spectre.Console\Cli\Internal\HelpWriter.cs(16,26): warning CS8632: The annotation for nullable reference types should only be used in code within a '#nullable' annotations context. [C:\Source\OASIS-master\External Libs\Spectre.Console\Spectre.Console\Spectre.Console.csproj::TargetFramework=netstandard2.0]
C:\Source\OASIS-master\External Libs\Spectre.Console\Spectre.Console\Cli\Internal\HelpWriter.cs(18,81): warning CS8632: The annotation for nullable reference types should only be used in code within a '#nullable' annotations context. [C:\Source\OASIS-master\External Libs\Spectre.Console\Spectre.Console\Spectre.Console.csproj::TargetFramework=netstandard2.0]
C:\Source\OASIS-master\External Libs\Spectre.Console\Spectre.Console\Cli\Internal\HelpWriter.cs(26,70): warning CS8632: The annotation for nullable reference types should only be used in code within a '#nullable' annotations context. [C:\Source\OASIS-master\External Libs\Spectre.Console\Spectre.Console\Spectre.Console.csproj::TargetFramework=netstandard2.0]
C:\Source\OASIS-master\External Libs\Spectre.Console\Spectre.Console\Cli\Internal\HelpWriter.cs(40,26): warning CS8632: The annotation for nullable reference types should only be used in code within a '#nullable' annotations context. [C:\Source\OASIS-master\External Libs\Spectre.Console\Spectre.Console\Spectre.Console.csproj::TargetFramework=netstandard2.0]
C:\Source\OASIS-master\External Libs\Spectre.Console\Spectre.Console\Cli\Internal\HelpWriter.cs(42,26): warning CS8632: The annotation for nullable reference types should only be used in code within a '#nullable' annotations context. [C:\Source\OASIS-master\External Libs\Spectre.Console\Spectre.Console\Spectre.Console.csproj::TargetFramework=netstandard2.0]
C:\Source\OASIS-master\External Libs\Spectre.Console\Spectre.Console\Cli\Internal\HelpWriter.cs(44,66): warning CS8632: The annotation for nullable reference types should only be used in code within a '#nullable' annotations context. [C:\Source\OASIS-master\External Libs\Spectre.Console\Spectre.Console\Spectre.Console.csproj::TargetFramework=netstandard2.0]
C:\Source\OASIS-master\External Libs\Spectre.Console\Spectre.Console\Cli\Internal\HelpWriter.cs(44,105): warning CS8632: The annotation for nullable reference types should only be used in code within a '#nullable' annotations context. [C:\Source\OASIS-master\External Libs\Spectre.Console\Spectre.Console\Spectre.Console.csproj::TargetFramework=netstandard2.0]
C:\Source\OASIS-master\External Libs\Spectre.Console\Spectre.Console\Cli\Internal\HelpWriter.cs(53,88): warning CS8632: The annotation for nullable reference types should only be used in code within a '#nullable' annotations context. [C:\Source\OASIS-master\External Libs\Spectre.Console\Spectre.Console\Spectre.Console.csproj::TargetFramework=netstandard2.0]
C:\Source\OASIS-master\External Libs\Spectre.Console\Spectre.Console\Cli\IRemainingArguments.cs(14,31): warning CS8632: The annotation for nullable reference types should only be used in code within a '#nullable' annotations context. [C:\Source\OASIS-master\External Libs\Spectre.Console\Spectre.Console\Spectre.Console.csproj::TargetFramework=netstandard2.0]
C:\Source\OASIS-master\External Libs\Spectre.Console\Spectre.Console\Cli\Internal\RemainingArguments.cs(12,35): warning CS8632: The annotation for nullable reference types should only be used in code within a '#nullable' annotations context. [C:\Source\OASIS-master\External Libs\Spectre.Console\Spectre.Console\Spectre.Console.csproj::TargetFramework=netstandard2.0]
C:\Source\OASIS-master\External Libs\Spectre.Console\Spectre.Console\Cli\Internal\TextBuffer.cs(22,37): warning CS8632: The annotation for nullable reference types should only be used in code within a '#nullable' annotations context. [C:\Source\OASIS-master\External Libs\Spectre.Console\Spectre.Console\Spectre.Console.csproj::TargetFramework=netstandard2.0]
C:\Source\OASIS-master\External Libs\Spectre.Console\Spectre.Console\Cli\Internal\Modelling\CommandArgument.cs(14,91): warning CS8632: The annotation for nullable reference types should only be used in code within a '#nullable' annotations context. [C:\Source\OASIS-master\External Libs\Spectre.Console\Spectre.Console\Spectre.Console.csproj::TargetFramework=netstandard2.0]
C:\Source\OASIS-master\External Libs\Spectre.Console\Spectre.Console\Cli\Internal\Modelling\CommandArgument.cs(15,35): warning CS8632: The annotation for nullable reference types should only be used in code within a '#nullable' annotations context. [C:\Source\OASIS-master\External Libs\Spectre.Console\Spectre.Console\Spectre.Console.csproj::TargetFramework=netstandard2.0]
C:\Source\OASIS-master\External Libs\Spectre.Console\Spectre.Console\Cli\Internal\Modelling\CommandArgument.cs(15,69): warning CS8632: The annotation for nullable reference types should only be used in code within a '#nullable' annotations context. [C:\Source\OASIS-master\External Libs\Spectre.Console\Spectre.Console\Spectre.Console.csproj::TargetFramework=netstandard2.0]
C:\Source\OASIS-master\External Libs\Spectre.Console\Spectre.Console\Cli\Internal\TypeResolverAdapter.cs(14,36): warning CS8632: The annotation for nullable reference types should only be used in code within a '#nullable' annotations context. [C:\Source\OASIS-master\External Libs\Spectre.Console\Spectre.Console\Spectre.Console.csproj::TargetFramework=netstandard2.0]
C:\Source\OASIS-master\External Libs\Spectre.Console\Spectre.Console\Cli\Internal\TypeResolverAdapter.cs(14,22): warning CS8632: The annotation for nullable reference types should only be used in code within a '#nullable' annotations context. [C:\Source\OASIS-master\External Libs\Spectre.Console\Spectre.Console\Spectre.Console.csproj::TargetFramework=netstandard2.0]
C:\Source\OASIS-master\External Libs\Spectre.Console\Spectre.Console\Cli\Internal\TypeResolverAdapter.cs(7,39): warning CS8632: The annotation for nullable reference types should only be used in code within a '#nullable' annotations context. [C:\Source\OASIS-master\External Libs\Spectre.Console\Spectre.Console\Spectre.Console.csproj::TargetFramework=netstandard2.0]
C:\Source\OASIS-master\External Libs\Spectre.Console\Spectre.Console\Cli\Internal\TypeResolverAdapter.cs(9,49): warning CS8632: The annotation for nullable reference types should only be used in code within a '#nullable' annotations context. [C:\Source\OASIS-master\External Libs\Spectre.Console\Spectre.Console\Spectre.Console.csproj::TargetFramework=netstandard2.0]
C:\Source\OASIS-master\External Libs\Spectre.Console\Spectre.Console\Cli\Internal\Modelling\CommandContainerExtensions.cs(7,34): warning CS8632: The annotation for nullable reference types should only be used in code within a '#nullable' annotations context. [C:\Source\OASIS-master\External Libs\Spectre.Console\Spectre.Console\Spectre.Console.csproj::TargetFramework=netstandard2.0]
C:\Source\OASIS-master\External Libs\Spectre.Console\Spectre.Console\Cli\Internal\Modelling\CommandInfo.cs(13,22): warning CS8632: The annotation for nullable reference types should only be used in code within a '#nullable' annotations context. [C:\Source\OASIS-master\External Libs\Spectre.Console\Spectre.Console\Spectre.Console.csproj::TargetFramework=netstandard2.0]
C:\Source\OASIS-master\External Libs\Spectre.Console\Spectre.Console\Cli\Internal\Modelling\CommandInfo.cs(14,22): warning CS8632: The annotation for nullable reference types should only be used in code within a '#nullable' annotations context. [C:\Source\OASIS-master\External Libs\Spectre.Console\Spectre.Console\Spectre.Console.csproj::TargetFramework=netstandard2.0]
C:\Source\OASIS-master\External Libs\Spectre.Console\Spectre.Console\Cli\Internal\Modelling\CommandInfo.cs(15,20): warning CS8632: The annotation for nullable reference types should only be used in code within a '#nullable' annotations context. [C:\Source\OASIS-master\External Libs\Spectre.Console\Spectre.Console\Spectre.Console.csproj::TargetFramework=netstandard2.0]
C:\Source\OASIS-master\External Libs\Spectre.Console\Spectre.Console\Cli\Internal\Modelling\CommandInfo.cs(17,58): warning CS8632: The annotation for nullable reference types should only be used in code within a '#nullable' annotations context. [C:\Source\OASIS-master\External Libs\Spectre.Console\Spectre.Console\Spectre.Console.csproj::TargetFramework=netstandard2.0]
C:\Source\OASIS-master\External Libs\Spectre.Console\Spectre.Console\Cli\Internal\Modelling\CommandInfo.cs(20,27): warning CS8632: The annotation for nullable reference types should only be used in code within a '#nullable' annotations context. [C:\Source\OASIS-master\External Libs\Spectre.Console\Spectre.Console\Spectre.Console.csproj::TargetFramework=netstandard2.0]
C:\Source\OASIS-master\External Libs\Spectre.Console\Spectre.Console\Cli\Internal\Modelling\CommandInfo.cs(28,39): warning CS8632: The annotation for nullable reference types should only be used in code within a '#nullable' annotations context. [C:\Source\OASIS-master\External Libs\Spectre.Console\Spectre.Console\Spectre.Console.csproj::TargetFramework=netstandard2.0]
C:\Source\OASIS-master\External Libs\Spectre.Console\Spectre.Console\Cli\Internal\VersionHelper.cs(7,49): warning CS8632: The annotation for nullable reference types should only be used in code within a '#nullable' annotations context. [C:\Source\OASIS-master\External Libs\Spectre.Console\Spectre.Console\Spectre.Console.csproj::TargetFramework=netstandard2.0]
C:\Source\OASIS-master\External Libs\Spectre.Console\Spectre.Console\Widgets\Progress\Status.cs(16,23): warning CS8632: The annotation for nullable reference types should only be used in code within a '#nullable' annotations context. [C:\Source\OASIS-master\External Libs\Spectre.Console\Spectre.Console\Spectre.Console.csproj::TargetFramework=netstandard2.0]
C:\Source\OASIS-master\External Libs\Spectre.Console\Spectre.Console\Widgets\Progress\Status.cs(21,21): warning CS8632: The annotation for nullable reference types should only be used in code within a '#nullable' annotations context. [C:\Source\OASIS-master\External Libs\Spectre.Console\Spectre.Console\Spectre.Console.csproj::TargetFramework=netstandard2.0]
C:\Source\OASIS-master\External Libs\Spectre.Console\Spectre.Console\Widgets\Progress\StatusContext.cs(35,21): warning CS8632: The annotation for nullable reference types should only be used in code within a '#nullable' annotations context. [C:\Source\OASIS-master\External Libs\Spectre.Console\Spectre.Console\Spectre.Console.csproj::TargetFramework=netstandard2.0]
C:\Source\OASIS-master\External Libs\Spectre.Console\Spectre.Console\Color.cs(105,43): warning CS8632: The annotation for nullable reference types should only be used in code within a '#nullable' annotations context. [C:\Source\OASIS-master\External Libs\Spectre.Console\Spectre.Console\Spectre.Console.csproj::TargetFramework=netstandard2.0]
C:\Source\OASIS-master\External Libs\Spectre.Console\Spectre.Console\Enrichment\ProfileEnricher.cs(29,40): warning CS8632: The annotation for nullable reference types should only be used in code within a '#nullable' annotations context. [C:\Source\OASIS-master\External Libs\Spectre.Console\Spectre.Console\Spectre.Console.csproj::TargetFramework=netstandard2.0]
C:\Source\OASIS-master\External Libs\Spectre.Console\Spectre.Console\Enrichment\ProfileEnricher.cs(71,103): warning CS8632: The annotation for nullable reference types should only be used in code within a '#nullable' annotations context. [C:\Source\OASIS-master\External Libs\Spectre.Console\Spectre.Console\Spectre.Console.csproj::TargetFramework=netstandard2.0]
C:\Source\OASIS-master\External Libs\Spectre.Console\Spectre.Console\Cli\CommandApp.cs(126,44): warning CS8632: The annotation for nullable reference types should only be used in code within a '#nullable' annotations context. [C:\Source\OASIS-master\External Libs\Spectre.Console\Spectre.Console\Spectre.Console.csproj::TargetFramework=netstandard2.0]
C:\Source\OASIS-master\External Libs\Spectre.Console\Spectre.Console\Cli\CommandApp.cs(131,53): warning CS8632: The annotation for nullable reference types should only be used in code within a '#nullable' annotations context. [C:\Source\OASIS-master\External Libs\Spectre.Console\Spectre.Console\Spectre.Console.csproj::TargetFramework=netstandard2.0]
C:\Source\OASIS-master\External Libs\Spectre.Console\Spectre.Console\Cli\Internal\Binding\CommandValueBinder.cs(36,38): warning CS8632: The annotation for nullable reference types should only be used in code within a '#nullable' annotations context. [C:\Source\OASIS-master\External Libs\Spectre.Console\Spectre.Console\Spectre.Console.csproj::TargetFramework=netstandard2.0]
C:\Source\OASIS-master\External Libs\Spectre.Console\Spectre.Console\Cli\Internal\Binding\CommandValueLookup.cs(14,69): warning CS8632: The annotation for nullable reference types should only be used in code within a '#nullable' annotations context. [C:\Source\OASIS-master\External Libs\Spectre.Console\Spectre.Console\Spectre.Console.csproj::TargetFramework=netstandard2.0]
C:\Source\OASIS-master\External Libs\Spectre.Console\Spectre.Console\Cli\Internal\Binding\CommandConstructorBinder.cs(16,45): warning CS8632: The annotation for nullable reference types should only be used in code within a '#nullable' annotations context. [C:\Source\OASIS-master\External Libs\Spectre.Console\Spectre.Console\Spectre.Console.csproj::TargetFramework=netstandard2.0]
C:\Source\OASIS-master\External Libs\Spectre.Console\Spectre.Console\Cli\Internal\Binding\CommandValueBinder.cs(71,31): warning CS8632: The annotation for nullable reference types should only be used in code within a '#nullable' annotations context. [C:\Source\OASIS-master\External Libs\Spectre.Console\Spectre.Console\Spectre.Console.csproj::TargetFramework=netstandard2.0]
C:\Source\OASIS-master\External Libs\Spectre.Console\Spectre.Console\Cli\Internal\Binding\CommandValueBinder.cs(96,40): warning CS8632: The annotation for nullable reference types should only be used in code within a '#nullable' annotations context. [C:\Source\OASIS-master\External Libs\Spectre.Console\Spectre.Console\Spectre.Console.csproj::TargetFramework=netstandard2.0]
C:\Source\OASIS-master\External Libs\Spectre.Console\Spectre.Console\Cli\Internal\Binding\CommandValueBinder.cs(99,40): warning CS8632: The annotation for nullable reference types should only be used in code within a '#nullable' annotations context. [C:\Source\OASIS-master\External Libs\Spectre.Console\Spectre.Console\Spectre.Console.csproj::TargetFramework=netstandard2.0]
C:\Source\OASIS-master\External Libs\Spectre.Console\Spectre.Console\Cli\Internal\Parsing\CommandTreeParserContext.cs(21,60): warning CS8632: The annotation for nullable reference types should only be used in code within a '#nullable' annotations context. [C:\Source\OASIS-master\External Libs\Spectre.Console\Spectre.Console\Spectre.Console.csproj::TargetFramework=netstandard2.0]
C:\Source\OASIS-master\External Libs\Spectre.Console\Spectre.Console\Cli\Internal\Parsing\CommandTreeParserContext.cs(42,56): warning CS8632: The annotation for nullable reference types should only be used in code within a '#nullable' annotations context. [C:\Source\OASIS-master\External Libs\Spectre.Console\Spectre.Console\Spectre.Console.csproj::TargetFramework=netstandard2.0]
C:\Source\OASIS-master\External Libs\Spectre.Console\Spectre.Console\Cli\Internal\CommandSuggestor.cs(12,38): warning CS8632: The annotation for nullable reference types should only be used in code within a '#nullable' annotations context. [C:\Source\OASIS-master\External Libs\Spectre.Console\Spectre.Console\Spectre.Console.csproj::TargetFramework=netstandard2.0]
C:\Source\OASIS-master\External Libs\Spectre.Console\Spectre.Console\Cli\Internal\Parsing\CommandTreeParserContext.cs(54,60): warning CS8632: The annotation for nullable reference types should only be used in code within a '#nullable' annotations context. [C:\Source\OASIS-master\External Libs\Spectre.Console\Spectre.Console\Spectre.Console.csproj::TargetFramework=netstandard2.0]
C:\Source\OASIS-master\External Libs\Spectre.Console\Spectre.Console\Cli\Internal\Commands\ExplainCommand.cs(66,28): warning CS8632: The annotation for nullable reference types should only be used in code within a '#nullable' annotations context. [C:\Source\OASIS-master\External Libs\Spectre.Console\Spectre.Console\Spectre.Console.csproj::TargetFramework=netstandard2.0]
C:\Source\OASIS-master\External Libs\Spectre.Console\Spectre.Console\Rendering\Segment.cs(464,36): warning CS8632: The annotation for nullable reference types should only be used in code within a '#nullable' annotations context. [C:\Source\OASIS-master\External Libs\Spectre.Console\Spectre.Console\Spectre.Console.csproj::TargetFramework=netstandard2.0]
C:\Source\OASIS-master\External Libs\Spectre.Console\Spectre.Console\Cli\Internal\Modelling\CommandParameter.cs(63,42): warning CS8632: The annotation for nullable reference types should only be used in code within a '#nullable' annotations context. [C:\Source\OASIS-master\External Libs\Spectre.Console\Spectre.Console\Spectre.Console.csproj::TargetFramework=netstandard2.0]
C:\Source\OASIS-master\External Libs\Spectre.Console\Spectre.Console\Cli\Internal\Modelling\CommandParameter.cs(97,35): warning CS8632: The annotation for nullable reference types should only be used in code within a '#nullable' annotations context. [C:\Source\OASIS-master\External Libs\Spectre.Console\Spectre.Console\Spectre.Console.csproj::TargetFramework=netstandard2.0]
C:\Source\OASIS-master\External Libs\Spectre.Console\Spectre.Console\Cli\Internal\Modelling\CommandParameter.cs(121,44): warning CS8632: The annotation for nullable reference types should only be used in code within a '#nullable' annotations context. [C:\Source\OASIS-master\External Libs\Spectre.Console\Spectre.Console\Spectre.Console.csproj::TargetFramework=netstandard2.0]
C:\Source\OASIS-master\External Libs\Spectre.Console\Spectre.Console\Cli\Internal\Modelling\CommandParameter.cs(124,44): warning CS8632: The annotation for nullable reference types should only be used in code within a '#nullable' annotations context. [C:\Source\OASIS-master\External Libs\Spectre.Console\Spectre.Console\Spectre.Console.csproj::TargetFramework=netstandard2.0]
C:\Source\OASIS-master\External Libs\Spectre.Console\Spectre.Console\Widgets\Prompt\TextPrompt.cs(134,22): warning CS8632: The annotation for nullable reference types should only be used in code within a '#nullable' annotations context. [C:\Source\OASIS-master\External Libs\Spectre.Console\Spectre.Console\Spectre.Console.csproj::TargetFramework=netstandard2.0]
C:\Source\OASIS-master\External Libs\Spectre.Console\Spectre.Console\Cli\Internal\Configuration\Configurator`1.cs(85,72): warning CS8632: The annotation for nullable reference types should only be used in code within a '#nullable' annotations context. [C:\Source\OASIS-master\External Libs\Spectre.Console\Spectre.Console\Spectre.Console.csproj::TargetFramework=netstandard2.0]
C:\Source\OASIS-master\External Libs\Spectre.Console\Spectre.Console\Cli\Internal\Configuration\Configurator.cs(86,72): warning CS8632: The annotation for nullable reference types should only be used in code within a '#nullable' annotations context. [C:\Source\OASIS-master\External Libs\Spectre.Console\Spectre.Console\Spectre.Console.csproj::TargetFramework=netstandard2.0]
C:\Source\OASIS-master\External Libs\Spectre.Console\Spectre.Console\Cli\Internal\Composition\Activators.cs(76,40): warning CS8632: The annotation for nullable reference types should only be used in code within a '#nullable' annotations context. [C:\Source\OASIS-master\External Libs\Spectre.Console\Spectre.Console\Spectre.Console.csproj::TargetFramework=netstandard2.0]
C:\Source\OASIS-master\External Libs\Spectre.Console\Spectre.Console\Cli\Internal\Composition\Activators.cs(113,28): warning CS8632: The annotation for nullable reference types should only be used in code within a '#nullable' annotations context. [C:\Source\OASIS-master\External Libs\Spectre.Console\Spectre.Console\Spectre.Console.csproj::TargetFramework=netstandard2.0]
C:\Source\OASIS-master\External Libs\Spectre.Console\Spectre.Console\Widgets\Progress\Status.cs(80,40): warning CS8632: The annotation for nullable reference types should only be used in code within a '#nullable' annotations context. [C:\Source\OASIS-master\External Libs\Spectre.Console\Spectre.Console\Spectre.Console.csproj::TargetFramework=netstandard2.0]
C:\Source\OASIS-master\External Libs\Spectre.Console\Spectre.Console\StyleParser.cs(37,40): warning CS8632: The annotation for nullable reference types should only be used in code within a '#nullable' annotations context. [C:\Source\OASIS-master\External Libs\Spectre.Console\Spectre.Console\Spectre.Console.csproj::TargetFramework=netstandard2.0]
C:\Source\OASIS-master\External Libs\Spectre.Console\Spectre.Console\Widgets\Exceptions\ExceptionParser.cs(42,39): warning CS8632: The annotation for nullable reference types should only be used in code within a '#nullable' annotations context. [C:\Source\OASIS-master\External Libs\Spectre.Console\Spectre.Console\Spectre.Console.csproj::TargetFramework=netstandard2.0]
C:\Source\OASIS-master\External Libs\Spectre.Console\Spectre.Console\Widgets\Progress\Progress.cs(101,40): warning CS8632: The annotation for nullable reference types should only be used in code within a '#nullable' annotations context. [C:\Source\OASIS-master\External Libs\Spectre.Console\Spectre.Console\Spectre.Console.csproj::TargetFramework=netstandard2.0]
C:\Source\OASIS-master\External Libs\Spectre.Console\Spectre.Console\Widgets\Paragraph.cs(203,39): warning CS8632: The annotation for nullable reference types should only be used in code within a '#nullable' annotations context. [C:\Source\OASIS-master\External Libs\Spectre.Console\Spectre.Console\Spectre.Console.csproj::TargetFramework=netstandard2.0]
C:\Source\OASIS-master\OASIS Architecture\NextGenSoftware.OASIS.OASISBootLoader\NextGenSoftware.OASIS.OASISBootLoader.csproj : warning NU1608: Detected package version outside of dependency constraint: Google.Cloud.Storage.V1 3.7.0 requires Google.Api.Gax.Rest (>= 3.6.0 && < 4.0.0) but version Google.Api.Gax.Rest 4.6.0 was resolved.
C:\Source\holochain-client-csharp\NextGenSoftware.Holochain.HoloNET.Client\NextGenSoftware.Holochain.HoloNET.Client.csproj : warning NU1902: Package 'MessagePack' 2.4.59 has a known moderate severity vulnerability, https://github.com/advisories/GHSA-4qm4-8hg2-g2xm
C:\Source\OASIS-master\Providers\Cloud\NextGenSoftware.OASIS.API.Providers.GoogleCloudOASIS\NextGenSoftware.OASIS.API.Providers.GoogleCloudOASIS.csproj : warning NU1608: Detected package version outside of dependency constraint: Google.Cloud.Storage.V1 3.7.0 requires Google.Api.Gax.Rest (>= 3.6.0 && < 4.0.0) but version Google.Api.Gax.Rest 4.6.0 was resolved.
C:\Source\OASIS-master\OASIS Architecture\NextGenSoftware.OASIS.OASISBootLoader.UnitTests\NextGenSoftware.OASIS.OASISBootLoader.UnitTests.csproj : warning NU1608: Detected package version outside of dependency constraint: Google.Cloud.Storage.V1 3.7.0 requires Google.Api.Gax.Rest (>= 3.6.0 && < 4.0.0) but version Google.Api.Gax.Rest 4.6.0 was resolved.
C:\Source\OASIS-master\Providers\Other\NextGenSoftware.OASIS.API.Providers.CargoOASIS\NextGenSoftware.OASIS.API.Providers.CargoOASIS.csproj : warning NU1608: Detected package version outside of dependency constraint: Nethereum.KeyStore 4.0.5 requires Portable.BouncyCastle (>= 1.8.2 && < 1.9.0) but version Portable.BouncyCastle 1.9.0 was resolved.
C:\Source\OASIS-master\Providers\Other\NextGenSoftware.OASIS.API.Providers.CargoOASIS\NextGenSoftware.OASIS.API.Providers.CargoOASIS.csproj : warning NU1608: Detected package version outside of dependency constraint: Nethereum.Signer 4.0.5 requires Portable.BouncyCastle (>= 1.8.2 && < 1.9.0) but version Portable.BouncyCastle 1.9.0 was resolved.
C:\Program Files\dotnet\sdk\9.0.306\Sdks\Microsoft.NET.Sdk\targets\Microsoft.NET.TargetFrameworkInference.targets(187,5): warning NETSDK1215: Targeting .NET Standard prior to 2.0 is no longer recommended. See https://aka.ms/dotnet/dotnet-standard-guidance for more details. [C:\Source\OASIS-master\External Libs\net-ipfs-http-client-master\src\IpfsHttpClient.csproj::TargetFramework=netstandard14]
C:\Source\OASIS-master\Providers\Blockchain\NextGenSoftware.OASIS.API.Providers.BitcoinOASIS\BitcoinOASIS.cs(18,7): warning CS0105: The using directive for 'NextGenSoftware.OASIS.API.Core.Managers' appeared previously in this namespace [C:\Source\OASIS-master\Providers\Blockchain\NextGenSoftware.OASIS.API.Providers.BitcoinOASIS\NextGenSoftware.OASIS.API.Providers.BitcoinOASIS.csproj]
C:\Source\OASIS-master\Providers\Blockchain\NextGenSoftware.OASIS.API.Providers.BitcoinOASIS\BitcoinOASIS.cs(134,55): warning CS1998: This async method lacks 'await' operators and will run synchronously. Consider using the 'await' operator to await non-blocking API calls, or 'await Task.Run(...)' to do CPU-bound work on a background thread. [C:\Source\OASIS-master\Providers\Blockchain\NextGenSoftware.OASIS.API.Providers.BitcoinOASIS\NextGenSoftware.OASIS.API.Providers.BitcoinOASIS.csproj]
C:\Source\OASIS-master\Providers\Blockchain\NextGenSoftware.OASIS.API.Providers.BitcoinOASIS\BitcoinOASIS.cs(4065,59): warning CS1998: This async method lacks 'await' operators and will run synchronously. Consider using the 'await' operator to await non-blocking API calls, or 'await Task.Run(...)' to do CPU-bound work on a background thread. [C:\Source\OASIS-master\Providers\Blockchain\NextGenSoftware.OASIS.API.Providers.BitcoinOASIS\NextGenSoftware.OASIS.API.Providers.BitcoinOASIS.csproj]
C:\Source\OASIS-master\Providers\Blockchain\NextGenSoftware.OASIS.API.Providers.BitcoinOASIS\BitcoinOASIS.cs(4164,98): warning CS1998: This async method lacks 'await' operators and will run synchronously. Consider using the 'await' operator to await non-blocking API calls, or 'await Task.Run(...)' to do CPU-bound work on a background thread. [C:\Source\OASIS-master\Providers\Blockchain\NextGenSoftware.OASIS.API.Providers.BitcoinOASIS\NextGenSoftware.OASIS.API.Providers.BitcoinOASIS.csproj]
C:\Source\OASIS-master\Providers\Blockchain\NextGenSoftware.OASIS.API.Providers.BitcoinOASIS\BitcoinOASIS.cs(4196,79): warning CS1998: This async method lacks 'await' operators and will run synchronously. Consider using the 'await' operator to await non-blocking API calls, or 'await Task.Run(...)' to do CPU-bound work on a background thread. [C:\Source\OASIS-master\Providers\Blockchain\NextGenSoftware.OASIS.API.Providers.BitcoinOASIS\NextGenSoftware.OASIS.API.Providers.BitcoinOASIS.csproj]
C:\Source\OASIS-master\Providers\Blockchain\NextGenSoftware.OASIS.API.Providers.SOLANAOASIS\SolanaOasis.cs(94,51): warning CS1998: This async method lacks 'await' operators and will run synchronously. Consider using the 'await' operator to await non-blocking API calls, or 'await Task.Run(...)' to do CPU-bound work on a background thread. [C:\Source\OASIS-master\Providers\Blockchain\NextGenSoftware.OASIS.API.Providers.SOLANAOASIS\NextGenSoftware.OASIS.API.Providers.SOLANAOASIS.csproj]
C:\Source\OASIS-master\Providers\Blockchain\NextGenSoftware.OASIS.API.Providers.SOLANAOASIS\SolanaOasis.cs(136,51): warning CS1998: This async method lacks 'await' operators and will run synchronously. Consider using the 'await' operator to await non-blocking API calls, or 'await Task.Run(...)' to do CPU-bound work on a background thread. [C:\Source\OASIS-master\Providers\Blockchain\NextGenSoftware.OASIS.API.Providers.SOLANAOASIS\NextGenSoftware.OASIS.API.Providers.SOLANAOASIS.csproj]
C:\Source\OASIS-master\Providers\Blockchain\NextGenSoftware.OASIS.API.Providers.SOLANAOASIS\SolanaOasis.cs(1089,42): warning CS0168: The variable 'ex' is declared but never used [C:\Source\OASIS-master\Providers\Blockchain\NextGenSoftware.OASIS.API.Providers.SOLANAOASIS\NextGenSoftware.OASIS.API.Providers.SOLANAOASIS.csproj]
C:\Source\OASIS-master\Providers\Blockchain\NextGenSoftware.OASIS.API.Providers.SOLANAOASIS\SolanaOasis.cs(1185,42): warning CS0168: The variable 'ex' is declared but never used [C:\Source\OASIS-master\Providers\Blockchain\NextGenSoftware.OASIS.API.Providers.SOLANAOASIS\NextGenSoftware.OASIS.API.Providers.SOLANAOASIS.csproj]
C:\Source\OASIS-master\Providers\Blockchain\NextGenSoftware.OASIS.API.Providers.SOLANAOASIS\SolanaOasis.cs(1586,42): warning CS0168: The variable 'ex' is declared but never used [C:\Source\OASIS-master\Providers\Blockchain\NextGenSoftware.OASIS.API.Providers.SOLANAOASIS\NextGenSoftware.OASIS.API.Providers.SOLANAOASIS.csproj]
C:\Source\OASIS-master\Providers\Blockchain\NextGenSoftware.OASIS.API.Providers.SOLANAOASIS\SolanaOasis.cs(2221,42): warning CS0168: The variable 'ex' is declared but never used [C:\Source\OASIS-master\Providers\Blockchain\NextGenSoftware.OASIS.API.Providers.SOLANAOASIS\NextGenSoftware.OASIS.API.Providers.SOLANAOASIS.csproj]
C:\Source\OASIS-master\Providers\Blockchain\NextGenSoftware.OASIS.API.Providers.SOLANAOASIS\SolanaOasis.cs(2990,42): warning CS0168: The variable 'ex' is declared but never used [C:\Source\OASIS-master\Providers\Blockchain\NextGenSoftware.OASIS.API.Providers.SOLANAOASIS\NextGenSoftware.OASIS.API.Providers.SOLANAOASIS.csproj]
C:\Source\OASIS-master\Providers\Blockchain\NextGenSoftware.OASIS.API.Providers.SOLANAOASIS\SolanaOasis.cs(3091,42): warning CS0168: The variable 'ex' is declared but never used [C:\Source\OASIS-master\Providers\Blockchain\NextGenSoftware.OASIS.API.Providers.SOLANAOASIS\NextGenSoftware.OASIS.API.Providers.SOLANAOASIS.csproj]
C:\Source\OASIS-master\Providers\Blockchain\NextGenSoftware.OASIS.API.Providers.SOLANAOASIS\SolanaOasis.cs(3289,16): warning CS0219: The variable 'errorMessage' is assigned but its value is never used [C:\Source\OASIS-master\Providers\Blockchain\NextGenSoftware.OASIS.API.Providers.SOLANAOASIS\NextGenSoftware.OASIS.API.Providers.SOLANAOASIS.csproj]
C:\Source\OASIS-master\Providers\Blockchain\NextGenSoftware.OASIS.API.Providers.SOLANAOASIS\SolanaOasis.cs(3286,58): warning CS1998: This async method lacks 'await' operators and will run synchronously. Consider using the 'await' operator to await non-blocking API calls, or 'await Task.Run(...)' to do CPU-bound work on a background thread. [C:\Source\OASIS-master\Providers\Blockchain\NextGenSoftware.OASIS.API.Providers.SOLANAOASIS\NextGenSoftware.OASIS.API.Providers.SOLANAOASIS.csproj]
C:\Source\OASIS-master\Providers\Blockchain\NextGenSoftware.OASIS.API.Providers.SOLANAOASIS\SolanaOasis.cs(3416,16): warning CS0219: The variable 'errorMessage' is assigned but its value is never used [C:\Source\OASIS-master\Providers\Blockchain\NextGenSoftware.OASIS.API.Providers.SOLANAOASIS\NextGenSoftware.OASIS.API.Providers.SOLANAOASIS.csproj]
C:\Source\OASIS-master\Providers\Blockchain\NextGenSoftware.OASIS.API.Providers.SOLANAOASIS\SolanaOasis.cs(3413,58): warning CS1998: This async method lacks 'await' operators and will run synchronously. Consider using the 'await' operator to await non-blocking API calls, or 'await Task.Run(...)' to do CPU-bound work on a background thread. [C:\Source\OASIS-master\Providers\Blockchain\NextGenSoftware.OASIS.API.Providers.SOLANAOASIS\NextGenSoftware.OASIS.API.Providers.SOLANAOASIS.csproj]
C:\Source\OASIS-master\Providers\Blockchain\NextGenSoftware.OASIS.API.Providers.SOLANAOASIS\SolanaOasis.cs(3493,16): warning CS0219: The variable 'errorMessage' is assigned but its value is never used [C:\Source\OASIS-master\Providers\Blockchain\NextGenSoftware.OASIS.API.Providers.SOLANAOASIS\NextGenSoftware.OASIS.API.Providers.SOLANAOASIS.csproj]
C:\Source\OASIS-master\Providers\Blockchain\NextGenSoftware.OASIS.API.Providers.SOLANAOASIS\SolanaOasis.cs(3490,58): warning CS1998: This async method lacks 'await' operators and will run synchronously. Consider using the 'await' operator to await non-blocking API calls, or 'await Task.Run(...)' to do CPU-bound work on a background thread. [C:\Source\OASIS-master\Providers\Blockchain\NextGenSoftware.OASIS.API.Providers.SOLANAOASIS\NextGenSoftware.OASIS.API.Providers.SOLANAOASIS.csproj]
C:\Source\OASIS-master\Providers\Blockchain\NextGenSoftware.OASIS.API.Providers.SOLANAOASIS\SolanaOasis.cs(3719,16): warning CS0219: The variable 'errorMessage' is assigned but its value is never used [C:\Source\OASIS-master\Providers\Blockchain\NextGenSoftware.OASIS.API.Providers.SOLANAOASIS\NextGenSoftware.OASIS.API.Providers.SOLANAOASIS.csproj]
C:\Source\OASIS-master\Providers\Blockchain\NextGenSoftware.OASIS.API.Providers.SOLANAOASIS\SolanaOasis.cs(3716,63): warning CS1998: This async method lacks 'await' operators and will run synchronously. Consider using the 'await' operator to await non-blocking API calls, or 'await Task.Run(...)' to do CPU-bound work on a background thread. [C:\Source\OASIS-master\Providers\Blockchain\NextGenSoftware.OASIS.API.Providers.SOLANAOASIS\NextGenSoftware.OASIS.API.Providers.SOLANAOASIS.csproj]
C:\Source\OASIS-master\Providers\Blockchain\NextGenSoftware.OASIS.API.Providers.SOLANAOASIS\SolanaOasis.cs(3777,55): warning CS1998: This async method lacks 'await' operators and will run synchronously. Consider using the 'await' operator to await non-blocking API calls, or 'await Task.Run(...)' to do CPU-bound work on a background thread. [C:\Source\OASIS-master\Providers\Blockchain\NextGenSoftware.OASIS.API.Providers.SOLANAOASIS\NextGenSoftware.OASIS.API.Providers.SOLANAOASIS.csproj]
C:\Program Files\dotnet\sdk\9.0.306\Microsoft.Common.CurrentVersion.targets(2433,5): warning MSB3245: Could not resolve this reference. Could not locate the assembly "Microsoft.AspNetCore.Mvc.RazorPages". Check to make sure the assembly exists on disk. If this reference is required by your code, you may get compilation errors. [C:\Source\OASIS-master\Providers\Network\NextGenSoftware.OASIS.API.Providers.SOLIDOASIS\NextGenSoftware.OASIS.API.Providers.SOLIDOASIS.csproj]
C:\Source\OASIS-master\Providers\Blockchain\NextGenSoftware.OASIS.API.Providers.BlockStackOASIS\BlockStackOASIS.cs(24,7): warning CS0105: The using directive for 'NextGenSoftware.OASIS.API.Core.Interfaces.NFT.Responses' appeared previously in this namespace [C:\Source\OASIS-master\Providers\Blockchain\NextGenSoftware.OASIS.API.Providers.BlockStackOASIS\NextGenSoftware.OASIS.API.Providers.BlockStackOASIS.csproj]
C:\Source\OASIS-master\Providers\Blockchain\NextGenSoftware.OASIS.API.Providers.BlockStackOASIS\BlockStackOASIS.cs(58,55): warning CS1998: This async method lacks 'await' operators and will run synchronously. Consider using the 'await' operator to await non-blocking API calls, or 'await Task.Run(...)' to do CPU-bound work on a background thread. [C:\Source\OASIS-master\Providers\Blockchain\NextGenSoftware.OASIS.API.Providers.BlockStackOASIS\NextGenSoftware.OASIS.API.Providers.BlockStackOASIS.csproj]
C:\Source\OASIS-master\Providers\Blockchain\NextGenSoftware.OASIS.API.Providers.BlockStackOASIS\BlockStackOASIS.cs(80,55): warning CS1998: This async method lacks 'await' operators and will run synchronously. Consider using the 'await' operator to await non-blocking API calls, or 'await Task.Run(...)' to do CPU-bound work on a background thread. [C:\Source\OASIS-master\Providers\Blockchain\NextGenSoftware.OASIS.API.Providers.BlockStackOASIS\NextGenSoftware.OASIS.API.Providers.BlockStackOASIS.csproj]
C:\Source\OASIS-master\Providers\Blockchain\NextGenSoftware.OASIS.API.Providers.ArbitrumOASIS\ArbitrumOASIS.cs(4410,26): warning CS0168: The variable 'ex' is declared but never used [C:\Source\OASIS-master\Providers\Blockchain\NextGenSoftware.OASIS.API.Providers.ArbitrumOASIS\NextGenSoftware.OASIS.API.Providers.ArbitrumOASIS.csproj]
C:\Source\OASIS-master\Providers\Blockchain\NextGenSoftware.OASIS.API.Providers.ArbitrumOASIS\ArbitrumOASIS.cs(4446,26): warning CS0168: The variable 'ex' is declared but never used [C:\Source\OASIS-master\Providers\Blockchain\NextGenSoftware.OASIS.API.Providers.ArbitrumOASIS\NextGenSoftware.OASIS.API.Providers.ArbitrumOASIS.csproj]
C:\Source\OASIS-master\Providers\Blockchain\NextGenSoftware.OASIS.API.Providers.ArbitrumOASIS\ArbitrumOASIS.cs(4477,26): warning CS0168: The variable 'ex' is declared but never used [C:\Source\OASIS-master\Providers\Blockchain\NextGenSoftware.OASIS.API.Providers.ArbitrumOASIS\NextGenSoftware.OASIS.API.Providers.ArbitrumOASIS.csproj]
C:\Source\OASIS-master\Providers\Blockchain\NextGenSoftware.OASIS.API.Providers.ArbitrumOASIS\ArbitrumOASIS.cs(4515,26): warning CS0168: The variable 'ex' is declared but never used [C:\Source\OASIS-master\Providers\Blockchain\NextGenSoftware.OASIS.API.Providers.ArbitrumOASIS\NextGenSoftware.OASIS.API.Providers.ArbitrumOASIS.csproj]
C:\Source\OASIS-master\Providers\Blockchain\NextGenSoftware.OASIS.API.Providers.ArbitrumOASIS\ArbitrumOASIS.cs(3112,26): warning CS0168: The variable 'ex' is declared but never used [C:\Source\OASIS-master\Providers\Blockchain\NextGenSoftware.OASIS.API.Providers.ArbitrumOASIS\NextGenSoftware.OASIS.API.Providers.ArbitrumOASIS.csproj]
C:\Source\OASIS-master\Providers\Blockchain\NextGenSoftware.OASIS.API.Providers.ArbitrumOASIS\ArbitrumOASIS.cs(3148,26): warning CS0168: The variable 'ex' is declared but never used [C:\Source\OASIS-master\Providers\Blockchain\NextGenSoftware.OASIS.API.Providers.ArbitrumOASIS\NextGenSoftware.OASIS.API.Providers.ArbitrumOASIS.csproj]
C:\Source\OASIS-master\Providers\Blockchain\NextGenSoftware.OASIS.API.Providers.ArbitrumOASIS\ArbitrumOASIS.cs(3188,26): warning CS0168: The variable 'ex' is declared but never used [C:\Source\OASIS-master\Providers\Blockchain\NextGenSoftware.OASIS.API.Providers.ArbitrumOASIS\NextGenSoftware.OASIS.API.Providers.ArbitrumOASIS.csproj]
C:\Source\OASIS-master\Providers\Blockchain\NextGenSoftware.OASIS.API.Providers.ArbitrumOASIS\ArbitrumOASIS.cs(3226,26): warning CS0168: The variable 'ex' is declared but never used [C:\Source\OASIS-master\Providers\Blockchain\NextGenSoftware.OASIS.API.Providers.ArbitrumOASIS\NextGenSoftware.OASIS.API.Providers.ArbitrumOASIS.csproj]
C:\Source\OASIS-master\Providers\Blockchain\NextGenSoftware.OASIS.API.Providers.ArbitrumOASIS\ArbitrumOASIS.cs(3691,55): warning CS1998: This async method lacks 'await' operators and will run synchronously. Consider using the 'await' operator to await non-blocking API calls, or 'await Task.Run(...)' to do CPU-bound work on a background thread. [C:\Source\OASIS-master\Providers\Blockchain\NextGenSoftware.OASIS.API.Providers.ArbitrumOASIS\NextGenSoftware.OASIS.API.Providers.ArbitrumOASIS.csproj]
C:\Source\OASIS-master\Providers\Blockchain\TestProjects\NextGenSoftware.OASIS.API.Providers.EthereumOASIS.IntegrationTests\EthereumOASISIntegrationTests.cs(208,27): warning CS1998: This async method lacks 'await' operators and will run synchronously. Consider using the 'await' operator to await non-blocking API calls, or 'await Task.Run(...)' to do CPU-bound work on a background thread. [C:\Source\OASIS-master\Providers\Blockchain\TestProjects\NextGenSoftware.OASIS.API.Providers.EthereumOASIS.IntegrationTests\NextGenSoftware.OASIS.API.Providers.EthereumOASIS.IntegrationTests.csproj]
C:\Source\OASIS-master\Providers\Blockchain\TestProjects\NextGenSoftware.OASIS.API.Providers.EthereumOASIS.IntegrationTests\EthereumOASISIntegrationTests.cs(12,31): warning CS8618: Non-nullable field '_provider' must contain a non-null value when exiting constructor. Consider adding the 'required' modifier or declaring the field as nullable. [C:\Source\OASIS-master\Providers\Blockchain\TestProjects\NextGenSoftware.OASIS.API.Providers.EthereumOASIS.IntegrationTests\NextGenSoftware.OASIS.API.Providers.EthereumOASIS.IntegrationTests.csproj]
C:\Program Files\dotnet\sdk\9.0.306\Sdks\Microsoft.NET.Sdk\targets\Microsoft.NET.Sdk.targets(323,5): warning NETSDK1206: Found version-specific or distribution-specific runtime identifier(s): win7-x64. Affected libraries: Microsoft.Azure.DocumentDB.Core. In .NET 8.0 and higher, assets for version-specific and distribution-specific runtime identifiers will not be found by default. See https://aka.ms/dotnet/rid-usage for details. [C:\Source\OASIS-master\Providers\Cloud\NextGenSoftware.OASIS.API.Providers.AzureCosmosDBOASIS\NextGenSoftware.OASIS.API.Providers.AzureCosmosDBOASIS.csproj]
C:\Program Files\dotnet\sdk\9.0.306\Microsoft.Common.CurrentVersion.targets(2189,5): warning MSB9008: The referenced project ..\..\..\OASIS Architecture\NextGenSoftware.OASIS.API.Core\NextGenSoftware.OASIS.API.Core.csproj does not exist. [C:\Source\OASIS-master\Providers\Blockchain\TestProjects\NextGenSoftware.OASIS.API.Providers.BNBChainOASIS.IntegrationTests\NextGenSoftware.OASIS.API.Providers.BNBChainOASIS.IntegrationTests.csproj]
C:\Source\OASIS-master\Providers\Blockchain\TestProjects\NextGenSoftware.OASIS.API.Providers.PolygonOASIS.IntegrationTests\PolygonOASISIntegrationTests.cs(208,27): warning CS1998: This async method lacks 'await' operators and will run synchronously. Consider using the 'await' operator to await non-blocking API calls, or 'await Task.Run(...)' to do CPU-bound work on a background thread. [C:\Source\OASIS-master\Providers\Blockchain\TestProjects\NextGenSoftware.OASIS.API.Providers.PolygonOASIS.IntegrationTests\NextGenSoftware.OASIS.API.Providers.PolygonOASIS.IntegrationTests.csproj]
C:\Source\OASIS-master\Providers\Blockchain\TestProjects\NextGenSoftware.OASIS.API.Providers.PolygonOASIS.IntegrationTests\PolygonOASISIntegrationTests.cs(12,30): warning CS8618: Non-nullable field '_provider' must contain a non-null value when exiting constructor. Consider adding the 'required' modifier or declaring the field as nullable. [C:\Source\OASIS-master\Providers\Blockchain\TestProjects\NextGenSoftware.OASIS.API.Providers.PolygonOASIS.IntegrationTests\NextGenSoftware.OASIS.API.Providers.PolygonOASIS.IntegrationTests.csproj]
C:\Program Files\dotnet\sdk\9.0.306\Microsoft.Common.CurrentVersion.targets(2189,5): warning MSB9008: The referenced project ..\..\..\OASIS Architecture\NextGenSoftware.OASIS.API.Core\NextGenSoftware.OASIS.API.Core.csproj does not exist. [C:\Source\OASIS-master\Providers\Blockchain\TestProjects\NextGenSoftware.OASIS.API.Providers.BNBChainOASIS.UnitTests\NextGenSoftware.OASIS.API.Providers.BNBChainOASIS.UnitTests.csproj]
C:\Source\OASIS-master\Providers\Blockchain\TestProjects\NextGenSoftware.OASIS.API.Providers.EthereumOASIS.UnitTests\EthereumOASISTests.cs(365,27): warning CS1998: This async method lacks 'await' operators and will run synchronously. Consider using the 'await' operator to await non-blocking API calls, or 'await Task.Run(...)' to do CPU-bound work on a background thread. [C:\Source\OASIS-master\Providers\Blockchain\TestProjects\NextGenSoftware.OASIS.API.Providers.EthereumOASIS.UnitTests\NextGenSoftware.OASIS.API.Providers.EthereumOASIS.UnitTests.csproj]
C:\Source\OASIS-master\Providers\Blockchain\TestProjects\NextGenSoftware.OASIS.API.Providers.EthereumOASIS.UnitTests\EthereumOASISTests.cs(12,31): warning CS8618: Non-nullable field '_provider' must contain a non-null value when exiting constructor. Consider adding the 'required' modifier or declaring the field as nullable. [C:\Source\OASIS-master\Providers\Blockchain\TestProjects\NextGenSoftware.OASIS.API.Providers.EthereumOASIS.UnitTests\NextGenSoftware.OASIS.API.Providers.EthereumOASIS.UnitTests.csproj]
C:\Program Files\dotnet\sdk\9.0.306\Microsoft.Common.CurrentVersion.targets(2189,5): warning MSB9008: The referenced project ..\..\..\OASIS Architecture\NextGenSoftware.OASIS.API.Core\NextGenSoftware.OASIS.API.Core.csproj does not exist. [C:\Source\OASIS-master\Providers\Blockchain\TestProjects\NextGenSoftware.OASIS.API.Providers.BNBChainOASIS.TestHarness\NextGenSoftware.OASIS.API.Providers.BNBChainOASIS.TestHarness.csproj]
C:\Program Files\dotnet\sdk\9.0.306\Microsoft.Common.CurrentVersion.targets(2189,5): warning MSB9008: The referenced project ..\..\..\OASIS Architecture\NextGenSoftware.OASIS.API.Core\NextGenSoftware.OASIS.API.Core.csproj does not exist. [C:\Source\OASIS-master\Providers\Blockchain\TestProjects\NextGenSoftware.OASIS.API.Providers.FantomOASIS.IntegrationTests\NextGenSoftware.OASIS.API.Providers.FantomOASIS.IntegrationTests.csproj]
C:\Program Files\dotnet\sdk\9.0.306\Microsoft.Common.CurrentVersion.targets(2189,5): warning MSB9008: The referenced project ..\..\..\OASIS Architecture\NextGenSoftware.OASIS.API.Core\NextGenSoftware.OASIS.API.Core.csproj does not exist. [C:\Source\OASIS-master\Providers\Blockchain\TestProjects\NextGenSoftware.OASIS.API.Providers.FantomOASIS.TestHarness\NextGenSoftware.OASIS.API.Providers.FantomOASIS.TestHarness.csproj]
C:\Source\OASIS-master\Providers\Blockchain\NextGenSoftware.OASIS.API.Providers.MoralisOASIS\Entities\AvatarDetail.cs(36,37): warning CS0108: 'AvatarDetail.CreatedOASISType' hides inherited member 'HolonBase.CreatedOASISType'. Use the new keyword if hiding was intended. [C:\Source\OASIS-master\Providers\Blockchain\NextGenSoftware.OASIS.API.Providers.MoralisOASIS\NextGenSoftware.OASIS.API.Providers.MoralisDBOASIS.csproj]
C:\Source\OASIS-master\Providers\Blockchain\NextGenSoftware.OASIS.API.Providers.MoralisOASIS\MoralisOASIS.cs(90,55): warning CS1998: This async method lacks 'await' operators and will run synchronously. Consider using the 'await' operator to await non-blocking API calls, or 'await Task.Run(...)' to do CPU-bound work on a background thread. [C:\Source\OASIS-master\Providers\Blockchain\NextGenSoftware.OASIS.API.Providers.MoralisOASIS\NextGenSoftware.OASIS.API.Providers.MoralisDBOASIS.csproj]
C:\Source\OASIS-master\Providers\Blockchain\NextGenSoftware.OASIS.API.Providers.MoralisOASIS\MoralisOASIS.cs(270,58): warning CS1998: This async method lacks 'await' operators and will run synchronously. Consider using the 'await' operator to await non-blocking API calls, or 'await Task.Run(...)' to do CPU-bound work on a background thread. [C:\Source\OASIS-master\Providers\Blockchain\NextGenSoftware.OASIS.API.Providers.MoralisOASIS\NextGenSoftware.OASIS.API.Providers.MoralisDBOASIS.csproj]
C:\Source\OASIS-master\Providers\Blockchain\NextGenSoftware.OASIS.API.Providers.NEAROASIS\NEAROASIS.cs(18,7): warning CS0105: The using directive for 'NextGenSoftware.OASIS.API.Core.Interfaces.NFT.Requests' appeared previously in this namespace [C:\Source\OASIS-master\Providers\Blockchain\NextGenSoftware.OASIS.API.Providers.NEAROASIS\NextGenSoftware.OASIS.API.Providers.NEAROASIS.csproj]
C:\Source\OASIS-master\Providers\Blockchain\NextGenSoftware.OASIS.API.Providers.NEAROASIS\NEAROASIS.cs(29,7): warning CS0105: The using directive for 'NextGenSoftware.OASIS.API.Core.Objects.Wallet.Responses' appeared previously in this namespace [C:\Source\OASIS-master\Providers\Blockchain\NextGenSoftware.OASIS.API.Providers.NEAROASIS\NextGenSoftware.OASIS.API.Providers.NEAROASIS.csproj]
C:\Source\OASIS-master\Providers\Blockchain\NextGenSoftware.OASIS.API.Providers.NEAROASIS\NEAROASIS.cs(30,7): warning CS0105: The using directive for 'NextGenSoftware.OASIS.API.Core.Interfaces.Wallet.Responses' appeared previously in this namespace [C:\Source\OASIS-master\Providers\Blockchain\NextGenSoftware.OASIS.API.Providers.NEAROASIS\NextGenSoftware.OASIS.API.Providers.NEAROASIS.csproj]
C:\Source\OASIS-master\Providers\Blockchain\NextGenSoftware.OASIS.API.Providers.NEAROASIS\NEAROASIS.cs(32,7): warning CS0105: The using directive for 'NextGenSoftware.OASIS.API.Core.Objects.NFT.Requests' appeared previously in this namespace [C:\Source\OASIS-master\Providers\Blockchain\NextGenSoftware.OASIS.API.Providers.NEAROASIS\NextGenSoftware.OASIS.API.Providers.NEAROASIS.csproj]
C:\Source\OASIS-master\Providers\Blockchain\NextGenSoftware.OASIS.API.Providers.NEAROASIS\NEAROASIS.cs(33,7): warning CS0105: The using directive for 'NextGenSoftware.OASIS.API.Core.Objects.NFT' appeared previously in this namespace [C:\Source\OASIS-master\Providers\Blockchain\NextGenSoftware.OASIS.API.Providers.NEAROASIS\NextGenSoftware.OASIS.API.Providers.NEAROASIS.csproj]
C:\Source\OASIS-master\Providers\Blockchain\NextGenSoftware.OASIS.API.Providers.NEAROASIS\NEAROASIS.cs(126,55): warning CS1998: This async method lacks 'await' operators and will run synchronously. Consider using the 'await' operator to await non-blocking API calls, or 'await Task.Run(...)' to do CPU-bound work on a background thread. [C:\Source\OASIS-master\Providers\Blockchain\NextGenSoftware.OASIS.API.Providers.NEAROASIS\NextGenSoftware.OASIS.API.Providers.NEAROASIS.csproj]
C:\Source\OASIS-master\Providers\Blockchain\NextGenSoftware.OASIS.API.Providers.NEAROASIS\NEAROASIS.cs(3431,36): warning CS1998: This async method lacks 'await' operators and will run synchronously. Consider using the 'await' operator to await non-blocking API calls, or 'await Task.Run(...)' to do CPU-bound work on a background thread. [C:\Source\OASIS-master\Providers\Blockchain\NextGenSoftware.OASIS.API.Providers.NEAROASIS\NextGenSoftware.OASIS.API.Providers.NEAROASIS.csproj]
C:\Source\OASIS-master\Providers\Blockchain\NextGenSoftware.OASIS.API.Providers.NEAROASIS\NEAROASIS.cs(3454,36): warning CS1998: This async method lacks 'await' operators and will run synchronously. Consider using the 'await' operator to await non-blocking API calls, or 'await Task.Run(...)' to do CPU-bound work on a background thread. [C:\Source\OASIS-master\Providers\Blockchain\NextGenSoftware.OASIS.API.Providers.NEAROASIS\NextGenSoftware.OASIS.API.Providers.NEAROASIS.csproj]
C:\Source\OASIS-master\Providers\Blockchain\NextGenSoftware.OASIS.API.Providers.NEAROASIS\NEAROASIS.cs(3684,36): warning CS1998: This async method lacks 'await' operators and will run synchronously. Consider using the 'await' operator to await non-blocking API calls, or 'await Task.Run(...)' to do CPU-bound work on a background thread. [C:\Source\OASIS-master\Providers\Blockchain\NextGenSoftware.OASIS.API.Providers.NEAROASIS\NextGenSoftware.OASIS.API.Providers.NEAROASIS.csproj]
C:\Source\OASIS-master\Providers\Blockchain\NextGenSoftware.OASIS.API.Providers.NEAROASIS\NEAROASIS.cs(3715,41): warning CS1998: This async method lacks 'await' operators and will run synchronously. Consider using the 'await' operator to await non-blocking API calls, or 'await Task.Run(...)' to do CPU-bound work on a background thread. [C:\Source\OASIS-master\Providers\Blockchain\NextGenSoftware.OASIS.API.Providers.NEAROASIS\NextGenSoftware.OASIS.API.Providers.NEAROASIS.csproj]
C:\Source\OASIS-master\Providers\Blockchain\NextGenSoftware.OASIS.API.Providers.NEAROASIS\NEAROASIS.cs(54,33): warning CS0649: Field 'NEAROASIS._privateKey' is never assigned to, and will always have its default value null [C:\Source\OASIS-master\Providers\Blockchain\NextGenSoftware.OASIS.API.Providers.NEAROASIS\NextGenSoftware.OASIS.API.Providers.NEAROASIS.csproj]
C:\Source\OASIS-master\Providers\Blockchain\NextGenSoftware.OASIS.API.Providers.PolkadotOASIS\NextGenSoftware.OASIS.API.Providers.PolkadotOASIS.csproj : warning NU1608: Detected package version outside of dependency constraint: Google.Cloud.Storage.V1 3.7.0 requires Google.Api.Gax.Rest (>= 3.6.0 && < 4.0.0) but version Google.Api.Gax.Rest 4.6.0 was resolved.
C:\Program Files\dotnet\sdk\9.0.306\Microsoft.Common.CurrentVersion.targets(2189,5): warning MSB9008: The referenced project ..\..\..\OASIS Architecture\NextGenSoftware.OASIS.API.Core\NextGenSoftware.OASIS.API.Core.csproj does not exist. [C:\Source\OASIS-master\Providers\Blockchain\TestProjects\NextGenSoftware.OASIS.API.Providers.FantomOASIS.UnitTests\NextGenSoftware.OASIS.API.Providers.FantomOASIS.UnitTests.csproj]
C:\Source\OASIS-master\Providers\Other\NextGenSoftware.OASIS.API.Providers.SEEDSOASIS\SEEDSOASIS.cs(1530,58): warning CS0067: The event 'SEEDSOASIS.OnStorageProviderError' is never used [C:\Source\OASIS-master\Providers\Other\NextGenSoftware.OASIS.API.Providers.SEEDSOASIS\NextGenSoftware.OASIS.API.Providers.SEEDSOASIS.csproj]
C:\Source\OASIS-master\Providers\Other\NextGenSoftware.OASIS.API.Providers.PLANOASIS\PLANOASIS.cs(16,7): warning CS0105: The using directive for 'NextGenSoftware.OASIS.API.Core.Objects.Wallet.Requests' appeared previously in this namespace [C:\Source\OASIS-master\Providers\Other\NextGenSoftware.OASIS.API.Providers.PLANOASIS\NextGenSoftware.OASIS.API.Providers.PLANOASIS.csproj]
C:\Source\OASIS-master\Providers\Other\NextGenSoftware.OASIS.API.Providers.PLANOASIS\PLANOASIS.cs(67,55): warning CS1998: This async method lacks 'await' operators and will run synchronously. Consider using the 'await' operator to await non-blocking API calls, or 'await Task.Run(...)' to do CPU-bound work on a background thread. [C:\Source\OASIS-master\Providers\Other\NextGenSoftware.OASIS.API.Providers.PLANOASIS\NextGenSoftware.OASIS.API.Providers.PLANOASIS.csproj]
C:\Source\OASIS-master\Providers\Other\NextGenSoftware.OASIS.API.Providers.PLANOASIS\PLANOASIS.cs(89,55): warning CS1998: This async method lacks 'await' operators and will run synchronously. Consider using the 'await' operator to await non-blocking API calls, or 'await Task.Run(...)' to do CPU-bound work on a background thread. [C:\Source\OASIS-master\Providers\Other\NextGenSoftware.OASIS.API.Providers.PLANOASIS\NextGenSoftware.OASIS.API.Providers.PLANOASIS.csproj]
C:\Source\OASIS-master\Providers\Other\NextGenSoftware.OASIS.API.Providers.PLANOASIS\PLANOASIS.cs(709,58): warning CS1998: This async method lacks 'await' operators and will run synchronously. Consider using the 'await' operator to await non-blocking API calls, or 'await Task.Run(...)' to do CPU-bound work on a background thread. [C:\Source\OASIS-master\Providers\Other\NextGenSoftware.OASIS.API.Providers.PLANOASIS\NextGenSoftware.OASIS.API.Providers.PLANOASIS.csproj]
C:\Source\OASIS-master\Providers\Other\NextGenSoftware.OASIS.API.Providers.PLANOASIS\PLANOASIS.cs(719,64): warning CS1998: This async method lacks 'await' operators and will run synchronously. Consider using the 'await' operator to await non-blocking API calls, or 'await Task.Run(...)' to do CPU-bound work on a background thread. [C:\Source\OASIS-master\Providers\Other\NextGenSoftware.OASIS.API.Providers.PLANOASIS\NextGenSoftware.OASIS.API.Providers.PLANOASIS.csproj]
C:\Source\OASIS-master\Providers\Other\NextGenSoftware.OASIS.API.Providers.PLANOASIS\PLANOASIS.cs(729,55): warning CS1998: This async method lacks 'await' operators and will run synchronously. Consider using the 'await' operator to await non-blocking API calls, or 'await Task.Run(...)' to do CPU-bound work on a background thread. [C:\Source\OASIS-master\Providers\Other\NextGenSoftware.OASIS.API.Providers.PLANOASIS\NextGenSoftware.OASIS.API.Providers.PLANOASIS.csproj]
C:\Source\OASIS-master\Providers\Other\NextGenSoftware.OASIS.API.Providers.PLANOASIS\PLANOASIS.cs(739,55): warning CS1998: This async method lacks 'await' operators and will run synchronously. Consider using the 'await' operator to await non-blocking API calls, or 'await Task.Run(...)' to do CPU-bound work on a background thread. [C:\Source\OASIS-master\Providers\Other\NextGenSoftware.OASIS.API.Providers.PLANOASIS\NextGenSoftware.OASIS.API.Providers.PLANOASIS.csproj]
C:\Source\OASIS-master\Providers\Other\NextGenSoftware.OASIS.API.Providers.PLANOASIS\PLANOASIS.cs(749,55): warning CS1998: This async method lacks 'await' operators and will run synchronously. Consider using the 'await' operator to await non-blocking API calls, or 'await Task.Run(...)' to do CPU-bound work on a background thread. [C:\Source\OASIS-master\Providers\Other\NextGenSoftware.OASIS.API.Providers.PLANOASIS\NextGenSoftware.OASIS.API.Providers.PLANOASIS.csproj]
C:\Source\OASIS-master\Providers\Other\NextGenSoftware.OASIS.API.Providers.PLANOASIS\PLANOASIS.cs(759,55): warning CS1998: This async method lacks 'await' operators and will run synchronously. Consider using the 'await' operator to await non-blocking API calls, or 'await Task.Run(...)' to do CPU-bound work on a background thread. [C:\Source\OASIS-master\Providers\Other\NextGenSoftware.OASIS.API.Providers.PLANOASIS\NextGenSoftware.OASIS.API.Providers.PLANOASIS.csproj]
C:\Source\OASIS-master\Providers\Other\NextGenSoftware.OASIS.API.Providers.PLANOASIS\PLANOASIS.cs(769,57): warning CS1998: This async method lacks 'await' operators and will run synchronously. Consider using the 'await' operator to await non-blocking API calls, or 'await Task.Run(...)' to do CPU-bound work on a background thread. [C:\Source\OASIS-master\Providers\Other\NextGenSoftware.OASIS.API.Providers.PLANOASIS\NextGenSoftware.OASIS.API.Providers.PLANOASIS.csproj]
C:\Source\OASIS-master\Providers\Other\NextGenSoftware.OASIS.API.Providers.PLANOASIS\PLANOASIS.cs(779,57): warning CS1998: This async method lacks 'await' operators and will run synchronously. Consider using the 'await' operator to await non-blocking API calls, or 'await Task.Run(...)' to do CPU-bound work on a background thread. [C:\Source\OASIS-master\Providers\Other\NextGenSoftware.OASIS.API.Providers.PLANOASIS\NextGenSoftware.OASIS.API.Providers.PLANOASIS.csproj]
C:\Source\OASIS-master\Providers\Other\NextGenSoftware.OASIS.API.Providers.PLANOASIS\PLANOASIS.cs(809,70): warning CS1998: This async method lacks 'await' operators and will run synchronously. Consider using the 'await' operator to await non-blocking API calls, or 'await Task.Run(...)' to do CPU-bound work on a background thread. [C:\Source\OASIS-master\Providers\Other\NextGenSoftware.OASIS.API.Providers.PLANOASIS\NextGenSoftware.OASIS.API.Providers.PLANOASIS.csproj]
C:\Source\OASIS-master\Providers\Other\NextGenSoftware.OASIS.API.Providers.PLANOASIS\PLANOASIS.cs(819,70): warning CS1998: This async method lacks 'await' operators and will run synchronously. Consider using the 'await' operator to await non-blocking API calls, or 'await Task.Run(...)' to do CPU-bound work on a background thread. [C:\Source\OASIS-master\Providers\Other\NextGenSoftware.OASIS.API.Providers.PLANOASIS\NextGenSoftware.OASIS.API.Providers.PLANOASIS.csproj]
C:\Source\OASIS-master\Providers\Other\NextGenSoftware.OASIS.API.Providers.PLANOASIS\PLANOASIS.cs(958,70): warning CS1998: This async method lacks 'await' operators and will run synchronously. Consider using the 'await' operator to await non-blocking API calls, or 'await Task.Run(...)' to do CPU-bound work on a background thread. [C:\Source\OASIS-master\Providers\Other\NextGenSoftware.OASIS.API.Providers.PLANOASIS\NextGenSoftware.OASIS.API.Providers.PLANOASIS.csproj]
C:\Source\OASIS-master\Providers\Cloud\TestProjects\NextGenSoftware.OASIS.API.Providers.GoogleCloudOASIS.IntegrationTests\NextGenSoftware.OASIS.API.Providers.GoogleCloudOASIS.IntegrationTests.csproj : warning NU1608: Detected package version outside of dependency constraint: Google.Cloud.Storage.V1 3.7.0 requires Google.Api.Gax.Rest (>= 3.6.0 && < 4.0.0) but version Google.Api.Gax.Rest 4.6.0 was resolved.
C:\Source\OASIS-master\Providers\Cloud\TestProjects\NextGenSoftware.OASIS.API.Providers.GoogleCloudOASIS.UnitTests\NextGenSoftware.OASIS.API.Providers.GoogleCloudOASIS.UnitTests.csproj : warning NU1608: Detected package version outside of dependency constraint: Google.Cloud.Storage.V1 3.7.0 requires Google.Api.Gax.Rest (>= 3.6.0 && < 4.0.0) but version Google.Api.Gax.Rest 4.6.0 was resolved.
C:\Source\OASIS-master\Providers\Cloud\TestProjects\NextGenSoftware.OASIS.API.Providers.AzureCosmosDBOASIS.IntegrationTests\AzureCosmosDBOASISIntegrationTests.cs(14,36): warning CS8618: Non-nullable field '_provider' must contain a non-null value when exiting constructor. Consider adding the 'required' modifier or declaring the field as nullable. [C:\Source\OASIS-master\Providers\Cloud\TestProjects\NextGenSoftware.OASIS.API.Providers.AzureCosmosDBOASIS.IntegrationTests\NextGenSoftware.OASIS.API.Providers.AzureCosmosDBOASIS.IntegrationTests.csproj]
C:\Program Files\dotnet\sdk\9.0.306\Microsoft.Common.CurrentVersion.targets(2189,5): warning MSB9008: The referenced project ..\NextGenSoftware.OASIS.API.Providers.ActivityPubOASIS\NextGenSoftware.OASIS.API.Providers.ActivityPubOASIS.csproj does not exist. [C:\Source\OASIS-master\Providers\Network\TestProjects\NextGenSoftware.OASIS.API.Providers.ActivityPubOASIS.IntegrationTests\NextGenSoftware.OASIS.API.Providers.ActivityPubOASIS.IntegrationTests.csproj]
C:\Program Files\dotnet\sdk\9.0.306\Microsoft.Common.CurrentVersion.targets(2189,5): warning MSB9008: The referenced project ..\NextGenSoftware.OASIS.API.Providers.ActivityPubOASIS\NextGenSoftware.OASIS.API.Providers.ActivityPubOASIS.csproj does not exist. [C:\Source\OASIS-master\Providers\Network\TestProjects\NextGenSoftware.OASIS.API.Providers.ActivityPubOASIS.UnitTests\NextGenSoftware.OASIS.API.Providers.ActivityPubOASIS.UnitTests.csproj]
C:\Program Files\dotnet\sdk\9.0.306\Microsoft.Common.CurrentVersion.targets(2189,5): warning MSB9008: The referenced project ..\NextGenSoftware.OASIS.API.Providers.HoloOASIS\NextGenSoftware.OASIS.API.Providers.HoloOASIS.csproj does not exist. [C:\Source\OASIS-master\Providers\Network\TestProjects\NextGenSoftware.OASIS.API.Providers.HoloOASIS.IntegrationTests\NextGenSoftware.OASIS.API.Providers.HoloOASIS.IntegrationTests.csproj]
C:\Source\OASIS-master\Providers\Blockchain\TestProjects\NextGenSoftware.OASIS.API.Providers.PolygonOASIS.UnitTests\PolygonOASISTests.cs(365,27): warning CS1998: This async method lacks 'await' operators and will run synchronously. Consider using the 'await' operator to await non-blocking API calls, or 'await Task.Run(...)' to do CPU-bound work on a background thread. [C:\Source\OASIS-master\Providers\Blockchain\TestProjects\NextGenSoftware.OASIS.API.Providers.PolygonOASIS.UnitTests\NextGenSoftware.OASIS.API.Providers.PolygonOASIS.UnitTests.csproj]
C:\Source\OASIS-master\Providers\Blockchain\TestProjects\NextGenSoftware.OASIS.API.Providers.PolygonOASIS.UnitTests\PolygonOASISTests.cs(12,30): warning CS8618: Non-nullable field '_provider' must contain a non-null value when exiting constructor. Consider adding the 'required' modifier or declaring the field as nullable. [C:\Source\OASIS-master\Providers\Blockchain\TestProjects\NextGenSoftware.OASIS.API.Providers.PolygonOASIS.UnitTests\NextGenSoftware.OASIS.API.Providers.PolygonOASIS.UnitTests.csproj]
C:\Program Files\dotnet\sdk\9.0.306\Microsoft.Common.CurrentVersion.targets(2189,5): warning MSB9008: The referenced project ..\..\..\OASIS Architecture\NextGenSoftware.OASIS.API.Core\NextGenSoftware.OASIS.API.Core.csproj does not exist. [C:\Source\OASIS-master\Providers\Blockchain\TestProjects\NextGenSoftware.OASIS.API.Providers.TRONOASIS.IntegrationTests\NextGenSoftware.OASIS.API.Providers.TRONOASIS.IntegrationTests.csproj]
C:\Program Files\dotnet\sdk\9.0.306\Microsoft.Common.CurrentVersion.targets(2189,5): warning MSB9008: The referenced project ..\NextGenSoftware.OASIS.API.Providers.HoloOASIS\NextGenSoftware.OASIS.API.Providers.HoloOASIS.csproj does not exist. [C:\Source\OASIS-master\Providers\Network\TestProjects\NextGenSoftware.OASIS.API.Providers.HoloOASIS.TestHarness\NextGenSoftware.OASIS.API.Providers.HoloOASIS.TestHarness.csproj]
C:\Program Files\dotnet\sdk\9.0.306\Microsoft.Common.CurrentVersion.targets(2189,5): warning MSB9008: The referenced project ..\NextGenSoftware.OASIS.API.Providers.HoloOASIS\NextGenSoftware.OASIS.API.Providers.HoloOASIS.csproj does not exist. [C:\Source\OASIS-master\Providers\Network\TestProjects\NextGenSoftware.OASIS.API.Providers.HoloOASIS.UnitTests\NextGenSoftware.OASIS.API.Providers.HoloOASIS.UnitTests.csproj]
C:\Program Files\dotnet\sdk\9.0.306\Microsoft.Common.CurrentVersion.targets(2189,5): warning MSB9008: The referenced project ..\..\..\OASIS Architecture\NextGenSoftware.OASIS.API.Core\NextGenSoftware.OASIS.API.Core.csproj does not exist. [C:\Source\OASIS-master\Providers\Blockchain\TestProjects\NextGenSoftware.OASIS.API.Providers.TRONOASIS.UnitTests\NextGenSoftware.OASIS.API.Providers.TRONOASIS.UnitTests.csproj]
C:\Program Files\dotnet\sdk\9.0.306\Microsoft.Common.CurrentVersion.targets(2189,5): warning MSB9008: The referenced project ..\NextGenSoftware.OASIS.API.Providers.IPFSOASIS\NextGenSoftware.OASIS.API.Providers.IPFSOASIS.csproj does not exist. [C:\Source\OASIS-master\Providers\Network\TestProjects\NextGenSoftware.OASIS.API.Providers.IPFSOASIS.IntegrationTests\NextGenSoftware.OASIS.API.Providers.IPFSOASIS.IntegrationTests.csproj]
C:\Program Files\dotnet\sdk\9.0.306\Microsoft.Common.CurrentVersion.targets(2189,5): warning MSB9008: The referenced project ..\NextGenSoftware.OASIS.API.Providers.IPFSOASIS\NextGenSoftware.OASIS.API.Providers.IPFSOASIS.csproj does not exist. [C:\Source\OASIS-master\Providers\Network\TestProjects\NextGenSoftware.OASIS.API.Providers.IPFSOASIS.TestHarness\NextGenSoftware.OASIS.API.Providers.IPFSOASIS.TestHarness.csproj]
C:\Program Files\dotnet\sdk\9.0.306\Microsoft.Common.CurrentVersion.targets(2189,5): warning MSB9008: The referenced project ..\NextGenSoftware.OASIS.API.Providers.IPFSOASIS\NextGenSoftware.OASIS.API.Providers.IPFSOASIS.csproj does not exist. [C:\Source\OASIS-master\Providers\Network\TestProjects\NextGenSoftware.OASIS.API.Providers.IPFSOASIS.UnitTests\NextGenSoftware.OASIS.API.Providers.IPFSOASIS.UnitTests.csproj]
C:\Program Files\dotnet\sdk\9.0.306\Microsoft.Common.CurrentVersion.targets(2189,5): warning MSB9008: The referenced project ..\NextGenSoftware.OASIS.API.Providers.ScuttlebuttOASIS\NextGenSoftware.OASIS.API.Providers.ScuttlebuttOASIS.csproj does not exist. [C:\Source\OASIS-master\Providers\Network\TestProjects\NextGenSoftware.OASIS.API.Providers.ScuttlebuttOASIS.IntegrationTests\NextGenSoftware.OASIS.API.Providers.ScuttlebuttOASIS.IntegrationTests.csproj]
C:\Program Files\dotnet\sdk\9.0.306\Microsoft.Common.CurrentVersion.targets(2189,5): warning MSB9008: The referenced project ..\NextGenSoftware.OASIS.API.Providers.ScuttlebuttOASIS\NextGenSoftware.OASIS.API.Providers.ScuttlebuttOASIS.csproj does not exist. [C:\Source\OASIS-master\Providers\Network\TestProjects\NextGenSoftware.OASIS.API.Providers.ScuttlebuttOASIS.TestHarness\NextGenSoftware.OASIS.API.Providers.ScuttlebuttOASIS.TestHarness.csproj]
C:\Program Files\dotnet\sdk\9.0.306\Microsoft.Common.CurrentVersion.targets(2189,5): warning MSB9008: The referenced project ..\NextGenSoftware.OASIS.API.Providers.ScuttlebuttOASIS\NextGenSoftware.OASIS.API.Providers.ScuttlebuttOASIS.csproj does not exist. [C:\Source\OASIS-master\Providers\Network\TestProjects\NextGenSoftware.OASIS.API.Providers.ScuttlebuttOASIS.UnitTests\NextGenSoftware.OASIS.API.Providers.ScuttlebuttOASIS.UnitTests.csproj]
C:\Source\OASIS-master\Providers\Cloud\TestProjects\NextGenSoftware.OASIS.API.Providers.AWSOASIS.IntegrationTests\AWSOASISIntegrationTests.cs(14,26): warning CS8618: Non-nullable field '_provider' must contain a non-null value when exiting constructor. Consider adding the 'required' modifier or declaring the field as nullable. [C:\Source\OASIS-master\Providers\Cloud\TestProjects\NextGenSoftware.OASIS.API.Providers.AWSOASIS.IntegrationTests\NextGenSoftware.OASIS.API.Providers.AWSOASIS.IntegrationTests.csproj]
C:\Program Files\dotnet\sdk\9.0.306\Microsoft.Common.CurrentVersion.targets(2189,5): warning MSB9008: The referenced project ..\NextGenSoftware.OASIS.API.Providers.SOLIDOASIS\NextGenSoftware.OASIS.API.Providers.SOLIDOASIS.csproj does not exist. [C:\Source\OASIS-master\Providers\Network\TestProjects\NextGenSoftware.OASIS.API.Providers.SOLIDOASIS.IntegrationTests\NextGenSoftware.OASIS.API.Providers.SOLIDOASIS.IntegrationTests.csproj]
C:\Program Files\dotnet\sdk\9.0.306\Microsoft.Common.CurrentVersion.targets(2189,5): warning MSB9008: The referenced project ..\NextGenSoftware.OASIS.API.Providers.SOLIDOASIS\NextGenSoftware.OASIS.API.Providers.SOLIDOASIS.csproj does not exist. [C:\Source\OASIS-master\Providers\Network\TestProjects\NextGenSoftware.OASIS.API.Providers.SOLIDOASIS.TestHarness\NextGenSoftware.OASIS.API.Providers.SOLIDOASIS.TestHarness.csproj]
C:\Program Files\dotnet\sdk\9.0.306\Microsoft.Common.CurrentVersion.targets(2189,5): warning MSB9008: The referenced project ..\NextGenSoftware.OASIS.API.Providers.SOLIDOASIS\NextGenSoftware.OASIS.API.Providers.SOLIDOASIS.csproj does not exist. [C:\Source\OASIS-master\Providers\Network\TestProjects\NextGenSoftware.OASIS.API.Providers.SOLIDOASIS.UnitTests\NextGenSoftware.OASIS.API.Providers.SOLIDOASIS.UnitTests.csproj]
C:\Program Files\dotnet\sdk\9.0.306\Microsoft.Common.CurrentVersion.targets(2189,5): warning MSB9008: The referenced project ..\NextGenSoftware.OASIS.API.Core.ARC.Membrane\NextGenSoftware.OASIS.API.Core.ARC.Membrane.csproj does not exist. [C:\Source\OASIS-master\Providers\Other\TestProjects\NextGenSoftware.OASIS.API.Core.ARC.Membrane.TestHarness\NextGenSoftware.OASIS.API.Core.ARC.Membrane.TestHarness.csproj]
C:\Program Files\dotnet\sdk\9.0.306\Microsoft.Common.CurrentVersion.targets(2189,5): warning MSB9008: The referenced project ..\NextGenSoftware.OASIS.API.Core.Apollo.Server\NextGenSoftware.OASIS.API.Core.Apollo.Server.csproj does not exist. [C:\Source\OASIS-master\Providers\Other\TestProjects\NextGenSoftware.OASIS.API.Core.Apollo.Server.TestHarness\NextGenSoftware.OASIS.API.Core.Apollo.Server.TestHarness.csproj]
C:\Source\OASIS-master\Providers\Other\TestProjects\NextGenSoftware.OASIS.API.Providers.CargoOASIS.TestHarness\NextGenSoftware.OASIS.API.Providers.CargoOASIS.TestHarness.csproj : warning NU1608: Detected package version outside of dependency constraint: Nethereum.KeyStore 4.0.5 requires Portable.BouncyCastle (>= 1.8.2 && < 1.9.0) but version Portable.BouncyCastle 1.9.0 was resolved.
C:\Source\OASIS-master\Providers\Other\TestProjects\NextGenSoftware.OASIS.API.Providers.CargoOASIS.TestHarness\NextGenSoftware.OASIS.API.Providers.CargoOASIS.TestHarness.csproj : warning NU1608: Detected package version outside of dependency constraint: Nethereum.Signer 4.0.5 requires Portable.BouncyCastle (>= 1.8.2 && < 1.9.0) but version Portable.BouncyCastle 1.9.0 was resolved.
C:\Source\OASIS-master\Providers\Other\TestProjects\NextGenSoftware.OASIS.API.Providers.CargoOASIS.IntegrationTests\NextGenSoftware.OASIS.API.Providers.CargoOASIS.IntegrationTests.csproj : warning NU1608: Detected package version outside of dependency constraint: Nethereum.KeyStore 4.0.5 requires Portable.BouncyCastle (>= 1.8.2 && < 1.9.0) but version Portable.BouncyCastle 1.9.0 was resolved.
C:\Source\OASIS-master\Providers\Other\TestProjects\NextGenSoftware.OASIS.API.Providers.CargoOASIS.IntegrationTests\NextGenSoftware.OASIS.API.Providers.CargoOASIS.IntegrationTests.csproj : warning NU1608: Detected package version outside of dependency constraint: Nethereum.Signer 4.0.5 requires Portable.BouncyCastle (>= 1.8.2 && < 1.9.0) but version Portable.BouncyCastle 1.9.0 was resolved.
C:\Source\OASIS-master\Providers\Other\TestProjects\NextGenSoftware.OASIS.API.Providers.CargoOASIS.UnitTests\NextGenSoftware.OASIS.API.Providers.CargoOASIS.UnitTests.csproj : warning NU1608: Detected package version outside of dependency constraint: Nethereum.KeyStore 4.0.5 requires Portable.BouncyCastle (>= 1.8.2 && < 1.9.0) but version Portable.BouncyCastle 1.9.0 was resolved.
C:\Source\OASIS-master\Providers\Other\TestProjects\NextGenSoftware.OASIS.API.Providers.CargoOASIS.UnitTests\NextGenSoftware.OASIS.API.Providers.CargoOASIS.UnitTests.csproj : warning NU1608: Detected package version outside of dependency constraint: Nethereum.Signer 4.0.5 requires Portable.BouncyCastle (>= 1.8.2 && < 1.9.0) but version Portable.BouncyCastle 1.9.0 was resolved.
C:\Source\OASIS-master\Providers\Cloud\TestProjects\NextGenSoftware.OASIS.API.Providers.AWSOASIS.TestHarness\AWSOASISTestHarness.cs(42,35): warning CS1998: This async method lacks 'await' operators and will run synchronously. Consider using the 'await' operator to await non-blocking API calls, or 'await Task.Run(...)' to do CPU-bound work on a background thread. [C:\Source\OASIS-master\Providers\Cloud\TestProjects\NextGenSoftware.OASIS.API.Providers.AWSOASIS.TestHarness\NextGenSoftware.OASIS.API.Providers.AWSOASIS.TestHarness.csproj]
C:\Source\OASIS-master\Providers\Cloud\TestProjects\NextGenSoftware.OASIS.API.Providers.AWSOASIS.TestHarness\AWSOASISTestHarness.cs(60,35): warning CS1998: This async method lacks 'await' operators and will run synchronously. Consider using the 'await' operator to await non-blocking API calls, or 'await Task.Run(...)' to do CPU-bound work on a background thread. [C:\Source\OASIS-master\Providers\Cloud\TestProjects\NextGenSoftware.OASIS.API.Providers.AWSOASIS.TestHarness\NextGenSoftware.OASIS.API.Providers.AWSOASIS.TestHarness.csproj]
C:\Source\OASIS-master\Providers\Cloud\TestProjects\NextGenSoftware.OASIS.API.Providers.AWSOASIS.TestHarness\AWSOASISTestHarness.cs(155,35): warning CS1998: This async method lacks 'await' operators and will run synchronously. Consider using the 'await' operator to await non-blocking API calls, or 'await Task.Run(...)' to do CPU-bound work on a background thread. [C:\Source\OASIS-master\Providers\Cloud\TestProjects\NextGenSoftware.OASIS.API.Providers.AWSOASIS.TestHarness\NextGenSoftware.OASIS.API.Providers.AWSOASIS.TestHarness.csproj]
C:\Program Files\dotnet\sdk\9.0.306\Microsoft.Common.CurrentVersion.targets(2189,5): warning MSB9008: The referenced project ..\NextGenSoftware.OASIS.API.Providers.PLANOASIS\NextGenSoftware.OASIS.API.Providers.PLANOASIS.csproj does not exist. [C:\Source\OASIS-master\Providers\Other\TestProjects\NextGenSoftware.OASIS.API.Providers.PLANOASIS.IntegrationTests\NextGenSoftware.OASIS.API.Providers.PLANOASIS.IntegrationTests.csproj]
C:\Program Files\dotnet\sdk\9.0.306\Microsoft.Common.CurrentVersion.targets(2189,5): warning MSB9008: The referenced project ..\NextGenSoftware.OASIS.API.Providers.PLANOASIS\NextGenSoftware.OASIS.API.Providers.PLANOASIS.csproj does not exist. [C:\Source\OASIS-master\Providers\Other\TestProjects\NextGenSoftware.OASIS.API.Providers.PLANOASIS.TestHarness\NextGenSoftware.OASIS.API.Providers.PLANOASIS.TestHarness.csproj]
C:\Source\OASIS-master\Providers\Cloud\TestProjects\NextGenSoftware.OASIS.API.Providers.AWSOASIS.UnitTests\AWSOASISUnitTests.cs(13,26): warning CS8618: Non-nullable field '_provider' must contain a non-null value when exiting constructor. Consider adding the 'required' modifier or declaring the field as nullable. [C:\Source\OASIS-master\Providers\Cloud\TestProjects\NextGenSoftware.OASIS.API.Providers.AWSOASIS.UnitTests\NextGenSoftware.OASIS.API.Providers.AWSOASIS.UnitTests.csproj]
C:\Program Files\dotnet\sdk\9.0.306\Microsoft.Common.CurrentVersion.targets(2189,5): warning MSB9008: The referenced project ..\NextGenSoftware.OASIS.API.Providers.PLANOASIS\NextGenSoftware.OASIS.API.Providers.PLANOASIS.csproj does not exist. [C:\Source\OASIS-master\Providers\Other\TestProjects\NextGenSoftware.OASIS.API.Providers.PLANOASIS.UnitTests\NextGenSoftware.OASIS.API.Providers.PLANOASIS.UnitTests.csproj]
C:\Program Files\dotnet\sdk\9.0.306\Microsoft.Common.CurrentVersion.targets(2189,5): warning MSB9008: The referenced project ..\NextGenSoftware.OASIS.API.Providers.SEEDSOASIS\NextGenSoftware.OASIS.API.Providers.SEEDSOASIS.csproj does not exist. [C:\Source\OASIS-master\Providers\Other\TestProjects\NextGenSoftware.OASIS.API.Providers.SEEDSOASIS.IntegrationTests\NextGenSoftware.OASIS.API.Providers.SEEDSOASIS.IntegrationTests.csproj]
C:\Source\OASIS-master\Providers\Blockchain\TestProjects\NextGenSoftware.OASIS.API.Providers.TelosOASIS.IntegrationTests\TelosOASISIntegrationTests.cs(208,27): warning CS1998: This async method lacks 'await' operators and will run synchronously. Consider using the 'await' operator to await non-blocking API calls, or 'await Task.Run(...)' to do CPU-bound work on a background thread. [C:\Source\OASIS-master\Providers\Blockchain\TestProjects\NextGenSoftware.OASIS.API.Providers.TelosOASIS.IntegrationTests\NextGenSoftware.OASIS.API.Providers.TelosOASIS.IntegrationTests.csproj]
C:\Source\OASIS-master\Providers\Blockchain\TestProjects\NextGenSoftware.OASIS.API.Providers.TelosOASIS.IntegrationTests\TelosOASISIntegrationTests.cs(12,28): warning CS8618: Non-nullable field '_provider' must contain a non-null value when exiting constructor. Consider adding the 'required' modifier or declaring the field as nullable. [C:\Source\OASIS-master\Providers\Blockchain\TestProjects\NextGenSoftware.OASIS.API.Providers.TelosOASIS.IntegrationTests\NextGenSoftware.OASIS.API.Providers.TelosOASIS.IntegrationTests.csproj]
C:\Program Files\dotnet\sdk\9.0.306\Microsoft.Common.CurrentVersion.targets(2189,5): warning MSB9008: The referenced project ..\NextGenSoftware.OASIS.API.Providers.SEEDSOASIS\NextGenSoftware.OASIS.API.Providers.SEEDSOASIS.csproj does not exist. [C:\Source\OASIS-master\Providers\Other\TestProjects\NextGenSoftware.OASIS.API.Providers.SEEDSOASIS.TestHarness\NextGenSoftware.OASIS.API.Providers.SEEDSOASIS.TestHarness.csproj]
C:\Source\OASIS-master\Providers\Blockchain\TestProjects\NextGenSoftware.OASIS.API.Providers.TelosOASIS.UnitTests\TelosOASISTests.cs(365,27): warning CS1998: This async method lacks 'await' operators and will run synchronously. Consider using the 'await' operator to await non-blocking API calls, or 'await Task.Run(...)' to do CPU-bound work on a background thread. [C:\Source\OASIS-master\Providers\Blockchain\TestProjects\NextGenSoftware.OASIS.API.Providers.TelosOASIS.UnitTests\NextGenSoftware.OASIS.API.Providers.TelosOASIS.UnitTests.csproj]
C:\Source\OASIS-master\Providers\Blockchain\TestProjects\NextGenSoftware.OASIS.API.Providers.TelosOASIS.UnitTests\TelosOASISTests.cs(12,28): warning CS8618: Non-nullable field '_provider' must contain a non-null value when exiting constructor. Consider adding the 'required' modifier or declaring the field as nullable. [C:\Source\OASIS-master\Providers\Blockchain\TestProjects\NextGenSoftware.OASIS.API.Providers.TelosOASIS.UnitTests\NextGenSoftware.OASIS.API.Providers.TelosOASIS.UnitTests.csproj]
C:\Program Files\dotnet\sdk\9.0.306\Microsoft.Common.CurrentVersion.targets(2189,5): warning MSB9008: The referenced project ..\NextGenSoftware.OASIS.API.Providers.SEEDSOASIS\NextGenSoftware.OASIS.API.Providers.SEEDSOASIS.csproj does not exist. [C:\Source\OASIS-master\Providers\Other\TestProjects\NextGenSoftware.OASIS.API.Providers.SEEDSOASIS.UnitTests\NextGenSoftware.OASIS.API.Providers.SEEDSOASIS.UnitTests.csproj]
C:\Source\OASIS-master\Providers\Cloud\TestProjects\NextGenSoftware.OASIS.API.Providers.AzureCosmosDBOASIS.UnitTests\AzureCosmosDBOASISUnitTests.cs(13,36): warning CS8618: Non-nullable field '_provider' must contain a non-null value when exiting constructor. Consider adding the 'required' modifier or declaring the field as nullable. [C:\Source\OASIS-master\Providers\Cloud\TestProjects\NextGenSoftware.OASIS.API.Providers.AzureCosmosDBOASIS.UnitTests\NextGenSoftware.OASIS.API.Providers.AzureCosmosDBOASIS.UnitTests.csproj]
C:\Source\OASIS-master\Providers\Storage\TestProjects\NextGenSoftware.OASIS.API.Providers.LocalFileOASIS.IntegrationTests\LocalFileOASISIntegrationTests.cs(14,32): warning CS8618: Non-nullable field '_provider' must contain a non-null value when exiting constructor. Consider adding the 'required' modifier or declaring the field as nullable. [C:\Source\OASIS-master\Providers\Storage\TestProjects\NextGenSoftware.OASIS.API.Providers.LocalFileOASIS.IntegrationTests\NextGenSoftware.OASIS.API.Providers.LocalFileOASIS.IntegrationTests.csproj]
C:\Program Files\dotnet\sdk\9.0.306\Microsoft.Common.CurrentVersion.targets(2189,5): warning MSB9008: The referenced project ..\..\NextGenSoftware.OASIS.API.Providers.MongoDBOASIS\NextGenSoftware.OASIS.API.Providers.MongoDBOASIS.csproj does not exist. [C:\Source\OASIS-master\Providers\Storage\TestProjects\NextGenSoftware.OASIS.API.Providers.MongoDBOASIS.IntegrationTests\NextGenSoftware.OASIS.API.Providers.MongoDBOASIS.IntegrationTests.csproj]
C:\Source\OASIS-master\Providers\Storage\TestProjects\NextGenSoftware.OASIS.API.Providers.LocalFileOASIS.TestHarness\LocalFileOASISTestHarness.cs(42,35): warning CS1998: This async method lacks 'await' operators and will run synchronously. Consider using the 'await' operator to await non-blocking API calls, or 'await Task.Run(...)' to do CPU-bound work on a background thread. [C:\Source\OASIS-master\Providers\Storage\TestProjects\NextGenSoftware.OASIS.API.Providers.LocalFileOASIS.TestHarness\NextGenSoftware.OASIS.API.Providers.LocalFileOASIS.TestHarness.csproj]
C:\Source\OASIS-master\Providers\Storage\TestProjects\NextGenSoftware.OASIS.API.Providers.LocalFileOASIS.TestHarness\LocalFileOASISTestHarness.cs(60,35): warning CS1998: This async method lacks 'await' operators and will run synchronously. Consider using the 'await' operator to await non-blocking API calls, or 'await Task.Run(...)' to do CPU-bound work on a background thread. [C:\Source\OASIS-master\Providers\Storage\TestProjects\NextGenSoftware.OASIS.API.Providers.LocalFileOASIS.TestHarness\NextGenSoftware.OASIS.API.Providers.LocalFileOASIS.TestHarness.csproj]
C:\Source\OASIS-master\Providers\Storage\TestProjects\NextGenSoftware.OASIS.API.Providers.LocalFileOASIS.TestHarness\LocalFileOASISTestHarness.cs(155,35): warning CS1998: This async method lacks 'await' operators and will run synchronously. Consider using the 'await' operator to await non-blocking API calls, or 'await Task.Run(...)' to do CPU-bound work on a background thread. [C:\Source\OASIS-master\Providers\Storage\TestProjects\NextGenSoftware.OASIS.API.Providers.LocalFileOASIS.TestHarness\NextGenSoftware.OASIS.API.Providers.LocalFileOASIS.TestHarness.csproj]
C:\Program Files\dotnet\sdk\9.0.306\Microsoft.Common.CurrentVersion.targets(2189,5): warning MSB9008: The referenced project ..\..\NextGenSoftware.OASIS.API.Providers.MongoDBOASIS\NextGenSoftware.OASIS.API.Providers.MongoDBOASIS.csproj does not exist. [C:\Source\OASIS-master\Providers\Storage\TestProjects\NextGenSoftware.OASIS.API.Providers.MongoDBOASIS.TestHarness\NextGenSoftware.OASIS.API.Providers.MongoDBOASIS.TestHarness.csproj]
C:\Source\OASIS-master\Providers\Storage\TestProjects\NextGenSoftware.OASIS.API.Providers.LocalFileOASIS.UnitTests\LocalFileOASISUnitTests.cs(13,32): warning CS8618: Non-nullable field '_provider' must contain a non-null value when exiting constructor. Consider adding the 'required' modifier or declaring the field as nullable. [C:\Source\OASIS-master\Providers\Storage\TestProjects\NextGenSoftware.OASIS.API.Providers.LocalFileOASIS.UnitTests\NextGenSoftware.OASIS.API.Providers.LocalFileOASIS.UnitTests.csproj]
C:\Program Files\dotnet\sdk\9.0.306\Microsoft.Common.CurrentVersion.targets(2189,5): warning MSB9008: The referenced project ..\NextGenSoftware.OASIS.API.Providers.MongoOASIS\NextGenSoftware.OASIS.API.Providers.MongoOASIS.csproj does not exist. [C:\Source\OASIS-master\Providers\Storage\TestProjects\NextGenSoftware.OASIS.API.Providers.MongoOASIS.IntegrationTests\NextGenSoftware.OASIS.API.Providers.MongoOASIS.IntegrationTests.csproj]
C:\Program Files\dotnet\sdk\9.0.306\Microsoft.Common.CurrentVersion.targets(2189,5): warning MSB9008: The referenced project ..\NextGenSoftware.OASIS.API.Providers.MongoOASIS\NextGenSoftware.OASIS.API.Providers.MongoOASIS.csproj does not exist. [C:\Source\OASIS-master\Providers\Storage\TestProjects\NextGenSoftware.OASIS.API.Providers.MongoOASIS.UnitTests\NextGenSoftware.OASIS.API.Providers.MongoOASIS.UnitTests.csproj]
C:\Program Files\dotnet\sdk\9.0.306\Microsoft.Common.CurrentVersion.targets(2189,5): warning MSB9008: The referenced project ..\..\NextGenSoftware.OASIS.API.Providers.MongoDBOASIS\NextGenSoftware.OASIS.API.Providers.MongoDBOASIS.csproj does not exist. [C:\Source\OASIS-master\Providers\Storage\TestProjects\NextGenSoftware.OASIS.API.Providers.MongoDBOASIS.UnitTests\NextGenSoftware.OASIS.API.Providers.MongoDBOASIS.UnitTests.csproj]
C:\Source\OASIS-master\Providers\Cloud\TestProjects\NextGenSoftware.OASIS.API.Providers.GoogleCloudOASIS.IntegrationTests\GoogleCloudOASISIntegrationTests.cs(14,34): warning CS8618: Non-nullable field '_provider' must contain a non-null value when exiting constructor. Consider adding the 'required' modifier or declaring the field as nullable. [C:\Source\OASIS-master\Providers\Cloud\TestProjects\NextGenSoftware.OASIS.API.Providers.GoogleCloudOASIS.IntegrationTests\NextGenSoftware.OASIS.API.Providers.GoogleCloudOASIS.IntegrationTests.csproj]
C:\Source\OASIS-master\Providers\Network\TestProjects\NextGenSoftware.OASIS.API.Providers.PinataOASIS.UnitTests\PinataOASISUnitTests.cs(13,29): warning CS8618: Non-nullable field '_provider' must contain a non-null value when exiting constructor. Consider adding the 'required' modifier or declaring the field as nullable. [C:\Source\OASIS-master\Providers\Network\TestProjects\NextGenSoftware.OASIS.API.Providers.PinataOASIS.UnitTests\NextGenSoftware.OASIS.API.Providers.PinataOASIS.UnitTests.csproj]
C:\Source\OASIS-master\Providers\Cloud\TestProjects\NextGenSoftware.OASIS.API.Providers.GoogleCloudOASIS.UnitTests\GoogleCloudOASISUnitTests.cs(13,34): warning CS8618: Non-nullable field '_provider' must contain a non-null value when exiting constructor. Consider adding the 'required' modifier or declaring the field as nullable. [C:\Source\OASIS-master\Providers\Cloud\TestProjects\NextGenSoftware.OASIS.API.Providers.GoogleCloudOASIS.UnitTests\NextGenSoftware.OASIS.API.Providers.GoogleCloudOASIS.UnitTests.csproj]
C:\Program Files\dotnet\sdk\9.0.306\Microsoft.Common.CurrentVersion.targets(2189,5): warning MSB9008: The referenced project ..\NextGenSoftware.OASIS.API.Providers.ThreeFoldOASIS\NextGenSoftware.OASIS.API.Providers.ThreeFoldOASIS.csproj does not exist. [C:\Source\OASIS-master\Providers\Network\TestProjects\NextGenSoftware.OASIS.API.Providers.ThreeFoldOASIS.IntegrationTests\NextGenSoftware.OASIS.API.Providers.ThreeFoldOASIS.IntegrationTests.csproj]
C:\Source\OASIS-master\Providers\Network\TestProjects\NextGenSoftware.OASIS.API.Providers.PinataOASIS.IntegrationTests\PinataOASISIntegrationTests.cs(14,29): warning CS8618: Non-nullable field '_provider' must contain a non-null value when exiting constructor. Consider adding the 'required' modifier or declaring the field as nullable. [C:\Source\OASIS-master\Providers\Network\TestProjects\NextGenSoftware.OASIS.API.Providers.PinataOASIS.IntegrationTests\NextGenSoftware.OASIS.API.Providers.PinataOASIS.IntegrationTests.csproj]
C:\Program Files\dotnet\sdk\9.0.306\Microsoft.Common.CurrentVersion.targets(2189,5): warning MSB9008: The referenced project ..\NextGenSoftware.OASIS.API.Providers.ThreeFoldOASIS\NextGenSoftware.OASIS.API.Providers.ThreeFoldOASIS.csproj does not exist. [C:\Source\OASIS-master\Providers\Network\TestProjects\NextGenSoftware.OASIS.API.Providers.ThreeFoldOASIS.TestHarness\NextGenSoftware.OASIS.API.Providers.ThreeFoldOASIS.TestHarness.csproj]
C:\Program Files\dotnet\sdk\9.0.306\Microsoft.Common.CurrentVersion.targets(2189,5): warning MSB9008: The referenced project ..\NextGenSoftware.OASIS.API.Providers.ThreeFoldOASIS\NextGenSoftware.OASIS.API.Providers.ThreeFoldOASIS.csproj does not exist. [C:\Source\OASIS-master\Providers\Network\TestProjects\NextGenSoftware.OASIS.API.Providers.ThreeFoldOASIS.UnitTests\NextGenSoftware.OASIS.API.Providers.ThreeFoldOASIS.UnitTests.csproj]
C:\Source\OASIS-master\Providers\Blockchain\TestProjects\NextGenSoftware.OASIS.API.Providers.AptosOASIS.IntegrationTests\AptosOASISIntegrationTests.cs(14,28): warning CS8618: Non-nullable field '_aptosProvider' must contain a non-null value when exiting constructor. Consider adding the 'required' modifier or declaring the field as nullable. [C:\Source\OASIS-master\Providers\Blockchain\TestProjects\NextGenSoftware.OASIS.API.Providers.AptosOASIS.IntegrationTests\NextGenSoftware.OASIS.API.Providers.AptosOASIS.IntegrationTests.csproj]
C:\Source\OASIS-master\Providers\Blockchain\TestProjects\NextGenSoftware.OASIS.API.Providers.AptosOASIS.TestHarness\AptosOASISTestHarness.cs(42,35): warning CS1998: This async method lacks 'await' operators and will run synchronously. Consider using the 'await' operator to await non-blocking API calls, or 'await Task.Run(...)' to do CPU-bound work on a background thread. [C:\Source\OASIS-master\Providers\Blockchain\TestProjects\NextGenSoftware.OASIS.API.Providers.AptosOASIS.TestHarness\NextGenSoftware.OASIS.API.Providers.AptosOASIS.TestHarness.csproj]
C:\Source\OASIS-master\Providers\Blockchain\TestProjects\NextGenSoftware.OASIS.API.Providers.AptosOASIS.TestHarness\AptosOASISTestHarness.cs(60,35): warning CS1998: This async method lacks 'await' operators and will run synchronously. Consider using the 'await' operator to await non-blocking API calls, or 'await Task.Run(...)' to do CPU-bound work on a background thread. [C:\Source\OASIS-master\Providers\Blockchain\TestProjects\NextGenSoftware.OASIS.API.Providers.AptosOASIS.TestHarness\NextGenSoftware.OASIS.API.Providers.AptosOASIS.TestHarness.csproj]
C:\Source\OASIS-master\Providers\Blockchain\TestProjects\NextGenSoftware.OASIS.API.Providers.AptosOASIS.TestHarness\AptosOASISTestHarness.cs(176,35): warning CS1998: This async method lacks 'await' operators and will run synchronously. Consider using the 'await' operator to await non-blocking API calls, or 'await Task.Run(...)' to do CPU-bound work on a background thread. [C:\Source\OASIS-master\Providers\Blockchain\TestProjects\NextGenSoftware.OASIS.API.Providers.AptosOASIS.TestHarness\NextGenSoftware.OASIS.API.Providers.AptosOASIS.TestHarness.csproj]
C:\Source\OASIS-master\Providers\Blockchain\TestProjects\NextGenSoftware.OASIS.API.Providers.CardanoOASIS.IntegrationTests\CardanoOASISIntegrationTests.cs(14,30): warning CS8618: Non-nullable field '_provider' must contain a non-null value when exiting constructor. Consider adding the 'required' modifier or declaring the field as nullable. [C:\Source\OASIS-master\Providers\Blockchain\TestProjects\NextGenSoftware.OASIS.API.Providers.CardanoOASIS.IntegrationTests\NextGenSoftware.OASIS.API.Providers.CardanoOASIS.IntegrationTests.csproj]
C:\Source\OASIS-master\Providers\Blockchain\TestProjects\NextGenSoftware.OASIS.API.Providers.CardanoOASIS.TestHarness\CardanoOASISTestHarness.cs(42,35): warning CS1998: This async method lacks 'await' operators and will run synchronously. Consider using the 'await' operator to await non-blocking API calls, or 'await Task.Run(...)' to do CPU-bound work on a background thread. [C:\Source\OASIS-master\Providers\Blockchain\TestProjects\NextGenSoftware.OASIS.API.Providers.CardanoOASIS.TestHarness\NextGenSoftware.OASIS.API.Providers.CardanoOASIS.TestHarness.csproj]
C:\Source\OASIS-master\Providers\Blockchain\TestProjects\NextGenSoftware.OASIS.API.Providers.CardanoOASIS.TestHarness\CardanoOASISTestHarness.cs(60,35): warning CS1998: This async method lacks 'await' operators and will run synchronously. Consider using the 'await' operator to await non-blocking API calls, or 'await Task.Run(...)' to do CPU-bound work on a background thread. [C:\Source\OASIS-master\Providers\Blockchain\TestProjects\NextGenSoftware.OASIS.API.Providers.CardanoOASIS.TestHarness\NextGenSoftware.OASIS.API.Providers.CardanoOASIS.TestHarness.csproj]
C:\Source\OASIS-master\Providers\Blockchain\TestProjects\NextGenSoftware.OASIS.API.Providers.CardanoOASIS.TestHarness\CardanoOASISTestHarness.cs(155,35): warning CS1998: This async method lacks 'await' operators and will run synchronously. Consider using the 'await' operator to await non-blocking API calls, or 'await Task.Run(...)' to do CPU-bound work on a background thread. [C:\Source\OASIS-master\Providers\Blockchain\TestProjects\NextGenSoftware.OASIS.API.Providers.CardanoOASIS.TestHarness\NextGenSoftware.OASIS.API.Providers.CardanoOASIS.TestHarness.csproj]
C:\Source\OASIS-master\Providers\Blockchain\TestProjects\NextGenSoftware.OASIS.API.Providers.CardanoOASIS.UnitTests\CardanoOASISUnitTests.cs(13,30): warning CS8618: Non-nullable field '_provider' must contain a non-null value when exiting constructor. Consider adding the 'required' modifier or declaring the field as nullable. [C:\Source\OASIS-master\Providers\Blockchain\TestProjects\NextGenSoftware.OASIS.API.Providers.CardanoOASIS.UnitTests\NextGenSoftware.OASIS.API.Providers.CardanoOASIS.UnitTests.csproj]
C:\Source\OASIS-master\Providers\Blockchain\TestProjects\NextGenSoftware.OASIS.API.Providers.CosmosBlockChainOASIS.TestHarness\CosmosBlockChainOASISTestHarness.cs(42,35): warning CS1998: This async method lacks 'await' operators and will run synchronously. Consider using the 'await' operator to await non-blocking API calls, or 'await Task.Run(...)' to do CPU-bound work on a background thread. [C:\Source\OASIS-master\Providers\Blockchain\TestProjects\NextGenSoftware.OASIS.API.Providers.CosmosBlockChainOASIS.TestHarness\NextGenSoftware.OASIS.API.Providers.CosmosBlockChainOASIS.TestHarness.csproj]
C:\Source\OASIS-master\Providers\Blockchain\TestProjects\NextGenSoftware.OASIS.API.Providers.CosmosBlockChainOASIS.TestHarness\CosmosBlockChainOASISTestHarness.cs(60,35): warning CS1998: This async method lacks 'await' operators and will run synchronously. Consider using the 'await' operator to await non-blocking API calls, or 'await Task.Run(...)' to do CPU-bound work on a background thread. [C:\Source\OASIS-master\Providers\Blockchain\TestProjects\NextGenSoftware.OASIS.API.Providers.CosmosBlockChainOASIS.TestHarness\NextGenSoftware.OASIS.API.Providers.CosmosBlockChainOASIS.TestHarness.csproj]
C:\Source\OASIS-master\Providers\Blockchain\TestProjects\NextGenSoftware.OASIS.API.Providers.CosmosBlockChainOASIS.TestHarness\CosmosBlockChainOASISTestHarness.cs(155,35): warning CS1998: This async method lacks 'await' operators and will run synchronously. Consider using the 'await' operator to await non-blocking API calls, or 'await Task.Run(...)' to do CPU-bound work on a background thread. [C:\Source\OASIS-master\Providers\Blockchain\TestProjects\NextGenSoftware.OASIS.API.Providers.CosmosBlockChainOASIS.TestHarness\NextGenSoftware.OASIS.API.Providers.CosmosBlockChainOASIS.TestHarness.csproj]
C:\Source\OASIS-master\Providers\Blockchain\TestProjects\NextGenSoftware.OASIS.API.Providers.AptosOASIS.UnitTests\AptosOASISProviderTests.cs(13,28): warning CS8618: Non-nullable field '_aptosProvider' must contain a non-null value when exiting constructor. Consider adding the 'required' modifier or declaring the field as nullable. [C:\Source\OASIS-master\Providers\Blockchain\TestProjects\NextGenSoftware.OASIS.API.Providers.AptosOASIS.UnitTests\NextGenSoftware.OASIS.API.Providers.AptosOASIS.UnitTests.csproj]
C:\Source\OASIS-master\Providers\Blockchain\TestProjects\NextGenSoftware.OASIS.API.Providers.EOSIOOASIS.IntegrationTests\EOSIOOASISIntegrationTests.cs(14,28): warning CS8618: Non-nullable field '_provider' must contain a non-null value when exiting constructor. Consider adding the 'required' modifier or declaring the field as nullable. [C:\Source\OASIS-master\Providers\Blockchain\TestProjects\NextGenSoftware.OASIS.API.Providers.EOSIOOASIS.IntegrationTests\NextGenSoftware.OASIS.API.Providers.EOSIOOASIS.IntegrationTests.csproj]
C:\Program Files\dotnet\sdk\9.0.306\Microsoft.Common.CurrentVersion.targets(2189,5): warning MSB9008: The referenced project ..\..\NextGenSoftware.OASIS.API.Providers.MoralisDBOASIS\NextGenSoftware.OASIS.API.Providers.MoralisDBOASIS.csproj does not exist. [C:\Source\OASIS-master\Providers\Blockchain\TestProjects\NextGenSoftware.OASIS.API.Providers.MoralisDBOASIS.IntegrationTests\NextGenSoftware.OASIS.API.Providers.MoralisDBOASIS.IntegrationTests.csproj]
C:\Program Files\dotnet\sdk\9.0.306\Microsoft.Common.CurrentVersion.targets(2189,5): warning MSB9008: The referenced project ..\..\NextGenSoftware.OASIS.API.Providers.MoralisDBOASIS\NextGenSoftware.OASIS.API.Providers.MoralisDBOASIS.csproj does not exist. [C:\Source\OASIS-master\Providers\Blockchain\TestProjects\NextGenSoftware.OASIS.API.Providers.MoralisDBOASIS.TestHarness\NextGenSoftware.OASIS.API.Providers.MoralisDBOASIS.TestHarness.csproj]
C:\Source\OASIS-master\Providers\Blockchain\TestProjects\NextGenSoftware.OASIS.API.Providers.EOSIOOASIS.UnitTests\EOSIOOASISUnitTests.cs(13,28): warning CS8618: Non-nullable field '_provider' must contain a non-null value when exiting constructor. Consider adding the 'required' modifier or declaring the field as nullable. [C:\Source\OASIS-master\Providers\Blockchain\TestProjects\NextGenSoftware.OASIS.API.Providers.EOSIOOASIS.UnitTests\NextGenSoftware.OASIS.API.Providers.EOSIOOASIS.UnitTests.csproj]
C:\Program Files\dotnet\sdk\9.0.306\Microsoft.Common.CurrentVersion.targets(2189,5): warning MSB9008: The referenced project ..\..\NextGenSoftware.OASIS.API.Providers.MoralisDBOASIS\NextGenSoftware.OASIS.API.Providers.MoralisDBOASIS.csproj does not exist. [C:\Source\OASIS-master\Providers\Blockchain\TestProjects\NextGenSoftware.OASIS.API.Providers.MoralisDBOASIS.UnitTests\NextGenSoftware.OASIS.API.Providers.MoralisDBOASIS.UnitTests.csproj]
C:\Source\OASIS-master\Providers\Blockchain\TestProjects\NextGenSoftware.OASIS.API.Providers.CosmosBlockChainOASIS.IntegrationTests\CosmosBlockChainOASISIntegrationTests.cs(14,39): warning CS8618: Non-nullable field '_provider' must contain a non-null value when exiting constructor. Consider adding the 'required' modifier or declaring the field as nullable. [C:\Source\OASIS-master\Providers\Blockchain\TestProjects\NextGenSoftware.OASIS.API.Providers.CosmosBlockChainOASIS.IntegrationTests\NextGenSoftware.OASIS.API.Providers.CosmosBlockChainOASIS.IntegrationTests.csproj]
C:\Source\OASIS-master\Providers\Blockchain\TestProjects\NextGenSoftware.OASIS.API.Providers.PolkadotOASIS.IntegrationTests\NextGenSoftware.OASIS.API.Providers.PolkadotOASIS.IntegrationTests.csproj : warning NU1608: Detected package version outside of dependency constraint: Google.Cloud.Storage.V1 3.7.0 requires Google.Api.Gax.Rest (>= 3.6.0 && < 4.0.0) but version Google.Api.Gax.Rest 4.6.0 was resolved.
C:\Source\OASIS-master\Providers\Blockchain\TestProjects\NextGenSoftware.OASIS.API.Providers.CosmosBlockChainOASIS.UnitTests\CosmosBlockChainOASISUnitTests.cs(13,39): warning CS8618: Non-nullable field '_provider' must contain a non-null value when exiting constructor. Consider adding the 'required' modifier or declaring the field as nullable. [C:\Source\OASIS-master\Providers\Blockchain\TestProjects\NextGenSoftware.OASIS.API.Providers.CosmosBlockChainOASIS.UnitTests\NextGenSoftware.OASIS.API.Providers.CosmosBlockChainOASIS.UnitTests.csproj]
C:\Source\OASIS-master\Providers\Blockchain\TestProjects\NextGenSoftware.OASIS.API.Providers.PolkadotOASIS.TestHarness\NextGenSoftware.OASIS.API.Providers.PolkadotOASIS.TestHarness.csproj : warning NU1608: Detected package version outside of dependency constraint: Google.Cloud.Storage.V1 3.7.0 requires Google.Api.Gax.Rest (>= 3.6.0 && < 4.0.0) but version Google.Api.Gax.Rest 4.6.0 was resolved.
C:\Source\OASIS-master\Providers\Blockchain\TestProjects\NextGenSoftware.OASIS.API.Providers.PolkadotOASIS.UnitTests\NextGenSoftware.OASIS.API.Providers.PolkadotOASIS.UnitTests.csproj : warning NU1608: Detected package version outside of dependency constraint: Google.Cloud.Storage.V1 3.7.0 requires Google.Api.Gax.Rest (>= 3.6.0 && < 4.0.0) but version Google.Api.Gax.Rest 4.6.0 was resolved.
C:\Source\OASIS-master\Providers\Storage\TestProjects\NextGenSoftware.OASIS.API.Providers.SQLLiteDBOASIS.UnitTests\SQLLiteDBOASISUnitTests.cs(13,32): warning CS8618: Non-nullable field '_provider' must contain a non-null value when exiting constructor. Consider adding the 'required' modifier or declaring the field as nullable. [C:\Source\OASIS-master\Providers\Storage\TestProjects\NextGenSoftware.OASIS.API.Providers.SQLLiteDBOASIS.UnitTests\NextGenSoftware.OASIS.API.Providers.SQLLiteDBOASIS.UnitTests.csproj]
C:\Source\OASIS-master\Providers\Storage\TestProjects\NextGenSoftware.OASIS.API.Providers.SQLLiteDBOASIS.UnitTests\SQLLiteDBOASISTests.cs(365,27): warning CS1998: This async method lacks 'await' operators and will run synchronously. Consider using the 'await' operator to await non-blocking API calls, or 'await Task.Run(...)' to do CPU-bound work on a background thread. [C:\Source\OASIS-master\Providers\Storage\TestProjects\NextGenSoftware.OASIS.API.Providers.SQLLiteDBOASIS.UnitTests\NextGenSoftware.OASIS.API.Providers.SQLLiteDBOASIS.UnitTests.csproj]
C:\Source\OASIS-master\Providers\Storage\TestProjects\NextGenSoftware.OASIS.API.Providers.SQLLiteDBOASIS.UnitTests\SQLLiteDBOASISTests.cs(12,32): warning CS8618: Non-nullable field '_provider' must contain a non-null value when exiting constructor. Consider adding the 'required' modifier or declaring the field as nullable. [C:\Source\OASIS-master\Providers\Storage\TestProjects\NextGenSoftware.OASIS.API.Providers.SQLLiteDBOASIS.UnitTests\NextGenSoftware.OASIS.API.Providers.SQLLiteDBOASIS.UnitTests.csproj]
C:\Source\OASIS-master\Providers\Blockchain\TestProjects\NextGenSoftware.OASIS.API.Providers.HashgraphOASIS.TestHarness\HashgraphOASISTestHarness.cs(42,35): warning CS1998: This async method lacks 'await' operators and will run synchronously. Consider using the 'await' operator to await non-blocking API calls, or 'await Task.Run(...)' to do CPU-bound work on a background thread. [C:\Source\OASIS-master\Providers\Blockchain\TestProjects\NextGenSoftware.OASIS.API.Providers.HashgraphOASIS.TestHarness\NextGenSoftware.OASIS.API.Providers.HashgraphOASIS.TestHarness.csproj]
C:\Source\OASIS-master\Providers\Blockchain\TestProjects\NextGenSoftware.OASIS.API.Providers.HashgraphOASIS.TestHarness\HashgraphOASISTestHarness.cs(60,35): warning CS1998: This async method lacks 'await' operators and will run synchronously. Consider using the 'await' operator to await non-blocking API calls, or 'await Task.Run(...)' to do CPU-bound work on a background thread. [C:\Source\OASIS-master\Providers\Blockchain\TestProjects\NextGenSoftware.OASIS.API.Providers.HashgraphOASIS.TestHarness\NextGenSoftware.OASIS.API.Providers.HashgraphOASIS.TestHarness.csproj]
C:\Source\OASIS-master\Providers\Blockchain\TestProjects\NextGenSoftware.OASIS.API.Providers.HashgraphOASIS.TestHarness\HashgraphOASISTestHarness.cs(155,35): warning CS1998: This async method lacks 'await' operators and will run synchronously. Consider using the 'await' operator to await non-blocking API calls, or 'await Task.Run(...)' to do CPU-bound work on a background thread. [C:\Source\OASIS-master\Providers\Blockchain\TestProjects\NextGenSoftware.OASIS.API.Providers.HashgraphOASIS.TestHarness\NextGenSoftware.OASIS.API.Providers.HashgraphOASIS.TestHarness.csproj]
C:\Source\OASIS-master\Providers\Blockchain\TestProjects\NextGenSoftware.OASIS.API.Providers.Web3CoreOASIS.IntegrationTests\Web3CoreOASISIntegrationTests.cs(134,17): warning CS8602: Dereference of a possibly null reference. [C:\Source\OASIS-master\Providers\Blockchain\TestProjects\NextGenSoftware.OASIS.API.Providers.Web3CoreOASIS.IntegrationTests\NextGenSoftware.OASIS.API.Providers.Web3CoreOASIS.IntegrationTests.csproj]
C:\Source\OASIS-master\Providers\Blockchain\TestProjects\NextGenSoftware.OASIS.API.Providers.Web3CoreOASIS.IntegrationTests\Web3CoreOASISIntegrationTests.cs(14,31): warning CS8618: Non-nullable field '_provider' must contain a non-null value when exiting constructor. Consider adding the 'required' modifier or declaring the field as nullable. [C:\Source\OASIS-master\Providers\Blockchain\TestProjects\NextGenSoftware.OASIS.API.Providers.Web3CoreOASIS.IntegrationTests\NextGenSoftware.OASIS.API.Providers.Web3CoreOASIS.IntegrationTests.csproj]
C:\Source\OASIS-master\Providers\Blockchain\TestProjects\NextGenSoftware.OASIS.API.Providers.OptimismOASIS.TestHarness\OptimismOASISTestHarness.cs(42,35): warning CS1998: This async method lacks 'await' operators and will run synchronously. Consider using the 'await' operator to await non-blocking API calls, or 'await Task.Run(...)' to do CPU-bound work on a background thread. [C:\Source\OASIS-master\Providers\Blockchain\TestProjects\NextGenSoftware.OASIS.API.Providers.OptimismOASIS.TestHarness\NextGenSoftware.OASIS.API.Providers.OptimismOASIS.TestHarness.csproj]
C:\Source\OASIS-master\Providers\Blockchain\TestProjects\NextGenSoftware.OASIS.API.Providers.OptimismOASIS.TestHarness\OptimismOASISTestHarness.cs(60,35): warning CS1998: This async method lacks 'await' operators and will run synchronously. Consider using the 'await' operator to await non-blocking API calls, or 'await Task.Run(...)' to do CPU-bound work on a background thread. [C:\Source\OASIS-master\Providers\Blockchain\TestProjects\NextGenSoftware.OASIS.API.Providers.OptimismOASIS.TestHarness\NextGenSoftware.OASIS.API.Providers.OptimismOASIS.TestHarness.csproj]
C:\Source\OASIS-master\Providers\Blockchain\TestProjects\NextGenSoftware.OASIS.API.Providers.OptimismOASIS.IntegrationTests\OptimismOASISIntegrationTests.cs(14,31): warning CS8618: Non-nullable field '_provider' must contain a non-null value when exiting constructor. Consider adding the 'required' modifier or declaring the field as nullable. [C:\Source\OASIS-master\Providers\Blockchain\TestProjects\NextGenSoftware.OASIS.API.Providers.OptimismOASIS.IntegrationTests\NextGenSoftware.OASIS.API.Providers.OptimismOASIS.IntegrationTests.csproj]
C:\Source\OASIS-master\Providers\Blockchain\TestProjects\NextGenSoftware.OASIS.API.Providers.OptimismOASIS.TestHarness\OptimismOASISTestHarness.cs(155,35): warning CS1998: This async method lacks 'await' operators and will run synchronously. Consider using the 'await' operator to await non-blocking API calls, or 'await Task.Run(...)' to do CPU-bound work on a background thread. [C:\Source\OASIS-master\Providers\Blockchain\TestProjects\NextGenSoftware.OASIS.API.Providers.OptimismOASIS.TestHarness\NextGenSoftware.OASIS.API.Providers.OptimismOASIS.TestHarness.csproj]
C:\Source\OASIS-master\Providers\Blockchain\TestProjects\NextGenSoftware.OASIS.API.Providers.Web3CoreOASIS.UnitTests\Web3CoreOASISUnitTests.cs(107,17): warning CS8602: Dereference of a possibly null reference. [C:\Source\OASIS-master\Providers\Blockchain\TestProjects\NextGenSoftware.OASIS.API.Providers.Web3CoreOASIS.UnitTests\NextGenSoftware.OASIS.API.Providers.Web3CoreOASIS.UnitTests.csproj]
C:\Source\OASIS-master\Providers\Blockchain\TestProjects\NextGenSoftware.OASIS.API.Providers.Web3CoreOASIS.UnitTests\Web3CoreOASISUnitTests.cs(13,31): warning CS8618: Non-nullable field '_provider' must contain a non-null value when exiting constructor. Consider adding the 'required' modifier or declaring the field as nullable. [C:\Source\OASIS-master\Providers\Blockchain\TestProjects\NextGenSoftware.OASIS.API.Providers.Web3CoreOASIS.UnitTests\NextGenSoftware.OASIS.API.Providers.Web3CoreOASIS.UnitTests.csproj]
C:\Source\OASIS-master\Providers\Blockchain\TestProjects\NextGenSoftware.OASIS.API.Providers.RootstockOASIS.TestHarness\RootstockOASISTestHarness.cs(42,35): warning CS1998: This async method lacks 'await' operators and will run synchronously. Consider using the 'await' operator to await non-blocking API calls, or 'await Task.Run(...)' to do CPU-bound work on a background thread. [C:\Source\OASIS-master\Providers\Blockchain\TestProjects\NextGenSoftware.OASIS.API.Providers.RootstockOASIS.TestHarness\NextGenSoftware.OASIS.API.Providers.RootstockOASIS.TestHarness.csproj]
C:\Source\OASIS-master\Providers\Blockchain\TestProjects\NextGenSoftware.OASIS.API.Providers.RootstockOASIS.TestHarness\RootstockOASISTestHarness.cs(60,35): warning CS1998: This async method lacks 'await' operators and will run synchronously. Consider using the 'await' operator to await non-blocking API calls, or 'await Task.Run(...)' to do CPU-bound work on a background thread. [C:\Source\OASIS-master\Providers\Blockchain\TestProjects\NextGenSoftware.OASIS.API.Providers.RootstockOASIS.TestHarness\NextGenSoftware.OASIS.API.Providers.RootstockOASIS.TestHarness.csproj]
C:\Source\OASIS-master\Providers\Blockchain\TestProjects\NextGenSoftware.OASIS.API.Providers.RootstockOASIS.TestHarness\RootstockOASISTestHarness.cs(155,35): warning CS1998: This async method lacks 'await' operators and will run synchronously. Consider using the 'await' operator to await non-blocking API calls, or 'await Task.Run(...)' to do CPU-bound work on a background thread. [C:\Source\OASIS-master\Providers\Blockchain\TestProjects\NextGenSoftware.OASIS.API.Providers.RootstockOASIS.TestHarness\NextGenSoftware.OASIS.API.Providers.RootstockOASIS.TestHarness.csproj]
C:\Source\OASIS-master\Providers\Blockchain\TestProjects\NextGenSoftware.OASIS.API.Providers.RootstockOASIS.UnitTests\RootstockOASISUnitTests.cs(13,32): warning CS8618: Non-nullable field '_provider' must contain a non-null value when exiting constructor. Consider adding the 'required' modifier or declaring the field as nullable. [C:\Source\OASIS-master\Providers\Blockchain\TestProjects\NextGenSoftware.OASIS.API.Providers.RootstockOASIS.UnitTests\NextGenSoftware.OASIS.API.Providers.RootstockOASIS.UnitTests.csproj]
C:\Source\OASIS-master\Providers\Blockchain\TestProjects\NextGenSoftware.OASIS.API.Providers.HashgraphOASIS.IntegrationTests\HashgraphOASISIntegrationTests.cs(14,32): warning CS8618: Non-nullable field '_provider' must contain a non-null value when exiting constructor. Consider adding the 'required' modifier or declaring the field as nullable. [C:\Source\OASIS-master\Providers\Blockchain\TestProjects\NextGenSoftware.OASIS.API.Providers.HashgraphOASIS.IntegrationTests\NextGenSoftware.OASIS.API.Providers.HashgraphOASIS.IntegrationTests.csproj]
C:\Source\OASIS-master\Providers\Blockchain\TestProjects\NextGenSoftware.OASIS.API.Providers.RootstockOASIS.IntegrationTests\RootstockOASISIntegrationTests.cs(14,32): warning CS8618: Non-nullable field '_provider' must contain a non-null value when exiting constructor. Consider adding the 'required' modifier or declaring the field as nullable. [C:\Source\OASIS-master\Providers\Blockchain\TestProjects\NextGenSoftware.OASIS.API.Providers.RootstockOASIS.IntegrationTests\NextGenSoftware.OASIS.API.Providers.RootstockOASIS.IntegrationTests.csproj]
C:\Source\OASIS-master\Providers\Blockchain\TestProjects\NextGenSoftware.OASIS.API.Providers.HashgraphOASIS.UnitTests\HashgraphOASISUnitTests.cs(13,32): warning CS8618: Non-nullable field '_provider' must contain a non-null value when exiting constructor. Consider adding the 'required' modifier or declaring the field as nullable. [C:\Source\OASIS-master\Providers\Blockchain\TestProjects\NextGenSoftware.OASIS.API.Providers.HashgraphOASIS.UnitTests\NextGenSoftware.OASIS.API.Providers.HashgraphOASIS.UnitTests.csproj]
C:\Source\OASIS-master\Providers\Blockchain\TestProjects\NextGenSoftware.OASIS.API.Providers.OptimismOASIS.UnitTests\OptimismOASISUnitTests.cs(13,31): warning CS8618: Non-nullable field '_provider' must contain a non-null value when exiting constructor. Consider adding the 'required' modifier or declaring the field as nullable. [C:\Source\OASIS-master\Providers\Blockchain\TestProjects\NextGenSoftware.OASIS.API.Providers.OptimismOASIS.UnitTests\NextGenSoftware.OASIS.API.Providers.OptimismOASIS.UnitTests.csproj]
C:\Source\OASIS-master\Providers\Blockchain\TestProjects\NextGenSoftware.OASIS.API.Providers.SuiOASIS.TestHarness\SuiOASISTestHarness.cs(42,35): warning CS1998: This async method lacks 'await' operators and will run synchronously. Consider using the 'await' operator to await non-blocking API calls, or 'await Task.Run(...)' to do CPU-bound work on a background thread. [C:\Source\OASIS-master\Providers\Blockchain\TestProjects\NextGenSoftware.OASIS.API.Providers.SuiOASIS.TestHarness\NextGenSoftware.OASIS.API.Providers.SuiOASIS.TestHarness.csproj]
C:\Source\OASIS-master\Providers\Blockchain\TestProjects\NextGenSoftware.OASIS.API.Providers.SuiOASIS.TestHarness\SuiOASISTestHarness.cs(60,35): warning CS1998: This async method lacks 'await' operators and will run synchronously. Consider using the 'await' operator to await non-blocking API calls, or 'await Task.Run(...)' to do CPU-bound work on a background thread. [C:\Source\OASIS-master\Providers\Blockchain\TestProjects\NextGenSoftware.OASIS.API.Providers.SuiOASIS.TestHarness\NextGenSoftware.OASIS.API.Providers.SuiOASIS.TestHarness.csproj]
C:\Source\OASIS-master\Providers\Blockchain\TestProjects\NextGenSoftware.OASIS.API.Providers.SuiOASIS.TestHarness\SuiOASISTestHarness.cs(155,35): warning CS1998: This async method lacks 'await' operators and will run synchronously. Consider using the 'await' operator to await non-blocking API calls, or 'await Task.Run(...)' to do CPU-bound work on a background thread. [C:\Source\OASIS-master\Providers\Blockchain\TestProjects\NextGenSoftware.OASIS.API.Providers.SuiOASIS.TestHarness\NextGenSoftware.OASIS.API.Providers.SuiOASIS.TestHarness.csproj]
C:\Source\OASIS-master\Providers\Blockchain\TestProjects\NextGenSoftware.OASIS.API.Providers.SuiOASIS.IntegrationTests\SuiOASISIntegrationTests.cs(14,26): warning CS8618: Non-nullable field '_provider' must contain a non-null value when exiting constructor. Consider adding the 'required' modifier or declaring the field as nullable. [C:\Source\OASIS-master\Providers\Blockchain\TestProjects\NextGenSoftware.OASIS.API.Providers.SuiOASIS.IntegrationTests\NextGenSoftware.OASIS.API.Providers.SuiOASIS.IntegrationTests.csproj]
C:\Source\OASIS-master\Providers\Blockchain\TestProjects\NextGenSoftware.OASIS.API.Providers.SuiOASIS.UnitTests\SuiOASISUnitTests.cs(13,26): warning CS8618: Non-nullable field '_provider' must contain a non-null value when exiting constructor. Consider adding the 'required' modifier or declaring the field as nullable. [C:\Source\OASIS-master\Providers\Blockchain\TestProjects\NextGenSoftware.OASIS.API.Providers.SuiOASIS.UnitTests\NextGenSoftware.OASIS.API.Providers.SuiOASIS.UnitTests.csproj]
C:\Program Files\dotnet\sdk\9.0.306\Sdks\Microsoft.NET.Sdk\targets\Microsoft.NET.Sdk.FrameworkReferenceResolution.targets(425,5): error NETSDK1127: The targeting pack Microsoft.NETCore.App is not installed. Please restore and try again. [C:\Source\OASIS-master\External Libs\Spectre.Console\Spectre.Console\Spectre.Console.csproj::TargetFramework=net7.0]
CSC : error CS5001: Program does not contain a static 'Main' method suitable for an entry point [C:\Source\OASIS-master\STAR ODK\STAR OAPP DNA Templates\NextGenSoftware.OASIS.STAR.DNATemplates.OAPP.Console.NuGet\NextGenSoftware.OASIS.STAR.DNATemplates.OApp.Console.NuGet.csproj]
CSC : error CS5001: Program does not contain a static 'Main' method suitable for an entry point [C:\Source\OASIS-master\STAR ODK\STAR OAPP DNA Templates\NextGenSoftware.OASIS.STAR.DNATemplates.OAPP.Console.DLL\NextGenSoftware.OASIS.STAR.DNATemplates.OAPP.Console.DLL.csproj]
C:\Source\OASIS-master\STAR ODK\NextGenSoftware.OASIS.STAR.WebAPI.IntegrationTests\STARWebAPIIntegrationTests.cs(2,29): error CS0234: The type or namespace name 'API' does not exist in the namespace 'NextGenSoftware.OASIS' (are you missing an assembly reference?) [C:\Source\OASIS-master\STAR ODK\NextGenSoftware.OASIS.STAR.WebAPI.IntegrationTests\NextGenSoftware.OASIS.STAR.WebAPI.IntegrationTests.csproj]
C:\Source\OASIS-master\STAR ODK\NextGenSoftware.OASIS.STAR.WebAPI.IntegrationTests\STARWebAPIIntegrationTests.cs(3,29): error CS0234: The type or namespace name 'API' does not exist in the namespace 'NextGenSoftware.OASIS' (are you missing an assembly reference?) [C:\Source\OASIS-master\STAR ODK\NextGenSoftware.OASIS.STAR.WebAPI.IntegrationTests\NextGenSoftware.OASIS.STAR.WebAPI.IntegrationTests.csproj]
C:\Source\OASIS-master\STAR ODK\NextGenSoftware.OASIS.STAR.WebAPI.IntegrationTests\STARWebAPIIntegrationTests.cs(4,29): error CS0234: The type or namespace name 'API' does not exist in the namespace 'NextGenSoftware.OASIS' (are you missing an assembly reference?) [C:\Source\OASIS-master\STAR ODK\NextGenSoftware.OASIS.STAR.WebAPI.IntegrationTests\NextGenSoftware.OASIS.STAR.WebAPI.IntegrationTests.csproj]
C:\Source\OASIS-master\STAR ODK\NextGenSoftware.OASIS.STAR.WebAPI.IntegrationTests\STARWebAPIIntegrationTests.cs(5,29): error CS0234: The type or namespace name 'Common' does not exist in the namespace 'NextGenSoftware.OASIS' (are you missing an assembly reference?) [C:\Source\OASIS-master\STAR ODK\NextGenSoftware.OASIS.STAR.WebAPI.IntegrationTests\NextGenSoftware.OASIS.STAR.WebAPI.IntegrationTests.csproj]
C:\Source\OASIS-master\STAR ODK\NextGenSoftware.OASIS.STAR.WebAPI.IntegrationTests\STARWebAPIIntegrationTests.cs(7,7): error CS0246: The type or namespace name 'FluentAssertions' could not be found (are you missing a using directive or an assembly reference?) [C:\Source\OASIS-master\STAR ODK\NextGenSoftware.OASIS.STAR.WebAPI.IntegrationTests\NextGenSoftware.OASIS.STAR.WebAPI.IntegrationTests.csproj]
C:\Source\OASIS-master\Providers\Blockchain\NextGenSoftware.OASIS.API.Providers.BitcoinOASIS\BitcoinOASIS.cs(1678,42): error CS4032: The 'await' operator can only be used within an async method. Consider marking this method with the 'async' modifier and changing its return type to 'Task<OASISResult<IEnumerable<IAvatar>>>'. [C:\Source\OASIS-master\Providers\Blockchain\NextGenSoftware.OASIS.API.Providers.BitcoinOASIS\NextGenSoftware.OASIS.API.Providers.BitcoinOASIS.csproj]
C:\Source\OASIS-master\Providers\Blockchain\NextGenSoftware.OASIS.API.Providers.BitcoinOASIS\BitcoinOASIS.cs(1688,66): error CS0103: The name 'version' does not exist in the current context [C:\Source\OASIS-master\Providers\Blockchain\NextGenSoftware.OASIS.API.Providers.BitcoinOASIS\NextGenSoftware.OASIS.API.Providers.BitcoinOASIS.csproj]
C:\Source\OASIS-master\Providers\Blockchain\NextGenSoftware.OASIS.API.Providers.BitcoinOASIS\BitcoinOASIS.cs(1688,40): error CS4032: The 'await' operator can only be used within an async method. Consider marking this method with the 'async' modifier and changing its return type to 'Task<OASISResult<IEnumerable<IAvatar>>>'. [C:\Source\OASIS-master\Providers\Blockchain\NextGenSoftware.OASIS.API.Providers.BitcoinOASIS\NextGenSoftware.OASIS.API.Providers.BitcoinOASIS.csproj]
C:\Source\OASIS-master\Providers\Blockchain\NextGenSoftware.OASIS.API.Providers.BitcoinOASIS\BitcoinOASIS.cs(1739,42): error CS4032: The 'await' operator can only be used within an async method. Consider marking this method with the 'async' modifier and changing its return type to 'Task<OASISResult<IEnumerable<IHolon>>>'. [C:\Source\OASIS-master\Providers\Blockchain\NextGenSoftware.OASIS.API.Providers.BitcoinOASIS\NextGenSoftware.OASIS.API.Providers.BitcoinOASIS.csproj]
C:\Source\OASIS-master\Providers\Blockchain\NextGenSoftware.OASIS.API.Providers.BitcoinOASIS\BitcoinOASIS.cs(1749,39): error CS4032: The 'await' operator can only be used within an async method. Consider marking this method with the 'async' modifier and changing its return type to 'Task<OASISResult<IEnumerable<IHolon>>>'. [C:\Source\OASIS-master\Providers\Blockchain\NextGenSoftware.OASIS.API.Providers.BitcoinOASIS\NextGenSoftware.OASIS.API.Providers.BitcoinOASIS.csproj]
C:\Source\OASIS-master\Providers\Blockchain\NextGenSoftware.OASIS.API.Providers.BitcoinOASIS\BitcoinOASIS.cs(1809,133): error CS0103: The name 'CreateDeterministicGuid' does not exist in the current context [C:\Source\OASIS-master\Providers\Blockchain\NextGenSoftware.OASIS.API.Providers.BitcoinOASIS\NextGenSoftware.OASIS.API.Providers.BitcoinOASIS.csproj]
C:\Source\OASIS-master\Providers\Blockchain\NextGenSoftware.OASIS.API.Providers.BitcoinOASIS\BitcoinOASIS.cs(1844,26): error CS0103: The name 'CreateDeterministicGuid' does not exist in the current context [C:\Source\OASIS-master\Providers\Blockchain\NextGenSoftware.OASIS.API.Providers.BitcoinOASIS\NextGenSoftware.OASIS.API.Providers.BitcoinOASIS.csproj]
C:\Source\OASIS-master\Providers\Blockchain\NextGenSoftware.OASIS.API.Providers.BitcoinOASIS\BitcoinOASIS.cs(1971,26): error CS0103: The name 'CreateDeterministicGuid' does not exist in the current context [C:\Source\OASIS-master\Providers\Blockchain\NextGenSoftware.OASIS.API.Providers.BitcoinOASIS\NextGenSoftware.OASIS.API.Providers.BitcoinOASIS.csproj]
C:\Source\OASIS-master\Providers\Blockchain\NextGenSoftware.OASIS.API.Providers.BitcoinOASIS\BitcoinOASIS.cs(2023,133): error CS0103: The name 'CreateDeterministicGuid' does not exist in the current context [C:\Source\OASIS-master\Providers\Blockchain\NextGenSoftware.OASIS.API.Providers.BitcoinOASIS\NextGenSoftware.OASIS.API.Providers.BitcoinOASIS.csproj]
C:\Source\OASIS-master\Providers\Blockchain\NextGenSoftware.OASIS.API.Providers.BitcoinOASIS\BitcoinOASIS.cs(2089,26): error CS0103: The name 'CreateDeterministicGuid' does not exist in the current context [C:\Source\OASIS-master\Providers\Blockchain\NextGenSoftware.OASIS.API.Providers.BitcoinOASIS\NextGenSoftware.OASIS.API.Providers.BitcoinOASIS.csproj]
C:\Source\OASIS-master\Providers\Blockchain\NextGenSoftware.OASIS.API.Providers.BitcoinOASIS\BitcoinOASIS.cs(2979,38): error CS1061: 'ISendWeb3NFTRequest' does not contain a definition for 'Web3NFTId' and no accessible extension method 'Web3NFTId' accepting a first argument of type 'ISendWeb3NFTRequest' could be found (are you missing a using directive or an assembly reference?) [C:\Source\OASIS-master\Providers\Blockchain\NextGenSoftware.OASIS.API.Providers.BitcoinOASIS\NextGenSoftware.OASIS.API.Providers.BitcoinOASIS.csproj]
C:\Source\OASIS-master\Providers\Blockchain\NextGenSoftware.OASIS.API.Providers.BitcoinOASIS\BitcoinOASIS.cs(2982,45): error CS1061: 'ISendWeb3NFTRequest' does not contain a definition for 'NFTTokenAddress' and no accessible extension method 'NFTTokenAddress' accepting a first argument of type 'ISendWeb3NFTRequest' could be found (are you missing a using directive or an assembly reference?) [C:\Source\OASIS-master\Providers\Blockchain\NextGenSoftware.OASIS.API.Providers.BitcoinOASIS\NextGenSoftware.OASIS.API.Providers.BitcoinOASIS.csproj]
C:\Source\OASIS-master\Providers\Blockchain\NextGenSoftware.OASIS.API.Providers.BitcoinOASIS\BitcoinOASIS.cs(3017,25): error CS0117: 'Web3NFTTransactionResponse' does not contain a definition for 'TransactionHash' [C:\Source\OASIS-master\Providers\Blockchain\NextGenSoftware.OASIS.API.Providers.BitcoinOASIS\NextGenSoftware.OASIS.API.Providers.BitcoinOASIS.csproj]
C:\Source\OASIS-master\Providers\Blockchain\NextGenSoftware.OASIS.API.Providers.BitcoinOASIS\BitcoinOASIS.cs(3018,25): error CS0117: 'Web3NFTTransactionResponse' does not contain a definition for 'IsSuccessful' [C:\Source\OASIS-master\Providers\Blockchain\NextGenSoftware.OASIS.API.Providers.BitcoinOASIS\NextGenSoftware.OASIS.API.Providers.BitcoinOASIS.csproj]
C:\Source\OASIS-master\Providers\Blockchain\NextGenSoftware.OASIS.API.Providers.BitcoinOASIS\BitcoinOASIS.cs(3019,25): error CS0117: 'Web3NFTTransactionResponse' does not contain a definition for 'Message' [C:\Source\OASIS-master\Providers\Blockchain\NextGenSoftware.OASIS.API.Providers.BitcoinOASIS\NextGenSoftware.OASIS.API.Providers.BitcoinOASIS.csproj]
C:\Source\OASIS-master\Providers\Blockchain\NextGenSoftware.OASIS.API.Providers.BitcoinOASIS\BitcoinOASIS.cs(3068,39): error CS1061: 'IMintWeb3NFTRequest' does not contain a definition for 'MintToAvatarId' and no accessible extension method 'MintToAvatarId' accepting a first argument of type 'IMintWeb3NFTRequest' could be found (are you missing a using directive or an assembly reference?) [C:\Source\OASIS-master\Providers\Blockchain\NextGenSoftware.OASIS.API.Providers.BitcoinOASIS\NextGenSoftware.OASIS.API.Providers.BitcoinOASIS.csproj]
C:\Source\OASIS-master\Providers\Blockchain\NextGenSoftware.OASIS.API.Providers.BitcoinOASIS\BitcoinOASIS.cs(3069,45): error CS1061: 'IMintWeb3NFTRequest' does not contain a definition for 'NFTTokenAddress' and no accessible extension method 'NFTTokenAddress' accepting a first argument of type 'IMintWeb3NFTRequest' could be found (are you missing a using directive or an assembly reference?) [C:\Source\OASIS-master\Providers\Blockchain\NextGenSoftware.OASIS.API.Providers.BitcoinOASIS\NextGenSoftware.OASIS.API.Providers.BitcoinOASIS.csproj]
C:\Source\OASIS-master\Providers\Blockchain\NextGenSoftware.OASIS.API.Providers.BitcoinOASIS\BitcoinOASIS.cs(3070,40): error CS1061: 'IMintWeb3NFTRequest' does not contain a definition for 'Metadata' and no accessible extension method 'Metadata' accepting a first argument of type 'IMintWeb3NFTRequest' could be found (are you missing a using directive or an assembly reference?) [C:\Source\OASIS-master\Providers\Blockchain\NextGenSoftware.OASIS.API.Providers.BitcoinOASIS\NextGenSoftware.OASIS.API.Providers.BitcoinOASIS.csproj]
C:\Source\OASIS-master\Providers\Blockchain\NextGenSoftware.OASIS.API.Providers.BitcoinOASIS\BitcoinOASIS.cs(3105,25): error CS0117: 'Web3NFTTransactionResponse' does not contain a definition for 'TransactionHash' [C:\Source\OASIS-master\Providers\Blockchain\NextGenSoftware.OASIS.API.Providers.BitcoinOASIS\NextGenSoftware.OASIS.API.Providers.BitcoinOASIS.csproj]
C:\Source\OASIS-master\Providers\Blockchain\NextGenSoftware.OASIS.API.Providers.BitcoinOASIS\BitcoinOASIS.cs(3106,25): error CS0117: 'Web3NFTTransactionResponse' does not contain a definition for 'IsSuccessful' [C:\Source\OASIS-master\Providers\Blockchain\NextGenSoftware.OASIS.API.Providers.BitcoinOASIS\NextGenSoftware.OASIS.API.Providers.BitcoinOASIS.csproj]
C:\Source\OASIS-master\Providers\Blockchain\NextGenSoftware.OASIS.API.Providers.BitcoinOASIS\BitcoinOASIS.cs(3107,25): error CS0117: 'Web3NFTTransactionResponse' does not contain a definition for 'Message' [C:\Source\OASIS-master\Providers\Blockchain\NextGenSoftware.OASIS.API.Providers.BitcoinOASIS\NextGenSoftware.OASIS.API.Providers.BitcoinOASIS.csproj]
C:\Source\OASIS-master\Providers\Blockchain\NextGenSoftware.OASIS.API.Providers.BitcoinOASIS\BitcoinOASIS.cs(3191,25): error CS0117: 'Web3NFTTransactionResponse' does not contain a definition for 'TransactionHash' [C:\Source\OASIS-master\Providers\Blockchain\NextGenSoftware.OASIS.API.Providers.BitcoinOASIS\NextGenSoftware.OASIS.API.Providers.BitcoinOASIS.csproj]
C:\Source\OASIS-master\Providers\Blockchain\NextGenSoftware.OASIS.API.Providers.BitcoinOASIS\BitcoinOASIS.cs(3192,25): error CS0117: 'Web3NFTTransactionResponse' does not contain a definition for 'IsSuccessful' [C:\Source\OASIS-master\Providers\Blockchain\NextGenSoftware.OASIS.API.Providers.BitcoinOASIS\NextGenSoftware.OASIS.API.Providers.BitcoinOASIS.csproj]
C:\Source\OASIS-master\Providers\Blockchain\NextGenSoftware.OASIS.API.Providers.BitcoinOASIS\BitcoinOASIS.cs(3193,25): error CS0117: 'Web3NFTTransactionResponse' does not contain a definition for 'Message' [C:\Source\OASIS-master\Providers\Blockchain\NextGenSoftware.OASIS.API.Providers.BitcoinOASIS\NextGenSoftware.OASIS.API.Providers.BitcoinOASIS.csproj]
C:\Source\OASIS-master\Providers\Blockchain\NextGenSoftware.OASIS.API.Providers.BitcoinOASIS\BitcoinOASIS.cs(3281,57): error CS0117: 'Web3NFT' does not contain a definition for 'TransactionHash' [C:\Source\OASIS-master\Providers\Blockchain\NextGenSoftware.OASIS.API.Providers.BitcoinOASIS\NextGenSoftware.OASIS.API.Providers.BitcoinOASIS.csproj]
C:\Source\OASIS-master\Providers\Blockchain\NextGenSoftware.OASIS.API.Providers.BitcoinOASIS\BitcoinOASIS.cs(3288,72): error CS0029: Cannot implicitly convert type 'System.Collections.Generic.Dictionary<string, object>' to 'System.Collections.Generic.Dictionary<string, string>' [C:\Source\OASIS-master\Providers\Blockchain\NextGenSoftware.OASIS.API.Providers.BitcoinOASIS\NextGenSoftware.OASIS.API.Providers.BitcoinOASIS.csproj]
C:\Source\OASIS-master\Providers\Blockchain\NextGenSoftware.OASIS.API.Providers.BitcoinOASIS\BitcoinOASIS.cs(3440,75): error CS0103: The name 'CreateDeterministicGuid' does not exist in the current context [C:\Source\OASIS-master\Providers\Blockchain\NextGenSoftware.OASIS.API.Providers.BitcoinOASIS\NextGenSoftware.OASIS.API.Providers.BitcoinOASIS.csproj]
C:\Source\OASIS-master\Providers\Blockchain\NextGenSoftware.OASIS.API.Providers.BitcoinOASIS\BitcoinOASIS.cs(3611,74): error CS1061: 'IMintWeb3TokenRequest' does not contain a definition for 'TokenAddress' and no accessible extension method 'TokenAddress' accepting a first argument of type 'IMintWeb3TokenRequest' could be found (are you missing a using directive or an assembly reference?) [C:\Source\OASIS-master\Providers\Blockchain\NextGenSoftware.OASIS.API.Providers.BitcoinOASIS\NextGenSoftware.OASIS.API.Providers.BitcoinOASIS.csproj]
C:\Source\OASIS-master\Providers\Blockchain\NextGenSoftware.OASIS.API.Providers.BitcoinOASIS\BitcoinOASIS.cs(3622,45): error CS1061: 'IMintWeb3TokenRequest' does not contain a definition for 'TokenAddress' and no accessible extension method 'TokenAddress' accepting a first argument of type 'IMintWeb3TokenRequest' could be found (are you missing a using directive or an assembly reference?) [C:\Source\OASIS-master\Providers\Blockchain\NextGenSoftware.OASIS.API.Providers.BitcoinOASIS\NextGenSoftware.OASIS.API.Providers.BitcoinOASIS.csproj]
C:\Source\OASIS-master\Providers\Blockchain\NextGenSoftware.OASIS.API.Providers.BitcoinOASIS\BitcoinOASIS.cs(3623,38): error CS1061: 'IMintWeb3TokenRequest' does not contain a definition for 'Amount' and no accessible extension method 'Amount' accepting a first argument of type 'IMintWeb3TokenRequest' could be found (are you missing a using directive or an assembly reference?) [C:\Source\OASIS-master\Providers\Blockchain\NextGenSoftware.OASIS.API.Providers.BitcoinOASIS\NextGenSoftware.OASIS.API.Providers.BitcoinOASIS.csproj]
C:\Source\OASIS-master\Providers\Blockchain\NextGenSoftware.OASIS.API.Providers.BitcoinOASIS\BitcoinOASIS.cs(3624,39): error CS1061: 'IMintWeb3TokenRequest' does not contain a definition for 'ToWalletAddress' and no accessible extension method 'ToWalletAddress' accepting a first argument of type 'IMintWeb3TokenRequest' could be found (are you missing a using directive or an assembly reference?) [C:\Source\OASIS-master\Providers\Blockchain\NextGenSoftware.OASIS.API.Providers.BitcoinOASIS\NextGenSoftware.OASIS.API.Providers.BitcoinOASIS.csproj]
C:\Source\OASIS-master\Providers\Blockchain\NextGenSoftware.OASIS.API.Providers.BitcoinOASIS\BitcoinOASIS.cs(3704,38): error CS1061: 'IBurnWeb3TokenRequest' does not contain a definition for 'Amount' and no accessible extension method 'Amount' accepting a first argument of type 'IBurnWeb3TokenRequest' could be found (are you missing a using directive or an assembly reference?) [C:\Source\OASIS-master\Providers\Blockchain\NextGenSoftware.OASIS.API.Providers.BitcoinOASIS\NextGenSoftware.OASIS.API.Providers.BitcoinOASIS.csproj]
C:\Source\OASIS-master\Providers\Blockchain\NextGenSoftware.OASIS.API.Providers.BitcoinOASIS\BitcoinOASIS.cs(3705,41): error CS1061: 'IBurnWeb3TokenRequest' does not contain a definition for 'FromWalletAddress' and no accessible extension method 'FromWalletAddress' accepting a first argument of type 'IBurnWeb3TokenRequest' could be found (are you missing a using directive or an assembly reference?) [C:\Source\OASIS-master\Providers\Blockchain\NextGenSoftware.OASIS.API.Providers.BitcoinOASIS\NextGenSoftware.OASIS.API.Providers.BitcoinOASIS.csproj]
C:\Source\OASIS-master\Providers\Blockchain\NextGenSoftware.OASIS.API.Providers.BitcoinOASIS\BitcoinOASIS.cs(3787,38): error CS1061: 'ILockWeb3TokenRequest' does not contain a definition for 'Amount' and no accessible extension method 'Amount' accepting a first argument of type 'ILockWeb3TokenRequest' could be found (are you missing a using directive or an assembly reference?) [C:\Source\OASIS-master\Providers\Blockchain\NextGenSoftware.OASIS.API.Providers.BitcoinOASIS\NextGenSoftware.OASIS.API.Providers.BitcoinOASIS.csproj]
C:\Source\OASIS-master\Providers\Blockchain\NextGenSoftware.OASIS.API.Providers.BitcoinOASIS\BitcoinOASIS.cs(3871,38): error CS1061: 'IUnlockWeb3TokenRequest' does not contain a definition for 'Amount' and no accessible extension method 'Amount' accepting a first argument of type 'IUnlockWeb3TokenRequest' could be found (are you missing a using directive or an assembly reference?) [C:\Source\OASIS-master\Providers\Blockchain\NextGenSoftware.OASIS.API.Providers.BitcoinOASIS\NextGenSoftware.OASIS.API.Providers.BitcoinOASIS.csproj]
C:\Source\OASIS-master\Providers\Blockchain\NextGenSoftware.OASIS.API.Providers.BitcoinOASIS\BitcoinOASIS.cs(3873,41): error CS1061: 'IUnlockWeb3TokenRequest' does not contain a definition for 'ToWalletAddress' and no accessible extension method 'ToWalletAddress' accepting a first argument of type 'IUnlockWeb3TokenRequest' could be found (are you missing a using directive or an assembly reference?) [C:\Source\OASIS-master\Providers\Blockchain\NextGenSoftware.OASIS.API.Providers.BitcoinOASIS\NextGenSoftware.OASIS.API.Providers.BitcoinOASIS.csproj]
C:\Source\OASIS-master\Providers\Blockchain\NextGenSoftware.OASIS.API.Providers.BitcoinOASIS\BitcoinOASIS.cs(4034,38): error CS0103: The name 'CreateDeterministicGuid' does not exist in the current context [C:\Source\OASIS-master\Providers\Blockchain\NextGenSoftware.OASIS.API.Providers.BitcoinOASIS\NextGenSoftware.OASIS.API.Providers.BitcoinOASIS.csproj]
C:\Source\OASIS-master\Providers\Blockchain\NextGenSoftware.OASIS.API.Providers.BitcoinOASIS\BitcoinOASIS.cs(4251,41): error CS0103: The name '_contractAddress' does not exist in the current context [C:\Source\OASIS-master\Providers\Blockchain\NextGenSoftware.OASIS.API.Providers.BitcoinOASIS\NextGenSoftware.OASIS.API.Providers.BitcoinOASIS.csproj]
C:\Source\OASIS-master\Providers\Blockchain\NextGenSoftware.OASIS.API.Providers.BitcoinOASIS\BitcoinOASIS.cs(4271,51): error CS0103: The name 'CreateDeterministicGuid' does not exist in the current context [C:\Source\OASIS-master\Providers\Blockchain\NextGenSoftware.OASIS.API.Providers.BitcoinOASIS\NextGenSoftware.OASIS.API.Providers.BitcoinOASIS.csproj]
C:\Source\OASIS-master\Providers\Blockchain\NextGenSoftware.OASIS.API.Providers.BitcoinOASIS\BitcoinOASIS.cs(4344,51): error CS0103: The name 'CreateDeterministicGuid' does not exist in the current context [C:\Source\OASIS-master\Providers\Blockchain\NextGenSoftware.OASIS.API.Providers.BitcoinOASIS\NextGenSoftware.OASIS.API.Providers.BitcoinOASIS.csproj]
C:\Source\OASIS-master\Providers\Blockchain\NextGenSoftware.OASIS.API.Providers.BitcoinOASIS\BitcoinOASIS.cs(4344,108): error CS0103: The name 'senderAccountAddress' does not exist in the current context [C:\Source\OASIS-master\Providers\Blockchain\NextGenSoftware.OASIS.API.Providers.BitcoinOASIS\NextGenSoftware.OASIS.API.Providers.BitcoinOASIS.csproj]
C:\Source\OASIS-master\Providers\Blockchain\NextGenSoftware.OASIS.API.Providers.SOLANAOASIS\SolanaOasis.cs(827,58): error CS0103: The name 'version' does not exist in the current context [C:\Source\OASIS-master\Providers\Blockchain\NextGenSoftware.OASIS.API.Providers.SOLANAOASIS\NextGenSoftware.OASIS.API.Providers.SOLANAOASIS.csproj]
C:\Source\OASIS-master\Providers\Blockchain\NextGenSoftware.OASIS.API.Providers.SOLANAOASIS\SolanaOasis.cs(1065,68): error CS1061: 'List<string>' does not contain a definition for 'Length' and no accessible extension method 'Length' accepting a first argument of type 'List<string>' could be found (are you missing a using directive or an assembly reference?) [C:\Source\OASIS-master\Providers\Blockchain\NextGenSoftware.OASIS.API.Providers.SOLANAOASIS\NextGenSoftware.OASIS.API.Providers.SOLANAOASIS.csproj]
C:\Source\OASIS-master\Providers\Blockchain\NextGenSoftware.OASIS.API.Providers.SOLANAOASIS\SolanaOasis.cs(1067,81): error CS1503: Argument 1: cannot convert from 'System.Collections.Generic.List<string>' to 'byte[]' [C:\Source\OASIS-master\Providers\Blockchain\NextGenSoftware.OASIS.API.Providers.SOLANAOASIS\NextGenSoftware.OASIS.API.Providers.SOLANAOASIS.csproj]
C:\Source\OASIS-master\Providers\Blockchain\NextGenSoftware.OASIS.API.Providers.SOLANAOASIS\SolanaOasis.cs(1547,68): error CS1061: 'List<string>' does not contain a definition for 'Length' and no accessible extension method 'Length' accepting a first argument of type 'List<string>' could be found (are you missing a using directive or an assembly reference?) [C:\Source\OASIS-master\Providers\Blockchain\NextGenSoftware.OASIS.API.Providers.SOLANAOASIS\NextGenSoftware.OASIS.API.Providers.SOLANAOASIS.csproj]
C:\Source\OASIS-master\Providers\Blockchain\NextGenSoftware.OASIS.API.Providers.SOLANAOASIS\SolanaOasis.cs(1549,81): error CS1503: Argument 1: cannot convert from 'System.Collections.Generic.List<string>' to 'byte[]' [C:\Source\OASIS-master\Providers\Blockchain\NextGenSoftware.OASIS.API.Providers.SOLANAOASIS\NextGenSoftware.OASIS.API.Providers.SOLANAOASIS.csproj]
C:\Source\OASIS-master\Providers\Blockchain\NextGenSoftware.OASIS.API.Providers.SOLANAOASIS\SolanaOasis.cs(1555,97): error CS1061: 'ISearchParams' does not contain a definition for 'SearchQuery' and no accessible extension method 'SearchQuery' accepting a first argument of type 'ISearchParams' could be found (are you missing a using directive or an assembly reference?) [C:\Source\OASIS-master\Providers\Blockchain\NextGenSoftware.OASIS.API.Providers.SOLANAOASIS\NextGenSoftware.OASIS.API.Providers.SOLANAOASIS.csproj]
C:\Source\OASIS-master\Providers\Blockchain\NextGenSoftware.OASIS.API.Providers.SOLANAOASIS\SolanaOasis.cs(1557,87): error CS1061: 'ISearchParams' does not contain a definition for 'SearchQuery' and no accessible extension method 'SearchQuery' accepting a first argument of type 'ISearchParams' could be found (are you missing a using directive or an assembly reference?) [C:\Source\OASIS-master\Providers\Blockchain\NextGenSoftware.OASIS.API.Providers.SOLANAOASIS\NextGenSoftware.OASIS.API.Providers.SOLANAOASIS.csproj]
C:\Source\OASIS-master\Providers\Blockchain\NextGenSoftware.OASIS.API.Providers.SOLANAOASIS\SolanaOasis.cs(1558,84): error CS1061: 'ISearchParams' does not contain a definition for 'SearchQuery' and no accessible extension method 'SearchQuery' accepting a first argument of type 'ISearchParams' could be found (are you missing a using directive or an assembly reference?) [C:\Source\OASIS-master\Providers\Blockchain\NextGenSoftware.OASIS.API.Providers.SOLANAOASIS\NextGenSoftware.OASIS.API.Providers.SOLANAOASIS.csproj]
C:\Source\OASIS-master\Providers\Blockchain\NextGenSoftware.OASIS.API.Providers.SOLANAOASIS\SolanaOasis.cs(1571,96): error CS1061: 'ISearchParams' does not contain a definition for 'SearchQuery' and no accessible extension method 'SearchQuery' accepting a first argument of type 'ISearchParams' could be found (are you missing a using directive or an assembly reference?) [C:\Source\OASIS-master\Providers\Blockchain\NextGenSoftware.OASIS.API.Providers.SOLANAOASIS\NextGenSoftware.OASIS.API.Providers.SOLANAOASIS.csproj]
C:\Source\OASIS-master\Providers\Blockchain\NextGenSoftware.OASIS.API.Providers.SOLANAOASIS\SolanaOasis.cs(1573,82): error CS1061: 'ISearchParams' does not contain a definition for 'SearchQuery' and no accessible extension method 'SearchQuery' accepting a first argument of type 'ISearchParams' could be found (are you missing a using directive or an assembly reference?) [C:\Source\OASIS-master\Providers\Blockchain\NextGenSoftware.OASIS.API.Providers.SOLANAOASIS\NextGenSoftware.OASIS.API.Providers.SOLANAOASIS.csproj]
C:\Source\OASIS-master\Providers\Blockchain\NextGenSoftware.OASIS.API.Providers.SOLANAOASIS\SolanaOasis.cs(1574,89): error CS1061: 'ISearchParams' does not contain a definition for 'SearchQuery' and no accessible extension method 'SearchQuery' accepting a first argument of type 'ISearchParams' could be found (are you missing a using directive or an assembly reference?) [C:\Source\OASIS-master\Providers\Blockchain\NextGenSoftware.OASIS.API.Providers.SOLANAOASIS\NextGenSoftware.OASIS.API.Providers.SOLANAOASIS.csproj]
C:\Source\OASIS-master\Providers\Blockchain\NextGenSoftware.OASIS.API.Providers.SOLANAOASIS\SolanaOasis.cs(1707,38): error CS4032: The 'await' operator can only be used within an async method. Consider marking this method with the 'async' modifier and changing its return type to 'Task<OASISResult<IEnumerable<IAvatar>>>'. [C:\Source\OASIS-master\Providers\Blockchain\NextGenSoftware.OASIS.API.Providers.SOLANAOASIS\NextGenSoftware.OASIS.API.Providers.SOLANAOASIS.csproj]
C:\Source\OASIS-master\Providers\Blockchain\NextGenSoftware.OASIS.API.Providers.SOLANAOASIS\SolanaOasis.cs(1758,38): error CS4032: The 'await' operator can only be used within an async method. Consider marking this method with the 'async' modifier and changing its return type to 'Task<OASISResult<IEnumerable<IHolon>>>'. [C:\Source\OASIS-master\Providers\Blockchain\NextGenSoftware.OASIS.API.Providers.SOLANAOASIS\NextGenSoftware.OASIS.API.Providers.SOLANAOASIS.csproj]
C:\Source\OASIS-master\Providers\Blockchain\NextGenSoftware.OASIS.API.Providers.SOLANAOASIS\SolanaOasis.cs(2202,68): error CS1061: 'List<string>' does not contain a definition for 'Length' and no accessible extension method 'Length' accepting a first argument of type 'List<string>' could be found (are you missing a using directive or an assembly reference?) [C:\Source\OASIS-master\Providers\Blockchain\NextGenSoftware.OASIS.API.Providers.SOLANAOASIS\NextGenSoftware.OASIS.API.Providers.SOLANAOASIS.csproj]
C:\Source\OASIS-master\Providers\Blockchain\NextGenSoftware.OASIS.API.Providers.SOLANAOASIS\SolanaOasis.cs(2204,81): error CS1503: Argument 1: cannot convert from 'System.Collections.Generic.List<string>' to 'byte[]' [C:\Source\OASIS-master\Providers\Blockchain\NextGenSoftware.OASIS.API.Providers.SOLANAOASIS\NextGenSoftware.OASIS.API.Providers.SOLANAOASIS.csproj]
C:\Source\OASIS-master\Providers\Blockchain\NextGenSoftware.OASIS.API.Providers.SOLANAOASIS\SolanaOasis.cs(2207,66): error CS1061: 'SolanaHolonDto' does not contain a definition for 'CreatedByAvatarId' and no accessible extension method 'CreatedByAvatarId' accepting a first argument of type 'SolanaHolonDto' could be found (are you missing a using directive or an assembly reference?) [C:\Source\OASIS-master\Providers\Blockchain\NextGenSoftware.OASIS.API.Providers.SOLANAOASIS\NextGenSoftware.OASIS.API.Providers.SOLANAOASIS.csproj]
C:\Source\OASIS-master\Providers\Blockchain\NextGenSoftware.OASIS.API.Providers.SOLANAOASIS\SolanaOasis.cs(2559,43): error CS1503: Argument 1: cannot convert from 'NextGenSoftware.OASIS.Common.OASISResult<string>' to 'string?' [C:\Source\OASIS-master\Providers\Blockchain\NextGenSoftware.OASIS.API.Providers.SOLANAOASIS\NextGenSoftware.OASIS.API.Providers.SOLANAOASIS.csproj]
C:\Source\OASIS-master\Providers\Blockchain\NextGenSoftware.OASIS.API.Providers.SOLANAOASIS\SolanaOasis.cs(2559,90): error CS1503: Argument 1: cannot convert from 'NextGenSoftware.OASIS.Common.OASISResult<string>' to 'string?' [C:\Source\OASIS-master\Providers\Blockchain\NextGenSoftware.OASIS.API.Providers.SOLANAOASIS\NextGenSoftware.OASIS.API.Providers.SOLANAOASIS.csproj]
C:\Source\OASIS-master\Providers\Blockchain\NextGenSoftware.OASIS.API.Providers.SOLANAOASIS\SolanaOasis.cs(2568,51): error CS1503: Argument 1: cannot convert from 'NextGenSoftware.OASIS.Common.OASISResult<string>' to 'byte[]' [C:\Source\OASIS-master\Providers\Blockchain\NextGenSoftware.OASIS.API.Providers.SOLANAOASIS\NextGenSoftware.OASIS.API.Providers.SOLANAOASIS.csproj]
C:\Source\OASIS-master\Providers\Blockchain\NextGenSoftware.OASIS.API.Providers.SOLANAOASIS\SolanaOasis.cs(2569,49): error CS1503: Argument 1: cannot convert from 'NextGenSoftware.OASIS.Common.OASISResult<string>' to 'byte[]' [C:\Source\OASIS-master\Providers\Blockchain\NextGenSoftware.OASIS.API.Providers.SOLANAOASIS\NextGenSoftware.OASIS.API.Providers.SOLANAOASIS.csproj]
C:\Source\OASIS-master\Providers\Blockchain\NextGenSoftware.OASIS.API.Providers.SOLANAOASIS\SolanaOasis.cs(2632,43): error CS1503: Argument 1: cannot convert from 'NextGenSoftware.OASIS.Common.OASISResult<string>' to 'string?' [C:\Source\OASIS-master\Providers\Blockchain\NextGenSoftware.OASIS.API.Providers.SOLANAOASIS\NextGenSoftware.OASIS.API.Providers.SOLANAOASIS.csproj]
C:\Source\OASIS-master\Providers\Blockchain\NextGenSoftware.OASIS.API.Providers.SOLANAOASIS\SolanaOasis.cs(2632,90): error CS1503: Argument 1: cannot convert from 'NextGenSoftware.OASIS.Common.OASISResult<string>' to 'string?' [C:\Source\OASIS-master\Providers\Blockchain\NextGenSoftware.OASIS.API.Providers.SOLANAOASIS\NextGenSoftware.OASIS.API.Providers.SOLANAOASIS.csproj]
C:\Source\OASIS-master\Providers\Blockchain\NextGenSoftware.OASIS.API.Providers.SOLANAOASIS\SolanaOasis.cs(2641,51): error CS1503: Argument 1: cannot convert from 'NextGenSoftware.OASIS.Common.OASISResult<string>' to 'byte[]' [C:\Source\OASIS-master\Providers\Blockchain\NextGenSoftware.OASIS.API.Providers.SOLANAOASIS\NextGenSoftware.OASIS.API.Providers.SOLANAOASIS.csproj]
C:\Source\OASIS-master\Providers\Blockchain\NextGenSoftware.OASIS.API.Providers.SOLANAOASIS\SolanaOasis.cs(2642,49): error CS1503: Argument 1: cannot convert from 'NextGenSoftware.OASIS.Common.OASISResult<string>' to 'byte[]' [C:\Source\OASIS-master\Providers\Blockchain\NextGenSoftware.OASIS.API.Providers.SOLANAOASIS\NextGenSoftware.OASIS.API.Providers.SOLANAOASIS.csproj]
C:\Source\OASIS-master\Providers\Blockchain\NextGenSoftware.OASIS.API.Providers.SOLANAOASIS\SolanaOasis.cs(2969,68): error CS1061: 'List<string>' does not contain a definition for 'Length' and no accessible extension method 'Length' accepting a first argument of type 'List<string>' could be found (are you missing a using directive or an assembly reference?) [C:\Source\OASIS-master\Providers\Blockchain\NextGenSoftware.OASIS.API.Providers.SOLANAOASIS\NextGenSoftware.OASIS.API.Providers.SOLANAOASIS.csproj]
C:\Source\OASIS-master\Providers\Blockchain\NextGenSoftware.OASIS.API.Providers.SOLANAOASIS\SolanaOasis.cs(2971,81): error CS1503: Argument 1: cannot convert from 'System.Collections.Generic.List<string>' to 'byte[]' [C:\Source\OASIS-master\Providers\Blockchain\NextGenSoftware.OASIS.API.Providers.SOLANAOASIS\NextGenSoftware.OASIS.API.Providers.SOLANAOASIS.csproj]
C:\Source\OASIS-master\Providers\Blockchain\NextGenSoftware.OASIS.API.Providers.SOLANAOASIS\SolanaOasis.cs(3055,68): error CS1061: 'List<string>' does not contain a definition for 'Length' and no accessible extension method 'Length' accepting a first argument of type 'List<string>' could be found (are you missing a using directive or an assembly reference?) [C:\Source\OASIS-master\Providers\Blockchain\NextGenSoftware.OASIS.API.Providers.SOLANAOASIS\NextGenSoftware.OASIS.API.Providers.SOLANAOASIS.csproj]
C:\Source\OASIS-master\Providers\Blockchain\NextGenSoftware.OASIS.API.Providers.SOLANAOASIS\SolanaOasis.cs(3057,81): error CS1503: Argument 1: cannot convert from 'System.Collections.Generic.List<string>' to 'byte[]' [C:\Source\OASIS-master\Providers\Blockchain\NextGenSoftware.OASIS.API.Providers.SOLANAOASIS\NextGenSoftware.OASIS.API.Providers.SOLANAOASIS.csproj]
C:\Source\OASIS-master\Providers\Blockchain\NextGenSoftware.OASIS.API.Providers.BlockStackOASIS\BlockStackOASIS.cs(53,13): error CS0103: The name '_contractAddress' does not exist in the current context [C:\Source\OASIS-master\Providers\Blockchain\NextGenSoftware.OASIS.API.Providers.BlockStackOASIS\NextGenSoftware.OASIS.API.Providers.BlockStackOASIS.csproj]
C:\Source\OASIS-master\Providers\Blockchain\NextGenSoftware.OASIS.API.Providers.BlockStackOASIS\BlockStackOASIS.cs(2223,42): error CS4032: The 'await' operator can only be used within an async method. Consider marking this method with the 'async' modifier and changing its return type to 'Task<OASISResult<IEnumerable<IHolon>>>'. [C:\Source\OASIS-master\Providers\Blockchain\NextGenSoftware.OASIS.API.Providers.BlockStackOASIS\NextGenSoftware.OASIS.API.Providers.BlockStackOASIS.csproj]
C:\Source\OASIS-master\Providers\Blockchain\NextGenSoftware.OASIS.API.Providers.BlockStackOASIS\BlockStackOASIS.cs(2324,42): error CS4032: The 'await' operator can only be used within an async method. Consider marking this method with the 'async' modifier and changing its return type to 'Task<OASISResult<ITransactionResponse>>'. [C:\Source\OASIS-master\Providers\Blockchain\NextGenSoftware.OASIS.API.Providers.BlockStackOASIS\NextGenSoftware.OASIS.API.Providers.BlockStackOASIS.csproj]
C:\Source\OASIS-master\Providers\Blockchain\NextGenSoftware.OASIS.API.Providers.BlockStackOASIS\BlockStackOASIS.cs(2405,42): error CS4032: The 'await' operator can only be used within an async method. Consider marking this method with the 'async' modifier and changing its return type to 'Task<OASISResult<ITransactionResponse>>'. [C:\Source\OASIS-master\Providers\Blockchain\NextGenSoftware.OASIS.API.Providers.BlockStackOASIS\NextGenSoftware.OASIS.API.Providers.BlockStackOASIS.csproj]
C:\Source\OASIS-master\Providers\Blockchain\NextGenSoftware.OASIS.API.Providers.BlockStackOASIS\BlockStackOASIS.cs(2484,51): error CS1061: 'ISendWeb3TokenRequest' does not contain a definition for 'TokenAddress' and no accessible extension method 'TokenAddress' accepting a first argument of type 'ISendWeb3TokenRequest' could be found (are you missing a using directive or an assembly reference?) [C:\Source\OASIS-master\Providers\Blockchain\NextGenSoftware.OASIS.API.Providers.BlockStackOASIS\NextGenSoftware.OASIS.API.Providers.BlockStackOASIS.csproj]
C:\Source\OASIS-master\Providers\Blockchain\NextGenSoftware.OASIS.API.Providers.BlockStackOASIS\BlockStackOASIS.cs(2550,74): error CS1061: 'IMintWeb3TokenRequest' does not contain a definition for 'TokenAddress' and no accessible extension method 'TokenAddress' accepting a first argument of type 'IMintWeb3TokenRequest' could be found (are you missing a using directive or an assembly reference?) [C:\Source\OASIS-master\Providers\Blockchain\NextGenSoftware.OASIS.API.Providers.BlockStackOASIS\NextGenSoftware.OASIS.API.Providers.BlockStackOASIS.csproj]
C:\Source\OASIS-master\Providers\Blockchain\NextGenSoftware.OASIS.API.Providers.BlockStackOASIS\BlockStackOASIS.cs(2562,52): error CS1061: 'IMintWeb3TokenRequest' does not contain a definition for 'TokenAddress' and no accessible extension method 'TokenAddress' accepting a first argument of type 'IMintWeb3TokenRequest' could be found (are you missing a using directive or an assembly reference?) [C:\Source\OASIS-master\Providers\Blockchain\NextGenSoftware.OASIS.API.Providers.BlockStackOASIS\NextGenSoftware.OASIS.API.Providers.BlockStackOASIS.csproj]
C:\Source\OASIS-master\Providers\Blockchain\NextGenSoftware.OASIS.API.Providers.BlockStackOASIS\BlockStackOASIS.cs(2566,37): error CS1061: 'IMintWeb3TokenRequest' does not contain a definition for 'Amount' and no accessible extension method 'Amount' accepting a first argument of type 'IMintWeb3TokenRequest' could be found (are you missing a using directive or an assembly reference?) [C:\Source\OASIS-master\Providers\Blockchain\NextGenSoftware.OASIS.API.Providers.BlockStackOASIS\NextGenSoftware.OASIS.API.Providers.BlockStackOASIS.csproj]
C:\Source\OASIS-master\Providers\Blockchain\NextGenSoftware.OASIS.API.Providers.BlockStackOASIS\BlockStackOASIS.cs(2567,37): error CS1061: 'IMintWeb3TokenRequest' does not contain a definition for 'ToWalletAddress' and no accessible extension method 'ToWalletAddress' accepting a first argument of type 'IMintWeb3TokenRequest' could be found (are you missing a using directive or an assembly reference?) [C:\Source\OASIS-master\Providers\Blockchain\NextGenSoftware.OASIS.API.Providers.BlockStackOASIS\NextGenSoftware.OASIS.API.Providers.BlockStackOASIS.csproj]
C:\Source\OASIS-master\Providers\Blockchain\NextGenSoftware.OASIS.API.Providers.BlockStackOASIS\BlockStackOASIS.cs(2636,37): error CS1061: 'IBurnWeb3TokenRequest' does not contain a definition for 'Amount' and no accessible extension method 'Amount' accepting a first argument of type 'IBurnWeb3TokenRequest' could be found (are you missing a using directive or an assembly reference?) [C:\Source\OASIS-master\Providers\Blockchain\NextGenSoftware.OASIS.API.Providers.BlockStackOASIS\NextGenSoftware.OASIS.API.Providers.BlockStackOASIS.csproj]
C:\Source\OASIS-master\Providers\Blockchain\NextGenSoftware.OASIS.API.Providers.BlockStackOASIS\BlockStackOASIS.cs(2637,37): error CS1061: 'IBurnWeb3TokenRequest' does not contain a definition for 'FromWalletAddress' and no accessible extension method 'FromWalletAddress' accepting a first argument of type 'IBurnWeb3TokenRequest' could be found (are you missing a using directive or an assembly reference?) [C:\Source\OASIS-master\Providers\Blockchain\NextGenSoftware.OASIS.API.Providers.BlockStackOASIS\NextGenSoftware.OASIS.API.Providers.BlockStackOASIS.csproj]
C:\Source\OASIS-master\Providers\Blockchain\NextGenSoftware.OASIS.API.Providers.BlockStackOASIS\BlockStackOASIS.cs(2697,43): error CS0103: The name '_contractAddress' does not exist in the current context [C:\Source\OASIS-master\Providers\Blockchain\NextGenSoftware.OASIS.API.Providers.BlockStackOASIS\NextGenSoftware.OASIS.API.Providers.BlockStackOASIS.csproj]
C:\Source\OASIS-master\Providers\Blockchain\NextGenSoftware.OASIS.API.Providers.BlockStackOASIS\BlockStackOASIS.cs(2700,21): error CS0117: 'SendWeb3TokenRequest' does not contain a definition for 'TokenAddress' [C:\Source\OASIS-master\Providers\Blockchain\NextGenSoftware.OASIS.API.Providers.BlockStackOASIS\NextGenSoftware.OASIS.API.Providers.BlockStackOASIS.csproj]
C:\Source\OASIS-master\Providers\Blockchain\NextGenSoftware.OASIS.API.Providers.BlockStackOASIS\BlockStackOASIS.cs(2703,38): error CS1061: 'ILockWeb3TokenRequest' does not contain a definition for 'Amount' and no accessible extension method 'Amount' accepting a first argument of type 'ILockWeb3TokenRequest' could be found (are you missing a using directive or an assembly reference?) [C:\Source\OASIS-master\Providers\Blockchain\NextGenSoftware.OASIS.API.Providers.BlockStackOASIS\NextGenSoftware.OASIS.API.Providers.BlockStackOASIS.csproj]
C:\Source\OASIS-master\Providers\Blockchain\NextGenSoftware.OASIS.API.Providers.BlockStackOASIS\BlockStackOASIS.cs(2752,43): error CS0103: The name '_contractAddress' does not exist in the current context [C:\Source\OASIS-master\Providers\Blockchain\NextGenSoftware.OASIS.API.Providers.BlockStackOASIS\NextGenSoftware.OASIS.API.Providers.BlockStackOASIS.csproj]
C:\Source\OASIS-master\Providers\Blockchain\NextGenSoftware.OASIS.API.Providers.BlockStackOASIS\BlockStackOASIS.cs(2763,37): error CS1061: 'IUnlockWeb3TokenRequest' does not contain a definition for 'Amount' and no accessible extension method 'Amount' accepting a first argument of type 'IUnlockWeb3TokenRequest' could be found (are you missing a using directive or an assembly reference?) [C:\Source\OASIS-master\Providers\Blockchain\NextGenSoftware.OASIS.API.Providers.BlockStackOASIS\NextGenSoftware.OASIS.API.Providers.BlockStackOASIS.csproj]
C:\Source\OASIS-master\Providers\Blockchain\NextGenSoftware.OASIS.API.Providers.BlockStackOASIS\BlockStackOASIS.cs(2764,37): error CS1061: 'IUnlockWeb3TokenRequest' does not contain a definition for 'ToWalletAddress' and no accessible extension method 'ToWalletAddress' accepting a first argument of type 'IUnlockWeb3TokenRequest' could be found (are you missing a using directive or an assembly reference?) [C:\Source\OASIS-master\Providers\Blockchain\NextGenSoftware.OASIS.API.Providers.BlockStackOASIS\NextGenSoftware.OASIS.API.Providers.BlockStackOASIS.csproj]
C:\Source\OASIS-master\Providers\Blockchain\NextGenSoftware.OASIS.API.Providers.BlockStackOASIS\BlockStackOASIS.cs(2899,41): error CS1061: 'IGetWeb3TransactionsRequest' does not contain a definition for 'Limit' and no accessible extension method 'Limit' accepting a first argument of type 'IGetWeb3TransactionsRequest' could be found (are you missing a using directive or an assembly reference?) [C:\Source\OASIS-master\Providers\Blockchain\NextGenSoftware.OASIS.API.Providers.BlockStackOASIS\NextGenSoftware.OASIS.API.Providers.BlockStackOASIS.csproj]
C:\Source\OASIS-master\Providers\Blockchain\NextGenSoftware.OASIS.API.Providers.BlockStackOASIS\BlockStackOASIS.cs(2899,61): error CS1061: 'IGetWeb3TransactionsRequest' does not contain a definition for 'Limit' and no accessible extension method 'Limit' accepting a first argument of type 'IGetWeb3TransactionsRequest' could be found (are you missing a using directive or an assembly reference?) [C:\Source\OASIS-master\Providers\Blockchain\NextGenSoftware.OASIS.API.Providers.BlockStackOASIS\NextGenSoftware.OASIS.API.Providers.BlockStackOASIS.csproj]
C:\Source\OASIS-master\Providers\Blockchain\NextGenSoftware.OASIS.API.Providers.BlockStackOASIS\BlockStackOASIS.cs(2900,42): error CS1061: 'IGetWeb3TransactionsRequest' does not contain a definition for 'Offset' and no accessible extension method 'Offset' accepting a first argument of type 'IGetWeb3TransactionsRequest' could be found (are you missing a using directive or an assembly reference?) [C:\Source\OASIS-master\Providers\Blockchain\NextGenSoftware.OASIS.API.Providers.BlockStackOASIS\NextGenSoftware.OASIS.API.Providers.BlockStackOASIS.csproj]
C:\Source\OASIS-master\Providers\Blockchain\NextGenSoftware.OASIS.API.Providers.BlockStackOASIS\BlockStackOASIS.cs(2900,63): error CS1061: 'IGetWeb3TransactionsRequest' does not contain a definition for 'Offset' and no accessible extension method 'Offset' accepting a first argument of type 'IGetWeb3TransactionsRequest' could be found (are you missing a using directive or an assembly reference?) [C:\Source\OASIS-master\Providers\Blockchain\NextGenSoftware.OASIS.API.Providers.BlockStackOASIS\NextGenSoftware.OASIS.API.Providers.BlockStackOASIS.csproj]
C:\Source\OASIS-master\Providers\Blockchain\NextGenSoftware.OASIS.API.Providers.BlockStackOASIS\BlockStackOASIS.cs(2925,71): error CS0117: 'TransactionType' does not contain a definition for 'Send' [C:\Source\OASIS-master\Providers\Blockchain\NextGenSoftware.OASIS.API.Providers.BlockStackOASIS\NextGenSoftware.OASIS.API.Providers.BlockStackOASIS.csproj]
C:\Source\OASIS-master\Providers\Blockchain\NextGenSoftware.OASIS.API.Providers.BlockStackOASIS\BlockStackOASIS.cs(2926,79): error CS0117: 'TransactionCategory' does not contain a definition for 'Transfer' [C:\Source\OASIS-master\Providers\Blockchain\NextGenSoftware.OASIS.API.Providers.BlockStackOASIS\NextGenSoftware.OASIS.API.Providers.BlockStackOASIS.csproj]
C:\Source\OASIS-master\Providers\Blockchain\NextGenSoftware.OASIS.API.Providers.BlockStackOASIS\BlockStackOASIS.cs(2979,37): error CS0246: The type or namespace name 'KeyPairAndWallet' could not be found (are you missing a using directive or an assembly reference?) [C:\Source\OASIS-master\Providers\Blockchain\NextGenSoftware.OASIS.API.Providers.BlockStackOASIS\NextGenSoftware.OASIS.API.Providers.BlockStackOASIS.csproj]
C:\Source\OASIS-master\Providers\Blockchain\NextGenSoftware.OASIS.API.Providers.BlockStackOASIS\BlockStackOASIS.cs(3081,74): error CS1061: 'ISendWeb3NFTRequest' does not contain a definition for 'ToAvatarId' and no accessible extension method 'ToAvatarId' accepting a first argument of type 'ISendWeb3NFTRequest' could be found (are you missing a using directive or an assembly reference?) [C:\Source\OASIS-master\Providers\Blockchain\NextGenSoftware.OASIS.API.Providers.BlockStackOASIS\NextGenSoftware.OASIS.API.Providers.BlockStackOASIS.csproj]
C:\Source\OASIS-master\Providers\Blockchain\NextGenSoftware.OASIS.API.Providers.BlockStackOASIS\BlockStackOASIS.cs(3095,55): error CS1061: 'ISendWeb3NFTRequest' does not contain a definition for 'NFTTokenAddress' and no accessible extension method 'NFTTokenAddress' accepting a first argument of type 'ISendWeb3NFTRequest' could be found (are you missing a using directive or an assembly reference?) [C:\Source\OASIS-master\Providers\Blockchain\NextGenSoftware.OASIS.API.Providers.BlockStackOASIS\NextGenSoftware.OASIS.API.Providers.BlockStackOASIS.csproj]
C:\Source\OASIS-master\Providers\Blockchain\NextGenSoftware.OASIS.API.Providers.BlockStackOASIS\BlockStackOASIS.cs(3096,47): error CS1061: 'ISendWeb3NFTRequest' does not contain a definition for 'Web3NFTId' and no accessible extension method 'Web3NFTId' accepting a first argument of type 'ISendWeb3NFTRequest' could be found (are you missing a using directive or an assembly reference?) [C:\Source\OASIS-master\Providers\Blockchain\NextGenSoftware.OASIS.API.Providers.BlockStackOASIS\NextGenSoftware.OASIS.API.Providers.BlockStackOASIS.csproj]
C:\Source\OASIS-master\Providers\Blockchain\NextGenSoftware.OASIS.API.Providers.BlockStackOASIS\BlockStackOASIS.cs(3106,41): error CS1061: 'ISendWeb3NFTRequest' does not contain a definition for 'FromAvatarId' and no accessible extension method 'FromAvatarId' accepting a first argument of type 'ISendWeb3NFTRequest' could be found (are you missing a using directive or an assembly reference?) [C:\Source\OASIS-master\Providers\Blockchain\NextGenSoftware.OASIS.API.Providers.BlockStackOASIS\NextGenSoftware.OASIS.API.Providers.BlockStackOASIS.csproj]
C:\Source\OASIS-master\Providers\Blockchain\NextGenSoftware.OASIS.API.Providers.BlockStackOASIS\BlockStackOASIS.cs(3107,41): error CS1061: 'ISendWeb3NFTRequest' does not contain a definition for 'ToAvatarId' and no accessible extension method 'ToAvatarId' accepting a first argument of type 'ISendWeb3NFTRequest' could be found (are you missing a using directive or an assembly reference?) [C:\Source\OASIS-master\Providers\Blockchain\NextGenSoftware.OASIS.API.Providers.BlockStackOASIS\NextGenSoftware.OASIS.API.Providers.BlockStackOASIS.csproj]
C:\Source\OASIS-master\Providers\Blockchain\NextGenSoftware.OASIS.API.Providers.BlockStackOASIS\BlockStackOASIS.cs(3125,49): error CS0246: The type or namespace name 'Web3NFTTransactionResponse' could not be found (are you missing a using directive or an assembly reference?) [C:\Source\OASIS-master\Providers\Blockchain\NextGenSoftware.OASIS.API.Providers.BlockStackOASIS\NextGenSoftware.OASIS.API.Providers.BlockStackOASIS.csproj]
C:\Source\OASIS-master\Providers\Blockchain\NextGenSoftware.OASIS.API.Providers.BlockStackOASIS\BlockStackOASIS.cs(3174,74): error CS1061: 'IMintWeb3NFTRequest' does not contain a definition for 'MintToAvatarId' and no accessible extension method 'MintToAvatarId' accepting a first argument of type 'IMintWeb3NFTRequest' could be found (are you missing a using directive or an assembly reference?) [C:\Source\OASIS-master\Providers\Blockchain\NextGenSoftware.OASIS.API.Providers.BlockStackOASIS\NextGenSoftware.OASIS.API.Providers.BlockStackOASIS.csproj]
C:\Source\OASIS-master\Providers\Blockchain\NextGenSoftware.OASIS.API.Providers.BlockStackOASIS\BlockStackOASIS.cs(3188,55): error CS1061: 'IMintWeb3NFTRequest' does not contain a definition for 'NFTTokenAddress' and no accessible extension method 'NFTTokenAddress' accepting a first argument of type 'IMintWeb3NFTRequest' could be found (are you missing a using directive or an assembly reference?) [C:\Source\OASIS-master\Providers\Blockchain\NextGenSoftware.OASIS.API.Providers.BlockStackOASIS\NextGenSoftware.OASIS.API.Providers.BlockStackOASIS.csproj]
C:\Source\OASIS-master\Providers\Blockchain\NextGenSoftware.OASIS.API.Providers.BlockStackOASIS\BlockStackOASIS.cs(3197,41): error CS1061: 'IMintWeb3NFTRequest' does not contain a definition for 'MintToAvatarId' and no accessible extension method 'MintToAvatarId' accepting a first argument of type 'IMintWeb3NFTRequest' could be found (are you missing a using directive or an assembly reference?) [C:\Source\OASIS-master\Providers\Blockchain\NextGenSoftware.OASIS.API.Providers.BlockStackOASIS\NextGenSoftware.OASIS.API.Providers.BlockStackOASIS.csproj]
C:\Source\OASIS-master\Providers\Blockchain\NextGenSoftware.OASIS.API.Providers.BlockStackOASIS\BlockStackOASIS.cs(3215,49): error CS0246: The type or namespace name 'Web3NFTTransactionResponse' could not be found (are you missing a using directive or an assembly reference?) [C:\Source\OASIS-master\Providers\Blockchain\NextGenSoftware.OASIS.API.Providers.BlockStackOASIS\NextGenSoftware.OASIS.API.Providers.BlockStackOASIS.csproj]
C:\Source\OASIS-master\Providers\Blockchain\NextGenSoftware.OASIS.API.Providers.BlockStackOASIS\BlockStackOASIS.cs(3362,49): error CS0103: The name '_contractAddress' does not exist in the current context [C:\Source\OASIS-master\Providers\Blockchain\NextGenSoftware.OASIS.API.Providers.BlockStackOASIS\NextGenSoftware.OASIS.API.Providers.BlockStackOASIS.csproj]
C:\Source\OASIS-master\Providers\Blockchain\NextGenSoftware.OASIS.API.Providers.BlockStackOASIS\BlockStackOASIS.cs(3387,29): error CS0117: 'BridgeTransactionResponse' does not contain a definition for 'TransactionHash' [C:\Source\OASIS-master\Providers\Blockchain\NextGenSoftware.OASIS.API.Providers.BlockStackOASIS\NextGenSoftware.OASIS.API.Providers.BlockStackOASIS.csproj]
C:\Source\OASIS-master\Providers\Blockchain\NextGenSoftware.OASIS.API.Providers.BlockStackOASIS\BlockStackOASIS.cs(3389,29): error CS0117: 'BridgeTransactionResponse' does not contain a definition for 'SourceProvider' [C:\Source\OASIS-master\Providers\Blockchain\NextGenSoftware.OASIS.API.Providers.BlockStackOASIS\NextGenSoftware.OASIS.API.Providers.BlockStackOASIS.csproj]
C:\Source\OASIS-master\Providers\Blockchain\NextGenSoftware.OASIS.API.Providers.BlockStackOASIS\BlockStackOASIS.cs(3390,29): error CS0117: 'BridgeTransactionResponse' does not contain a definition for 'DestinationProvider' [C:\Source\OASIS-master\Providers\Blockchain\NextGenSoftware.OASIS.API.Providers.BlockStackOASIS\NextGenSoftware.OASIS.API.Providers.BlockStackOASIS.csproj]
C:\Source\OASIS-master\Providers\Blockchain\NextGenSoftware.OASIS.API.Providers.BlockStackOASIS\BlockStackOASIS.cs(3435,49): error CS0103: The name '_contractAddress' does not exist in the current context [C:\Source\OASIS-master\Providers\Blockchain\NextGenSoftware.OASIS.API.Providers.BlockStackOASIS\NextGenSoftware.OASIS.API.Providers.BlockStackOASIS.csproj]
C:\Source\OASIS-master\Providers\Blockchain\NextGenSoftware.OASIS.API.Providers.BlockStackOASIS\BlockStackOASIS.cs(3460,29): error CS0117: 'BridgeTransactionResponse' does not contain a definition for 'TransactionHash' [C:\Source\OASIS-master\Providers\Blockchain\NextGenSoftware.OASIS.API.Providers.BlockStackOASIS\NextGenSoftware.OASIS.API.Providers.BlockStackOASIS.csproj]
C:\Source\OASIS-master\Providers\Blockchain\NextGenSoftware.OASIS.API.Providers.BlockStackOASIS\BlockStackOASIS.cs(3462,29): error CS0117: 'BridgeTransactionResponse' does not contain a definition for 'SourceProvider' [C:\Source\OASIS-master\Providers\Blockchain\NextGenSoftware.OASIS.API.Providers.BlockStackOASIS\NextGenSoftware.OASIS.API.Providers.BlockStackOASIS.csproj]
C:\Source\OASIS-master\Providers\Blockchain\NextGenSoftware.OASIS.API.Providers.BlockStackOASIS\BlockStackOASIS.cs(3463,29): error CS0117: 'BridgeTransactionResponse' does not contain a definition for 'DestinationProvider' [C:\Source\OASIS-master\Providers\Blockchain\NextGenSoftware.OASIS.API.Providers.BlockStackOASIS\NextGenSoftware.OASIS.API.Providers.BlockStackOASIS.csproj]
C:\Source\OASIS-master\Providers\Blockchain\NextGenSoftware.OASIS.API.Providers.BlockStackOASIS\BlockStackOASIS.cs(3608,45): error CS0117: 'Web3NFT' does not contain a definition for 'TransactionHash' [C:\Source\OASIS-master\Providers\Blockchain\NextGenSoftware.OASIS.API.Providers.BlockStackOASIS\NextGenSoftware.OASIS.API.Providers.BlockStackOASIS.csproj]
C:\Source\OASIS-master\Providers\Blockchain\NextGenSoftware.OASIS.API.Providers.BlockStackOASIS\BlockStackOASIS.cs(3658,57): error CS1061: 'IAvatar' does not contain a definition for 'Wallet' and no accessible extension method 'Wallet' accepting a first argument of type 'IAvatar' could be found (are you missing a using directive or an assembly reference?) [C:\Source\OASIS-master\Providers\Blockchain\NextGenSoftware.OASIS.API.Providers.BlockStackOASIS\NextGenSoftware.OASIS.API.Providers.BlockStackOASIS.csproj]
C:\Source\OASIS-master\Providers\Blockchain\NextGenSoftware.OASIS.API.Providers.BlockStackOASIS\BlockStackOASIS.cs(3658,114): error CS1061: 'IAvatar' does not contain a definition for 'ProviderKey' and no accessible extension method 'ProviderKey' accepting a first argument of type 'IAvatar' could be found (are you missing a using directive or an assembly reference?) [C:\Source\OASIS-master\Providers\Blockchain\NextGenSoftware.OASIS.API.Providers.BlockStackOASIS\NextGenSoftware.OASIS.API.Providers.BlockStackOASIS.csproj]
C:\Source\OASIS-master\Providers\Blockchain\NextGenSoftware.OASIS.API.Providers.BlockStackOASIS\BlockStackOASIS.cs(3764,57): error CS1061: 'IAvatar' does not contain a definition for 'Wallet' and no accessible extension method 'Wallet' accepting a first argument of type 'IAvatar' could be found (are you missing a using directive or an assembly reference?) [C:\Source\OASIS-master\Providers\Blockchain\NextGenSoftware.OASIS.API.Providers.BlockStackOASIS\NextGenSoftware.OASIS.API.Providers.BlockStackOASIS.csproj]
C:\Source\OASIS-master\Providers\Blockchain\NextGenSoftware.OASIS.API.Providers.BlockStackOASIS\BlockStackOASIS.cs(3764,114): error CS1061: 'IAvatar' does not contain a definition for 'ProviderKey' and no accessible extension method 'ProviderKey' accepting a first argument of type 'IAvatar' could be found (are you missing a using directive or an assembly reference?) [C:\Source\OASIS-master\Providers\Blockchain\NextGenSoftware.OASIS.API.Providers.BlockStackOASIS\NextGenSoftware.OASIS.API.Providers.BlockStackOASIS.csproj]
C:\Source\OASIS-master\Providers\Blockchain\NextGenSoftware.OASIS.API.Providers.BlockStackOASIS\BlockStackOASIS.cs(3884,34): error CS0246: The type or namespace name 'Web4GeoSpatialNFT' could not be found (are you missing a using directive or an assembly reference?) [C:\Source\OASIS-master\Providers\Blockchain\NextGenSoftware.OASIS.API.Providers.BlockStackOASIS\NextGenSoftware.OASIS.API.Providers.BlockStackOASIS.csproj]
C:\Source\OASIS-master\Providers\Blockchain\NextGenSoftware.OASIS.API.Providers.BlockStackOASIS\BlockStackOASIS.cs(3894,28): error CS1061: 'IWeb4GeoSpatialNFT' does not contain a definition for 'Latitude' and no accessible extension method 'Latitude' accepting a first argument of type 'IWeb4GeoSpatialNFT' could be found (are you missing a using directive or an assembly reference?) [C:\Source\OASIS-master\Providers\Blockchain\NextGenSoftware.OASIS.API.Providers.BlockStackOASIS\NextGenSoftware.OASIS.API.Providers.BlockStackOASIS.csproj]
C:\Source\OASIS-master\Providers\Blockchain\NextGenSoftware.OASIS.API.Providers.BlockStackOASIS\BlockStackOASIS.cs(3895,28): error CS1061: 'IWeb4GeoSpatialNFT' does not contain a definition for 'Longitude' and no accessible extension method 'Longitude' accepting a first argument of type 'IWeb4GeoSpatialNFT' could be found (are you missing a using directive or an assembly reference?) [C:\Source\OASIS-master\Providers\Blockchain\NextGenSoftware.OASIS.API.Providers.BlockStackOASIS\NextGenSoftware.OASIS.API.Providers.BlockStackOASIS.csproj]
C:\Source\OASIS-master\Providers\Blockchain\NextGenSoftware.OASIS.API.Providers.BlockStackOASIS\BlockStackOASIS.cs(3945,21): error CS0117: 'MintWeb3NFTRequest' does not contain a definition for 'MintToAvatarId' [C:\Source\OASIS-master\Providers\Blockchain\NextGenSoftware.OASIS.API.Providers.BlockStackOASIS\NextGenSoftware.OASIS.API.Providers.BlockStackOASIS.csproj]
C:\Source\OASIS-master\Providers\Blockchain\NextGenSoftware.OASIS.API.Providers.BlockStackOASIS\BlockStackOASIS.cs(3945,46): error CS1061: 'IMintAndPlaceWeb4GeoSpatialNFTRequest' does not contain a definition for 'MintToAvatarId' and no accessible extension method 'MintToAvatarId' accepting a first argument of type 'IMintAndPlaceWeb4GeoSpatialNFTRequest' could be found (are you missing a using directive or an assembly reference?) [C:\Source\OASIS-master\Providers\Blockchain\NextGenSoftware.OASIS.API.Providers.BlockStackOASIS\NextGenSoftware.OASIS.API.Providers.BlockStackOASIS.csproj]
C:\Source\OASIS-master\Providers\Blockchain\NextGenSoftware.OASIS.API.Providers.BlockStackOASIS\BlockStackOASIS.cs(3946,21): error CS0117: 'MintWeb3NFTRequest' does not contain a definition for 'NFTTokenAddress' [C:\Source\OASIS-master\Providers\Blockchain\NextGenSoftware.OASIS.API.Providers.BlockStackOASIS\NextGenSoftware.OASIS.API.Providers.BlockStackOASIS.csproj]
C:\Source\OASIS-master\Providers\Blockchain\NextGenSoftware.OASIS.API.Providers.BlockStackOASIS\BlockStackOASIS.cs(3946,47): error CS1061: 'IMintAndPlaceWeb4GeoSpatialNFTRequest' does not contain a definition for 'NFTTokenAddress' and no accessible extension method 'NFTTokenAddress' accepting a first argument of type 'IMintAndPlaceWeb4GeoSpatialNFTRequest' could be found (are you missing a using directive or an assembly reference?) [C:\Source\OASIS-master\Providers\Blockchain\NextGenSoftware.OASIS.API.Providers.BlockStackOASIS\NextGenSoftware.OASIS.API.Providers.BlockStackOASIS.csproj]
C:\Source\OASIS-master\Providers\Blockchain\NextGenSoftware.OASIS.API.Providers.BlockStackOASIS\BlockStackOASIS.cs(3947,21): error CS0117: 'MintWeb3NFTRequest' does not contain a definition for 'Metadata' [C:\Source\OASIS-master\Providers\Blockchain\NextGenSoftware.OASIS.API.Providers.BlockStackOASIS\NextGenSoftware.OASIS.API.Providers.BlockStackOASIS.csproj]
C:\Source\OASIS-master\Providers\Blockchain\NextGenSoftware.OASIS.API.Providers.BlockStackOASIS\BlockStackOASIS.cs(3947,40): error CS1061: 'IMintAndPlaceWeb4GeoSpatialNFTRequest' does not contain a definition for 'Metadata' and no accessible extension method 'Metadata' accepting a first argument of type 'IMintAndPlaceWeb4GeoSpatialNFTRequest' could be found (are you missing a using directive or an assembly reference?) [C:\Source\OASIS-master\Providers\Blockchain\NextGenSoftware.OASIS.API.Providers.BlockStackOASIS\NextGenSoftware.OASIS.API.Providers.BlockStackOASIS.csproj]
C:\Source\OASIS-master\Providers\Blockchain\NextGenSoftware.OASIS.API.Providers.BlockStackOASIS\BlockStackOASIS.cs(3958,34): error CS0246: The type or namespace name 'Web4GeoSpatialNFT' could not be found (are you missing a using directive or an assembly reference?) [C:\Source\OASIS-master\Providers\Blockchain\NextGenSoftware.OASIS.API.Providers.BlockStackOASIS\NextGenSoftware.OASIS.API.Providers.BlockStackOASIS.csproj]
C:\Source\OASIS-master\Providers\Blockchain\NextGenSoftware.OASIS.API.Providers.BlockStackOASIS\BlockStackOASIS.cs(3964,57): error CS1061: 'IWeb3NFTTransactionResponse' does not contain a definition for 'TransactionHash' and no accessible extension method 'TransactionHash' accepting a first argument of type 'IWeb3NFTTransactionResponse' could be found (are you missing a using directive or an assembly reference?) [C:\Source\OASIS-master\Providers\Blockchain\NextGenSoftware.OASIS.API.Providers.BlockStackOASIS\NextGenSoftware.OASIS.API.Providers.BlockStackOASIS.csproj]
C:\Source\OASIS-master\Providers\Blockchain\NextGenSoftware.OASIS.API.Providers.BlockStackOASIS\BlockStackOASIS.cs(3968,40): error CS0246: The type or namespace name 'PlaceWeb4GeoSpatialNFTRequest' could not be found (are you missing a using directive or an assembly reference?) [C:\Source\OASIS-master\Providers\Blockchain\NextGenSoftware.OASIS.API.Providers.BlockStackOASIS\NextGenSoftware.OASIS.API.Providers.BlockStackOASIS.csproj]
C:\Source\OASIS-master\Providers\Blockchain\NextGenSoftware.OASIS.API.Providers.BlockStackOASIS\BlockStackOASIS.cs(3973,48): error CS1061: 'IMintAndPlaceWeb4GeoSpatialNFTRequest' does not contain a definition for 'MintToAvatarId' and no accessible extension method 'MintToAvatarId' accepting a first argument of type 'IMintAndPlaceWeb4GeoSpatialNFTRequest' could be found (are you missing a using directive or an assembly reference?) [C:\Source\OASIS-master\Providers\Blockchain\NextGenSoftware.OASIS.API.Providers.BlockStackOASIS\NextGenSoftware.OASIS.API.Providers.BlockStackOASIS.csproj]
C:\Source\OASIS-master\Providers\Blockchain\NextGenSoftware.OASIS.API.Providers.BlockStackOASIS\BlockStackOASIS.cs(3985,72): error CS1061: 'IWeb3NFTTransactionResponse' does not contain a definition for 'TransactionHash' and no accessible extension method 'TransactionHash' accepting a first argument of type 'IWeb3NFTTransactionResponse' could be found (are you missing a using directive or an assembly reference?) [C:\Source\OASIS-master\Providers\Blockchain\NextGenSoftware.OASIS.API.Providers.BlockStackOASIS\NextGenSoftware.OASIS.API.Providers.BlockStackOASIS.csproj]
C:\Source\OASIS-master\Providers\Blockchain\NextGenSoftware.OASIS.API.Providers.BlockStackOASIS\BlockStackOASIS.cs(4063,37): error CS0117: 'Web3NFT' does not contain a definition for 'TokenId' [C:\Source\OASIS-master\Providers\Blockchain\NextGenSoftware.OASIS.API.Providers.BlockStackOASIS\NextGenSoftware.OASIS.API.Providers.BlockStackOASIS.csproj]
C:\Source\OASIS-master\Providers\Blockchain\NextGenSoftware.OASIS.API.Providers.BlockStackOASIS\BlockStackOASIS.cs(4064,37): error CS0117: 'Web3NFT' does not contain a definition for 'TokenAddress' [C:\Source\OASIS-master\Providers\Blockchain\NextGenSoftware.OASIS.API.Providers.BlockStackOASIS\NextGenSoftware.OASIS.API.Providers.BlockStackOASIS.csproj]
C:\Source\OASIS-master\Providers\Blockchain\NextGenSoftware.OASIS.API.Providers.BlockStackOASIS\BlockStackOASIS.cs(4065,37): error CS0117: 'Web3NFT' does not contain a definition for 'Name' [C:\Source\OASIS-master\Providers\Blockchain\NextGenSoftware.OASIS.API.Providers.BlockStackOASIS\NextGenSoftware.OASIS.API.Providers.BlockStackOASIS.csproj]
C:\Source\OASIS-master\Providers\Blockchain\NextGenSoftware.OASIS.API.Providers.BlockStackOASIS\BlockStackOASIS.cs(4068,37): error CS0117: 'Web3NFT' does not contain a definition for 'ExternalUrl' [C:\Source\OASIS-master\Providers\Blockchain\NextGenSoftware.OASIS.API.Providers.BlockStackOASIS\NextGenSoftware.OASIS.API.Providers.BlockStackOASIS.csproj]
C:\Source\OASIS-master\Providers\Storage\NextGenSoftware.OASIS.API.Providers.Neo4jOASIS\Neo4jOASIS.cs(1681,97): error CS0117: 'MetaKeyValuePairMatchMode' does not contain a definition for 'ExactMatch' [C:\Source\OASIS-master\Providers\Storage\NextGenSoftware.OASIS.API.Providers.Neo4jOASIS\NextGenSoftware.OASIS.API.Providers.Neo4jOASIS.csproj]
C:\Source\OASIS-master\Providers\Storage\NextGenSoftware.OASIS.API.Providers.Neo4jOASIS\Neo4jOASIS.cs(1705,80): error CS0117: 'MetaKeyValuePairMatchMode' does not contain a definition for 'ExactMatch' [C:\Source\OASIS-master\Providers\Storage\NextGenSoftware.OASIS.API.Providers.Neo4jOASIS\NextGenSoftware.OASIS.API.Providers.Neo4jOASIS.csproj]
C:\Source\OASIS-master\Providers\Storage\NextGenSoftware.OASIS.API.Providers.Neo4jOASIS\Neo4jOASIS.cs(2158,33): error CS0117: 'Holon' does not contain a definition for 'ProviderKey' [C:\Source\OASIS-master\Providers\Storage\NextGenSoftware.OASIS.API.Providers.Neo4jOASIS\NextGenSoftware.OASIS.API.Providers.Neo4jOASIS.csproj]
C:\Source\OASIS-master\Providers\Storage\NextGenSoftware.OASIS.API.Providers.Neo4jOASIS\Neo4jOASIS.cs(2161,93): error CS1061: 'object' does not contain a definition for 'IsNull' and no accessible extension method 'IsNull' accepting a first argument of type 'object' could be found (are you missing a using directive or an assembly reference?) [C:\Source\OASIS-master\Providers\Storage\NextGenSoftware.OASIS.API.Providers.Neo4jOASIS\NextGenSoftware.OASIS.API.Providers.Neo4jOASIS.csproj]
C:\Source\OASIS-master\Providers\Storage\NextGenSoftware.OASIS.API.Providers.Neo4jOASIS\Neo4jOASIS.cs(2206,58): error CS1503: Argument 1: cannot convert from 'string' to 'System.Guid' [C:\Source\OASIS-master\Providers\Storage\NextGenSoftware.OASIS.API.Providers.Neo4jOASIS\NextGenSoftware.OASIS.API.Providers.Neo4jOASIS.csproj]
C:\Source\OASIS-master\Providers\Storage\NextGenSoftware.OASIS.API.Providers.Neo4jOASIS\Neo4jOASIS.cs(2309,33): error CS0117: 'Holon' does not contain a definition for 'ProviderKey' [C:\Source\OASIS-master\Providers\Storage\NextGenSoftware.OASIS.API.Providers.Neo4jOASIS\NextGenSoftware.OASIS.API.Providers.Neo4jOASIS.csproj]
C:\Source\OASIS-master\Providers\Storage\NextGenSoftware.OASIS.API.Providers.Neo4jOASIS\Neo4jOASIS.cs(2312,93): error CS1061: 'object' does not contain a definition for 'IsNull' and no accessible extension method 'IsNull' accepting a first argument of type 'object' could be found (are you missing a using directive or an assembly reference?) [C:\Source\OASIS-master\Providers\Storage\NextGenSoftware.OASIS.API.Providers.Neo4jOASIS\NextGenSoftware.OASIS.API.Providers.Neo4jOASIS.csproj]
C:\Source\OASIS-master\OASIS Architecture\NextGenSoftware.OASIS.API.DNA.UnitTests\DNATests.cs(42,26): error CS1061: 'ObjectAssertions' does not contain a definition for 'HaveProperty' and no accessible extension method 'HaveProperty' accepting a first argument of type 'ObjectAssertions' could be found (are you missing a using directive or an assembly reference?) [C:\Source\OASIS-master\OASIS Architecture\NextGenSoftware.OASIS.API.DNA.UnitTests\NextGenSoftware.OASIS.API.DNA.UnitTests.csproj]
C:\Source\OASIS-master\Providers\Blockchain\TestProjects\NextGenSoftware.OASIS.API.Providers.ChainLinkOASIS.IntegrationTests\ChainLinkOASISIntegrationTests.cs(66,53): error CS1061: 'IWeb3NFT' does not contain a definition for 'TokenId' and no accessible extension method 'TokenId' accepting a first argument of type 'IWeb3NFT' could be found (are you missing a using directive or an assembly reference?) [C:\Source\OASIS-master\Providers\Blockchain\TestProjects\NextGenSoftware.OASIS.API.Providers.ChainLinkOASIS.IntegrationTests\NextGenSoftware.OASIS.API.Providers.ChainLinkOASIS.IntegrationTests.csproj]
C:\Source\OASIS-master\Providers\Blockchain\TestProjects\NextGenSoftware.OASIS.API.Providers.ChainLinkOASIS.IntegrationTests\ChainLinkOASISIntegrationTests.cs(67,64): error CS1061: 'IWeb3NFT' does not contain a definition for 'Name' and no accessible extension method 'Name' accepting a first argument of type 'IWeb3NFT' could be found (are you missing a using directive or an assembly reference?) [C:\Source\OASIS-master\Providers\Blockchain\TestProjects\NextGenSoftware.OASIS.API.Providers.ChainLinkOASIS.IntegrationTests\NextGenSoftware.OASIS.API.Providers.ChainLinkOASIS.IntegrationTests.csproj]
C:\Source\OASIS-master\Providers\Blockchain\TestProjects\NextGenSoftware.OASIS.API.Providers.ChainLinkOASIS.IntegrationTests\ChainLinkOASISIntegrationTests.cs(84,54): error CS1061: 'IWeb3NFT' does not contain a definition for 'TokenId' and no accessible extension method 'TokenId' accepting a first argument of type 'IWeb3NFT' could be found (are you missing a using directive or an assembly reference?) [C:\Source\OASIS-master\Providers\Blockchain\TestProjects\NextGenSoftware.OASIS.API.Providers.ChainLinkOASIS.IntegrationTests\NextGenSoftware.OASIS.API.Providers.ChainLinkOASIS.IntegrationTests.csproj]
C:\Source\OASIS-master\Providers\Blockchain\TestProjects\NextGenSoftware.OASIS.API.Providers.ChainLinkOASIS.IntegrationTests\ChainLinkOASISIntegrationTests.cs(85,60): error CS1061: 'IWeb3NFT' does not contain a definition for 'Name' and no accessible extension method 'Name' accepting a first argument of type 'IWeb3NFT' could be found (are you missing a using directive or an assembly reference?) [C:\Source\OASIS-master\Providers\Blockchain\TestProjects\NextGenSoftware.OASIS.API.Providers.ChainLinkOASIS.IntegrationTests\NextGenSoftware.OASIS.API.Providers.ChainLinkOASIS.IntegrationTests.csproj]
C:\Source\OASIS-master\Providers\Blockchain\TestProjects\NextGenSoftware.OASIS.API.Providers.EthereumOASIS.TestHarness\Program.cs(502,48): error CS0246: The type or namespace name 'WalletTransaction' could not be found (are you missing a using directive or an assembly reference?) [C:\Source\OASIS-master\Providers\Blockchain\TestProjects\NextGenSoftware.OASIS.API.Providers.EthereumOASIS.TestHarness\NextGenSoftware.OASIS.API.Providers.EthereumOASIS.TestHarness.csproj]
C:\Source\OASIS-master\Providers\Blockchain\NextGenSoftware.OASIS.API.Providers.ArbitrumOASIS\ArbitrumOASIS.cs(4388,91): error CS0103: The name 'CreateDeterministicGuid' does not exist in the current context [C:\Source\OASIS-master\Providers\Blockchain\NextGenSoftware.OASIS.API.Providers.ArbitrumOASIS\NextGenSoftware.OASIS.API.Providers.ArbitrumOASIS.csproj]
C:\Source\OASIS-master\Providers\Blockchain\NextGenSoftware.OASIS.API.Providers.ArbitrumOASIS\ArbitrumOASIS.cs(4430,91): error CS0103: The name 'CreateDeterministicGuid' does not exist in the current context [C:\Source\OASIS-master\Providers\Blockchain\NextGenSoftware.OASIS.API.Providers.ArbitrumOASIS\NextGenSoftware.OASIS.API.Providers.ArbitrumOASIS.csproj]
C:\Source\OASIS-master\Providers\Blockchain\NextGenSoftware.OASIS.API.Providers.ArbitrumOASIS\ArbitrumOASIS.cs(4463,121): error CS0103: The name 'CreateDeterministicGuid' does not exist in the current context [C:\Source\OASIS-master\Providers\Blockchain\NextGenSoftware.OASIS.API.Providers.ArbitrumOASIS\NextGenSoftware.OASIS.API.Providers.ArbitrumOASIS.csproj]
C:\Source\OASIS-master\Providers\Blockchain\NextGenSoftware.OASIS.API.Providers.ArbitrumOASIS\ArbitrumOASIS.cs(4497,91): error CS0103: The name 'CreateDeterministicGuid' does not exist in the current context [C:\Source\OASIS-master\Providers\Blockchain\NextGenSoftware.OASIS.API.Providers.ArbitrumOASIS\NextGenSoftware.OASIS.API.Providers.ArbitrumOASIS.csproj]
C:\Source\OASIS-master\Providers\Blockchain\TestProjects\NextGenSoftware.OASIS.API.Providers.EthereumOASIS.IntegrationTests\EthereumOASISIntegrationTests.cs(17,29): error CS7036: There is no argument given that corresponds to the required parameter 'hostUri' of 'EthereumOASIS.EthereumOASIS(string, string, BigInteger, string)' [C:\Source\OASIS-master\Providers\Blockchain\TestProjects\NextGenSoftware.OASIS.API.Providers.EthereumOASIS.IntegrationTests\NextGenSoftware.OASIS.API.Providers.EthereumOASIS.IntegrationTests.csproj]
C:\Source\OASIS-master\Providers\Blockchain\TestProjects\NextGenSoftware.OASIS.API.Providers.EthereumOASIS.IntegrationTests\EthereumOASISIntegrationTests.cs(25,42): error CS1061: 'OASISResult<bool>' does not contain a definition for 'IsSuccess' and no accessible extension method 'IsSuccess' accepting a first argument of type 'OASISResult<bool>' could be found (are you missing a using directive or an assembly reference?) [C:\Source\OASIS-master\Providers\Blockchain\TestProjects\NextGenSoftware.OASIS.API.Providers.EthereumOASIS.IntegrationTests\NextGenSoftware.OASIS.API.Providers.EthereumOASIS.IntegrationTests.csproj]
C:\Source\OASIS-master\Providers\Blockchain\TestProjects\NextGenSoftware.OASIS.API.Providers.EthereumOASIS.IntegrationTests\EthereumOASISIntegrationTests.cs(28,30): error CS0246: The type or namespace name 'Avatar' could not be found (are you missing a using directive or an assembly reference?) [C:\Source\OASIS-master\Providers\Blockchain\TestProjects\NextGenSoftware.OASIS.API.Providers.EthereumOASIS.IntegrationTests\NextGenSoftware.OASIS.API.Providers.EthereumOASIS.IntegrationTests.csproj]
C:\Source\OASIS-master\Providers\Blockchain\TestProjects\NextGenSoftware.OASIS.API.Providers.EthereumOASIS.IntegrationTests\EthereumOASISIntegrationTests.cs(41,45): error CS1061: 'OASISResult<IAvatar>' does not contain a definition for 'IsSuccess' and no accessible extension method 'IsSuccess' accepting a first argument of type 'OASISResult<IAvatar>' could be found (are you missing a using directive or an assembly reference?) [C:\Source\OASIS-master\Providers\Blockchain\TestProjects\NextGenSoftware.OASIS.API.Providers.EthereumOASIS.IntegrationTests\NextGenSoftware.OASIS.API.Providers.EthereumOASIS.IntegrationTests.csproj]
C:\Source\OASIS-master\Providers\Blockchain\TestProjects\NextGenSoftware.OASIS.API.Providers.EthereumOASIS.IntegrationTests\EthereumOASISIntegrationTests.cs(45,29): error CS0246: The type or namespace name 'Holon' could not be found (are you missing a using directive or an assembly reference?) [C:\Source\OASIS-master\Providers\Blockchain\TestProjects\NextGenSoftware.OASIS.API.Providers.EthereumOASIS.IntegrationTests\NextGenSoftware.OASIS.API.Providers.EthereumOASIS.IntegrationTests.csproj]
C:\Source\OASIS-master\Providers\Blockchain\TestProjects\NextGenSoftware.OASIS.API.Providers.EthereumOASIS.IntegrationTests\EthereumOASISIntegrationTests.cs(56,44): error CS1061: 'OASISResult<IHolon>' does not contain a definition for 'IsSuccess' and no accessible extension method 'IsSuccess' accepting a first argument of type 'OASISResult<IHolon>' could be found (are you missing a using directive or an assembly reference?) [C:\Source\OASIS-master\Providers\Blockchain\TestProjects\NextGenSoftware.OASIS.API.Providers.EthereumOASIS.IntegrationTests\NextGenSoftware.OASIS.API.Providers.EthereumOASIS.IntegrationTests.csproj]
C:\Source\OASIS-master\Providers\Blockchain\TestProjects\NextGenSoftware.OASIS.API.Providers.EthereumOASIS.IntegrationTests\EthereumOASISIntegrationTests.cs(60,35): error CS0246: The type or namespace name 'MintNFTTransactionRequest' could not be found (are you missing a using directive or an assembly reference?) [C:\Source\OASIS-master\Providers\Blockchain\TestProjects\NextGenSoftware.OASIS.API.Providers.EthereumOASIS.IntegrationTests\NextGenSoftware.OASIS.API.Providers.EthereumOASIS.IntegrationTests.csproj]
C:\Source\OASIS-master\Providers\Blockchain\TestProjects\NextGenSoftware.OASIS.API.Providers.EthereumOASIS.IntegrationTests\EthereumOASISIntegrationTests.cs(65,49): error CS1061: 'EthereumOASIS' does not contain a definition for 'LoadNFTAsync' and no accessible extension method 'LoadNFTAsync' accepting a first argument of type 'EthereumOASIS' could be found (are you missing a using directive or an assembly reference?) [C:\Source\OASIS-master\Providers\Blockchain\TestProjects\NextGenSoftware.OASIS.API.Providers.EthereumOASIS.IntegrationTests\NextGenSoftware.OASIS.API.Providers.EthereumOASIS.IntegrationTests.csproj]
C:\Source\OASIS-master\Providers\Blockchain\TestProjects\NextGenSoftware.OASIS.API.Providers.EthereumOASIS.IntegrationTests\EthereumOASISIntegrationTests.cs(70,35): error CS0246: The type or namespace name 'WalletTransactionRequest' could not be found (are you missing a using directive or an assembly reference?) [C:\Source\OASIS-master\Providers\Blockchain\TestProjects\NextGenSoftware.OASIS.API.Providers.EthereumOASIS.IntegrationTests\NextGenSoftware.OASIS.API.Providers.EthereumOASIS.IntegrationTests.csproj]
C:\Source\OASIS-master\Providers\Blockchain\TestProjects\NextGenSoftware.OASIS.API.Providers.EthereumOASIS.IntegrationTests\EthereumOASISIntegrationTests.cs(76,36): error CS0246: The type or namespace name 'PlaceGeoSpatialNFTRequest' could not be found (are you missing a using directive or an assembly reference?) [C:\Source\OASIS-master\Providers\Blockchain\TestProjects\NextGenSoftware.OASIS.API.Providers.EthereumOASIS.IntegrationTests\NextGenSoftware.OASIS.API.Providers.EthereumOASIS.IntegrationTests.csproj]
C:\Source\OASIS-master\Providers\Blockchain\TestProjects\NextGenSoftware.OASIS.API.Providers.EthereumOASIS.IntegrationTests\EthereumOASISIntegrationTests.cs(77,53): error CS1061: 'EthereumOASIS' does not contain a definition for 'PlaceGeoNFTAsync' and no accessible extension method 'PlaceGeoNFTAsync' accepting a first argument of type 'EthereumOASIS' could be found (are you missing a using directive or an assembly reference?) [C:\Source\OASIS-master\Providers\Blockchain\TestProjects\NextGenSoftware.OASIS.API.Providers.EthereumOASIS.IntegrationTests\NextGenSoftware.OASIS.API.Providers.EthereumOASIS.IntegrationTests.csproj]
C:\Source\OASIS-master\Providers\Blockchain\TestProjects\NextGenSoftware.OASIS.API.Providers.EthereumOASIS.IntegrationTests\EthereumOASISIntegrationTests.cs(81,53): error CS1061: 'EthereumOASIS' does not contain a definition for 'LoadAllGeoNFTsForAvatarAsync' and no accessible extension method 'LoadAllGeoNFTsForAvatarAsync' accepting a first argument of type 'EthereumOASIS' could be found (are you missing a using directive or an assembly reference?) [C:\Source\OASIS-master\Providers\Blockchain\TestProjects\NextGenSoftware.OASIS.API.Providers.EthereumOASIS.IntegrationTests\NextGenSoftware.OASIS.API.Providers.EthereumOASIS.IntegrationTests.csproj]
C:\Source\OASIS-master\Providers\Blockchain\TestProjects\NextGenSoftware.OASIS.API.Providers.EthereumOASIS.IntegrationTests\EthereumOASISIntegrationTests.cs(86,36): error CS0246: The type or namespace name 'SearchParams' could not be found (are you missing a using directive or an assembly reference?) [C:\Source\OASIS-master\Providers\Blockchain\TestProjects\NextGenSoftware.OASIS.API.Providers.EthereumOASIS.IntegrationTests\NextGenSoftware.OASIS.API.Providers.EthereumOASIS.IntegrationTests.csproj]
C:\Source\OASIS-master\Providers\Blockchain\TestProjects\NextGenSoftware.OASIS.API.Providers.EthereumOASIS.IntegrationTests\EthereumOASISIntegrationTests.cs(88,41): error CS1061: 'OASISResult<ISearchResults>' does not contain a definition for 'IsSuccess' and no accessible extension method 'IsSuccess' accepting a first argument of type 'OASISResult<ISearchResults>' could be found (are you missing a using directive or an assembly reference?) [C:\Source\OASIS-master\Providers\Blockchain\TestProjects\NextGenSoftware.OASIS.API.Providers.EthereumOASIS.IntegrationTests\NextGenSoftware.OASIS.API.Providers.EthereumOASIS.IntegrationTests.csproj]
C:\Source\OASIS-master\Providers\Blockchain\TestProjects\NextGenSoftware.OASIS.API.Providers.EthereumOASIS.IntegrationTests\EthereumOASISIntegrationTests.cs(94,41): error CS1061: 'OASISResult<bool>' does not contain a definition for 'IsSuccess' and no accessible extension method 'IsSuccess' accepting a first argument of type 'OASISResult<bool>' could be found (are you missing a using directive or an assembly reference?) [C:\Source\OASIS-master\Providers\Blockchain\TestProjects\NextGenSoftware.OASIS.API.Providers.EthereumOASIS.IntegrationTests\NextGenSoftware.OASIS.API.Providers.EthereumOASIS.IntegrationTests.csproj]
C:\Source\OASIS-master\Providers\Blockchain\TestProjects\NextGenSoftware.OASIS.API.Providers.EthereumOASIS.IntegrationTests\EthereumOASISIntegrationTests.cs(98,41): error CS1061: 'OASISResult<IEnumerable<IHolon>>' does not contain a definition for 'IsSuccess' and no accessible extension method 'IsSuccess' accepting a first argument of type 'OASISResult<IEnumerable<IHolon>>' could be found (are you missing a using directive or an assembly reference?) [C:\Source\OASIS-master\Providers\Blockchain\TestProjects\NextGenSoftware.OASIS.API.Providers.EthereumOASIS.IntegrationTests\NextGenSoftware.OASIS.API.Providers.EthereumOASIS.IntegrationTests.csproj]
C:\Source\OASIS-master\Providers\Blockchain\TestProjects\NextGenSoftware.OASIS.API.Providers.EthereumOASIS.IntegrationTests\EthereumOASISIntegrationTests.cs(103,44): error CS1061: 'OASISResult<bool>' does not contain a definition for 'IsSuccess' and no accessible extension method 'IsSuccess' accepting a first argument of type 'OASISResult<bool>' could be found (are you missing a using directive or an assembly reference?) [C:\Source\OASIS-master\Providers\Blockchain\TestProjects\NextGenSoftware.OASIS.API.Providers.EthereumOASIS.IntegrationTests\NextGenSoftware.OASIS.API.Providers.EthereumOASIS.IntegrationTests.csproj]
C:\Source\OASIS-master\Providers\Blockchain\TestProjects\NextGenSoftware.OASIS.API.Providers.EthereumOASIS.IntegrationTests\EthereumOASISIntegrationTests.cs(110,20): error CS0411: The type arguments for method 'Assert.AreEqual<T>(T?, T?)' cannot be inferred from the usage. Try specifying the type arguments explicitly. [C:\Source\OASIS-master\Providers\Blockchain\TestProjects\NextGenSoftware.OASIS.API.Providers.EthereumOASIS.IntegrationTests\NextGenSoftware.OASIS.API.Providers.EthereumOASIS.IntegrationTests.csproj]
C:\Source\OASIS-master\Providers\Blockchain\TestProjects\NextGenSoftware.OASIS.API.Providers.EthereumOASIS.IntegrationTests\EthereumOASISIntegrationTests.cs(111,46): error CS0117: 'ProviderCategory' does not contain a definition for 'BlockchainStorage' [C:\Source\OASIS-master\Providers\Blockchain\TestProjects\NextGenSoftware.OASIS.API.Providers.EthereumOASIS.IntegrationTests\NextGenSoftware.OASIS.API.Providers.EthereumOASIS.IntegrationTests.csproj]
C:\Source\OASIS-master\Providers\Blockchain\TestProjects\NextGenSoftware.OASIS.API.Providers.EthereumOASIS.IntegrationTests\EthereumOASISIntegrationTests.cs(115,42): error CS1061: 'OASISResult<bool>' does not contain a definition for 'IsSuccess' and no accessible extension method 'IsSuccess' accepting a first argument of type 'OASISResult<bool>' could be found (are you missing a using directive or an assembly reference?) [C:\Source\OASIS-master\Providers\Blockchain\TestProjects\NextGenSoftware.OASIS.API.Providers.EthereumOASIS.IntegrationTests\NextGenSoftware.OASIS.API.Providers.EthereumOASIS.IntegrationTests.csproj]
C:\Source\OASIS-master\Providers\Blockchain\TestProjects\NextGenSoftware.OASIS.API.Providers.EthereumOASIS.IntegrationTests\EthereumOASISIntegrationTests.cs(119,44): error CS1061: 'OASISResult<bool>' does not contain a definition for 'IsSuccess' and no accessible extension method 'IsSuccess' accepting a first argument of type 'OASISResult<bool>' could be found (are you missing a using directive or an assembly reference?) [C:\Source\OASIS-master\Providers\Blockchain\TestProjects\NextGenSoftware.OASIS.API.Providers.EthereumOASIS.IntegrationTests\NextGenSoftware.OASIS.API.Providers.EthereumOASIS.IntegrationTests.csproj]
C:\Source\OASIS-master\Providers\Blockchain\TestProjects\NextGenSoftware.OASIS.API.Providers.EthereumOASIS.IntegrationTests\EthereumOASISIntegrationTests.cs(127,30): error CS0246: The type or namespace name 'Avatar' could not be found (are you missing a using directive or an assembly reference?) [C:\Source\OASIS-master\Providers\Blockchain\TestProjects\NextGenSoftware.OASIS.API.Providers.EthereumOASIS.IntegrationTests\NextGenSoftware.OASIS.API.Providers.EthereumOASIS.IntegrationTests.csproj]
C:\Source\OASIS-master\Providers\Blockchain\TestProjects\NextGenSoftware.OASIS.API.Providers.EthereumOASIS.IntegrationTests\EthereumOASISIntegrationTests.cs(132,29): error CS0246: The type or namespace name 'Holon' could not be found (are you missing a using directive or an assembly reference?) [C:\Source\OASIS-master\Providers\Blockchain\TestProjects\NextGenSoftware.OASIS.API.Providers.EthereumOASIS.IntegrationTests\NextGenSoftware.OASIS.API.Providers.EthereumOASIS.IntegrationTests.csproj]
C:\Source\OASIS-master\Providers\Blockchain\TestProjects\NextGenSoftware.OASIS.API.Providers.EthereumOASIS.IntegrationTests\EthereumOASISIntegrationTests.cs(137,35): error CS0246: The type or namespace name 'WalletTransactionRequest' could not be found (are you missing a using directive or an assembly reference?) [C:\Source\OASIS-master\Providers\Blockchain\TestProjects\NextGenSoftware.OASIS.API.Providers.EthereumOASIS.IntegrationTests\NextGenSoftware.OASIS.API.Providers.EthereumOASIS.IntegrationTests.csproj]
C:\Source\OASIS-master\Providers\Blockchain\TestProjects\NextGenSoftware.OASIS.API.Providers.EthereumOASIS.IntegrationTests\EthereumOASISIntegrationTests.cs(142,38): error CS0246: The type or namespace name 'NFTWalletTransactionRequest' could not be found (are you missing a using directive or an assembly reference?) [C:\Source\OASIS-master\Providers\Blockchain\TestProjects\NextGenSoftware.OASIS.API.Providers.EthereumOASIS.IntegrationTests\NextGenSoftware.OASIS.API.Providers.EthereumOASIS.IntegrationTests.csproj]
C:\Source\OASIS-master\Providers\Blockchain\TestProjects\NextGenSoftware.OASIS.API.Providers.EthereumOASIS.IntegrationTests\EthereumOASISIntegrationTests.cs(156,27): error CS1061: 'EthereumOASIS' does not contain a definition for 'LoadAllNFTsForAvatarAsync' and no accessible extension method 'LoadAllNFTsForAvatarAsync' accepting a first argument of type 'EthereumOASIS' could be found (are you missing a using directive or an assembly reference?) [C:\Source\OASIS-master\Providers\Blockchain\TestProjects\NextGenSoftware.OASIS.API.Providers.EthereumOASIS.IntegrationTests\NextGenSoftware.OASIS.API.Providers.EthereumOASIS.IntegrationTests.csproj]
C:\Source\OASIS-master\Providers\Blockchain\TestProjects\NextGenSoftware.OASIS.API.Providers.EthereumOASIS.IntegrationTests\EthereumOASISIntegrationTests.cs(157,27): error CS1061: 'EthereumOASIS' does not contain a definition for 'LoadAllGeoNFTsForAvatarAsync' and no accessible extension method 'LoadAllGeoNFTsForAvatarAsync' accepting a first argument of type 'EthereumOASIS' could be found (are you missing a using directive or an assembly reference?) [C:\Source\OASIS-master\Providers\Blockchain\TestProjects\NextGenSoftware.OASIS.API.Providers.EthereumOASIS.IntegrationTests\NextGenSoftware.OASIS.API.Providers.EthereumOASIS.IntegrationTests.csproj]
C:\Source\OASIS-master\Providers\Blockchain\TestProjects\NextGenSoftware.OASIS.API.Providers.EthereumOASIS.IntegrationTests\EthereumOASISIntegrationTests.cs(162,17): error CS0815: Cannot assign void to an implicitly-typed variable [C:\Source\OASIS-master\Providers\Blockchain\TestProjects\NextGenSoftware.OASIS.API.Providers.EthereumOASIS.IntegrationTests\NextGenSoftware.OASIS.API.Providers.EthereumOASIS.IntegrationTests.csproj]
C:\Source\OASIS-master\Providers\Blockchain\TestProjects\NextGenSoftware.OASIS.API.Providers.EthereumOASIS.IntegrationTests\EthereumOASISIntegrationTests.cs(177,35): error CS1061: 'OASISResult<bool>' does not contain a definition for 'IsSuccess' and no accessible extension method 'IsSuccess' accepting a first argument of type 'OASISResult<bool>' could be found (are you missing a using directive or an assembly reference?) [C:\Source\OASIS-master\Providers\Blockchain\TestProjects\NextGenSoftware.OASIS.API.Providers.EthereumOASIS.IntegrationTests\NextGenSoftware.OASIS.API.Providers.EthereumOASIS.IntegrationTests.csproj]
C:\Source\OASIS-master\Providers\Blockchain\TestProjects\NextGenSoftware.OASIS.API.Providers.EthereumOASIS.IntegrationTests\EthereumOASISIntegrationTests.cs(178,35): error CS1061: 'OASISResult<bool>' does not contain a definition for 'IsSuccess' and no accessible extension method 'IsSuccess' accepting a first argument of type 'OASISResult<bool>' could be found (are you missing a using directive or an assembly reference?) [C:\Source\OASIS-master\Providers\Blockchain\TestProjects\NextGenSoftware.OASIS.API.Providers.EthereumOASIS.IntegrationTests\NextGenSoftware.OASIS.API.Providers.EthereumOASIS.IntegrationTests.csproj]
C:\Source\OASIS-master\Providers\Blockchain\TestProjects\NextGenSoftware.OASIS.API.Providers.EthereumOASIS.IntegrationTests\EthereumOASISIntegrationTests.cs(179,35): error CS1061: 'OASISResult<bool>' does not contain a definition for 'IsSuccess' and no accessible extension method 'IsSuccess' accepting a first argument of type 'OASISResult<bool>' could be found (are you missing a using directive or an assembly reference?) [C:\Source\OASIS-master\Providers\Blockchain\TestProjects\NextGenSoftware.OASIS.API.Providers.EthereumOASIS.IntegrationTests\NextGenSoftware.OASIS.API.Providers.EthereumOASIS.IntegrationTests.csproj]
C:\Source\OASIS-master\Providers\Blockchain\TestProjects\NextGenSoftware.OASIS.API.Providers.EthereumOASIS.IntegrationTests\EthereumOASISIntegrationTests.cs(186,45): error CS1061: 'OASISResult<bool>' does not contain a definition for 'IsSuccess' and no accessible extension method 'IsSuccess' accepting a first argument of type 'OASISResult<bool>' could be found (are you missing a using directive or an assembly reference?) [C:\Source\OASIS-master\Providers\Blockchain\TestProjects\NextGenSoftware.OASIS.API.Providers.EthereumOASIS.IntegrationTests\NextGenSoftware.OASIS.API.Providers.EthereumOASIS.IntegrationTests.csproj]
C:\Source\OASIS-master\Providers\Blockchain\TestProjects\NextGenSoftware.OASIS.API.Providers.EthereumOASIS.IntegrationTests\EthereumOASISIntegrationTests.cs(187,45): error CS1061: 'OASISResult<bool>' does not contain a definition for 'IsSuccess' and no accessible extension method 'IsSuccess' accepting a first argument of type 'OASISResult<bool>' could be found (are you missing a using directive or an assembly reference?) [C:\Source\OASIS-master\Providers\Blockchain\TestProjects\NextGenSoftware.OASIS.API.Providers.EthereumOASIS.IntegrationTests\NextGenSoftware.OASIS.API.Providers.EthereumOASIS.IntegrationTests.csproj]
C:\Source\OASIS-master\Providers\Blockchain\TestProjects\NextGenSoftware.OASIS.API.Providers.EthereumOASIS.IntegrationTests\EthereumOASISIntegrationTests.cs(198,54): error CS1061: 'EthereumOASIS' does not contain a definition for 'LoadNFTAsync' and no accessible extension method 'LoadNFTAsync' accepting a first argument of type 'EthereumOASIS' could be found (are you missing a using directive or an assembly reference?) [C:\Source\OASIS-master\Providers\Blockchain\TestProjects\NextGenSoftware.OASIS.API.Providers.EthereumOASIS.IntegrationTests\NextGenSoftware.OASIS.API.Providers.EthereumOASIS.IntegrationTests.csproj]
C:\Source\OASIS-master\Providers\Blockchain\TestProjects\NextGenSoftware.OASIS.API.Providers.EthereumOASIS.IntegrationTests\EthereumOASISIntegrationTests.cs(212,20): error CS0411: The type arguments for method 'Assert.AreEqual<T>(T?, T?)' cannot be inferred from the usage. Try specifying the type arguments explicitly. [C:\Source\OASIS-master\Providers\Blockchain\TestProjects\NextGenSoftware.OASIS.API.Providers.EthereumOASIS.IntegrationTests\NextGenSoftware.OASIS.API.Providers.EthereumOASIS.IntegrationTests.csproj]
C:\Source\OASIS-master\Providers\Blockchain\TestProjects\NextGenSoftware.OASIS.API.Providers.COSMOSOASIS.TestHarness\Program.cs(38,44): error CS0266: Cannot implicitly convert type 'NextGenSoftware.OASIS.Common.OASISResult<System.Collections.Generic.IEnumerable<NextGenSoftware.OASIS.API.Core.Interfaces.IAvatar>>' to 'System.Collections.Generic.IEnumerable<NextGenSoftware.OASIS.API.Core.Interfaces.IAvatar>'. An explicit conversion exists (are you missing a cast?) [C:\Source\OASIS-master\Providers\Blockchain\TestProjects\NextGenSoftware.OASIS.API.Providers.COSMOSOASIS.TestHarness\NextGenSoftware.OASIS.API.Providers.COSMOSOASIS.TestHarness.csproj]
C:\Source\OASIS-master\Providers\Blockchain\TestProjects\NextGenSoftware.OASIS.API.Providers.EthereumOASIS.IntegrationTests\EthereumOASISIntegrationTests.cs(213,46): error CS0117: 'ProviderCategory' does not contain a definition for 'BlockchainStorage' [C:\Source\OASIS-master\Providers\Blockchain\TestProjects\NextGenSoftware.OASIS.API.Providers.EthereumOASIS.IntegrationTests\NextGenSoftware.OASIS.API.Providers.EthereumOASIS.IntegrationTests.csproj]
C:\Source\OASIS-master\Providers\Blockchain\TestProjects\NextGenSoftware.OASIS.API.Providers.COSMOSOASIS.TestHarness\Program.cs(40,66): error CS1503: Argument 1: cannot convert from 'string' to 'System.Guid' [C:\Source\OASIS-master\Providers\Blockchain\TestProjects\NextGenSoftware.OASIS.API.Providers.COSMOSOASIS.TestHarness\NextGenSoftware.OASIS.API.Providers.COSMOSOASIS.TestHarness.csproj]
C:\Source\OASIS-master\Providers\Blockchain\TestProjects\NextGenSoftware.OASIS.API.Providers.COSMOSOASIS.TestHarness\Program.cs(40,75): error CS1503: Argument 2: cannot convert from 'string' to 'int' [C:\Source\OASIS-master\Providers\Blockchain\TestProjects\NextGenSoftware.OASIS.API.Providers.COSMOSOASIS.TestHarness\NextGenSoftware.OASIS.API.Providers.COSMOSOASIS.TestHarness.csproj]
C:\Source\OASIS-master\Providers\Blockchain\TestProjects\NextGenSoftware.OASIS.API.Providers.COSMOSOASIS.TestHarness\Program.cs(42,30): error CS0029: Cannot implicitly convert type 'NextGenSoftware.OASIS.Common.OASISResult<bool>' to 'bool' [C:\Source\OASIS-master\Providers\Blockchain\TestProjects\NextGenSoftware.OASIS.API.Providers.COSMOSOASIS.TestHarness\NextGenSoftware.OASIS.API.Providers.COSMOSOASIS.TestHarness.csproj]
C:\Source\OASIS-master\Providers\Blockchain\TestProjects\NextGenSoftware.OASIS.API.Providers.EthereumOASIS.IntegrationTests\EthereumOASISIntegrationTests.cs(214,59): error CS1061: 'EthereumOASIS' does not contain a definition for 'Description' and no accessible extension method 'Description' accepting a first argument of type 'EthereumOASIS' could be found (are you missing a using directive or an assembly reference?) [C:\Source\OASIS-master\Providers\Blockchain\TestProjects\NextGenSoftware.OASIS.API.Providers.EthereumOASIS.IntegrationTests\NextGenSoftware.OASIS.API.Providers.EthereumOASIS.IntegrationTests.csproj]
C:\Source\OASIS-master\Providers\Blockchain\TestProjects\NextGenSoftware.OASIS.API.Providers.EOSIOOASIS.TestHarness\Program.cs(13,54): error CS0234: The type or namespace name 'Requests' does not exist in the namespace 'NextGenSoftware.OASIS.API.Core.Objects.Wallets' (are you missing an assembly reference?) [C:\Source\OASIS-master\Providers\Blockchain\TestProjects\NextGenSoftware.OASIS.API.Providers.EOSIOOASIS.TestHarness\NextGenSoftware.OASIS.API.Providers.EOSIOOASIS.TestHarness.csproj]
C:\Source\OASIS-master\Providers\Blockchain\TestProjects\NextGenSoftware.OASIS.API.Providers.ChainLinkOASIS.UnitTests\ChainLinkOASISTests.cs(107,54): error CS1061: 'IWeb3NFT' does not contain a definition for 'TokenId' and no accessible extension method 'TokenId' accepting a first argument of type 'IWeb3NFT' could be found (are you missing a using directive or an assembly reference?) [C:\Source\OASIS-master\Providers\Blockchain\TestProjects\NextGenSoftware.OASIS.API.Providers.ChainLinkOASIS.UnitTests\NextGenSoftware.OASIS.API.Providers.ChainLinkOASIS.UnitTests.csproj]
C:\Source\OASIS-master\Providers\Blockchain\TestProjects\NextGenSoftware.OASIS.API.Providers.ChainLinkOASIS.UnitTests\ChainLinkOASISTests.cs(108,60): error CS1061: 'IWeb3NFT' does not contain a definition for 'Name' and no accessible extension method 'Name' accepting a first argument of type 'IWeb3NFT' could be found (are you missing a using directive or an assembly reference?) [C:\Source\OASIS-master\Providers\Blockchain\TestProjects\NextGenSoftware.OASIS.API.Providers.ChainLinkOASIS.UnitTests\NextGenSoftware.OASIS.API.Providers.ChainLinkOASIS.UnitTests.csproj]
C:\Source\OASIS-master\Providers\Blockchain\TestProjects\NextGenSoftware.OASIS.API.Providers.PolygonOASIS.IntegrationTests\PolygonOASISIntegrationTests.cs(17,29): error CS7036: There is no argument given that corresponds to the required parameter 'hostUri' of 'PolygonOASIS.PolygonOASIS(string, string, string)' [C:\Source\OASIS-master\Providers\Blockchain\TestProjects\NextGenSoftware.OASIS.API.Providers.PolygonOASIS.IntegrationTests\NextGenSoftware.OASIS.API.Providers.PolygonOASIS.IntegrationTests.csproj]
C:\Source\OASIS-master\Providers\Blockchain\TestProjects\NextGenSoftware.OASIS.API.Providers.PolygonOASIS.IntegrationTests\PolygonOASISIntegrationTests.cs(25,42): error CS1061: 'OASISResult<bool>' does not contain a definition for 'IsSuccess' and no accessible extension method 'IsSuccess' accepting a first argument of type 'OASISResult<bool>' could be found (are you missing a using directive or an assembly reference?) [C:\Source\OASIS-master\Providers\Blockchain\TestProjects\NextGenSoftware.OASIS.API.Providers.PolygonOASIS.IntegrationTests\NextGenSoftware.OASIS.API.Providers.PolygonOASIS.IntegrationTests.csproj]
C:\Source\OASIS-master\Providers\Blockchain\TestProjects\NextGenSoftware.OASIS.API.Providers.PolygonOASIS.IntegrationTests\PolygonOASISIntegrationTests.cs(28,30): error CS0246: The type or namespace name 'Avatar' could not be found (are you missing a using directive or an assembly reference?) [C:\Source\OASIS-master\Providers\Blockchain\TestProjects\NextGenSoftware.OASIS.API.Providers.PolygonOASIS.IntegrationTests\NextGenSoftware.OASIS.API.Providers.PolygonOASIS.IntegrationTests.csproj]
C:\Source\OASIS-master\Providers\Blockchain\TestProjects\NextGenSoftware.OASIS.API.Providers.PolygonOASIS.IntegrationTests\PolygonOASISIntegrationTests.cs(41,45): error CS1061: 'OASISResult<IAvatar>' does not contain a definition for 'IsSuccess' and no accessible extension method 'IsSuccess' accepting a first argument of type 'OASISResult<IAvatar>' could be found (are you missing a using directive or an assembly reference?) [C:\Source\OASIS-master\Providers\Blockchain\TestProjects\NextGenSoftware.OASIS.API.Providers.PolygonOASIS.IntegrationTests\NextGenSoftware.OASIS.API.Providers.PolygonOASIS.IntegrationTests.csproj]
C:\Source\OASIS-master\Providers\Blockchain\TestProjects\NextGenSoftware.OASIS.API.Providers.PolygonOASIS.IntegrationTests\PolygonOASISIntegrationTests.cs(45,29): error CS0246: The type or namespace name 'Holon' could not be found (are you missing a using directive or an assembly reference?) [C:\Source\OASIS-master\Providers\Blockchain\TestProjects\NextGenSoftware.OASIS.API.Providers.PolygonOASIS.IntegrationTests\NextGenSoftware.OASIS.API.Providers.PolygonOASIS.IntegrationTests.csproj]
C:\Source\OASIS-master\Providers\Blockchain\TestProjects\NextGenSoftware.OASIS.API.Providers.PolygonOASIS.IntegrationTests\PolygonOASISIntegrationTests.cs(56,44): error CS1061: 'OASISResult<IHolon>' does not contain a definition for 'IsSuccess' and no accessible extension method 'IsSuccess' accepting a first argument of type 'OASISResult<IHolon>' could be found (are you missing a using directive or an assembly reference?) [C:\Source\OASIS-master\Providers\Blockchain\TestProjects\NextGenSoftware.OASIS.API.Providers.PolygonOASIS.IntegrationTests\NextGenSoftware.OASIS.API.Providers.PolygonOASIS.IntegrationTests.csproj]
C:\Source\OASIS-master\Providers\Blockchain\TestProjects\NextGenSoftware.OASIS.API.Providers.PolygonOASIS.IntegrationTests\PolygonOASISIntegrationTests.cs(60,35): error CS0246: The type or namespace name 'MintNFTTransactionRequest' could not be found (are you missing a using directive or an assembly reference?) [C:\Source\OASIS-master\Providers\Blockchain\TestProjects\NextGenSoftware.OASIS.API.Providers.PolygonOASIS.IntegrationTests\NextGenSoftware.OASIS.API.Providers.PolygonOASIS.IntegrationTests.csproj]
C:\Source\OASIS-master\Providers\Blockchain\TestProjects\NextGenSoftware.OASIS.API.Providers.PolygonOASIS.IntegrationTests\PolygonOASISIntegrationTests.cs(65,49): error CS1061: 'PolygonOASIS' does not contain a definition for 'LoadNFTAsync' and no accessible extension method 'LoadNFTAsync' accepting a first argument of type 'PolygonOASIS' could be found (are you missing a using directive or an assembly reference?) [C:\Source\OASIS-master\Providers\Blockchain\TestProjects\NextGenSoftware.OASIS.API.Providers.PolygonOASIS.IntegrationTests\NextGenSoftware.OASIS.API.Providers.PolygonOASIS.IntegrationTests.csproj]
C:\Source\OASIS-master\Providers\Blockchain\TestProjects\NextGenSoftware.OASIS.API.Providers.PolygonOASIS.IntegrationTests\PolygonOASISIntegrationTests.cs(70,35): error CS0246: The type or namespace name 'WalletTransactionRequest' could not be found (are you missing a using directive or an assembly reference?) [C:\Source\OASIS-master\Providers\Blockchain\TestProjects\NextGenSoftware.OASIS.API.Providers.PolygonOASIS.IntegrationTests\NextGenSoftware.OASIS.API.Providers.PolygonOASIS.IntegrationTests.csproj]
C:\Source\OASIS-master\Providers\Blockchain\TestProjects\NextGenSoftware.OASIS.API.Providers.PolygonOASIS.IntegrationTests\PolygonOASISIntegrationTests.cs(76,36): error CS0246: The type or namespace name 'PlaceGeoSpatialNFTRequest' could not be found (are you missing a using directive or an assembly reference?) [C:\Source\OASIS-master\Providers\Blockchain\TestProjects\NextGenSoftware.OASIS.API.Providers.PolygonOASIS.IntegrationTests\NextGenSoftware.OASIS.API.Providers.PolygonOASIS.IntegrationTests.csproj]
C:\Source\OASIS-master\Providers\Blockchain\TestProjects\NextGenSoftware.OASIS.API.Providers.PolygonOASIS.IntegrationTests\PolygonOASISIntegrationTests.cs(77,53): error CS1061: 'PolygonOASIS' does not contain a definition for 'PlaceGeoNFTAsync' and no accessible extension method 'PlaceGeoNFTAsync' accepting a first argument of type 'PolygonOASIS' could be found (are you missing a using directive or an assembly reference?) [C:\Source\OASIS-master\Providers\Blockchain\TestProjects\NextGenSoftware.OASIS.API.Providers.PolygonOASIS.IntegrationTests\NextGenSoftware.OASIS.API.Providers.PolygonOASIS.IntegrationTests.csproj]
C:\Source\OASIS-master\Providers\Blockchain\TestProjects\NextGenSoftware.OASIS.API.Providers.PolygonOASIS.IntegrationTests\PolygonOASISIntegrationTests.cs(81,53): error CS1061: 'PolygonOASIS' does not contain a definition for 'LoadAllGeoNFTsForAvatarAsync' and no accessible extension method 'LoadAllGeoNFTsForAvatarAsync' accepting a first argument of type 'PolygonOASIS' could be found (are you missing a using directive or an assembly reference?) [C:\Source\OASIS-master\Providers\Blockchain\TestProjects\NextGenSoftware.OASIS.API.Providers.PolygonOASIS.IntegrationTests\NextGenSoftware.OASIS.API.Providers.PolygonOASIS.IntegrationTests.csproj]
C:\Source\OASIS-master\Providers\Blockchain\TestProjects\NextGenSoftware.OASIS.API.Providers.PolygonOASIS.IntegrationTests\PolygonOASISIntegrationTests.cs(86,36): error CS0246: The type or namespace name 'SearchParams' could not be found (are you missing a using directive or an assembly reference?) [C:\Source\OASIS-master\Providers\Blockchain\TestProjects\NextGenSoftware.OASIS.API.Providers.PolygonOASIS.IntegrationTests\NextGenSoftware.OASIS.API.Providers.PolygonOASIS.IntegrationTests.csproj]
C:\Source\OASIS-master\Providers\Blockchain\TestProjects\NextGenSoftware.OASIS.API.Providers.PolygonOASIS.IntegrationTests\PolygonOASISIntegrationTests.cs(88,41): error CS1061: 'OASISResult<ISearchResults>' does not contain a definition for 'IsSuccess' and no accessible extension method 'IsSuccess' accepting a first argument of type 'OASISResult<ISearchResults>' could be found (are you missing a using directive or an assembly reference?) [C:\Source\OASIS-master\Providers\Blockchain\TestProjects\NextGenSoftware.OASIS.API.Providers.PolygonOASIS.IntegrationTests\NextGenSoftware.OASIS.API.Providers.PolygonOASIS.IntegrationTests.csproj]
C:\Source\OASIS-master\Providers\Blockchain\TestProjects\NextGenSoftware.OASIS.API.Providers.PolygonOASIS.IntegrationTests\PolygonOASISIntegrationTests.cs(94,41): error CS1061: 'OASISResult<bool>' does not contain a definition for 'IsSuccess' and no accessible extension method 'IsSuccess' accepting a first argument of type 'OASISResult<bool>' could be found (are you missing a using directive or an assembly reference?) [C:\Source\OASIS-master\Providers\Blockchain\TestProjects\NextGenSoftware.OASIS.API.Providers.PolygonOASIS.IntegrationTests\NextGenSoftware.OASIS.API.Providers.PolygonOASIS.IntegrationTests.csproj]
C:\Source\OASIS-master\Providers\Blockchain\TestProjects\NextGenSoftware.OASIS.API.Providers.PolygonOASIS.IntegrationTests\PolygonOASISIntegrationTests.cs(98,41): error CS1061: 'OASISResult<IEnumerable<IHolon>>' does not contain a definition for 'IsSuccess' and no accessible extension method 'IsSuccess' accepting a first argument of type 'OASISResult<IEnumerable<IHolon>>' could be found (are you missing a using directive or an assembly reference?) [C:\Source\OASIS-master\Providers\Blockchain\TestProjects\NextGenSoftware.OASIS.API.Providers.PolygonOASIS.IntegrationTests\NextGenSoftware.OASIS.API.Providers.PolygonOASIS.IntegrationTests.csproj]
C:\Source\OASIS-master\Providers\Blockchain\TestProjects\NextGenSoftware.OASIS.API.Providers.PolygonOASIS.IntegrationTests\PolygonOASISIntegrationTests.cs(103,44): error CS1061: 'OASISResult<bool>' does not contain a definition for 'IsSuccess' and no accessible extension method 'IsSuccess' accepting a first argument of type 'OASISResult<bool>' could be found (are you missing a using directive or an assembly reference?) [C:\Source\OASIS-master\Providers\Blockchain\TestProjects\NextGenSoftware.OASIS.API.Providers.PolygonOASIS.IntegrationTests\NextGenSoftware.OASIS.API.Providers.PolygonOASIS.IntegrationTests.csproj]
C:\Source\OASIS-master\Providers\Blockchain\TestProjects\NextGenSoftware.OASIS.API.Providers.PolygonOASIS.IntegrationTests\PolygonOASISIntegrationTests.cs(110,20): error CS0411: The type arguments for method 'Assert.AreEqual<T>(T?, T?)' cannot be inferred from the usage. Try specifying the type arguments explicitly. [C:\Source\OASIS-master\Providers\Blockchain\TestProjects\NextGenSoftware.OASIS.API.Providers.PolygonOASIS.IntegrationTests\NextGenSoftware.OASIS.API.Providers.PolygonOASIS.IntegrationTests.csproj]
C:\Source\OASIS-master\Providers\Blockchain\TestProjects\NextGenSoftware.OASIS.API.Providers.PolygonOASIS.IntegrationTests\PolygonOASISIntegrationTests.cs(111,46): error CS0117: 'ProviderCategory' does not contain a definition for 'BlockchainStorage' [C:\Source\OASIS-master\Providers\Blockchain\TestProjects\NextGenSoftware.OASIS.API.Providers.PolygonOASIS.IntegrationTests\NextGenSoftware.OASIS.API.Providers.PolygonOASIS.IntegrationTests.csproj]
C:\Source\OASIS-master\Providers\Blockchain\TestProjects\NextGenSoftware.OASIS.API.Providers.PolygonOASIS.IntegrationTests\PolygonOASISIntegrationTests.cs(115,42): error CS1061: 'OASISResult<bool>' does not contain a definition for 'IsSuccess' and no accessible extension method 'IsSuccess' accepting a first argument of type 'OASISResult<bool>' could be found (are you missing a using directive or an assembly reference?) [C:\Source\OASIS-master\Providers\Blockchain\TestProjects\NextGenSoftware.OASIS.API.Providers.PolygonOASIS.IntegrationTests\NextGenSoftware.OASIS.API.Providers.PolygonOASIS.IntegrationTests.csproj]
C:\Source\OASIS-master\Providers\Blockchain\TestProjects\NextGenSoftware.OASIS.API.Providers.PolygonOASIS.IntegrationTests\PolygonOASISIntegrationTests.cs(119,44): error CS1061: 'OASISResult<bool>' does not contain a definition for 'IsSuccess' and no accessible extension method 'IsSuccess' accepting a first argument of type 'OASISResult<bool>' could be found (are you missing a using directive or an assembly reference?) [C:\Source\OASIS-master\Providers\Blockchain\TestProjects\NextGenSoftware.OASIS.API.Providers.PolygonOASIS.IntegrationTests\NextGenSoftware.OASIS.API.Providers.PolygonOASIS.IntegrationTests.csproj]
C:\Source\OASIS-master\Providers\Blockchain\TestProjects\NextGenSoftware.OASIS.API.Providers.PolygonOASIS.IntegrationTests\PolygonOASISIntegrationTests.cs(127,30): error CS0246: The type or namespace name 'Avatar' could not be found (are you missing a using directive or an assembly reference?) [C:\Source\OASIS-master\Providers\Blockchain\TestProjects\NextGenSoftware.OASIS.API.Providers.PolygonOASIS.IntegrationTests\NextGenSoftware.OASIS.API.Providers.PolygonOASIS.IntegrationTests.csproj]
C:\Source\OASIS-master\Providers\Blockchain\TestProjects\NextGenSoftware.OASIS.API.Providers.PolygonOASIS.IntegrationTests\PolygonOASISIntegrationTests.cs(132,29): error CS0246: The type or namespace name 'Holon' could not be found (are you missing a using directive or an assembly reference?) [C:\Source\OASIS-master\Providers\Blockchain\TestProjects\NextGenSoftware.OASIS.API.Providers.PolygonOASIS.IntegrationTests\NextGenSoftware.OASIS.API.Providers.PolygonOASIS.IntegrationTests.csproj]
C:\Source\OASIS-master\Providers\Blockchain\TestProjects\NextGenSoftware.OASIS.API.Providers.PolygonOASIS.IntegrationTests\PolygonOASISIntegrationTests.cs(137,35): error CS0246: The type or namespace name 'WalletTransactionRequest' could not be found (are you missing a using directive or an assembly reference?) [C:\Source\OASIS-master\Providers\Blockchain\TestProjects\NextGenSoftware.OASIS.API.Providers.PolygonOASIS.IntegrationTests\NextGenSoftware.OASIS.API.Providers.PolygonOASIS.IntegrationTests.csproj]
C:\Source\OASIS-master\Providers\Blockchain\TestProjects\NextGenSoftware.OASIS.API.Providers.PolygonOASIS.IntegrationTests\PolygonOASISIntegrationTests.cs(142,38): error CS0246: The type or namespace name 'NFTWalletTransactionRequest' could not be found (are you missing a using directive or an assembly reference?) [C:\Source\OASIS-master\Providers\Blockchain\TestProjects\NextGenSoftware.OASIS.API.Providers.PolygonOASIS.IntegrationTests\NextGenSoftware.OASIS.API.Providers.PolygonOASIS.IntegrationTests.csproj]
C:\Source\OASIS-master\Providers\Blockchain\TestProjects\NextGenSoftware.OASIS.API.Providers.PolygonOASIS.IntegrationTests\PolygonOASISIntegrationTests.cs(156,27): error CS1061: 'PolygonOASIS' does not contain a definition for 'LoadAllNFTsForAvatarAsync' and no accessible extension method 'LoadAllNFTsForAvatarAsync' accepting a first argument of type 'PolygonOASIS' could be found (are you missing a using directive or an assembly reference?) [C:\Source\OASIS-master\Providers\Blockchain\TestProjects\NextGenSoftware.OASIS.API.Providers.PolygonOASIS.IntegrationTests\NextGenSoftware.OASIS.API.Providers.PolygonOASIS.IntegrationTests.csproj]
C:\Source\OASIS-master\Providers\Blockchain\TestProjects\NextGenSoftware.OASIS.API.Providers.PolygonOASIS.IntegrationTests\PolygonOASISIntegrationTests.cs(157,27): error CS1061: 'PolygonOASIS' does not contain a definition for 'LoadAllGeoNFTsForAvatarAsync' and no accessible extension method 'LoadAllGeoNFTsForAvatarAsync' accepting a first argument of type 'PolygonOASIS' could be found (are you missing a using directive or an assembly reference?) [C:\Source\OASIS-master\Providers\Blockchain\TestProjects\NextGenSoftware.OASIS.API.Providers.PolygonOASIS.IntegrationTests\NextGenSoftware.OASIS.API.Providers.PolygonOASIS.IntegrationTests.csproj]
C:\Source\OASIS-master\Providers\Blockchain\TestProjects\NextGenSoftware.OASIS.API.Providers.PolygonOASIS.IntegrationTests\PolygonOASISIntegrationTests.cs(162,17): error CS0815: Cannot assign void to an implicitly-typed variable [C:\Source\OASIS-master\Providers\Blockchain\TestProjects\NextGenSoftware.OASIS.API.Providers.PolygonOASIS.IntegrationTests\NextGenSoftware.OASIS.API.Providers.PolygonOASIS.IntegrationTests.csproj]
C:\Source\OASIS-master\Providers\Blockchain\TestProjects\NextGenSoftware.OASIS.API.Providers.PolygonOASIS.IntegrationTests\PolygonOASISIntegrationTests.cs(177,35): error CS1061: 'OASISResult<bool>' does not contain a definition for 'IsSuccess' and no accessible extension method 'IsSuccess' accepting a first argument of type 'OASISResult<bool>' could be found (are you missing a using directive or an assembly reference?) [C:\Source\OASIS-master\Providers\Blockchain\TestProjects\NextGenSoftware.OASIS.API.Providers.PolygonOASIS.IntegrationTests\NextGenSoftware.OASIS.API.Providers.PolygonOASIS.IntegrationTests.csproj]
C:\Source\OASIS-master\Providers\Blockchain\TestProjects\NextGenSoftware.OASIS.API.Providers.PolygonOASIS.IntegrationTests\PolygonOASISIntegrationTests.cs(178,35): error CS1061: 'OASISResult<bool>' does not contain a definition for 'IsSuccess' and no accessible extension method 'IsSuccess' accepting a first argument of type 'OASISResult<bool>' could be found (are you missing a using directive or an assembly reference?) [C:\Source\OASIS-master\Providers\Blockchain\TestProjects\NextGenSoftware.OASIS.API.Providers.PolygonOASIS.IntegrationTests\NextGenSoftware.OASIS.API.Providers.PolygonOASIS.IntegrationTests.csproj]
C:\Source\OASIS-master\Providers\Blockchain\TestProjects\NextGenSoftware.OASIS.API.Providers.PolygonOASIS.IntegrationTests\PolygonOASISIntegrationTests.cs(179,35): error CS1061: 'OASISResult<bool>' does not contain a definition for 'IsSuccess' and no accessible extension method 'IsSuccess' accepting a first argument of type 'OASISResult<bool>' could be found (are you missing a using directive or an assembly reference?) [C:\Source\OASIS-master\Providers\Blockchain\TestProjects\NextGenSoftware.OASIS.API.Providers.PolygonOASIS.IntegrationTests\NextGenSoftware.OASIS.API.Providers.PolygonOASIS.IntegrationTests.csproj]
C:\Source\OASIS-master\Providers\Blockchain\TestProjects\NextGenSoftware.OASIS.API.Providers.PolygonOASIS.IntegrationTests\PolygonOASISIntegrationTests.cs(186,45): error CS1061: 'OASISResult<bool>' does not contain a definition for 'IsSuccess' and no accessible extension method 'IsSuccess' accepting a first argument of type 'OASISResult<bool>' could be found (are you missing a using directive or an assembly reference?) [C:\Source\OASIS-master\Providers\Blockchain\TestProjects\NextGenSoftware.OASIS.API.Providers.PolygonOASIS.IntegrationTests\NextGenSoftware.OASIS.API.Providers.PolygonOASIS.IntegrationTests.csproj]
C:\Source\OASIS-master\Providers\Blockchain\TestProjects\NextGenSoftware.OASIS.API.Providers.PolygonOASIS.IntegrationTests\PolygonOASISIntegrationTests.cs(187,45): error CS1061: 'OASISResult<bool>' does not contain a definition for 'IsSuccess' and no accessible extension method 'IsSuccess' accepting a first argument of type 'OASISResult<bool>' could be found (are you missing a using directive or an assembly reference?) [C:\Source\OASIS-master\Providers\Blockchain\TestProjects\NextGenSoftware.OASIS.API.Providers.PolygonOASIS.IntegrationTests\NextGenSoftware.OASIS.API.Providers.PolygonOASIS.IntegrationTests.csproj]
C:\Source\OASIS-master\Providers\Blockchain\TestProjects\NextGenSoftware.OASIS.API.Providers.PolygonOASIS.IntegrationTests\PolygonOASISIntegrationTests.cs(198,54): error CS1061: 'PolygonOASIS' does not contain a definition for 'LoadNFTAsync' and no accessible extension method 'LoadNFTAsync' accepting a first argument of type 'PolygonOASIS' could be found (are you missing a using directive or an assembly reference?) [C:\Source\OASIS-master\Providers\Blockchain\TestProjects\NextGenSoftware.OASIS.API.Providers.PolygonOASIS.IntegrationTests\NextGenSoftware.OASIS.API.Providers.PolygonOASIS.IntegrationTests.csproj]
C:\Source\OASIS-master\Providers\Blockchain\TestProjects\NextGenSoftware.OASIS.API.Providers.PolygonOASIS.IntegrationTests\PolygonOASISIntegrationTests.cs(212,20): error CS0411: The type arguments for method 'Assert.AreEqual<T>(T?, T?)' cannot be inferred from the usage. Try specifying the type arguments explicitly. [C:\Source\OASIS-master\Providers\Blockchain\TestProjects\NextGenSoftware.OASIS.API.Providers.PolygonOASIS.IntegrationTests\NextGenSoftware.OASIS.API.Providers.PolygonOASIS.IntegrationTests.csproj]
C:\Source\OASIS-master\Providers\Blockchain\TestProjects\NextGenSoftware.OASIS.API.Providers.PolygonOASIS.IntegrationTests\PolygonOASISIntegrationTests.cs(213,46): error CS0117: 'ProviderCategory' does not contain a definition for 'BlockchainStorage' [C:\Source\OASIS-master\Providers\Blockchain\TestProjects\NextGenSoftware.OASIS.API.Providers.PolygonOASIS.IntegrationTests\NextGenSoftware.OASIS.API.Providers.PolygonOASIS.IntegrationTests.csproj]
C:\Source\OASIS-master\Providers\Blockchain\TestProjects\NextGenSoftware.OASIS.API.Providers.PolygonOASIS.IntegrationTests\PolygonOASISIntegrationTests.cs(214,59): error CS1061: 'PolygonOASIS' does not contain a definition for 'Description' and no accessible extension method 'Description' accepting a first argument of type 'PolygonOASIS' could be found (are you missing a using directive or an assembly reference?) [C:\Source\OASIS-master\Providers\Blockchain\TestProjects\NextGenSoftware.OASIS.API.Providers.PolygonOASIS.IntegrationTests\NextGenSoftware.OASIS.API.Providers.PolygonOASIS.IntegrationTests.csproj]
C:\Source\OASIS-master\Providers\Blockchain\TestProjects\NextGenSoftware.OASIS.API.Providers.EthereumOASIS.UnitTests\EthereumOASISTests.cs(17,29): error CS7036: There is no argument given that corresponds to the required parameter 'hostUri' of 'EthereumOASIS.EthereumOASIS(string, string, BigInteger, string)' [C:\Source\OASIS-master\Providers\Blockchain\TestProjects\NextGenSoftware.OASIS.API.Providers.EthereumOASIS.UnitTests\NextGenSoftware.OASIS.API.Providers.EthereumOASIS.UnitTests.csproj]
C:\Source\OASIS-master\Providers\Blockchain\TestProjects\NextGenSoftware.OASIS.API.Providers.EthereumOASIS.UnitTests\EthereumOASISTests.cs(27,34): error CS1061: 'OASISResult<bool>' does not contain a definition for 'IsSuccess' and no accessible extension method 'IsSuccess' accepting a first argument of type 'OASISResult<bool>' could be found (are you missing a using directive or an assembly reference?) [C:\Source\OASIS-master\Providers\Blockchain\TestProjects\NextGenSoftware.OASIS.API.Providers.EthereumOASIS.UnitTests\NextGenSoftware.OASIS.API.Providers.EthereumOASIS.UnitTests.csproj]
C:\Source\OASIS-master\Providers\Blockchain\TestProjects\NextGenSoftware.OASIS.API.Providers.EthereumOASIS.UnitTests\EthereumOASISTests.cs(37,34): error CS1061: 'OASISResult<bool>' does not contain a definition for 'IsSuccess' and no accessible extension method 'IsSuccess' accepting a first argument of type 'OASISResult<bool>' could be found (are you missing a using directive or an assembly reference?) [C:\Source\OASIS-master\Providers\Blockchain\TestProjects\NextGenSoftware.OASIS.API.Providers.EthereumOASIS.UnitTests\NextGenSoftware.OASIS.API.Providers.EthereumOASIS.UnitTests.csproj]
C:\Source\OASIS-master\Providers\Blockchain\TestProjects\NextGenSoftware.OASIS.API.Providers.EthereumOASIS.UnitTests\EthereumOASISTests.cs(44,30): error CS0246: The type or namespace name 'Avatar' could not be found (are you missing a using directive or an assembly reference?) [C:\Source\OASIS-master\Providers\Blockchain\TestProjects\NextGenSoftware.OASIS.API.Providers.EthereumOASIS.UnitTests\NextGenSoftware.OASIS.API.Providers.EthereumOASIS.UnitTests.csproj]
C:\Source\OASIS-master\Providers\Blockchain\TestProjects\NextGenSoftware.OASIS.API.Providers.EthereumOASIS.UnitTests\EthereumOASISTests.cs(67,35): error CS1061: 'OASISResult<IEnumerable<IAvatar>>' does not contain a definition for 'IsSuccess' and no accessible extension method 'IsSuccess' accepting a first argument of type 'OASISResult<IEnumerable<IAvatar>>' could be found (are you missing a using directive or an assembly reference?) [C:\Source\OASIS-master\Providers\Blockchain\TestProjects\NextGenSoftware.OASIS.API.Providers.EthereumOASIS.UnitTests\NextGenSoftware.OASIS.API.Providers.EthereumOASIS.UnitTests.csproj]
C:\Source\OASIS-master\Providers\Blockchain\TestProjects\NextGenSoftware.OASIS.API.Providers.EthereumOASIS.UnitTests\EthereumOASISTests.cs(78,35): error CS1061: 'OASISResult<IAvatar>' does not contain a definition for 'IsSuccess' and no accessible extension method 'IsSuccess' accepting a first argument of type 'OASISResult<IAvatar>' could be found (are you missing a using directive or an assembly reference?) [C:\Source\OASIS-master\Providers\Blockchain\TestProjects\NextGenSoftware.OASIS.API.Providers.EthereumOASIS.UnitTests\NextGenSoftware.OASIS.API.Providers.EthereumOASIS.UnitTests.csproj]
C:\Source\OASIS-master\Providers\Blockchain\TestProjects\NextGenSoftware.OASIS.API.Providers.EthereumOASIS.UnitTests\EthereumOASISTests.cs(89,35): error CS1061: 'OASISResult<IAvatar>' does not contain a definition for 'IsSuccess' and no accessible extension method 'IsSuccess' accepting a first argument of type 'OASISResult<IAvatar>' could be found (are you missing a using directive or an assembly reference?) [C:\Source\OASIS-master\Providers\Blockchain\TestProjects\NextGenSoftware.OASIS.API.Providers.EthereumOASIS.UnitTests\NextGenSoftware.OASIS.API.Providers.EthereumOASIS.UnitTests.csproj]
C:\Source\OASIS-master\Providers\Blockchain\TestProjects\NextGenSoftware.OASIS.API.Providers.EthereumOASIS.UnitTests\EthereumOASISTests.cs(100,35): error CS1061: 'OASISResult<IAvatar>' does not contain a definition for 'IsSuccess' and no accessible extension method 'IsSuccess' accepting a first argument of type 'OASISResult<IAvatar>' could be found (are you missing a using directive or an assembly reference?) [C:\Source\OASIS-master\Providers\Blockchain\TestProjects\NextGenSoftware.OASIS.API.Providers.EthereumOASIS.UnitTests\NextGenSoftware.OASIS.API.Providers.EthereumOASIS.UnitTests.csproj]
C:\Source\OASIS-master\Providers\Blockchain\TestProjects\NextGenSoftware.OASIS.API.Providers.EthereumOASIS.UnitTests\EthereumOASISTests.cs(111,35): error CS1061: 'OASISResult<IAvatar>' does not contain a definition for 'IsSuccess' and no accessible extension method 'IsSuccess' accepting a first argument of type 'OASISResult<IAvatar>' could be found (are you missing a using directive or an assembly reference?) [C:\Source\OASIS-master\Providers\Blockchain\TestProjects\NextGenSoftware.OASIS.API.Providers.EthereumOASIS.UnitTests\NextGenSoftware.OASIS.API.Providers.EthereumOASIS.UnitTests.csproj]
C:\Source\OASIS-master\Providers\Blockchain\TestProjects\NextGenSoftware.OASIS.API.Providers.EthereumOASIS.UnitTests\EthereumOASISTests.cs(119,29): error CS0246: The type or namespace name 'Holon' could not be found (are you missing a using directive or an assembly reference?) [C:\Source\OASIS-master\Providers\Blockchain\TestProjects\NextGenSoftware.OASIS.API.Providers.EthereumOASIS.UnitTests\NextGenSoftware.OASIS.API.Providers.EthereumOASIS.UnitTests.csproj]
C:\Source\OASIS-master\Providers\Blockchain\TestProjects\NextGenSoftware.OASIS.API.Providers.EthereumOASIS.UnitTests\EthereumOASISTests.cs(140,35): error CS1061: 'OASISResult<IEnumerable<IHolon>>' does not contain a definition for 'IsSuccess' and no accessible extension method 'IsSuccess' accepting a first argument of type 'OASISResult<IEnumerable<IHolon>>' could be found (are you missing a using directive or an assembly reference?) [C:\Source\OASIS-master\Providers\Blockchain\TestProjects\NextGenSoftware.OASIS.API.Providers.EthereumOASIS.UnitTests\NextGenSoftware.OASIS.API.Providers.EthereumOASIS.UnitTests.csproj]
C:\Source\OASIS-master\Providers\Blockchain\TestProjects\NextGenSoftware.OASIS.API.Providers.EthereumOASIS.UnitTests\EthereumOASISTests.cs(151,35): error CS1061: 'OASISResult<IHolon>' does not contain a definition for 'IsSuccess' and no accessible extension method 'IsSuccess' accepting a first argument of type 'OASISResult<IHolon>' could be found (are you missing a using directive or an assembly reference?) [C:\Source\OASIS-master\Providers\Blockchain\TestProjects\NextGenSoftware.OASIS.API.Providers.EthereumOASIS.UnitTests\NextGenSoftware.OASIS.API.Providers.EthereumOASIS.UnitTests.csproj]
C:\Source\OASIS-master\Providers\Blockchain\TestProjects\NextGenSoftware.OASIS.API.Providers.EthereumOASIS.UnitTests\EthereumOASISTests.cs(162,35): error CS1061: 'OASISResult<IEnumerable<IHolon>>' does not contain a definition for 'IsSuccess' and no accessible extension method 'IsSuccess' accepting a first argument of type 'OASISResult<IEnumerable<IHolon>>' could be found (are you missing a using directive or an assembly reference?) [C:\Source\OASIS-master\Providers\Blockchain\TestProjects\NextGenSoftware.OASIS.API.Providers.EthereumOASIS.UnitTests\NextGenSoftware.OASIS.API.Providers.EthereumOASIS.UnitTests.csproj]
C:\Source\OASIS-master\Providers\Blockchain\TestProjects\NextGenSoftware.OASIS.API.Providers.EthereumOASIS.UnitTests\EthereumOASISTests.cs(173,35): error CS1061: 'OASISResult<IHolon>' does not contain a definition for 'IsSuccess' and no accessible extension method 'IsSuccess' accepting a first argument of type 'OASISResult<IHolon>' could be found (are you missing a using directive or an assembly reference?) [C:\Source\OASIS-master\Providers\Blockchain\TestProjects\NextGenSoftware.OASIS.API.Providers.EthereumOASIS.UnitTests\NextGenSoftware.OASIS.API.Providers.EthereumOASIS.UnitTests.csproj]
C:\Source\OASIS-master\Providers\Blockchain\TestProjects\NextGenSoftware.OASIS.API.Providers.EthereumOASIS.UnitTests\EthereumOASISTests.cs(181,36): error CS0246: The type or namespace name 'AvatarDetail' could not be found (are you missing a using directive or an assembly reference?) [C:\Source\OASIS-master\Providers\Blockchain\TestProjects\NextGenSoftware.OASIS.API.Providers.EthereumOASIS.UnitTests\NextGenSoftware.OASIS.API.Providers.EthereumOASIS.UnitTests.csproj]
C:\Source\OASIS-master\Providers\Blockchain\TestProjects\NextGenSoftware.OASIS.API.Providers.EthereumOASIS.UnitTests\EthereumOASISTests.cs(202,35): error CS1061: 'OASISResult<IAvatarDetail>' does not contain a definition for 'IsSuccess' and no accessible extension method 'IsSuccess' accepting a first argument of type 'OASISResult<IAvatarDetail>' could be found (are you missing a using directive or an assembly reference?) [C:\Source\OASIS-master\Providers\Blockchain\TestProjects\NextGenSoftware.OASIS.API.Providers.EthereumOASIS.UnitTests\NextGenSoftware.OASIS.API.Providers.EthereumOASIS.UnitTests.csproj]
C:\Source\OASIS-master\Providers\Blockchain\TestProjects\NextGenSoftware.OASIS.API.Providers.EthereumOASIS.UnitTests\EthereumOASISTests.cs(213,35): error CS1061: 'OASISResult<IAvatarDetail>' does not contain a definition for 'IsSuccess' and no accessible extension method 'IsSuccess' accepting a first argument of type 'OASISResult<IAvatarDetail>' could be found (are you missing a using directive or an assembly reference?) [C:\Source\OASIS-master\Providers\Blockchain\TestProjects\NextGenSoftware.OASIS.API.Providers.EthereumOASIS.UnitTests\NextGenSoftware.OASIS.API.Providers.EthereumOASIS.UnitTests.csproj]
C:\Source\OASIS-master\Providers\Blockchain\TestProjects\NextGenSoftware.OASIS.API.Providers.EthereumOASIS.UnitTests\EthereumOASISTests.cs(224,35): error CS1061: 'OASISResult<IAvatarDetail>' does not contain a definition for 'IsSuccess' and no accessible extension method 'IsSuccess' accepting a first argument of type 'OASISResult<IAvatarDetail>' could be found (are you missing a using directive or an assembly reference?) [C:\Source\OASIS-master\Providers\Blockchain\TestProjects\NextGenSoftware.OASIS.API.Providers.EthereumOASIS.UnitTests\NextGenSoftware.OASIS.API.Providers.EthereumOASIS.UnitTests.csproj]
C:\Source\OASIS-master\Providers\Blockchain\TestProjects\NextGenSoftware.OASIS.API.Providers.EthereumOASIS.UnitTests\EthereumOASISTests.cs(232,36): error CS1061: 'EthereumOASIS' does not contain a definition for 'GetPlayersNearMe' and no accessible extension method 'GetPlayersNearMe' accepting a first argument of type 'EthereumOASIS' could be found (are you missing a using directive or an assembly reference?) [C:\Source\OASIS-master\Providers\Blockchain\TestProjects\NextGenSoftware.OASIS.API.Providers.EthereumOASIS.UnitTests\NextGenSoftware.OASIS.API.Providers.EthereumOASIS.UnitTests.csproj]
C:\Source\OASIS-master\Providers\Blockchain\TestProjects\NextGenSoftware.OASIS.API.Providers.EthereumOASIS.UnitTests\EthereumOASISTests.cs(243,36): error CS1061: 'EthereumOASIS' does not contain a definition for 'GetHolonsNearMe' and no accessible extension method 'GetHolonsNearMe' accepting a first argument of type 'EthereumOASIS' could be found (are you missing a using directive or an assembly reference?) [C:\Source\OASIS-master\Providers\Blockchain\TestProjects\NextGenSoftware.OASIS.API.Providers.EthereumOASIS.UnitTests\NextGenSoftware.OASIS.API.Providers.EthereumOASIS.UnitTests.csproj]
C:\Source\OASIS-master\Providers\Blockchain\TestProjects\NextGenSoftware.OASIS.API.Providers.EthereumOASIS.UnitTests\EthereumOASISTests.cs(254,35): error CS0246: The type or namespace name 'WalletTransactionRequest' could not be found (are you missing a using directive or an assembly reference?) [C:\Source\OASIS-master\Providers\Blockchain\TestProjects\NextGenSoftware.OASIS.API.Providers.EthereumOASIS.UnitTests\NextGenSoftware.OASIS.API.Providers.EthereumOASIS.UnitTests.csproj]
C:\Source\OASIS-master\Providers\Blockchain\TestProjects\NextGenSoftware.OASIS.API.Providers.EthereumOASIS.UnitTests\EthereumOASISTests.cs(268,38): error CS0246: The type or namespace name 'NFTWalletTransactionRequest' could not be found (are you missing a using directive or an assembly reference?) [C:\Source\OASIS-master\Providers\Blockchain\TestProjects\NextGenSoftware.OASIS.API.Providers.EthereumOASIS.UnitTests\NextGenSoftware.OASIS.API.Providers.EthereumOASIS.UnitTests.csproj]
C:\Source\OASIS-master\Providers\Blockchain\TestProjects\NextGenSoftware.OASIS.API.Providers.EthereumOASIS.UnitTests\EthereumOASISTests.cs(282,35): error CS0246: The type or namespace name 'MintNFTTransactionRequest' could not be found (are you missing a using directive or an assembly reference?) [C:\Source\OASIS-master\Providers\Blockchain\TestProjects\NextGenSoftware.OASIS.API.Providers.EthereumOASIS.UnitTests\NextGenSoftware.OASIS.API.Providers.EthereumOASIS.UnitTests.csproj]
C:\Source\OASIS-master\Providers\Blockchain\TestProjects\NextGenSoftware.OASIS.API.Providers.EthereumOASIS.UnitTests\EthereumOASISTests.cs(296,42): error CS1061: 'EthereumOASIS' does not contain a definition for 'LoadNFTAsync' and no accessible extension method 'LoadNFTAsync' accepting a first argument of type 'EthereumOASIS' could be found (are you missing a using directive or an assembly reference?) [C:\Source\OASIS-master\Providers\Blockchain\TestProjects\NextGenSoftware.OASIS.API.Providers.EthereumOASIS.UnitTests\NextGenSoftware.OASIS.API.Providers.EthereumOASIS.UnitTests.csproj]
C:\Source\OASIS-master\Providers\Blockchain\TestProjects\NextGenSoftware.OASIS.API.Providers.EthereumOASIS.UnitTests\EthereumOASISTests.cs(307,42): error CS1061: 'EthereumOASIS' does not contain a definition for 'LoadNFTAsync' and no accessible extension method 'LoadNFTAsync' accepting a first argument of type 'EthereumOASIS' could be found (are you missing a using directive or an assembly reference?) [C:\Source\OASIS-master\Providers\Blockchain\TestProjects\NextGenSoftware.OASIS.API.Providers.EthereumOASIS.UnitTests\NextGenSoftware.OASIS.API.Providers.EthereumOASIS.UnitTests.csproj]
C:\Source\OASIS-master\Providers\Blockchain\TestProjects\NextGenSoftware.OASIS.API.Providers.EthereumOASIS.UnitTests\EthereumOASISTests.cs(318,42): error CS1061: 'EthereumOASIS' does not contain a definition for 'LoadAllNFTsForAvatarAsync' and no accessible extension method 'LoadAllNFTsForAvatarAsync' accepting a first argument of type 'EthereumOASIS' could be found (are you missing a using directive or an assembly reference?) [C:\Source\OASIS-master\Providers\Blockchain\TestProjects\NextGenSoftware.OASIS.API.Providers.EthereumOASIS.UnitTests\NextGenSoftware.OASIS.API.Providers.EthereumOASIS.UnitTests.csproj]
C:\Source\OASIS-master\Providers\Blockchain\TestProjects\NextGenSoftware.OASIS.API.Providers.EthereumOASIS.UnitTests\EthereumOASISTests.cs(329,42): error CS1061: 'EthereumOASIS' does not contain a definition for 'LoadAllGeoNFTsForAvatarAsync' and no accessible extension method 'LoadAllGeoNFTsForAvatarAsync' accepting a first argument of type 'EthereumOASIS' could be found (are you missing a using directive or an assembly reference?) [C:\Source\OASIS-master\Providers\Blockchain\TestProjects\NextGenSoftware.OASIS.API.Providers.EthereumOASIS.UnitTests\NextGenSoftware.OASIS.API.Providers.EthereumOASIS.UnitTests.csproj]
C:\Source\OASIS-master\Providers\Blockchain\TestProjects\NextGenSoftware.OASIS.API.Providers.EthereumOASIS.UnitTests\EthereumOASISTests.cs(340,36): error CS0246: The type or namespace name 'PlaceGeoSpatialNFTRequest' could not be found (are you missing a using directive or an assembly reference?) [C:\Source\OASIS-master\Providers\Blockchain\TestProjects\NextGenSoftware.OASIS.API.Providers.EthereumOASIS.UnitTests\NextGenSoftware.OASIS.API.Providers.EthereumOASIS.UnitTests.csproj]
C:\Source\OASIS-master\Providers\Blockchain\TestProjects\NextGenSoftware.OASIS.API.Providers.EthereumOASIS.UnitTests\EthereumOASISTests.cs(343,42): error CS1061: 'EthereumOASIS' does not contain a definition for 'PlaceGeoNFTAsync' and no accessible extension method 'PlaceGeoNFTAsync' accepting a first argument of type 'EthereumOASIS' could be found (are you missing a using directive or an assembly reference?) [C:\Source\OASIS-master\Providers\Blockchain\TestProjects\NextGenSoftware.OASIS.API.Providers.EthereumOASIS.UnitTests\NextGenSoftware.OASIS.API.Providers.EthereumOASIS.UnitTests.csproj]
C:\Source\OASIS-master\Providers\Blockchain\TestProjects\NextGenSoftware.OASIS.API.Providers.EthereumOASIS.UnitTests\EthereumOASISTests.cs(354,43): error CS0246: The type or namespace name 'MintAndPlaceGeoSpatialNFTRequest' could not be found (are you missing a using directive or an assembly reference?) [C:\Source\OASIS-master\Providers\Blockchain\TestProjects\NextGenSoftware.OASIS.API.Providers.EthereumOASIS.UnitTests\NextGenSoftware.OASIS.API.Providers.EthereumOASIS.UnitTests.csproj]
C:\Source\OASIS-master\Providers\Blockchain\TestProjects\NextGenSoftware.OASIS.API.Providers.EthereumOASIS.UnitTests\EthereumOASISTests.cs(357,42): error CS1061: 'EthereumOASIS' does not contain a definition for 'MintAndPlaceGeoNFTAsync' and no accessible extension method 'MintAndPlaceGeoNFTAsync' accepting a first argument of type 'EthereumOASIS' could be found (are you missing a using directive or an assembly reference?) [C:\Source\OASIS-master\Providers\Blockchain\TestProjects\NextGenSoftware.OASIS.API.Providers.EthereumOASIS.UnitTests\NextGenSoftware.OASIS.API.Providers.EthereumOASIS.UnitTests.csproj]
C:\Source\OASIS-master\Providers\Blockchain\TestProjects\NextGenSoftware.OASIS.API.Providers.EthereumOASIS.UnitTests\EthereumOASISTests.cs(368,36): error CS0246: The type or namespace name 'SearchParams' could not be found (are you missing a using directive or an assembly reference?) [C:\Source\OASIS-master\Providers\Blockchain\TestProjects\NextGenSoftware.OASIS.API.Providers.EthereumOASIS.UnitTests\NextGenSoftware.OASIS.API.Providers.EthereumOASIS.UnitTests.csproj]
C:\Source\OASIS-master\Providers\Blockchain\TestProjects\NextGenSoftware.OASIS.API.Providers.EthereumOASIS.UnitTests\EthereumOASISTests.cs(374,35): error CS1061: 'OASISResult<ISearchResults>' does not contain a definition for 'IsSuccess' and no accessible extension method 'IsSuccess' accepting a first argument of type 'OASISResult<ISearchResults>' could be found (are you missing a using directive or an assembly reference?) [C:\Source\OASIS-master\Providers\Blockchain\TestProjects\NextGenSoftware.OASIS.API.Providers.EthereumOASIS.UnitTests\NextGenSoftware.OASIS.API.Providers.EthereumOASIS.UnitTests.csproj]
C:\Source\OASIS-master\Providers\Blockchain\TestProjects\NextGenSoftware.OASIS.API.Providers.EthereumOASIS.UnitTests\EthereumOASISTests.cs(388,35): error CS1061: 'OASISResult<bool>' does not contain a definition for 'IsSuccess' and no accessible extension method 'IsSuccess' accepting a first argument of type 'OASISResult<bool>' could be found (are you missing a using directive or an assembly reference?) [C:\Source\OASIS-master\Providers\Blockchain\TestProjects\NextGenSoftware.OASIS.API.Providers.EthereumOASIS.UnitTests\NextGenSoftware.OASIS.API.Providers.EthereumOASIS.UnitTests.csproj]
C:\Source\OASIS-master\Providers\Blockchain\TestProjects\NextGenSoftware.OASIS.API.Providers.EthereumOASIS.UnitTests\EthereumOASISTests.cs(399,35): error CS1061: 'OASISResult<IEnumerable<IHolon>>' does not contain a definition for 'IsSuccess' and no accessible extension method 'IsSuccess' accepting a first argument of type 'OASISResult<IEnumerable<IHolon>>' could be found (are you missing a using directive or an assembly reference?) [C:\Source\OASIS-master\Providers\Blockchain\TestProjects\NextGenSoftware.OASIS.API.Providers.EthereumOASIS.UnitTests\NextGenSoftware.OASIS.API.Providers.EthereumOASIS.UnitTests.csproj]
C:\Source\OASIS-master\Providers\Blockchain\TestProjects\NextGenSoftware.OASIS.API.Providers.EthereumOASIS.UnitTests\EthereumOASISTests.cs(410,35): error CS1061: 'OASISResult<IEnumerable<IHolon>>' does not contain a definition for 'IsSuccess' and no accessible extension method 'IsSuccess' accepting a first argument of type 'OASISResult<IEnumerable<IHolon>>' could be found (are you missing a using directive or an assembly reference?) [C:\Source\OASIS-master\Providers\Blockchain\TestProjects\NextGenSoftware.OASIS.API.Providers.EthereumOASIS.UnitTests\NextGenSoftware.OASIS.API.Providers.EthereumOASIS.UnitTests.csproj]
C:\Source\OASIS-master\Providers\Blockchain\TestProjects\NextGenSoftware.OASIS.API.Providers.EthereumOASIS.UnitTests\EthereumOASISTests.cs(421,35): error CS1061: 'OASISResult<IEnumerable<IHolon>>' does not contain a definition for 'IsSuccess' and no accessible extension method 'IsSuccess' accepting a first argument of type 'OASISResult<IEnumerable<IHolon>>' could be found (are you missing a using directive or an assembly reference?) [C:\Source\OASIS-master\Providers\Blockchain\TestProjects\NextGenSoftware.OASIS.API.Providers.EthereumOASIS.UnitTests\NextGenSoftware.OASIS.API.Providers.EthereumOASIS.UnitTests.csproj]
C:\Source\OASIS-master\Providers\Blockchain\TestProjects\NextGenSoftware.OASIS.API.Providers.EthereumOASIS.UnitTests\EthereumOASISTests.cs(432,35): error CS1061: 'OASISResult<IEnumerable<IHolon>>' does not contain a definition for 'IsSuccess' and no accessible extension method 'IsSuccess' accepting a first argument of type 'OASISResult<IEnumerable<IHolon>>' could be found (are you missing a using directive or an assembly reference?) [C:\Source\OASIS-master\Providers\Blockchain\TestProjects\NextGenSoftware.OASIS.API.Providers.EthereumOASIS.UnitTests\NextGenSoftware.OASIS.API.Providers.EthereumOASIS.UnitTests.csproj]
C:\Source\OASIS-master\Providers\Blockchain\TestProjects\NextGenSoftware.OASIS.API.Providers.EthereumOASIS.UnitTests\EthereumOASISTests.cs(440,20): error CS0411: The type arguments for method 'Assert.AreEqual<T>(T?, T?)' cannot be inferred from the usage. Try specifying the type arguments explicitly. [C:\Source\OASIS-master\Providers\Blockchain\TestProjects\NextGenSoftware.OASIS.API.Providers.EthereumOASIS.UnitTests\NextGenSoftware.OASIS.API.Providers.EthereumOASIS.UnitTests.csproj]
C:\Source\OASIS-master\Providers\Blockchain\TestProjects\NextGenSoftware.OASIS.API.Providers.EthereumOASIS.UnitTests\EthereumOASISTests.cs(447,46): error CS0117: 'ProviderCategory' does not contain a definition for 'BlockchainStorage' [C:\Source\OASIS-master\Providers\Blockchain\TestProjects\NextGenSoftware.OASIS.API.Providers.EthereumOASIS.UnitTests\NextGenSoftware.OASIS.API.Providers.EthereumOASIS.UnitTests.csproj]
C:\Source\OASIS-master\Providers\Blockchain\TestProjects\NextGenSoftware.OASIS.API.Providers.BNBChainOASIS.IntegrationTests\BNBChainOASISIntegrationTests.cs(32,35): error CS1061: 'BNBChainOASIS' does not contain a definition for 'IsActivated' and no accessible extension method 'IsActivated' accepting a first argument of type 'BNBChainOASIS' could be found (are you missing a using directive or an assembly reference?) [C:\Source\OASIS-master\Providers\Blockchain\TestProjects\NextGenSoftware.OASIS.API.Providers.BNBChainOASIS.IntegrationTests\NextGenSoftware.OASIS.API.Providers.BNBChainOASIS.IntegrationTests.csproj]
C:\Source\OASIS-master\Providers\Blockchain\TestProjects\NextGenSoftware.OASIS.API.Providers.BNBChainOASIS.IntegrationTests\BNBChainOASISIntegrationTests.cs(42,42): error CS1061: 'BNBChainOASIS' does not contain a definition for 'ConnectAsync' and no accessible extension method 'ConnectAsync' accepting a first argument of type 'BNBChainOASIS' could be found (are you missing a using directive or an assembly reference?) [C:\Source\OASIS-master\Providers\Blockchain\TestProjects\NextGenSoftware.OASIS.API.Providers.BNBChainOASIS.IntegrationTests\NextGenSoftware.OASIS.API.Providers.BNBChainOASIS.IntegrationTests.csproj]
C:\Source\OASIS-master\Providers\Blockchain\TestProjects\NextGenSoftware.OASIS.API.Providers.BNBChainOASIS.IntegrationTests\BNBChainOASISIntegrationTests.cs(46,35): error CS1061: 'BNBChainOASIS' does not contain a definition for 'IsProviderConnected' and no accessible extension method 'IsProviderConnected' accepting a first argument of type 'BNBChainOASIS' could be found (are you missing a using directive or an assembly reference?) [C:\Source\OASIS-master\Providers\Blockchain\TestProjects\NextGenSoftware.OASIS.API.Providers.BNBChainOASIS.IntegrationTests\NextGenSoftware.OASIS.API.Providers.BNBChainOASIS.IntegrationTests.csproj]
C:\Source\OASIS-master\Providers\Blockchain\TestProjects\NextGenSoftware.OASIS.API.Providers.BNBChainOASIS.IntegrationTests\BNBChainOASISIntegrationTests.cs(54,30): error CS0246: The type or namespace name 'Avatar' could not be found (are you missing a using directive or an assembly reference?) [C:\Source\OASIS-master\Providers\Blockchain\TestProjects\NextGenSoftware.OASIS.API.Providers.BNBChainOASIS.IntegrationTests\NextGenSoftware.OASIS.API.Providers.BNBChainOASIS.IntegrationTests.csproj]
C:\Source\OASIS-master\Providers\Blockchain\TestProjects\NextGenSoftware.OASIS.API.Providers.BNBChainOASIS.IntegrationTests\BNBChainOASISIntegrationTests.cs(76,30): error CS0246: The type or namespace name 'Avatar' could not be found (are you missing a using directive or an assembly reference?) [C:\Source\OASIS-master\Providers\Blockchain\TestProjects\NextGenSoftware.OASIS.API.Providers.BNBChainOASIS.IntegrationTests\NextGenSoftware.OASIS.API.Providers.BNBChainOASIS.IntegrationTests.csproj]
C:\Source\OASIS-master\Providers\Blockchain\TestProjects\NextGenSoftware.OASIS.API.Providers.BNBChainOASIS.IntegrationTests\BNBChainOASISIntegrationTests.cs(100,29): error CS0246: The type or namespace name 'Holon' could not be found (are you missing a using directive or an assembly reference?) [C:\Source\OASIS-master\Providers\Blockchain\TestProjects\NextGenSoftware.OASIS.API.Providers.BNBChainOASIS.IntegrationTests\NextGenSoftware.OASIS.API.Providers.BNBChainOASIS.IntegrationTests.csproj]
C:\Source\OASIS-master\Providers\Blockchain\TestProjects\NextGenSoftware.OASIS.API.Providers.BNBChainOASIS.IntegrationTests\BNBChainOASISIntegrationTests.cs(104,39): error CS0117: 'HolonType' does not contain a definition for 'Generic' [C:\Source\OASIS-master\Providers\Blockchain\TestProjects\NextGenSoftware.OASIS.API.Providers.BNBChainOASIS.IntegrationTests\NextGenSoftware.OASIS.API.Providers.BNBChainOASIS.IntegrationTests.csproj]
C:\Source\OASIS-master\Providers\Blockchain\TestProjects\NextGenSoftware.OASIS.API.Providers.BNBChainOASIS.IntegrationTests\BNBChainOASISIntegrationTests.cs(121,29): error CS0246: The type or namespace name 'Holon' could not be found (are you missing a using directive or an assembly reference?) [C:\Source\OASIS-master\Providers\Blockchain\TestProjects\NextGenSoftware.OASIS.API.Providers.BNBChainOASIS.IntegrationTests\NextGenSoftware.OASIS.API.Providers.BNBChainOASIS.IntegrationTests.csproj]
C:\Source\OASIS-master\Providers\Blockchain\TestProjects\NextGenSoftware.OASIS.API.Providers.BNBChainOASIS.IntegrationTests\BNBChainOASISIntegrationTests.cs(125,39): error CS0117: 'HolonType' does not contain a definition for 'Generic' [C:\Source\OASIS-master\Providers\Blockchain\TestProjects\NextGenSoftware.OASIS.API.Providers.BNBChainOASIS.IntegrationTests\NextGenSoftware.OASIS.API.Providers.BNBChainOASIS.IntegrationTests.csproj]
C:\Source\OASIS-master\Providers\Blockchain\TestProjects\NextGenSoftware.OASIS.API.Providers.BNBChainOASIS.IntegrationTests\BNBChainOASISIntegrationTests.cs(144,30): error CS0246: The type or namespace name 'Avatar' could not be found (are you missing a using directive or an assembly reference?) [C:\Source\OASIS-master\Providers\Blockchain\TestProjects\NextGenSoftware.OASIS.API.Providers.BNBChainOASIS.IntegrationTests\NextGenSoftware.OASIS.API.Providers.BNBChainOASIS.IntegrationTests.csproj]
C:\Source\OASIS-master\Providers\Blockchain\TestProjects\NextGenSoftware.OASIS.API.Providers.BNBChainOASIS.IntegrationTests\BNBChainOASISIntegrationTests.cs(155,42): error CS1061: 'BNBChainOASIS' does not contain a definition for 'SearchAvatarsAsync' and no accessible extension method 'SearchAvatarsAsync' accepting a first argument of type 'BNBChainOASIS' could be found (are you missing a using directive or an assembly reference?) [C:\Source\OASIS-master\Providers\Blockchain\TestProjects\NextGenSoftware.OASIS.API.Providers.BNBChainOASIS.IntegrationTests\NextGenSoftware.OASIS.API.Providers.BNBChainOASIS.IntegrationTests.csproj]
C:\Source\OASIS-master\Providers\Blockchain\TestProjects\NextGenSoftware.OASIS.API.Providers.BNBChainOASIS.IntegrationTests\BNBChainOASISIntegrationTests.cs(167,29): error CS0246: The type or namespace name 'Holon' could not be found (are you missing a using directive or an assembly reference?) [C:\Source\OASIS-master\Providers\Blockchain\TestProjects\NextGenSoftware.OASIS.API.Providers.BNBChainOASIS.IntegrationTests\NextGenSoftware.OASIS.API.Providers.BNBChainOASIS.IntegrationTests.csproj]
C:\Source\OASIS-master\Providers\Blockchain\TestProjects\NextGenSoftware.OASIS.API.Providers.BNBChainOASIS.IntegrationTests\BNBChainOASISIntegrationTests.cs(171,39): error CS0117: 'HolonType' does not contain a definition for 'Generic' [C:\Source\OASIS-master\Providers\Blockchain\TestProjects\NextGenSoftware.OASIS.API.Providers.BNBChainOASIS.IntegrationTests\NextGenSoftware.OASIS.API.Providers.BNBChainOASIS.IntegrationTests.csproj]
C:\Source\OASIS-master\Providers\Blockchain\TestProjects\NextGenSoftware.OASIS.API.Providers.BNBChainOASIS.IntegrationTests\BNBChainOASISIntegrationTests.cs(177,42): error CS1061: 'BNBChainOASIS' does not contain a definition for 'SearchHolonsAsync' and no accessible extension method 'SearchHolonsAsync' accepting a first argument of type 'BNBChainOASIS' could be found (are you missing a using directive or an assembly reference?) [C:\Source\OASIS-master\Providers\Blockchain\TestProjects\NextGenSoftware.OASIS.API.Providers.BNBChainOASIS.IntegrationTests\NextGenSoftware.OASIS.API.Providers.BNBChainOASIS.IntegrationTests.csproj]
C:\Source\OASIS-master\Providers\Blockchain\TestProjects\NextGenSoftware.OASIS.API.Providers.BNBChainOASIS.TestHarness\Program.cs(31,65): error CS1061: 'BNBChainOASIS' does not contain a definition for 'ProviderVersion' and no accessible extension method 'ProviderVersion' accepting a first argument of type 'BNBChainOASIS' could be found (are you missing a using directive or an assembly reference?) [C:\Source\OASIS-master\Providers\Blockchain\TestProjects\NextGenSoftware.OASIS.API.Providers.BNBChainOASIS.TestHarness\NextGenSoftware.OASIS.API.Providers.BNBChainOASIS.TestHarness.csproj]
C:\Source\OASIS-master\Providers\Blockchain\TestProjects\NextGenSoftware.OASIS.API.Providers.BNBChainOASIS.TestHarness\Program.cs(79,34): error CS0246: The type or namespace name 'Avatar' could not be found (are you missing a using directive or an assembly reference?) [C:\Source\OASIS-master\Providers\Blockchain\TestProjects\NextGenSoftware.OASIS.API.Providers.BNBChainOASIS.TestHarness\NextGenSoftware.OASIS.API.Providers.BNBChainOASIS.TestHarness.csproj]
C:\Source\OASIS-master\Providers\Blockchain\TestProjects\NextGenSoftware.OASIS.API.Providers.BNBChainOASIS.TestHarness\Program.cs(107,51): error CS1061: 'BNBChainOASIS' does not contain a definition for 'SearchAvatarsAsync' and no accessible extension method 'SearchAvatarsAsync' accepting a first argument of type 'BNBChainOASIS' could be found (are you missing a using directive or an assembly reference?) [C:\Source\OASIS-master\Providers\Blockchain\TestProjects\NextGenSoftware.OASIS.API.Providers.BNBChainOASIS.TestHarness\NextGenSoftware.OASIS.API.Providers.BNBChainOASIS.TestHarness.csproj]
C:\Source\OASIS-master\Providers\Blockchain\TestProjects\NextGenSoftware.OASIS.API.Providers.BNBChainOASIS.TestHarness\Program.cs(127,33): error CS0246: The type or namespace name 'Holon' could not be found (are you missing a using directive or an assembly reference?) [C:\Source\OASIS-master\Providers\Blockchain\TestProjects\NextGenSoftware.OASIS.API.Providers.BNBChainOASIS.TestHarness\NextGenSoftware.OASIS.API.Providers.BNBChainOASIS.TestHarness.csproj]
C:\Source\OASIS-master\Providers\Blockchain\TestProjects\NextGenSoftware.OASIS.API.Providers.BNBChainOASIS.TestHarness\Program.cs(131,43): error CS0117: 'HolonType' does not contain a definition for 'Generic' [C:\Source\OASIS-master\Providers\Blockchain\TestProjects\NextGenSoftware.OASIS.API.Providers.BNBChainOASIS.TestHarness\NextGenSoftware.OASIS.API.Providers.BNBChainOASIS.TestHarness.csproj]
C:\Source\OASIS-master\Providers\Blockchain\TestProjects\NextGenSoftware.OASIS.API.Providers.BNBChainOASIS.TestHarness\Program.cs(154,51): error CS1061: 'BNBChainOASIS' does not contain a definition for 'SearchHolonsAsync' and no accessible extension method 'SearchHolonsAsync' accepting a first argument of type 'BNBChainOASIS' could be found (are you missing a using directive or an assembly reference?) [C:\Source\OASIS-master\Providers\Blockchain\TestProjects\NextGenSoftware.OASIS.API.Providers.BNBChainOASIS.TestHarness\NextGenSoftware.OASIS.API.Providers.BNBChainOASIS.TestHarness.csproj]
C:\Source\OASIS-master\Providers\Blockchain\TestProjects\NextGenSoftware.OASIS.API.Providers.BNBChainOASIS.TestHarness\Program.cs(174,55): error CS1061: 'BNBChainOASIS' does not contain a definition for 'ConnectAsync' and no accessible extension method 'ConnectAsync' accepting a first argument of type 'BNBChainOASIS' could be found (are you missing a using directive or an assembly reference?) [C:\Source\OASIS-master\Providers\Blockchain\TestProjects\NextGenSoftware.OASIS.API.Providers.BNBChainOASIS.TestHarness\NextGenSoftware.OASIS.API.Providers.BNBChainOASIS.TestHarness.csproj]
C:\Source\OASIS-master\Providers\Blockchain\TestProjects\NextGenSoftware.OASIS.API.Providers.AvalancheOASIS.TestHarness\Program.cs(28,45): error CS1729: 'AvalancheOASIS' does not contain a constructor that takes 4 arguments [C:\Source\OASIS-master\Providers\Blockchain\TestProjects\NextGenSoftware.OASIS.API.Providers.AvalancheOASIS.TestHarness\NextGenSoftware.OASIS.API.Providers.AvalancheOASIS.TestHarness.csproj]
C:\Source\OASIS-master\Providers\Blockchain\TestProjects\NextGenSoftware.OASIS.API.Providers.AvalancheOASIS.TestHarness\Program.cs(95,45): error CS1729: 'AvalancheOASIS' does not contain a constructor that takes 4 arguments [C:\Source\OASIS-master\Providers\Blockchain\TestProjects\NextGenSoftware.OASIS.API.Providers.AvalancheOASIS.TestHarness\NextGenSoftware.OASIS.API.Providers.AvalancheOASIS.TestHarness.csproj]
C:\Source\OASIS-master\Providers\Blockchain\TestProjects\NextGenSoftware.OASIS.API.Providers.AvalancheOASIS.TestHarness\Program.cs(144,45): error CS1729: 'AvalancheOASIS' does not contain a constructor that takes 4 arguments [C:\Source\OASIS-master\Providers\Blockchain\TestProjects\NextGenSoftware.OASIS.API.Providers.AvalancheOASIS.TestHarness\NextGenSoftware.OASIS.API.Providers.AvalancheOASIS.TestHarness.csproj]
C:\Source\OASIS-master\Providers\Blockchain\TestProjects\NextGenSoftware.OASIS.API.Providers.AvalancheOASIS.TestHarness\Program.cs(208,45): error CS1729: 'AvalancheOASIS' does not contain a constructor that takes 4 arguments [C:\Source\OASIS-master\Providers\Blockchain\TestProjects\NextGenSoftware.OASIS.API.Providers.AvalancheOASIS.TestHarness\NextGenSoftware.OASIS.API.Providers.AvalancheOASIS.TestHarness.csproj]
C:\Source\OASIS-master\Providers\Blockchain\TestProjects\NextGenSoftware.OASIS.API.Providers.AvalancheOASIS.TestHarness\Program.cs(211,25): error CS0246: The type or namespace name 'INFTTransactionRespone' could not be found (are you missing a using directive or an assembly reference?) [C:\Source\OASIS-master\Providers\Blockchain\TestProjects\NextGenSoftware.OASIS.API.Providers.AvalancheOASIS.TestHarness\NextGenSoftware.OASIS.API.Providers.AvalancheOASIS.TestHarness.csproj]
C:\Source\OASIS-master\Providers\Blockchain\TestProjects\NextGenSoftware.OASIS.API.Providers.AvalancheOASIS.TestHarness\Program.cs(211,96): error CS0246: The type or namespace name 'NFTWalletTransactionRequest' could not be found (are you missing a using directive or an assembly reference?) [C:\Source\OASIS-master\Providers\Blockchain\TestProjects\NextGenSoftware.OASIS.API.Providers.AvalancheOASIS.TestHarness\NextGenSoftware.OASIS.API.Providers.AvalancheOASIS.TestHarness.csproj]
C:\Source\OASIS-master\Providers\Blockchain\TestProjects\NextGenSoftware.OASIS.API.Providers.AvalancheOASIS.TestHarness\Program.cs(228,45): error CS1729: 'AvalancheOASIS' does not contain a constructor that takes 4 arguments [C:\Source\OASIS-master\Providers\Blockchain\TestProjects\NextGenSoftware.OASIS.API.Providers.AvalancheOASIS.TestHarness\NextGenSoftware.OASIS.API.Providers.AvalancheOASIS.TestHarness.csproj]
C:\Source\OASIS-master\Providers\Blockchain\TestProjects\NextGenSoftware.OASIS.API.Providers.AvalancheOASIS.TestHarness\Program.cs(231,25): error CS0246: The type or namespace name 'INFTTransactionRespone' could not be found (are you missing a using directive or an assembly reference?) [C:\Source\OASIS-master\Providers\Blockchain\TestProjects\NextGenSoftware.OASIS.API.Providers.AvalancheOASIS.TestHarness\NextGenSoftware.OASIS.API.Providers.AvalancheOASIS.TestHarness.csproj]
C:\Source\OASIS-master\Providers\Blockchain\TestProjects\NextGenSoftware.OASIS.API.Providers.AvalancheOASIS.TestHarness\Program.cs(232,21): error CS0246: The type or namespace name 'MintNFTTransactionRequest' could not be found (are you missing a using directive or an assembly reference?) [C:\Source\OASIS-master\Providers\Blockchain\TestProjects\NextGenSoftware.OASIS.API.Providers.AvalancheOASIS.TestHarness\NextGenSoftware.OASIS.API.Providers.AvalancheOASIS.TestHarness.csproj]
C:\Source\OASIS-master\Providers\Blockchain\TestProjects\NextGenSoftware.OASIS.API.Providers.ElrondOASIS.TestHarness\Program.cs(18,42): error CS0118: 'ElrondOASIS' is a namespace but is used like a type [C:\Source\OASIS-master\Providers\Blockchain\TestProjects\NextGenSoftware.OASIS.API.Providers.ElrondOASIS.TestHarness\NextGenSoftware.OASIS.API.Providers.ElrondOASIS.TestHarness.csproj]
C:\Source\OASIS-master\Providers\Blockchain\TestProjects\NextGenSoftware.OASIS.API.Providers.AvalancheOASIS.IntegrationTests\AvalancheOASISIntegrationTests.cs(16,13): error CS0283: The type 'BigInteger' cannot be declared const [C:\Source\OASIS-master\Providers\Blockchain\TestProjects\NextGenSoftware.OASIS.API.Providers.AvalancheOASIS.IntegrationTests\NextGenSoftware.OASIS.API.Providers.AvalancheOASIS.IntegrationTests.csproj]
C:\Source\OASIS-master\Providers\Blockchain\TestProjects\NextGenSoftware.OASIS.API.Providers.AvalancheOASIS.IntegrationTests\AvalancheOASISIntegrationTests.cs(16,44): error CS0133: The expression being assigned to 'AvalancheOASISIntegrationTests.TestChainId' must be constant [C:\Source\OASIS-master\Providers\Blockchain\TestProjects\NextGenSoftware.OASIS.API.Providers.AvalancheOASIS.IntegrationTests\NextGenSoftware.OASIS.API.Providers.AvalancheOASIS.IntegrationTests.csproj]
C:\Source\OASIS-master\Providers\Blockchain\TestProjects\NextGenSoftware.OASIS.API.Providers.ElrondOASIS.UnitTests\ElrondOASISTests.cs(15,38): error CS0118: 'ElrondOASIS' is a namespace but is used like a type [C:\Source\OASIS-master\Providers\Blockchain\TestProjects\NextGenSoftware.OASIS.API.Providers.ElrondOASIS.UnitTests\NextGenSoftware.OASIS.API.Providers.ElrondOASIS.UnitTests.csproj]
C:\Source\OASIS-master\Providers\Blockchain\TestProjects\NextGenSoftware.OASIS.API.Providers.ElrondOASIS.UnitTests\ElrondOASISTests.cs(28,38): error CS0118: 'ElrondOASIS' is a namespace but is used like a type [C:\Source\OASIS-master\Providers\Blockchain\TestProjects\NextGenSoftware.OASIS.API.Providers.ElrondOASIS.UnitTests\NextGenSoftware.OASIS.API.Providers.ElrondOASIS.UnitTests.csproj]
C:\Source\OASIS-master\Providers\Blockchain\TestProjects\NextGenSoftware.OASIS.API.Providers.ElrondOASIS.UnitTests\ElrondOASISTests.cs(38,38): error CS0118: 'ElrondOASIS' is a namespace but is used like a type [C:\Source\OASIS-master\Providers\Blockchain\TestProjects\NextGenSoftware.OASIS.API.Providers.ElrondOASIS.UnitTests\NextGenSoftware.OASIS.API.Providers.ElrondOASIS.UnitTests.csproj]
C:\Source\OASIS-master\Providers\Blockchain\TestProjects\NextGenSoftware.OASIS.API.Providers.ElrondOASIS.UnitTests\ElrondOASISTests.cs(48,38): error CS0118: 'ElrondOASIS' is a namespace but is used like a type [C:\Source\OASIS-master\Providers\Blockchain\TestProjects\NextGenSoftware.OASIS.API.Providers.ElrondOASIS.UnitTests\NextGenSoftware.OASIS.API.Providers.ElrondOASIS.UnitTests.csproj]
C:\Source\OASIS-master\Providers\Blockchain\TestProjects\NextGenSoftware.OASIS.API.Providers.ElrondOASIS.UnitTests\ElrondOASISTests.cs(58,38): error CS0118: 'ElrondOASIS' is a namespace but is used like a type [C:\Source\OASIS-master\Providers\Blockchain\TestProjects\NextGenSoftware.OASIS.API.Providers.ElrondOASIS.UnitTests\NextGenSoftware.OASIS.API.Providers.ElrondOASIS.UnitTests.csproj]
C:\Source\OASIS-master\Providers\Blockchain\TestProjects\NextGenSoftware.OASIS.API.Providers.ElrondOASIS.UnitTests\ElrondOASISTests.cs(68,38): error CS0118: 'ElrondOASIS' is a namespace but is used like a type [C:\Source\OASIS-master\Providers\Blockchain\TestProjects\NextGenSoftware.OASIS.API.Providers.ElrondOASIS.UnitTests\NextGenSoftware.OASIS.API.Providers.ElrondOASIS.UnitTests.csproj]
C:\Source\OASIS-master\Providers\Blockchain\TestProjects\NextGenSoftware.OASIS.API.Providers.ElrondOASIS.UnitTests\ElrondOASISTests.cs(83,38): error CS0118: 'ElrondOASIS' is a namespace but is used like a type [C:\Source\OASIS-master\Providers\Blockchain\TestProjects\NextGenSoftware.OASIS.API.Providers.ElrondOASIS.UnitTests\NextGenSoftware.OASIS.API.Providers.ElrondOASIS.UnitTests.csproj]
C:\Source\OASIS-master\Providers\Blockchain\TestProjects\NextGenSoftware.OASIS.API.Providers.ElrondOASIS.UnitTests\ElrondOASISTests.cs(98,38): error CS0118: 'ElrondOASIS' is a namespace but is used like a type [C:\Source\OASIS-master\Providers\Blockchain\TestProjects\NextGenSoftware.OASIS.API.Providers.ElrondOASIS.UnitTests\NextGenSoftware.OASIS.API.Providers.ElrondOASIS.UnitTests.csproj]
C:\Source\OASIS-master\Providers\Blockchain\TestProjects\NextGenSoftware.OASIS.API.Providers.AvalancheOASIS.UnitTests\AvalancheOASISTests.cs(16,13): error CS0283: The type 'BigInteger' cannot be declared const [C:\Source\OASIS-master\Providers\Blockchain\TestProjects\NextGenSoftware.OASIS.API.Providers.AvalancheOASIS.UnitTests\NextGenSoftware.OASIS.API.Providers.AvalancheOASIS.UnitTests.csproj]
C:\Source\OASIS-master\Providers\Blockchain\TestProjects\NextGenSoftware.OASIS.API.Providers.AvalancheOASIS.UnitTests\AvalancheOASISTests.cs(16,44): error CS0133: The expression being assigned to 'AvalancheOASISTests.TestChainId' must be constant [C:\Source\OASIS-master\Providers\Blockchain\TestProjects\NextGenSoftware.OASIS.API.Providers.AvalancheOASIS.UnitTests\NextGenSoftware.OASIS.API.Providers.AvalancheOASIS.UnitTests.csproj]
C:\Source\OASIS-master\Providers\Blockchain\TestProjects\NextGenSoftware.OASIS.API.Providers.FantomOASIS.IntegrationTests\FantomOASISIntegrationTests.cs(32,35): error CS1061: 'FantomOASIS' does not contain a definition for 'IsActivated' and no accessible extension method 'IsActivated' accepting a first argument of type 'FantomOASIS' could be found (are you missing a using directive or an assembly reference?) [C:\Source\OASIS-master\Providers\Blockchain\TestProjects\NextGenSoftware.OASIS.API.Providers.FantomOASIS.IntegrationTests\NextGenSoftware.OASIS.API.Providers.FantomOASIS.IntegrationTests.csproj]
C:\Source\OASIS-master\Providers\Blockchain\TestProjects\NextGenSoftware.OASIS.API.Providers.FantomOASIS.IntegrationTests\FantomOASISIntegrationTests.cs(42,42): error CS1061: 'FantomOASIS' does not contain a definition for 'ConnectAsync' and no accessible extension method 'ConnectAsync' accepting a first argument of type 'FantomOASIS' could be found (are you missing a using directive or an assembly reference?) [C:\Source\OASIS-master\Providers\Blockchain\TestProjects\NextGenSoftware.OASIS.API.Providers.FantomOASIS.IntegrationTests\NextGenSoftware.OASIS.API.Providers.FantomOASIS.IntegrationTests.csproj]
C:\Source\OASIS-master\Providers\Blockchain\TestProjects\NextGenSoftware.OASIS.API.Providers.FantomOASIS.IntegrationTests\FantomOASISIntegrationTests.cs(46,35): error CS1061: 'FantomOASIS' does not contain a definition for 'IsProviderConnected' and no accessible extension method 'IsProviderConnected' accepting a first argument of type 'FantomOASIS' could be found (are you missing a using directive or an assembly reference?) [C:\Source\OASIS-master\Providers\Blockchain\TestProjects\NextGenSoftware.OASIS.API.Providers.FantomOASIS.IntegrationTests\NextGenSoftware.OASIS.API.Providers.FantomOASIS.IntegrationTests.csproj]
C:\Source\OASIS-master\Providers\Blockchain\TestProjects\NextGenSoftware.OASIS.API.Providers.FantomOASIS.IntegrationTests\FantomOASISIntegrationTests.cs(54,30): error CS0246: The type or namespace name 'Avatar' could not be found (are you missing a using directive or an assembly reference?) [C:\Source\OASIS-master\Providers\Blockchain\TestProjects\NextGenSoftware.OASIS.API.Providers.FantomOASIS.IntegrationTests\NextGenSoftware.OASIS.API.Providers.FantomOASIS.IntegrationTests.csproj]
C:\Source\OASIS-master\Providers\Blockchain\TestProjects\NextGenSoftware.OASIS.API.Providers.FantomOASIS.IntegrationTests\FantomOASISIntegrationTests.cs(76,30): error CS0246: The type or namespace name 'Avatar' could not be found (are you missing a using directive or an assembly reference?) [C:\Source\OASIS-master\Providers\Blockchain\TestProjects\NextGenSoftware.OASIS.API.Providers.FantomOASIS.IntegrationTests\NextGenSoftware.OASIS.API.Providers.FantomOASIS.IntegrationTests.csproj]
C:\Source\OASIS-master\Providers\Blockchain\TestProjects\NextGenSoftware.OASIS.API.Providers.FantomOASIS.IntegrationTests\FantomOASISIntegrationTests.cs(100,29): error CS0246: The type or namespace name 'Holon' could not be found (are you missing a using directive or an assembly reference?) [C:\Source\OASIS-master\Providers\Blockchain\TestProjects\NextGenSoftware.OASIS.API.Providers.FantomOASIS.IntegrationTests\NextGenSoftware.OASIS.API.Providers.FantomOASIS.IntegrationTests.csproj]
C:\Source\OASIS-master\Providers\Blockchain\TestProjects\NextGenSoftware.OASIS.API.Providers.FantomOASIS.IntegrationTests\FantomOASISIntegrationTests.cs(104,39): error CS0117: 'HolonType' does not contain a definition for 'Generic' [C:\Source\OASIS-master\Providers\Blockchain\TestProjects\NextGenSoftware.OASIS.API.Providers.FantomOASIS.IntegrationTests\NextGenSoftware.OASIS.API.Providers.FantomOASIS.IntegrationTests.csproj]
C:\Source\OASIS-master\Providers\Blockchain\TestProjects\NextGenSoftware.OASIS.API.Providers.FantomOASIS.IntegrationTests\FantomOASISIntegrationTests.cs(121,29): error CS0246: The type or namespace name 'Holon' could not be found (are you missing a using directive or an assembly reference?) [C:\Source\OASIS-master\Providers\Blockchain\TestProjects\NextGenSoftware.OASIS.API.Providers.FantomOASIS.IntegrationTests\NextGenSoftware.OASIS.API.Providers.FantomOASIS.IntegrationTests.csproj]
C:\Source\OASIS-master\Providers\Blockchain\TestProjects\NextGenSoftware.OASIS.API.Providers.FantomOASIS.IntegrationTests\FantomOASISIntegrationTests.cs(125,39): error CS0117: 'HolonType' does not contain a definition for 'Generic' [C:\Source\OASIS-master\Providers\Blockchain\TestProjects\NextGenSoftware.OASIS.API.Providers.FantomOASIS.IntegrationTests\NextGenSoftware.OASIS.API.Providers.FantomOASIS.IntegrationTests.csproj]
C:\Source\OASIS-master\Providers\Blockchain\TestProjects\NextGenSoftware.OASIS.API.Providers.FantomOASIS.IntegrationTests\FantomOASISIntegrationTests.cs(144,30): error CS0246: The type or namespace name 'Avatar' could not be found (are you missing a using directive or an assembly reference?) [C:\Source\OASIS-master\Providers\Blockchain\TestProjects\NextGenSoftware.OASIS.API.Providers.FantomOASIS.IntegrationTests\NextGenSoftware.OASIS.API.Providers.FantomOASIS.IntegrationTests.csproj]
C:\Source\OASIS-master\Providers\Blockchain\TestProjects\NextGenSoftware.OASIS.API.Providers.FantomOASIS.IntegrationTests\FantomOASISIntegrationTests.cs(155,42): error CS1061: 'FantomOASIS' does not contain a definition for 'SearchAvatarsAsync' and no accessible extension method 'SearchAvatarsAsync' accepting a first argument of type 'FantomOASIS' could be found (are you missing a using directive or an assembly reference?) [C:\Source\OASIS-master\Providers\Blockchain\TestProjects\NextGenSoftware.OASIS.API.Providers.FantomOASIS.IntegrationTests\NextGenSoftware.OASIS.API.Providers.FantomOASIS.IntegrationTests.csproj]
C:\Source\OASIS-master\Providers\Blockchain\TestProjects\NextGenSoftware.OASIS.API.Providers.FantomOASIS.IntegrationTests\FantomOASISIntegrationTests.cs(167,29): error CS0246: The type or namespace name 'Holon' could not be found (are you missing a using directive or an assembly reference?) [C:\Source\OASIS-master\Providers\Blockchain\TestProjects\NextGenSoftware.OASIS.API.Providers.FantomOASIS.IntegrationTests\NextGenSoftware.OASIS.API.Providers.FantomOASIS.IntegrationTests.csproj]
C:\Source\OASIS-master\Providers\Blockchain\TestProjects\NextGenSoftware.OASIS.API.Providers.FantomOASIS.IntegrationTests\FantomOASISIntegrationTests.cs(171,39): error CS0117: 'HolonType' does not contain a definition for 'Generic' [C:\Source\OASIS-master\Providers\Blockchain\TestProjects\NextGenSoftware.OASIS.API.Providers.FantomOASIS.IntegrationTests\NextGenSoftware.OASIS.API.Providers.FantomOASIS.IntegrationTests.csproj]
C:\Source\OASIS-master\Providers\Blockchain\TestProjects\NextGenSoftware.OASIS.API.Providers.FantomOASIS.IntegrationTests\FantomOASISIntegrationTests.cs(177,42): error CS1061: 'FantomOASIS' does not contain a definition for 'SearchHolonsAsync' and no accessible extension method 'SearchHolonsAsync' accepting a first argument of type 'FantomOASIS' could be found (are you missing a using directive or an assembly reference?) [C:\Source\OASIS-master\Providers\Blockchain\TestProjects\NextGenSoftware.OASIS.API.Providers.FantomOASIS.IntegrationTests\NextGenSoftware.OASIS.API.Providers.FantomOASIS.IntegrationTests.csproj]
C:\Source\OASIS-master\Providers\Blockchain\NextGenSoftware.OASIS.API.Providers.MoralisOASIS\MoralisOASIS.cs(1219,51): error CS1061: 'HolonType' does not contain a definition for 'Value' and no accessible extension method 'Value' accepting a first argument of type 'HolonType' could be found (are you missing a using directive or an assembly reference?) [C:\Source\OASIS-master\Providers\Blockchain\NextGenSoftware.OASIS.API.Providers.MoralisOASIS\NextGenSoftware.OASIS.API.Providers.MoralisDBOASIS.csproj]
C:\Source\OASIS-master\Providers\Blockchain\NextGenSoftware.OASIS.API.Providers.MoralisOASIS\MoralisOASIS.cs(1364,51): error CS1061: 'HolonType' does not contain a definition for 'Value' and no accessible extension method 'Value' accepting a first argument of type 'HolonType' could be found (are you missing a using directive or an assembly reference?) [C:\Source\OASIS-master\Providers\Blockchain\NextGenSoftware.OASIS.API.Providers.MoralisOASIS\NextGenSoftware.OASIS.API.Providers.MoralisDBOASIS.csproj]
C:\Source\OASIS-master\Providers\Blockchain\NextGenSoftware.OASIS.API.Providers.MoralisOASIS\MoralisOASIS.cs(1449,51): error CS1061: 'HolonType' does not contain a definition for 'Value' and no accessible extension method 'Value' accepting a first argument of type 'HolonType' could be found (are you missing a using directive or an assembly reference?) [C:\Source\OASIS-master\Providers\Blockchain\NextGenSoftware.OASIS.API.Providers.MoralisOASIS\NextGenSoftware.OASIS.API.Providers.MoralisDBOASIS.csproj]
C:\Source\OASIS-master\Providers\Blockchain\NextGenSoftware.OASIS.API.Providers.MoralisOASIS\MoralisOASIS.cs(1546,51): error CS1061: 'HolonType' does not contain a definition for 'Value' and no accessible extension method 'Value' accepting a first argument of type 'HolonType' could be found (are you missing a using directive or an assembly reference?) [C:\Source\OASIS-master\Providers\Blockchain\NextGenSoftware.OASIS.API.Providers.MoralisOASIS\NextGenSoftware.OASIS.API.Providers.MoralisDBOASIS.csproj]
C:\Source\OASIS-master\Providers\Blockchain\NextGenSoftware.OASIS.API.Providers.MoralisOASIS\MoralisOASIS.cs(1992,64): error CS1061: 'ISearchParams' does not contain a definition for 'SearchQuery' and no accessible extension method 'SearchQuery' accepting a first argument of type 'ISearchParams' could be found (are you missing a using directive or an assembly reference?) [C:\Source\OASIS-master\Providers\Blockchain\NextGenSoftware.OASIS.API.Providers.MoralisOASIS\NextGenSoftware.OASIS.API.Providers.MoralisDBOASIS.csproj]
C:\Source\OASIS-master\Providers\Blockchain\NextGenSoftware.OASIS.API.Providers.MoralisOASIS\MoralisOASIS.cs(1993,63): error CS1061: 'ISearchParams' does not contain a definition for 'SearchQuery' and no accessible extension method 'SearchQuery' accepting a first argument of type 'ISearchParams' could be found (are you missing a using directive or an assembly reference?) [C:\Source\OASIS-master\Providers\Blockchain\NextGenSoftware.OASIS.API.Providers.MoralisOASIS\NextGenSoftware.OASIS.API.Providers.MoralisDBOASIS.csproj]
C:\Source\OASIS-master\Providers\Blockchain\NextGenSoftware.OASIS.API.Providers.MoralisOASIS\MoralisOASIS.cs(1999,76): error CS1061: 'ISearchParams' does not contain a definition for 'SearchQuery' and no accessible extension method 'SearchQuery' accepting a first argument of type 'ISearchParams' could be found (are you missing a using directive or an assembly reference?) [C:\Source\OASIS-master\Providers\Blockchain\NextGenSoftware.OASIS.API.Providers.MoralisOASIS\NextGenSoftware.OASIS.API.Providers.MoralisDBOASIS.csproj]
C:\Source\OASIS-master\Providers\Blockchain\NextGenSoftware.OASIS.API.Providers.MoralisOASIS\MoralisOASIS.cs(2000,70): error CS1061: 'ISearchParams' does not contain a definition for 'SearchQuery' and no accessible extension method 'SearchQuery' accepting a first argument of type 'ISearchParams' could be found (are you missing a using directive or an assembly reference?) [C:\Source\OASIS-master\Providers\Blockchain\NextGenSoftware.OASIS.API.Providers.MoralisOASIS\NextGenSoftware.OASIS.API.Providers.MoralisDBOASIS.csproj]
C:\Source\OASIS-master\Providers\Blockchain\NextGenSoftware.OASIS.API.Providers.MoralisOASIS\MoralisOASIS.cs(2006,80): error CS1061: 'ISearchParams' does not contain a definition for 'SearchQuery' and no accessible extension method 'SearchQuery' accepting a first argument of type 'ISearchParams' could be found (are you missing a using directive or an assembly reference?) [C:\Source\OASIS-master\Providers\Blockchain\NextGenSoftware.OASIS.API.Providers.MoralisOASIS\NextGenSoftware.OASIS.API.Providers.MoralisDBOASIS.csproj]
C:\Source\OASIS-master\Providers\Blockchain\NextGenSoftware.OASIS.API.Providers.MoralisOASIS\MoralisOASIS.cs(2008,107): error CS1061: 'ISearchParams' does not contain a definition for 'SearchQuery' and no accessible extension method 'SearchQuery' accepting a first argument of type 'ISearchParams' could be found (are you missing a using directive or an assembly reference?) [C:\Source\OASIS-master\Providers\Blockchain\NextGenSoftware.OASIS.API.Providers.MoralisOASIS\NextGenSoftware.OASIS.API.Providers.MoralisDBOASIS.csproj]
C:\Source\OASIS-master\Providers\Blockchain\NextGenSoftware.OASIS.API.Providers.MoralisOASIS\MoralisOASIS.cs(2027,64): error CS1061: 'ISearchParams' does not contain a definition for 'SearchQuery' and no accessible extension method 'SearchQuery' accepting a first argument of type 'ISearchParams' could be found (are you missing a using directive or an assembly reference?) [C:\Source\OASIS-master\Providers\Blockchain\NextGenSoftware.OASIS.API.Providers.MoralisOASIS\NextGenSoftware.OASIS.API.Providers.MoralisDBOASIS.csproj]
C:\Source\OASIS-master\Providers\Blockchain\NextGenSoftware.OASIS.API.Providers.MoralisOASIS\MoralisOASIS.cs(2028,68): error CS1061: 'ISearchParams' does not contain a definition for 'SearchQuery' and no accessible extension method 'SearchQuery' accepting a first argument of type 'ISearchParams' could be found (are you missing a using directive or an assembly reference?) [C:\Source\OASIS-master\Providers\Blockchain\NextGenSoftware.OASIS.API.Providers.MoralisOASIS\NextGenSoftware.OASIS.API.Providers.MoralisDBOASIS.csproj]
C:\Source\OASIS-master\Providers\Blockchain\NextGenSoftware.OASIS.API.Providers.MoralisOASIS\MoralisOASIS.cs(2034,76): error CS1061: 'ISearchParams' does not contain a definition for 'SearchQuery' and no accessible extension method 'SearchQuery' accepting a first argument of type 'ISearchParams' could be found (are you missing a using directive or an assembly reference?) [C:\Source\OASIS-master\Providers\Blockchain\NextGenSoftware.OASIS.API.Providers.MoralisOASIS\NextGenSoftware.OASIS.API.Providers.MoralisDBOASIS.csproj]
C:\Source\OASIS-master\Providers\Blockchain\NextGenSoftware.OASIS.API.Providers.MoralisOASIS\MoralisOASIS.cs(2035,65): error CS1061: 'ISearchParams' does not contain a definition for 'SearchQuery' and no accessible extension method 'SearchQuery' accepting a first argument of type 'ISearchParams' could be found (are you missing a using directive or an assembly reference?) [C:\Source\OASIS-master\Providers\Blockchain\NextGenSoftware.OASIS.API.Providers.MoralisOASIS\NextGenSoftware.OASIS.API.Providers.MoralisDBOASIS.csproj]
C:\Source\OASIS-master\Providers\Blockchain\NextGenSoftware.OASIS.API.Providers.MoralisOASIS\MoralisOASIS.cs(2041,76): error CS1061: 'ISearchParams' does not contain a definition for 'SearchQuery' and no accessible extension method 'SearchQuery' accepting a first argument of type 'ISearchParams' could be found (are you missing a using directive or an assembly reference?) [C:\Source\OASIS-master\Providers\Blockchain\NextGenSoftware.OASIS.API.Providers.MoralisOASIS\NextGenSoftware.OASIS.API.Providers.MoralisDBOASIS.csproj]
C:\Source\OASIS-master\Providers\Blockchain\NextGenSoftware.OASIS.API.Providers.MoralisOASIS\MoralisOASIS.cs(2044,64): error CS1061: 'ISearchParams' does not contain a definition for 'SearchQuery' and no accessible extension method 'SearchQuery' accepting a first argument of type 'ISearchParams' could be found (are you missing a using directive or an assembly reference?) [C:\Source\OASIS-master\Providers\Blockchain\NextGenSoftware.OASIS.API.Providers.MoralisOASIS\NextGenSoftware.OASIS.API.Providers.MoralisDBOASIS.csproj]
C:\Source\OASIS-master\Providers\Blockchain\NextGenSoftware.OASIS.API.Providers.MoralisOASIS\MoralisOASIS.cs(2057,31): error CS1061: 'SearchResults' does not contain a definition for 'Holons' and no accessible extension method 'Holons' accepting a first argument of type 'SearchResults' could be found (are you missing a using directive or an assembly reference?) [C:\Source\OASIS-master\Providers\Blockchain\NextGenSoftware.OASIS.API.Providers.MoralisOASIS\NextGenSoftware.OASIS.API.Providers.MoralisDBOASIS.csproj]
C:\Source\OASIS-master\Providers\Blockchain\NextGenSoftware.OASIS.API.Providers.MoralisOASIS\MoralisOASIS.cs(2058,31): error CS1061: 'SearchResults' does not contain a definition for 'Avatars' and no accessible extension method 'Avatars' accepting a first argument of type 'SearchResults' could be found (are you missing a using directive or an assembly reference?) [C:\Source\OASIS-master\Providers\Blockchain\NextGenSoftware.OASIS.API.Providers.MoralisOASIS\NextGenSoftware.OASIS.API.Providers.MoralisDBOASIS.csproj]
C:\Source\OASIS-master\Providers\Blockchain\NextGenSoftware.OASIS.API.Providers.MoralisOASIS\MoralisOASIS.cs(2059,31): error CS1061: 'SearchResults' does not contain a definition for 'SearchQuery' and no accessible extension method 'SearchQuery' accepting a first argument of type 'SearchResults' could be found (are you missing a using directive or an assembly reference?) [C:\Source\OASIS-master\Providers\Blockchain\NextGenSoftware.OASIS.API.Providers.MoralisOASIS\NextGenSoftware.OASIS.API.Providers.MoralisDBOASIS.csproj]
C:\Source\OASIS-master\Providers\Blockchain\NextGenSoftware.OASIS.API.Providers.MoralisOASIS\MoralisOASIS.cs(2059,58): error CS1061: 'ISearchParams' does not contain a definition for 'SearchQuery' and no accessible extension method 'SearchQuery' accepting a first argument of type 'ISearchParams' could be found (are you missing a using directive or an assembly reference?) [C:\Source\OASIS-master\Providers\Blockchain\NextGenSoftware.OASIS.API.Providers.MoralisOASIS\NextGenSoftware.OASIS.API.Providers.MoralisDBOASIS.csproj]
C:\Source\OASIS-master\Providers\Blockchain\NextGenSoftware.OASIS.API.Providers.MoralisOASIS\MoralisOASIS.cs(2213,44): error CS0103: The name 'CalculateDistance' does not exist in the current context [C:\Source\OASIS-master\Providers\Blockchain\NextGenSoftware.OASIS.API.Providers.MoralisOASIS\NextGenSoftware.OASIS.API.Providers.MoralisDBOASIS.csproj]
C:\Source\OASIS-master\Providers\Blockchain\NextGenSoftware.OASIS.API.Providers.MoralisOASIS\MoralisOASIS.cs(2278,44): error CS0103: The name 'CalculateDistance' does not exist in the current context [C:\Source\OASIS-master\Providers\Blockchain\NextGenSoftware.OASIS.API.Providers.MoralisOASIS\NextGenSoftware.OASIS.API.Providers.MoralisDBOASIS.csproj]
C:\Source\OASIS-master\Providers\Blockchain\NextGenSoftware.OASIS.API.Providers.NEAROASIS\NEAROASIS.cs(2336,42): error CS4032: The 'await' operator can only be used within an async method. Consider marking this method with the 'async' modifier and changing its return type to 'Task<OASISResult<IEnumerable<IAvatar>>>'. [C:\Source\OASIS-master\Providers\Blockchain\NextGenSoftware.OASIS.API.Providers.NEAROASIS\NextGenSoftware.OASIS.API.Providers.NEAROASIS.csproj]
C:\Source\OASIS-master\Providers\Blockchain\NextGenSoftware.OASIS.API.Providers.NEAROASIS\NEAROASIS.cs(2419,42): error CS4032: The 'await' operator can only be used within an async method. Consider marking this method with the 'async' modifier and changing its return type to 'Task<OASISResult<IEnumerable<IHolon>>>'. [C:\Source\OASIS-master\Providers\Blockchain\NextGenSoftware.OASIS.API.Providers.NEAROASIS\NextGenSoftware.OASIS.API.Providers.NEAROASIS.csproj]
C:\Source\OASIS-master\Providers\Blockchain\NextGenSoftware.OASIS.API.Providers.NEAROASIS\NEAROASIS.cs(2844,42): error CS4032: The 'await' operator can only be used within an async method. Consider marking this method with the 'async' modifier and changing its return type to 'Task<OASISResult<IEnumerable<IPlayer>>>'. [C:\Source\OASIS-master\Providers\Blockchain\NextGenSoftware.OASIS.API.Providers.NEAROASIS\NextGenSoftware.OASIS.API.Providers.NEAROASIS.csproj]
C:\Source\OASIS-master\Providers\Blockchain\NextGenSoftware.OASIS.API.Providers.NEAROASIS\NEAROASIS.cs(3446,36): error CS1061: 'string' does not contain a definition for 'PrivateKey' and no accessible extension method 'PrivateKey' accepting a first argument of type 'string' could be found (are you missing a using directive or an assembly reference?) [C:\Source\OASIS-master\Providers\Blockchain\NextGenSoftware.OASIS.API.Providers.NEAROASIS\NextGenSoftware.OASIS.API.Providers.NEAROASIS.csproj]
C:\Source\OASIS-master\Providers\Blockchain\NextGenSoftware.OASIS.API.Providers.NEAROASIS\NEAROASIS.cs(3647,58): error CS1061: 'OASISResult<List<string>>' does not contain a definition for 'Any' and no accessible extension method 'Any' accepting a first argument of type 'OASISResult<List<string>>' could be found (are you missing a using directive or an assembly reference?) [C:\Source\OASIS-master\Providers\Blockchain\NextGenSoftware.OASIS.API.Providers.NEAROASIS\NextGenSoftware.OASIS.API.Providers.NEAROASIS.csproj]
C:\Source\OASIS-master\Providers\Blockchain\NextGenSoftware.OASIS.API.Providers.NEAROASIS\NEAROASIS.cs(3647,105): error CS1061: 'OASISResult<List<string>>' does not contain a definition for 'First' and no accessible extension method 'First' accepting a first argument of type 'OASISResult<List<string>>' could be found (are you missing a using directive or an assembly reference?) [C:\Source\OASIS-master\Providers\Blockchain\NextGenSoftware.OASIS.API.Providers.NEAROASIS\NextGenSoftware.OASIS.API.Providers.NEAROASIS.csproj]
C:\Source\OASIS-master\Providers\Blockchain\NextGenSoftware.OASIS.API.Providers.NEAROASIS\NEAROASIS.cs(3649,43): error CS1061: 'OASISResult<List<string>>' does not contain a definition for 'First' and no accessible extension method 'First' accepting a first argument of type 'OASISResult<List<string>>' could be found (are you missing a using directive or an assembly reference?) [C:\Source\OASIS-master\Providers\Blockchain\NextGenSoftware.OASIS.API.Providers.NEAROASIS\NextGenSoftware.OASIS.API.Providers.NEAROASIS.csproj]
C:\Source\OASIS-master\Providers\Blockchain\NextGenSoftware.OASIS.API.Providers.NEAROASIS\NEAROASIS.cs(4996,102): error CS0103: The name 'senderAccountAddress' does not exist in the current context [C:\Source\OASIS-master\Providers\Blockchain\NextGenSoftware.OASIS.API.Providers.NEAROASIS\NextGenSoftware.OASIS.API.Providers.NEAROASIS.csproj]
C:\Source\OASIS-master\Providers\Blockchain\TestProjects\NextGenSoftware.OASIS.API.Providers.BaseOASIS.TestHarness\Program.cs(211,25): error CS0246: The type or namespace name 'INFTTransactionRespone' could not be found (are you missing a using directive or an assembly reference?) [C:\Source\OASIS-master\Providers\Blockchain\TestProjects\NextGenSoftware.OASIS.API.Providers.BaseOASIS.TestHarness\NextGenSoftware.OASIS.API.Providers.BaseOASIS.TestHarness.csproj]
C:\Source\OASIS-master\Providers\Blockchain\TestProjects\NextGenSoftware.OASIS.API.Providers.BaseOASIS.TestHarness\Program.cs(211,91): error CS0246: The type or namespace name 'NFTWalletTransactionRequest' could not be found (are you missing a using directive or an assembly reference?) [C:\Source\OASIS-master\Providers\Blockchain\TestProjects\NextGenSoftware.OASIS.API.Providers.BaseOASIS.TestHarness\NextGenSoftware.OASIS.API.Providers.BaseOASIS.TestHarness.csproj]
C:\Source\OASIS-master\Providers\Blockchain\TestProjects\NextGenSoftware.OASIS.API.Providers.BaseOASIS.TestHarness\Program.cs(231,25): error CS0246: The type or namespace name 'INFTTransactionRespone' could not be found (are you missing a using directive or an assembly reference?) [C:\Source\OASIS-master\Providers\Blockchain\TestProjects\NextGenSoftware.OASIS.API.Providers.BaseOASIS.TestHarness\NextGenSoftware.OASIS.API.Providers.BaseOASIS.TestHarness.csproj]
C:\Source\OASIS-master\Providers\Blockchain\TestProjects\NextGenSoftware.OASIS.API.Providers.BaseOASIS.TestHarness\Program.cs(232,21): error CS0246: The type or namespace name 'MintNFTTransactionRequest' could not be found (are you missing a using directive or an assembly reference?) [C:\Source\OASIS-master\Providers\Blockchain\TestProjects\NextGenSoftware.OASIS.API.Providers.BaseOASIS.TestHarness\NextGenSoftware.OASIS.API.Providers.BaseOASIS.TestHarness.csproj]
C:\Source\OASIS-master\Providers\Blockchain\TestProjects\NextGenSoftware.OASIS.API.Providers.FantomOASIS.TestHarness\Program.cs(31,65): error CS1061: 'FantomOASIS' does not contain a definition for 'ProviderVersion' and no accessible extension method 'ProviderVersion' accepting a first argument of type 'FantomOASIS' could be found (are you missing a using directive or an assembly reference?) [C:\Source\OASIS-master\Providers\Blockchain\TestProjects\NextGenSoftware.OASIS.API.Providers.FantomOASIS.TestHarness\NextGenSoftware.OASIS.API.Providers.FantomOASIS.TestHarness.csproj]
C:\Source\OASIS-master\Providers\Blockchain\TestProjects\NextGenSoftware.OASIS.API.Providers.FantomOASIS.TestHarness\Program.cs(79,34): error CS0246: The type or namespace name 'Avatar' could not be found (are you missing a using directive or an assembly reference?) [C:\Source\OASIS-master\Providers\Blockchain\TestProjects\NextGenSoftware.OASIS.API.Providers.FantomOASIS.TestHarness\NextGenSoftware.OASIS.API.Providers.FantomOASIS.TestHarness.csproj]
C:\Source\OASIS-master\Providers\Blockchain\TestProjects\NextGenSoftware.OASIS.API.Providers.FantomOASIS.TestHarness\Program.cs(107,51): error CS1061: 'FantomOASIS' does not contain a definition for 'SearchAvatarsAsync' and no accessible extension method 'SearchAvatarsAsync' accepting a first argument of type 'FantomOASIS' could be found (are you missing a using directive or an assembly reference?) [C:\Source\OASIS-master\Providers\Blockchain\TestProjects\NextGenSoftware.OASIS.API.Providers.FantomOASIS.TestHarness\NextGenSoftware.OASIS.API.Providers.FantomOASIS.TestHarness.csproj]
C:\Source\OASIS-master\Providers\Blockchain\TestProjects\NextGenSoftware.OASIS.API.Providers.FantomOASIS.TestHarness\Program.cs(127,33): error CS0246: The type or namespace name 'Holon' could not be found (are you missing a using directive or an assembly reference?) [C:\Source\OASIS-master\Providers\Blockchain\TestProjects\NextGenSoftware.OASIS.API.Providers.FantomOASIS.TestHarness\NextGenSoftware.OASIS.API.Providers.FantomOASIS.TestHarness.csproj]
C:\Source\OASIS-master\Providers\Blockchain\TestProjects\NextGenSoftware.OASIS.API.Providers.FantomOASIS.TestHarness\Program.cs(131,43): error CS0117: 'HolonType' does not contain a definition for 'Generic' [C:\Source\OASIS-master\Providers\Blockchain\TestProjects\NextGenSoftware.OASIS.API.Providers.FantomOASIS.TestHarness\NextGenSoftware.OASIS.API.Providers.FantomOASIS.TestHarness.csproj]
C:\Source\OASIS-master\Providers\Blockchain\TestProjects\NextGenSoftware.OASIS.API.Providers.FantomOASIS.TestHarness\Program.cs(154,51): error CS1061: 'FantomOASIS' does not contain a definition for 'SearchHolonsAsync' and no accessible extension method 'SearchHolonsAsync' accepting a first argument of type 'FantomOASIS' could be found (are you missing a using directive or an assembly reference?) [C:\Source\OASIS-master\Providers\Blockchain\TestProjects\NextGenSoftware.OASIS.API.Providers.FantomOASIS.TestHarness\NextGenSoftware.OASIS.API.Providers.FantomOASIS.TestHarness.csproj]
C:\Source\OASIS-master\Providers\Blockchain\TestProjects\NextGenSoftware.OASIS.API.Providers.FantomOASIS.TestHarness\Program.cs(174,55): error CS1061: 'FantomOASIS' does not contain a definition for 'ConnectAsync' and no accessible extension method 'ConnectAsync' accepting a first argument of type 'FantomOASIS' could be found (are you missing a using directive or an assembly reference?) [C:\Source\OASIS-master\Providers\Blockchain\TestProjects\NextGenSoftware.OASIS.API.Providers.FantomOASIS.TestHarness\NextGenSoftware.OASIS.API.Providers.FantomOASIS.TestHarness.csproj]
C:\Source\OASIS-master\Providers\Blockchain\TestProjects\NextGenSoftware.OASIS.API.Providers.TelosOASIS.TestHarness\Program.cs(15,32): error CS7036: There is no argument given that corresponds to the required parameter 'host' of 'TelosOASIS.TelosOASIS(string, string, string, string)' [C:\Source\OASIS-master\Providers\Blockchain\TestProjects\NextGenSoftware.OASIS.API.Providers.TelosOASIS.TestHarness\NextGenSoftware.OASIS.API.Providers.TelosOASIS.TestHarness.csproj]
C:\Source\OASIS-master\Providers\Blockchain\TestProjects\NextGenSoftware.OASIS.API.Providers.TelosOASIS.TestHarness\Program.cs(22,75): error CS1061: 'OASISResult<bool>' does not contain a definition for 'IsSuccess' and no accessible extension method 'IsSuccess' accepting a first argument of type 'OASISResult<bool>' could be found (are you missing a using directive or an assembly reference?) [C:\Source\OASIS-master\Providers\Blockchain\TestProjects\NextGenSoftware.OASIS.API.Providers.TelosOASIS.TestHarness\NextGenSoftware.OASIS.API.Providers.TelosOASIS.TestHarness.csproj]
C:\Source\OASIS-master\Providers\Blockchain\TestProjects\NextGenSoftware.OASIS.API.Providers.TelosOASIS.TestHarness\Program.cs(23,37): error CS1061: 'OASISResult<bool>' does not contain a definition for 'IsSuccess' and no accessible extension method 'IsSuccess' accepting a first argument of type 'OASISResult<bool>' could be found (are you missing a using directive or an assembly reference?) [C:\Source\OASIS-master\Providers\Blockchain\TestProjects\NextGenSoftware.OASIS.API.Providers.TelosOASIS.TestHarness\NextGenSoftware.OASIS.API.Providers.TelosOASIS.TestHarness.csproj]
C:\Source\OASIS-master\Providers\Blockchain\TestProjects\NextGenSoftware.OASIS.API.Providers.TelosOASIS.TestHarness\Program.cs(28,34): error CS0246: The type or namespace name 'Avatar' could not be found (are you missing a using directive or an assembly reference?) [C:\Source\OASIS-master\Providers\Blockchain\TestProjects\NextGenSoftware.OASIS.API.Providers.TelosOASIS.TestHarness\NextGenSoftware.OASIS.API.Providers.TelosOASIS.TestHarness.csproj]
C:\Source\OASIS-master\Providers\Blockchain\TestProjects\NextGenSoftware.OASIS.API.Providers.TelosOASIS.TestHarness\Program.cs(43,74): error CS1061: 'OASISResult<IEnumerable<IAvatar>>' does not contain a definition for 'IsSuccess' and no accessible extension method 'IsSuccess' accepting a first argument of type 'OASISResult<IEnumerable<IAvatar>>' could be found (are you missing a using directive or an assembly reference?) [C:\Source\OASIS-master\Providers\Blockchain\TestProjects\NextGenSoftware.OASIS.API.Providers.TelosOASIS.TestHarness\NextGenSoftware.OASIS.API.Providers.TelosOASIS.TestHarness.csproj]
C:\Source\OASIS-master\Providers\Blockchain\TestProjects\NextGenSoftware.OASIS.API.Providers.TelosOASIS.TestHarness\Program.cs(44,40): error CS1061: 'OASISResult<IEnumerable<IAvatar>>' does not contain a definition for 'IsSuccess' and no accessible extension method 'IsSuccess' accepting a first argument of type 'OASISResult<IEnumerable<IAvatar>>' could be found (are you missing a using directive or an assembly reference?) [C:\Source\OASIS-master\Providers\Blockchain\TestProjects\NextGenSoftware.OASIS.API.Providers.TelosOASIS.TestHarness\NextGenSoftware.OASIS.API.Providers.TelosOASIS.TestHarness.csproj]
C:\Source\OASIS-master\Providers\Blockchain\TestProjects\NextGenSoftware.OASIS.API.Providers.TelosOASIS.TestHarness\Program.cs(50,82): error CS1061: 'OASISResult<IAvatar>' does not contain a definition for 'IsSuccess' and no accessible extension method 'IsSuccess' accepting a first argument of type 'OASISResult<IAvatar>' could be found (are you missing a using directive or an assembly reference?) [C:\Source\OASIS-master\Providers\Blockchain\TestProjects\NextGenSoftware.OASIS.API.Providers.TelosOASIS.TestHarness\NextGenSoftware.OASIS.API.Providers.TelosOASIS.TestHarness.csproj]
C:\Source\OASIS-master\Providers\Blockchain\TestProjects\NextGenSoftware.OASIS.API.Providers.TelosOASIS.TestHarness\Program.cs(51,40): error CS1061: 'OASISResult<IAvatar>' does not contain a definition for 'IsSuccess' and no accessible extension method 'IsSuccess' accepting a first argument of type 'OASISResult<IAvatar>' could be found (are you missing a using directive or an assembly reference?) [C:\Source\OASIS-master\Providers\Blockchain\TestProjects\NextGenSoftware.OASIS.API.Providers.TelosOASIS.TestHarness\NextGenSoftware.OASIS.API.Providers.TelosOASIS.TestHarness.csproj]
C:\Source\OASIS-master\Providers\Blockchain\TestProjects\NextGenSoftware.OASIS.API.Providers.TelosOASIS.TestHarness\Program.cs(57,88): error CS1061: 'OASISResult<IAvatar>' does not contain a definition for 'IsSuccess' and no accessible extension method 'IsSuccess' accepting a first argument of type 'OASISResult<IAvatar>' could be found (are you missing a using directive or an assembly reference?) [C:\Source\OASIS-master\Providers\Blockchain\TestProjects\NextGenSoftware.OASIS.API.Providers.TelosOASIS.TestHarness\NextGenSoftware.OASIS.API.Providers.TelosOASIS.TestHarness.csproj]
C:\Source\OASIS-master\Providers\Blockchain\TestProjects\NextGenSoftware.OASIS.API.Providers.TelosOASIS.TestHarness\Program.cs(58,43): error CS1061: 'OASISResult<IAvatar>' does not contain a definition for 'IsSuccess' and no accessible extension method 'IsSuccess' accepting a first argument of type 'OASISResult<IAvatar>' could be found (are you missing a using directive or an assembly reference?) [C:\Source\OASIS-master\Providers\Blockchain\TestProjects\NextGenSoftware.OASIS.API.Providers.TelosOASIS.TestHarness\NextGenSoftware.OASIS.API.Providers.TelosOASIS.TestHarness.csproj]
C:\Source\OASIS-master\Providers\Blockchain\TestProjects\NextGenSoftware.OASIS.API.Providers.TelosOASIS.TestHarness\Program.cs(64,95): error CS1061: 'OASISResult<IAvatar>' does not contain a definition for 'IsSuccess' and no accessible extension method 'IsSuccess' accepting a first argument of type 'OASISResult<IAvatar>' could be found (are you missing a using directive or an assembly reference?) [C:\Source\OASIS-master\Providers\Blockchain\TestProjects\NextGenSoftware.OASIS.API.Providers.TelosOASIS.TestHarness\NextGenSoftware.OASIS.API.Providers.TelosOASIS.TestHarness.csproj]
C:\Source\OASIS-master\Providers\Blockchain\TestProjects\NextGenSoftware.OASIS.API.Providers.TelosOASIS.TestHarness\Program.cs(65,46): error CS1061: 'OASISResult<IAvatar>' does not contain a definition for 'IsSuccess' and no accessible extension method 'IsSuccess' accepting a first argument of type 'OASISResult<IAvatar>' could be found (are you missing a using directive or an assembly reference?) [C:\Source\OASIS-master\Providers\Blockchain\TestProjects\NextGenSoftware.OASIS.API.Providers.TelosOASIS.TestHarness\NextGenSoftware.OASIS.API.Providers.TelosOASIS.TestHarness.csproj]
C:\Source\OASIS-master\Providers\Blockchain\TestProjects\NextGenSoftware.OASIS.API.Providers.TelosOASIS.TestHarness\Program.cs(71,76): error CS1061: 'OASISResult<IAvatar>' does not contain a definition for 'IsSuccess' and no accessible extension method 'IsSuccess' accepting a first argument of type 'OASISResult<IAvatar>' could be found (are you missing a using directive or an assembly reference?) [C:\Source\OASIS-master\Providers\Blockchain\TestProjects\NextGenSoftware.OASIS.API.Providers.TelosOASIS.TestHarness\NextGenSoftware.OASIS.API.Providers.TelosOASIS.TestHarness.csproj]
C:\Source\OASIS-master\Providers\Blockchain\TestProjects\NextGenSoftware.OASIS.API.Providers.TelosOASIS.TestHarness\Program.cs(72,37): error CS1061: 'OASISResult<IAvatar>' does not contain a definition for 'IsSuccess' and no accessible extension method 'IsSuccess' accepting a first argument of type 'OASISResult<IAvatar>' could be found (are you missing a using directive or an assembly reference?) [C:\Source\OASIS-master\Providers\Blockchain\TestProjects\NextGenSoftware.OASIS.API.Providers.TelosOASIS.TestHarness\NextGenSoftware.OASIS.API.Providers.TelosOASIS.TestHarness.csproj]
C:\Source\OASIS-master\Providers\Blockchain\TestProjects\NextGenSoftware.OASIS.API.Providers.TelosOASIS.TestHarness\Program.cs(77,33): error CS0246: The type or namespace name 'Holon' could not be found (are you missing a using directive or an assembly reference?) [C:\Source\OASIS-master\Providers\Blockchain\TestProjects\NextGenSoftware.OASIS.API.Providers.TelosOASIS.TestHarness\NextGenSoftware.OASIS.API.Providers.TelosOASIS.TestHarness.csproj]
C:\Source\OASIS-master\Providers\Blockchain\TestProjects\NextGenSoftware.OASIS.API.Providers.TelosOASIS.TestHarness\Program.cs(90,72): error CS1061: 'OASISResult<IEnumerable<IHolon>>' does not contain a definition for 'IsSuccess' and no accessible extension method 'IsSuccess' accepting a first argument of type 'OASISResult<IEnumerable<IHolon>>' could be found (are you missing a using directive or an assembly reference?) [C:\Source\OASIS-master\Providers\Blockchain\TestProjects\NextGenSoftware.OASIS.API.Providers.TelosOASIS.TestHarness\NextGenSoftware.OASIS.API.Providers.TelosOASIS.TestHarness.csproj]
C:\Source\OASIS-master\Providers\Blockchain\TestProjects\NextGenSoftware.OASIS.API.Providers.TelosOASIS.TestHarness\Program.cs(91,39): error CS1061: 'OASISResult<IEnumerable<IHolon>>' does not contain a definition for 'IsSuccess' and no accessible extension method 'IsSuccess' accepting a first argument of type 'OASISResult<IEnumerable<IHolon>>' could be found (are you missing a using directive or an assembly reference?) [C:\Source\OASIS-master\Providers\Blockchain\TestProjects\NextGenSoftware.OASIS.API.Providers.TelosOASIS.TestHarness\NextGenSoftware.OASIS.API.Providers.TelosOASIS.TestHarness.csproj]
C:\Source\OASIS-master\Providers\Blockchain\TestProjects\NextGenSoftware.OASIS.API.Providers.TelosOASIS.TestHarness\Program.cs(97,80): error CS1061: 'OASISResult<IHolon>' does not contain a definition for 'IsSuccess' and no accessible extension method 'IsSuccess' accepting a first argument of type 'OASISResult<IHolon>' could be found (are you missing a using directive or an assembly reference?) [C:\Source\OASIS-master\Providers\Blockchain\TestProjects\NextGenSoftware.OASIS.API.Providers.TelosOASIS.TestHarness\NextGenSoftware.OASIS.API.Providers.TelosOASIS.TestHarness.csproj]
C:\Source\OASIS-master\Providers\Blockchain\TestProjects\NextGenSoftware.OASIS.API.Providers.TelosOASIS.TestHarness\Program.cs(98,42): error CS1061: 'OASISResult<IHolon>' does not contain a definition for 'IsSuccess' and no accessible extension method 'IsSuccess' accepting a first argument of type 'OASISResult<IHolon>' could be found (are you missing a using directive or an assembly reference?) [C:\Source\OASIS-master\Providers\Blockchain\TestProjects\NextGenSoftware.OASIS.API.Providers.TelosOASIS.TestHarness\NextGenSoftware.OASIS.API.Providers.TelosOASIS.TestHarness.csproj]
C:\Source\OASIS-master\Providers\Blockchain\TestProjects\NextGenSoftware.OASIS.API.Providers.TelosOASIS.TestHarness\Program.cs(104,92): error CS1061: 'OASISResult<IEnumerable<IHolon>>' does not contain a definition for 'IsSuccess' and no accessible extension method 'IsSuccess' accepting a first argument of type 'OASISResult<IEnumerable<IHolon>>' could be found (are you missing a using directive or an assembly reference?) [C:\Source\OASIS-master\Providers\Blockchain\TestProjects\NextGenSoftware.OASIS.API.Providers.TelosOASIS.TestHarness\NextGenSoftware.OASIS.API.Providers.TelosOASIS.TestHarness.csproj]
C:\Source\OASIS-master\Providers\Blockchain\TestProjects\NextGenSoftware.OASIS.API.Providers.TelosOASIS.TestHarness\Program.cs(105,48): error CS1061: 'OASISResult<IEnumerable<IHolon>>' does not contain a definition for 'IsSuccess' and no accessible extension method 'IsSuccess' accepting a first argument of type 'OASISResult<IEnumerable<IHolon>>' could be found (are you missing a using directive or an assembly reference?) [C:\Source\OASIS-master\Providers\Blockchain\TestProjects\NextGenSoftware.OASIS.API.Providers.TelosOASIS.TestHarness\NextGenSoftware.OASIS.API.Providers.TelosOASIS.TestHarness.csproj]
C:\Source\OASIS-master\Providers\Blockchain\TestProjects\NextGenSoftware.OASIS.API.Providers.TelosOASIS.TestHarness\Program.cs(111,73): error CS1061: 'OASISResult<IHolon>' does not contain a definition for 'IsSuccess' and no accessible extension method 'IsSuccess' accepting a first argument of type 'OASISResult<IHolon>' could be found (are you missing a using directive or an assembly reference?) [C:\Source\OASIS-master\Providers\Blockchain\TestProjects\NextGenSoftware.OASIS.API.Providers.TelosOASIS.TestHarness\NextGenSoftware.OASIS.API.Providers.TelosOASIS.TestHarness.csproj]
C:\Source\OASIS-master\Providers\Blockchain\TestProjects\NextGenSoftware.OASIS.API.Providers.TelosOASIS.TestHarness\Program.cs(112,40): error CS1061: 'OASISResult<IHolon>' does not contain a definition for 'IsSuccess' and no accessible extension method 'IsSuccess' accepting a first argument of type 'OASISResult<IHolon>' could be found (are you missing a using directive or an assembly reference?) [C:\Source\OASIS-master\Providers\Blockchain\TestProjects\NextGenSoftware.OASIS.API.Providers.TelosOASIS.TestHarness\NextGenSoftware.OASIS.API.Providers.TelosOASIS.TestHarness.csproj]
C:\Source\OASIS-master\Providers\Blockchain\TestProjects\NextGenSoftware.OASIS.API.Providers.TelosOASIS.TestHarness\Program.cs(117,40): error CS0246: The type or namespace name 'AvatarDetail' could not be found (are you missing a using directive or an assembly reference?) [C:\Source\OASIS-master\Providers\Blockchain\TestProjects\NextGenSoftware.OASIS.API.Providers.TelosOASIS.TestHarness\NextGenSoftware.OASIS.API.Providers.TelosOASIS.TestHarness.csproj]
C:\Source\OASIS-master\Providers\Blockchain\TestProjects\NextGenSoftware.OASIS.API.Providers.TelosOASIS.TestHarness\Program.cs(130,85): error CS1061: 'OASISResult<IAvatarDetail>' does not contain a definition for 'IsSuccess' and no accessible extension method 'IsSuccess' accepting a first argument of type 'OASISResult<IAvatarDetail>' could be found (are you missing a using directive or an assembly reference?) [C:\Source\OASIS-master\Providers\Blockchain\TestProjects\NextGenSoftware.OASIS.API.Providers.TelosOASIS.TestHarness\NextGenSoftware.OASIS.API.Providers.TelosOASIS.TestHarness.csproj]
C:\Source\OASIS-master\Providers\Blockchain\TestProjects\NextGenSoftware.OASIS.API.Providers.TelosOASIS.TestHarness\Program.cs(131,45): error CS1061: 'OASISResult<IAvatarDetail>' does not contain a definition for 'IsSuccess' and no accessible extension method 'IsSuccess' accepting a first argument of type 'OASISResult<IAvatarDetail>' could be found (are you missing a using directive or an assembly reference?) [C:\Source\OASIS-master\Providers\Blockchain\TestProjects\NextGenSoftware.OASIS.API.Providers.TelosOASIS.TestHarness\NextGenSoftware.OASIS.API.Providers.TelosOASIS.TestHarness.csproj]
C:\Source\OASIS-master\Providers\Blockchain\TestProjects\NextGenSoftware.OASIS.API.Providers.TelosOASIS.TestHarness\Program.cs(137,101): error CS1061: 'OASISResult<IAvatarDetail>' does not contain a definition for 'IsSuccess' and no accessible extension method 'IsSuccess' accepting a first argument of type 'OASISResult<IAvatarDetail>' could be found (are you missing a using directive or an assembly reference?) [C:\Source\OASIS-master\Providers\Blockchain\TestProjects\NextGenSoftware.OASIS.API.Providers.TelosOASIS.TestHarness\NextGenSoftware.OASIS.API.Providers.TelosOASIS.TestHarness.csproj]
C:\Source\OASIS-master\Providers\Blockchain\TestProjects\NextGenSoftware.OASIS.API.Providers.TelosOASIS.TestHarness\Program.cs(138,52): error CS1061: 'OASISResult<IAvatarDetail>' does not contain a definition for 'IsSuccess' and no accessible extension method 'IsSuccess' accepting a first argument of type 'OASISResult<IAvatarDetail>' could be found (are you missing a using directive or an assembly reference?) [C:\Source\OASIS-master\Providers\Blockchain\TestProjects\NextGenSoftware.OASIS.API.Providers.TelosOASIS.TestHarness\NextGenSoftware.OASIS.API.Providers.TelosOASIS.TestHarness.csproj]
C:\Source\OASIS-master\Providers\Blockchain\TestProjects\NextGenSoftware.OASIS.API.Providers.TelosOASIS.TestHarness\Program.cs(144,107): error CS1061: 'OASISResult<IAvatarDetail>' does not contain a definition for 'IsSuccess' and no accessible extension method 'IsSuccess' accepting a first argument of type 'OASISResult<IAvatarDetail>' could be found (are you missing a using directive or an assembly reference?) [C:\Source\OASIS-master\Providers\Blockchain\TestProjects\NextGenSoftware.OASIS.API.Providers.TelosOASIS.TestHarness\NextGenSoftware.OASIS.API.Providers.TelosOASIS.TestHarness.csproj]
C:\Source\OASIS-master\Providers\Blockchain\TestProjects\NextGenSoftware.OASIS.API.Providers.TelosOASIS.TestHarness\Program.cs(145,55): error CS1061: 'OASISResult<IAvatarDetail>' does not contain a definition for 'IsSuccess' and no accessible extension method 'IsSuccess' accepting a first argument of type 'OASISResult<IAvatarDetail>' could be found (are you missing a using directive or an assembly reference?) [C:\Source\OASIS-master\Providers\Blockchain\TestProjects\NextGenSoftware.OASIS.API.Providers.TelosOASIS.TestHarness\NextGenSoftware.OASIS.API.Providers.TelosOASIS.TestHarness.csproj]
C:\Source\OASIS-master\Providers\Blockchain\TestProjects\NextGenSoftware.OASIS.API.Providers.TelosOASIS.TestHarness\Program.cs(151,79): error CS1061: 'OASISResult<bool>' does not contain a definition for 'IsSuccess' and no accessible extension method 'IsSuccess' accepting a first argument of type 'OASISResult<bool>' could be found (are you missing a using directive or an assembly reference?) [C:\Source\OASIS-master\Providers\Blockchain\TestProjects\NextGenSoftware.OASIS.API.Providers.TelosOASIS.TestHarness\NextGenSoftware.OASIS.API.Providers.TelosOASIS.TestHarness.csproj]
C:\Source\OASIS-master\Providers\Blockchain\TestProjects\NextGenSoftware.OASIS.API.Providers.TelosOASIS.TestHarness\Program.cs(152,39): error CS1061: 'OASISResult<bool>' does not contain a definition for 'IsSuccess' and no accessible extension method 'IsSuccess' accepting a first argument of type 'OASISResult<bool>' could be found (are you missing a using directive or an assembly reference?) [C:\Source\OASIS-master\Providers\Blockchain\TestProjects\NextGenSoftware.OASIS.API.Providers.TelosOASIS.TestHarness\NextGenSoftware.OASIS.API.Providers.TelosOASIS.TestHarness.csproj]
C:\Source\OASIS-master\Providers\Other\NextGenSoftware.OASIS.API.Providers.SEEDSOASIS\SEEDSOASIS.cs(592,26): error CS0103: The name 'CreateDeterministicGuid' does not exist in the current context [C:\Source\OASIS-master\Providers\Other\NextGenSoftware.OASIS.API.Providers.SEEDSOASIS\NextGenSoftware.OASIS.API.Providers.SEEDSOASIS.csproj]
C:\Source\OASIS-master\Providers\Other\NextGenSoftware.OASIS.API.Providers.SEEDSOASIS\SEEDSOASIS.cs(1542,133): error CS0103: The name 'CreateDeterministicGuid' does not exist in the current context [C:\Source\OASIS-master\Providers\Other\NextGenSoftware.OASIS.API.Providers.SEEDSOASIS\NextGenSoftware.OASIS.API.Providers.SEEDSOASIS.csproj]
C:\Source\OASIS-master\Providers\Other\NextGenSoftware.OASIS.API.Providers.SEEDSOASIS\SEEDSOASIS.cs(1574,26): error CS0103: The name 'CreateDeterministicGuid' does not exist in the current context [C:\Source\OASIS-master\Providers\Other\NextGenSoftware.OASIS.API.Providers.SEEDSOASIS\NextGenSoftware.OASIS.API.Providers.SEEDSOASIS.csproj]
C:\Source\OASIS-master\Providers\Other\NextGenSoftware.OASIS.API.Providers.SEEDSOASIS\SEEDSOASIS.cs(1591,133): error CS0103: The name 'CreateDeterministicGuid' does not exist in the current context [C:\Source\OASIS-master\Providers\Other\NextGenSoftware.OASIS.API.Providers.SEEDSOASIS\NextGenSoftware.OASIS.API.Providers.SEEDSOASIS.csproj]
C:\Source\OASIS-master\Providers\Other\NextGenSoftware.OASIS.API.Providers.SEEDSOASIS\SEEDSOASIS.cs(1622,26): error CS0103: The name 'CreateDeterministicGuid' does not exist in the current context [C:\Source\OASIS-master\Providers\Other\NextGenSoftware.OASIS.API.Providers.SEEDSOASIS\NextGenSoftware.OASIS.API.Providers.SEEDSOASIS.csproj]
C:\Source\OASIS-master\Providers\Blockchain\TestProjects\NextGenSoftware.OASIS.API.Providers.FantomOASIS.UnitTests\FantomOASISTests.cs(27,26): error CS1503: Argument 1: cannot convert from 'NextGenSoftware.OASIS.API.Core.Enums.ProviderType' to 'System.DateTime' [C:\Source\OASIS-master\Providers\Blockchain\TestProjects\NextGenSoftware.OASIS.API.Providers.FantomOASIS.UnitTests\NextGenSoftware.OASIS.API.Providers.FantomOASIS.UnitTests.csproj]
C:\Source\OASIS-master\Providers\Blockchain\TestProjects\NextGenSoftware.OASIS.API.Providers.FantomOASIS.UnitTests\FantomOASISTests.cs(27,52): error CS1503: Argument 2: cannot convert from 'NextGenSoftware.Utilities.EnumValue<NextGenSoftware.OASIS.API.Core.Enums.ProviderType>' to 'System.DateTime' [C:\Source\OASIS-master\Providers\Blockchain\TestProjects\NextGenSoftware.OASIS.API.Providers.FantomOASIS.UnitTests\NextGenSoftware.OASIS.API.Providers.FantomOASIS.UnitTests.csproj]
C:\Source\OASIS-master\Providers\Blockchain\TestProjects\NextGenSoftware.OASIS.API.Providers.FantomOASIS.UnitTests\FantomOASISTests.cs(30,26): error CS1503: Argument 1: cannot convert from 'NextGenSoftware.OASIS.API.Core.Enums.ProviderCategory' to 'System.DateTime' [C:\Source\OASIS-master\Providers\Blockchain\TestProjects\NextGenSoftware.OASIS.API.Providers.FantomOASIS.UnitTests\NextGenSoftware.OASIS.API.Providers.FantomOASIS.UnitTests.csproj]
C:\Source\OASIS-master\Providers\Blockchain\TestProjects\NextGenSoftware.OASIS.API.Providers.FantomOASIS.UnitTests\FantomOASISTests.cs(30,55): error CS1503: Argument 2: cannot convert from 'NextGenSoftware.Utilities.EnumValue<NextGenSoftware.OASIS.API.Core.Enums.ProviderCategory>' to 'System.DateTime' [C:\Source\OASIS-master\Providers\Blockchain\TestProjects\NextGenSoftware.OASIS.API.Providers.FantomOASIS.UnitTests\NextGenSoftware.OASIS.API.Providers.FantomOASIS.UnitTests.csproj]
C:\Source\OASIS-master\Providers\Blockchain\TestProjects\NextGenSoftware.OASIS.API.Providers.FantomOASIS.UnitTests\FantomOASISTests.cs(37,26): error CS1503: Argument 1: cannot convert from 'NextGenSoftware.OASIS.API.Core.Enums.ProviderType' to 'System.DateTime' [C:\Source\OASIS-master\Providers\Blockchain\TestProjects\NextGenSoftware.OASIS.API.Providers.FantomOASIS.UnitTests\NextGenSoftware.OASIS.API.Providers.FantomOASIS.UnitTests.csproj]
C:\Source\OASIS-master\Providers\Blockchain\TestProjects\NextGenSoftware.OASIS.API.Providers.FantomOASIS.UnitTests\FantomOASISTests.cs(37,52): error CS1503: Argument 2: cannot convert from 'NextGenSoftware.Utilities.EnumValue<NextGenSoftware.OASIS.API.Core.Enums.ProviderType>' to 'System.DateTime' [C:\Source\OASIS-master\Providers\Blockchain\TestProjects\NextGenSoftware.OASIS.API.Providers.FantomOASIS.UnitTests\NextGenSoftware.OASIS.API.Providers.FantomOASIS.UnitTests.csproj]
C:\Source\OASIS-master\Providers\Blockchain\TestProjects\NextGenSoftware.OASIS.API.Providers.FantomOASIS.UnitTests\FantomOASISTests.cs(58,26): error CS1503: Argument 1: cannot convert from 'NextGenSoftware.OASIS.API.Core.Enums.ProviderCategory' to 'System.DateTime' [C:\Source\OASIS-master\Providers\Blockchain\TestProjects\NextGenSoftware.OASIS.API.Providers.FantomOASIS.UnitTests\NextGenSoftware.OASIS.API.Providers.FantomOASIS.UnitTests.csproj]
C:\Source\OASIS-master\Providers\Blockchain\TestProjects\NextGenSoftware.OASIS.API.Providers.FantomOASIS.UnitTests\FantomOASISTests.cs(58,55): error CS1503: Argument 2: cannot convert from 'NextGenSoftware.Utilities.EnumValue<NextGenSoftware.OASIS.API.Core.Enums.ProviderCategory>' to 'System.DateTime' [C:\Source\OASIS-master\Providers\Blockchain\TestProjects\NextGenSoftware.OASIS.API.Providers.FantomOASIS.UnitTests\NextGenSoftware.OASIS.API.Providers.FantomOASIS.UnitTests.csproj]
C:\Source\OASIS-master\Providers\Blockchain\TestProjects\NextGenSoftware.OASIS.API.Providers.FantomOASIS.UnitTests\FantomOASISTests.cs(65,38): error CS1061: 'FantomOASIS' does not contain a definition for 'ProviderVersion' and no accessible extension method 'ProviderVersion' accepting a first argument of type 'FantomOASIS' could be found (are you missing a using directive or an assembly reference?) [C:\Source\OASIS-master\Providers\Blockchain\TestProjects\NextGenSoftware.OASIS.API.Providers.FantomOASIS.UnitTests\NextGenSoftware.OASIS.API.Providers.FantomOASIS.UnitTests.csproj]
C:\Source\OASIS-master\Providers\Blockchain\TestProjects\NextGenSoftware.OASIS.API.Providers.FantomOASIS.UnitTests\FantomOASISTests.cs(66,39): error CS1061: 'FantomOASIS' does not contain a definition for 'ProviderVersion' and no accessible extension method 'ProviderVersion' accepting a first argument of type 'FantomOASIS' could be found (are you missing a using directive or an assembly reference?) [C:\Source\OASIS-master\Providers\Blockchain\TestProjects\NextGenSoftware.OASIS.API.Providers.FantomOASIS.UnitTests\NextGenSoftware.OASIS.API.Providers.FantomOASIS.UnitTests.csproj]
C:\Source\OASIS-master\Providers\Blockchain\TestProjects\NextGenSoftware.OASIS.API.Providers.FantomOASIS.UnitTests\FantomOASISTests.cs(73,36): error CS1061: 'FantomOASIS' does not contain a definition for 'IsActivated' and no accessible extension method 'IsActivated' accepting a first argument of type 'FantomOASIS' could be found (are you missing a using directive or an assembly reference?) [C:\Source\OASIS-master\Providers\Blockchain\TestProjects\NextGenSoftware.OASIS.API.Providers.FantomOASIS.UnitTests\NextGenSoftware.OASIS.API.Providers.FantomOASIS.UnitTests.csproj]
C:\Source\OASIS-master\Providers\Blockchain\TestProjects\NextGenSoftware.OASIS.API.Providers.FantomOASIS.UnitTests\FantomOASISTests.cs(87,36): error CS1061: 'FantomOASIS' does not contain a definition for 'IsProviderConnected' and no accessible extension method 'IsProviderConnected' accepting a first argument of type 'FantomOASIS' could be found (are you missing a using directive or an assembly reference?) [C:\Source\OASIS-master\Providers\Blockchain\TestProjects\NextGenSoftware.OASIS.API.Providers.FantomOASIS.UnitTests\NextGenSoftware.OASIS.API.Providers.FantomOASIS.UnitTests.csproj]
C:\Source\OASIS-master\Providers\Blockchain\TestProjects\NextGenSoftware.OASIS.API.Providers.BaseOASIS.UnitTests\BaseOASISTests.cs(16,13): error CS0283: The type 'BigInteger' cannot be declared const [C:\Source\OASIS-master\Providers\Blockchain\TestProjects\NextGenSoftware.OASIS.API.Providers.BaseOASIS.UnitTests\NextGenSoftware.OASIS.API.Providers.BaseOASIS.UnitTests.csproj]
C:\Source\OASIS-master\Providers\Blockchain\TestProjects\NextGenSoftware.OASIS.API.Providers.BaseOASIS.UnitTests\BaseOASISTests.cs(16,44): error CS0133: The expression being assigned to 'BaseOASISTests.TestChainId' must be constant [C:\Source\OASIS-master\Providers\Blockchain\TestProjects\NextGenSoftware.OASIS.API.Providers.BaseOASIS.UnitTests\NextGenSoftware.OASIS.API.Providers.BaseOASIS.UnitTests.csproj]
C:\Source\OASIS-master\Providers\Other\NextGenSoftware.OASIS.API.Providers.PLANOASIS\PLANOASIS.cs(1568,42): error CS4032: The 'await' operator can only be used within an async method. Consider marking this method with the 'async' modifier and changing its return type to 'Task<OASISResult<IEnumerable<IAvatar>>>'. [C:\Source\OASIS-master\Providers\Other\NextGenSoftware.OASIS.API.Providers.PLANOASIS\NextGenSoftware.OASIS.API.Providers.PLANOASIS.csproj]
C:\Source\OASIS-master\Providers\Other\NextGenSoftware.OASIS.API.Providers.PLANOASIS\PLANOASIS.cs(1622,42): error CS4032: The 'await' operator can only be used within an async method. Consider marking this method with the 'async' modifier and changing its return type to 'Task<OASISResult<IEnumerable<IHolon>>>'. [C:\Source\OASIS-master\Providers\Other\NextGenSoftware.OASIS.API.Providers.PLANOASIS\NextGenSoftware.OASIS.API.Providers.PLANOASIS.csproj]
C:\Source\OASIS-master\Providers\Blockchain\TestProjects\NextGenSoftware.OASIS.API.Providers.BaseOASIS.IntegrationTests\BaseOASISIntegrationTests.cs(16,13): error CS0283: The type 'BigInteger' cannot be declared const [C:\Source\OASIS-master\Providers\Blockchain\TestProjects\NextGenSoftware.OASIS.API.Providers.BaseOASIS.IntegrationTests\NextGenSoftware.OASIS.API.Providers.BaseOASIS.IntegrationTests.csproj]
C:\Source\OASIS-master\Providers\Blockchain\TestProjects\NextGenSoftware.OASIS.API.Providers.BaseOASIS.IntegrationTests\BaseOASISIntegrationTests.cs(16,44): error CS0133: The expression being assigned to 'BaseOASISIntegrationTests.TestChainId' must be constant [C:\Source\OASIS-master\Providers\Blockchain\TestProjects\NextGenSoftware.OASIS.API.Providers.BaseOASIS.IntegrationTests\NextGenSoftware.OASIS.API.Providers.BaseOASIS.IntegrationTests.csproj]
C:\Source\OASIS-master\Providers\Blockchain\TestProjects\NextGenSoftware.OASIS.API.Providers.ElrondOASIS.IntegrationTests\ElrondOASISIntegrationTests.cs(14,38): error CS0118: 'ElrondOASIS' is a namespace but is used like a type [C:\Source\OASIS-master\Providers\Blockchain\TestProjects\NextGenSoftware.OASIS.API.Providers.ElrondOASIS.IntegrationTests\NextGenSoftware.OASIS.API.Providers.ElrondOASIS.IntegrationTests.csproj]
C:\Source\OASIS-master\Providers\Blockchain\TestProjects\NextGenSoftware.OASIS.API.Providers.ElrondOASIS.IntegrationTests\ElrondOASISIntegrationTests.cs(33,38): error CS0118: 'ElrondOASIS' is a namespace but is used like a type [C:\Source\OASIS-master\Providers\Blockchain\TestProjects\NextGenSoftware.OASIS.API.Providers.ElrondOASIS.IntegrationTests\NextGenSoftware.OASIS.API.Providers.ElrondOASIS.IntegrationTests.csproj]
C:\Source\OASIS-master\Providers\Blockchain\TestProjects\NextGenSoftware.OASIS.API.Providers.ElrondOASIS.IntegrationTests\ElrondOASISIntegrationTests.cs(52,38): error CS0118: 'ElrondOASIS' is a namespace but is used like a type [C:\Source\OASIS-master\Providers\Blockchain\TestProjects\NextGenSoftware.OASIS.API.Providers.ElrondOASIS.IntegrationTests\NextGenSoftware.OASIS.API.Providers.ElrondOASIS.IntegrationTests.csproj]
C:\Source\OASIS-master\Providers\Blockchain\TestProjects\NextGenSoftware.OASIS.API.Providers.ElrondOASIS.IntegrationTests\ElrondOASISIntegrationTests.cs(75,38): error CS0118: 'ElrondOASIS' is a namespace but is used like a type [C:\Source\OASIS-master\Providers\Blockchain\TestProjects\NextGenSoftware.OASIS.API.Providers.ElrondOASIS.IntegrationTests\NextGenSoftware.OASIS.API.Providers.ElrondOASIS.IntegrationTests.csproj]
C:\Source\OASIS-master\Providers\Blockchain\TestProjects\NextGenSoftware.OASIS.API.Providers.BNBChainOASIS.UnitTests\BNBChainOASISTests.cs(27,26): error CS1503: Argument 1: cannot convert from 'NextGenSoftware.OASIS.API.Core.Enums.ProviderType' to 'System.DateTime' [C:\Source\OASIS-master\Providers\Blockchain\TestProjects\NextGenSoftware.OASIS.API.Providers.BNBChainOASIS.UnitTests\NextGenSoftware.OASIS.API.Providers.BNBChainOASIS.UnitTests.csproj]
C:\Source\OASIS-master\Providers\Blockchain\TestProjects\NextGenSoftware.OASIS.API.Providers.BNBChainOASIS.UnitTests\BNBChainOASISTests.cs(27,54): error CS1503: Argument 2: cannot convert from 'NextGenSoftware.Utilities.EnumValue<NextGenSoftware.OASIS.API.Core.Enums.ProviderType>' to 'System.DateTime' [C:\Source\OASIS-master\Providers\Blockchain\TestProjects\NextGenSoftware.OASIS.API.Providers.BNBChainOASIS.UnitTests\NextGenSoftware.OASIS.API.Providers.BNBChainOASIS.UnitTests.csproj]
C:\Source\OASIS-master\Providers\Blockchain\TestProjects\NextGenSoftware.OASIS.API.Providers.BNBChainOASIS.UnitTests\BNBChainOASISTests.cs(30,26): error CS1503: Argument 1: cannot convert from 'NextGenSoftware.OASIS.API.Core.Enums.ProviderCategory' to 'System.DateTime' [C:\Source\OASIS-master\Providers\Blockchain\TestProjects\NextGenSoftware.OASIS.API.Providers.BNBChainOASIS.UnitTests\NextGenSoftware.OASIS.API.Providers.BNBChainOASIS.UnitTests.csproj]
C:\Source\OASIS-master\Providers\Blockchain\TestProjects\NextGenSoftware.OASIS.API.Providers.BNBChainOASIS.UnitTests\BNBChainOASISTests.cs(30,55): error CS1503: Argument 2: cannot convert from 'NextGenSoftware.Utilities.EnumValue<NextGenSoftware.OASIS.API.Core.Enums.ProviderCategory>' to 'System.DateTime' [C:\Source\OASIS-master\Providers\Blockchain\TestProjects\NextGenSoftware.OASIS.API.Providers.BNBChainOASIS.UnitTests\NextGenSoftware.OASIS.API.Providers.BNBChainOASIS.UnitTests.csproj]
C:\Source\OASIS-master\Providers\Blockchain\TestProjects\NextGenSoftware.OASIS.API.Providers.BNBChainOASIS.UnitTests\BNBChainOASISTests.cs(37,26): error CS1503: Argument 1: cannot convert from 'NextGenSoftware.OASIS.API.Core.Enums.ProviderType' to 'System.DateTime' [C:\Source\OASIS-master\Providers\Blockchain\TestProjects\NextGenSoftware.OASIS.API.Providers.BNBChainOASIS.UnitTests\NextGenSoftware.OASIS.API.Providers.BNBChainOASIS.UnitTests.csproj]
C:\Source\OASIS-master\Providers\Blockchain\TestProjects\NextGenSoftware.OASIS.API.Providers.BNBChainOASIS.UnitTests\BNBChainOASISTests.cs(37,54): error CS1503: Argument 2: cannot convert from 'NextGenSoftware.Utilities.EnumValue<NextGenSoftware.OASIS.API.Core.Enums.ProviderType>' to 'System.DateTime' [C:\Source\OASIS-master\Providers\Blockchain\TestProjects\NextGenSoftware.OASIS.API.Providers.BNBChainOASIS.UnitTests\NextGenSoftware.OASIS.API.Providers.BNBChainOASIS.UnitTests.csproj]
C:\Source\OASIS-master\Providers\Blockchain\TestProjects\NextGenSoftware.OASIS.API.Providers.BNBChainOASIS.UnitTests\BNBChainOASISTests.cs(58,26): error CS1503: Argument 1: cannot convert from 'NextGenSoftware.OASIS.API.Core.Enums.ProviderCategory' to 'System.DateTime' [C:\Source\OASIS-master\Providers\Blockchain\TestProjects\NextGenSoftware.OASIS.API.Providers.BNBChainOASIS.UnitTests\NextGenSoftware.OASIS.API.Providers.BNBChainOASIS.UnitTests.csproj]
C:\Source\OASIS-master\Providers\Blockchain\TestProjects\NextGenSoftware.OASIS.API.Providers.BNBChainOASIS.UnitTests\BNBChainOASISTests.cs(58,55): error CS1503: Argument 2: cannot convert from 'NextGenSoftware.Utilities.EnumValue<NextGenSoftware.OASIS.API.Core.Enums.ProviderCategory>' to 'System.DateTime' [C:\Source\OASIS-master\Providers\Blockchain\TestProjects\NextGenSoftware.OASIS.API.Providers.BNBChainOASIS.UnitTests\NextGenSoftware.OASIS.API.Providers.BNBChainOASIS.UnitTests.csproj]
C:\Source\OASIS-master\Providers\Blockchain\TestProjects\NextGenSoftware.OASIS.API.Providers.BNBChainOASIS.UnitTests\BNBChainOASISTests.cs(65,38): error CS1061: 'BNBChainOASIS' does not contain a definition for 'ProviderVersion' and no accessible extension method 'ProviderVersion' accepting a first argument of type 'BNBChainOASIS' could be found (are you missing a using directive or an assembly reference?) [C:\Source\OASIS-master\Providers\Blockchain\TestProjects\NextGenSoftware.OASIS.API.Providers.BNBChainOASIS.UnitTests\NextGenSoftware.OASIS.API.Providers.BNBChainOASIS.UnitTests.csproj]
C:\Source\OASIS-master\Providers\Blockchain\TestProjects\NextGenSoftware.OASIS.API.Providers.BNBChainOASIS.UnitTests\BNBChainOASISTests.cs(66,39): error CS1061: 'BNBChainOASIS' does not contain a definition for 'ProviderVersion' and no accessible extension method 'ProviderVersion' accepting a first argument of type 'BNBChainOASIS' could be found (are you missing a using directive or an assembly reference?) [C:\Source\OASIS-master\Providers\Blockchain\TestProjects\NextGenSoftware.OASIS.API.Providers.BNBChainOASIS.UnitTests\NextGenSoftware.OASIS.API.Providers.BNBChainOASIS.UnitTests.csproj]
C:\Source\OASIS-master\Providers\Blockchain\TestProjects\NextGenSoftware.OASIS.API.Providers.BNBChainOASIS.UnitTests\BNBChainOASISTests.cs(73,36): error CS1061: 'BNBChainOASIS' does not contain a definition for 'IsActivated' and no accessible extension method 'IsActivated' accepting a first argument of type 'BNBChainOASIS' could be found (are you missing a using directive or an assembly reference?) [C:\Source\OASIS-master\Providers\Blockchain\TestProjects\NextGenSoftware.OASIS.API.Providers.BNBChainOASIS.UnitTests\NextGenSoftware.OASIS.API.Providers.BNBChainOASIS.UnitTests.csproj]
C:\Source\OASIS-master\Providers\Blockchain\TestProjects\NextGenSoftware.OASIS.API.Providers.BNBChainOASIS.UnitTests\BNBChainOASISTests.cs(87,36): error CS1061: 'BNBChainOASIS' does not contain a definition for 'IsProviderConnected' and no accessible extension method 'IsProviderConnected' accepting a first argument of type 'BNBChainOASIS' could be found (are you missing a using directive or an assembly reference?) [C:\Source\OASIS-master\Providers\Blockchain\TestProjects\NextGenSoftware.OASIS.API.Providers.BNBChainOASIS.UnitTests\NextGenSoftware.OASIS.API.Providers.BNBChainOASIS.UnitTests.csproj]
C:\Source\OASIS-master\Providers\Cloud\TestProjects\NextGenSoftware.OASIS.API.Providers.AzureCosmosDBOASIS.IntegrationTests\AzureCosmosDBOASISIntegrationTests.cs(19,29): error CS7036: There is no argument given that corresponds to the required parameter 'serviceEndpoint' of 'AzureCosmosDBOASIS.AzureCosmosDBOASIS(Uri, string, string, List<string>)' [C:\Source\OASIS-master\Providers\Cloud\TestProjects\NextGenSoftware.OASIS.API.Providers.AzureCosmosDBOASIS.IntegrationTests\NextGenSoftware.OASIS.API.Providers.AzureCosmosDBOASIS.IntegrationTests.csproj]
C:\Source\OASIS-master\Providers\Cloud\TestProjects\NextGenSoftware.OASIS.API.Providers.AzureCosmosDBOASIS.IntegrationTests\AzureCosmosDBOASISIntegrationTests.cs(26,30): error CS0246: The type or namespace name 'Avatar' could not be found (are you missing a using directive or an assembly reference?) [C:\Source\OASIS-master\Providers\Cloud\TestProjects\NextGenSoftware.OASIS.API.Providers.AzureCosmosDBOASIS.IntegrationTests\NextGenSoftware.OASIS.API.Providers.AzureCosmosDBOASIS.IntegrationTests.csproj]
C:\Source\OASIS-master\Providers\Cloud\TestProjects\NextGenSoftware.OASIS.API.Providers.AzureCosmosDBOASIS.IntegrationTests\AzureCosmosDBOASISIntegrationTests.cs(62,29): error CS0246: The type or namespace name 'Holon' could not be found (are you missing a using directive or an assembly reference?) [C:\Source\OASIS-master\Providers\Cloud\TestProjects\NextGenSoftware.OASIS.API.Providers.AzureCosmosDBOASIS.IntegrationTests\NextGenSoftware.OASIS.API.Providers.AzureCosmosDBOASIS.IntegrationTests.csproj]
C:\Source\OASIS-master\Providers\Cloud\TestProjects\NextGenSoftware.OASIS.API.Providers.AzureCosmosDBOASIS.IntegrationTests\AzureCosmosDBOASISIntegrationTests.cs(95,36): error CS0246: The type or namespace name 'SearchParams' could not be found (are you missing a using directive or an assembly reference?) [C:\Source\OASIS-master\Providers\Cloud\TestProjects\NextGenSoftware.OASIS.API.Providers.AzureCosmosDBOASIS.IntegrationTests\NextGenSoftware.OASIS.API.Providers.AzureCosmosDBOASIS.IntegrationTests.csproj]
C:\Source\OASIS-master\Providers\Cloud\TestProjects\NextGenSoftware.OASIS.API.Providers.AzureCosmosDBOASIS.IntegrationTests\AzureCosmosDBOASISIntegrationTests.cs(98,30): error CS0103: The name 'SearchType' does not exist in the current context [C:\Source\OASIS-master\Providers\Cloud\TestProjects\NextGenSoftware.OASIS.API.Providers.AzureCosmosDBOASIS.IntegrationTests\NextGenSoftware.OASIS.API.Providers.AzureCosmosDBOASIS.IntegrationTests.csproj]
C:\Source\OASIS-master\Providers\Cloud\TestProjects\NextGenSoftware.OASIS.API.Providers.AzureCosmosDBOASIS.IntegrationTests\AzureCosmosDBOASISIntegrationTests.cs(102,42): error CS1061: 'AzureCosmosDBOASIS' does not contain a definition for 'SearchAvatarsAsync' and no accessible extension method 'SearchAvatarsAsync' accepting a first argument of type 'AzureCosmosDBOASIS' could be found (are you missing a using directive or an assembly reference?) [C:\Source\OASIS-master\Providers\Cloud\TestProjects\NextGenSoftware.OASIS.API.Providers.AzureCosmosDBOASIS.IntegrationTests\NextGenSoftware.OASIS.API.Providers.AzureCosmosDBOASIS.IntegrationTests.csproj]
C:\Source\OASIS-master\Providers\Cloud\TestProjects\NextGenSoftware.OASIS.API.Providers.AzureCosmosDBOASIS.IntegrationTests\AzureCosmosDBOASISIntegrationTests.cs(114,36): error CS0246: The type or namespace name 'SearchParams' could not be found (are you missing a using directive or an assembly reference?) [C:\Source\OASIS-master\Providers\Cloud\TestProjects\NextGenSoftware.OASIS.API.Providers.AzureCosmosDBOASIS.IntegrationTests\NextGenSoftware.OASIS.API.Providers.AzureCosmosDBOASIS.IntegrationTests.csproj]
C:\Source\OASIS-master\Providers\Cloud\TestProjects\NextGenSoftware.OASIS.API.Providers.AzureCosmosDBOASIS.IntegrationTests\AzureCosmosDBOASISIntegrationTests.cs(117,30): error CS0103: The name 'SearchType' does not exist in the current context [C:\Source\OASIS-master\Providers\Cloud\TestProjects\NextGenSoftware.OASIS.API.Providers.AzureCosmosDBOASIS.IntegrationTests\NextGenSoftware.OASIS.API.Providers.AzureCosmosDBOASIS.IntegrationTests.csproj]
C:\Source\OASIS-master\Providers\Cloud\TestProjects\NextGenSoftware.OASIS.API.Providers.AzureCosmosDBOASIS.IntegrationTests\AzureCosmosDBOASISIntegrationTests.cs(121,42): error CS1061: 'AzureCosmosDBOASIS' does not contain a definition for 'SearchHolonsAsync' and no accessible extension method 'SearchHolonsAsync' accepting a first argument of type 'AzureCosmosDBOASIS' could be found (are you missing a using directive or an assembly reference?) [C:\Source\OASIS-master\Providers\Cloud\TestProjects\NextGenSoftware.OASIS.API.Providers.AzureCosmosDBOASIS.IntegrationTests\NextGenSoftware.OASIS.API.Providers.AzureCosmosDBOASIS.IntegrationTests.csproj]
C:\Source\OASIS-master\Providers\Network\TestProjects\NextGenSoftware.OASIS.API.Providers.ActivityPubOASIS.IntegrationTests\ActivityPubOASISIntegrationTests.cs(2,33): error CS0234: The type or namespace name 'Core' does not exist in the namespace 'NextGenSoftware.OASIS.API' (are you missing an assembly reference?) [C:\Source\OASIS-master\Providers\Network\TestProjects\NextGenSoftware.OASIS.API.Providers.ActivityPubOASIS.IntegrationTests\NextGenSoftware.OASIS.API.Providers.ActivityPubOASIS.IntegrationTests.csproj]
C:\Source\OASIS-master\Providers\Network\TestProjects\NextGenSoftware.OASIS.API.Providers.ActivityPubOASIS.IntegrationTests\ActivityPubOASISIntegrationTests.cs(16,22): error CS0118: 'ActivityPubOASIS' is a namespace but is used like a type [C:\Source\OASIS-master\Providers\Network\TestProjects\NextGenSoftware.OASIS.API.Providers.ActivityPubOASIS.IntegrationTests\NextGenSoftware.OASIS.API.Providers.ActivityPubOASIS.IntegrationTests.csproj]
C:\Source\OASIS-master\Providers\Blockchain\TestProjects\NextGenSoftware.OASIS.API.Providers.PolygonOASIS.UnitTests\PolygonOASISTests.cs(17,29): error CS7036: There is no argument given that corresponds to the required parameter 'hostUri' of 'PolygonOASIS.PolygonOASIS(string, string, string)' [C:\Source\OASIS-master\Providers\Blockchain\TestProjects\NextGenSoftware.OASIS.API.Providers.PolygonOASIS.UnitTests\NextGenSoftware.OASIS.API.Providers.PolygonOASIS.UnitTests.csproj]
C:\Source\OASIS-master\Providers\Blockchain\TestProjects\NextGenSoftware.OASIS.API.Providers.PolygonOASIS.UnitTests\PolygonOASISTests.cs(27,34): error CS1061: 'OASISResult<bool>' does not contain a definition for 'IsSuccess' and no accessible extension method 'IsSuccess' accepting a first argument of type 'OASISResult<bool>' could be found (are you missing a using directive or an assembly reference?) [C:\Source\OASIS-master\Providers\Blockchain\TestProjects\NextGenSoftware.OASIS.API.Providers.PolygonOASIS.UnitTests\NextGenSoftware.OASIS.API.Providers.PolygonOASIS.UnitTests.csproj]
C:\Source\OASIS-master\Providers\Blockchain\TestProjects\NextGenSoftware.OASIS.API.Providers.PolygonOASIS.UnitTests\PolygonOASISTests.cs(37,34): error CS1061: 'OASISResult<bool>' does not contain a definition for 'IsSuccess' and no accessible extension method 'IsSuccess' accepting a first argument of type 'OASISResult<bool>' could be found (are you missing a using directive or an assembly reference?) [C:\Source\OASIS-master\Providers\Blockchain\TestProjects\NextGenSoftware.OASIS.API.Providers.PolygonOASIS.UnitTests\NextGenSoftware.OASIS.API.Providers.PolygonOASIS.UnitTests.csproj]
C:\Source\OASIS-master\Providers\Blockchain\TestProjects\NextGenSoftware.OASIS.API.Providers.PolygonOASIS.UnitTests\PolygonOASISTests.cs(44,30): error CS0246: The type or namespace name 'Avatar' could not be found (are you missing a using directive or an assembly reference?) [C:\Source\OASIS-master\Providers\Blockchain\TestProjects\NextGenSoftware.OASIS.API.Providers.PolygonOASIS.UnitTests\NextGenSoftware.OASIS.API.Providers.PolygonOASIS.UnitTests.csproj]
C:\Source\OASIS-master\Providers\Blockchain\TestProjects\NextGenSoftware.OASIS.API.Providers.PolygonOASIS.UnitTests\PolygonOASISTests.cs(67,35): error CS1061: 'OASISResult<IEnumerable<IAvatar>>' does not contain a definition for 'IsSuccess' and no accessible extension method 'IsSuccess' accepting a first argument of type 'OASISResult<IEnumerable<IAvatar>>' could be found (are you missing a using directive or an assembly reference?) [C:\Source\OASIS-master\Providers\Blockchain\TestProjects\NextGenSoftware.OASIS.API.Providers.PolygonOASIS.UnitTests\NextGenSoftware.OASIS.API.Providers.PolygonOASIS.UnitTests.csproj]
C:\Source\OASIS-master\Providers\Blockchain\TestProjects\NextGenSoftware.OASIS.API.Providers.PolygonOASIS.UnitTests\PolygonOASISTests.cs(78,35): error CS1061: 'OASISResult<IAvatar>' does not contain a definition for 'IsSuccess' and no accessible extension method 'IsSuccess' accepting a first argument of type 'OASISResult<IAvatar>' could be found (are you missing a using directive or an assembly reference?) [C:\Source\OASIS-master\Providers\Blockchain\TestProjects\NextGenSoftware.OASIS.API.Providers.PolygonOASIS.UnitTests\NextGenSoftware.OASIS.API.Providers.PolygonOASIS.UnitTests.csproj]
C:\Source\OASIS-master\Providers\Blockchain\TestProjects\NextGenSoftware.OASIS.API.Providers.PolygonOASIS.UnitTests\PolygonOASISTests.cs(89,35): error CS1061: 'OASISResult<IAvatar>' does not contain a definition for 'IsSuccess' and no accessible extension method 'IsSuccess' accepting a first argument of type 'OASISResult<IAvatar>' could be found (are you missing a using directive or an assembly reference?) [C:\Source\OASIS-master\Providers\Blockchain\TestProjects\NextGenSoftware.OASIS.API.Providers.PolygonOASIS.UnitTests\NextGenSoftware.OASIS.API.Providers.PolygonOASIS.UnitTests.csproj]
C:\Source\OASIS-master\Providers\Blockchain\TestProjects\NextGenSoftware.OASIS.API.Providers.PolygonOASIS.UnitTests\PolygonOASISTests.cs(100,35): error CS1061: 'OASISResult<IAvatar>' does not contain a definition for 'IsSuccess' and no accessible extension method 'IsSuccess' accepting a first argument of type 'OASISResult<IAvatar>' could be found (are you missing a using directive or an assembly reference?) [C:\Source\OASIS-master\Providers\Blockchain\TestProjects\NextGenSoftware.OASIS.API.Providers.PolygonOASIS.UnitTests\NextGenSoftware.OASIS.API.Providers.PolygonOASIS.UnitTests.csproj]
C:\Source\OASIS-master\Providers\Blockchain\TestProjects\NextGenSoftware.OASIS.API.Providers.PolygonOASIS.UnitTests\PolygonOASISTests.cs(111,35): error CS1061: 'OASISResult<IAvatar>' does not contain a definition for 'IsSuccess' and no accessible extension method 'IsSuccess' accepting a first argument of type 'OASISResult<IAvatar>' could be found (are you missing a using directive or an assembly reference?) [C:\Source\OASIS-master\Providers\Blockchain\TestProjects\NextGenSoftware.OASIS.API.Providers.PolygonOASIS.UnitTests\NextGenSoftware.OASIS.API.Providers.PolygonOASIS.UnitTests.csproj]
C:\Source\OASIS-master\Providers\Blockchain\TestProjects\NextGenSoftware.OASIS.API.Providers.PolygonOASIS.UnitTests\PolygonOASISTests.cs(119,29): error CS0246: The type or namespace name 'Holon' could not be found (are you missing a using directive or an assembly reference?) [C:\Source\OASIS-master\Providers\Blockchain\TestProjects\NextGenSoftware.OASIS.API.Providers.PolygonOASIS.UnitTests\NextGenSoftware.OASIS.API.Providers.PolygonOASIS.UnitTests.csproj]
C:\Source\OASIS-master\Providers\Blockchain\TestProjects\NextGenSoftware.OASIS.API.Providers.PolygonOASIS.UnitTests\PolygonOASISTests.cs(140,35): error CS1061: 'OASISResult<IEnumerable<IHolon>>' does not contain a definition for 'IsSuccess' and no accessible extension method 'IsSuccess' accepting a first argument of type 'OASISResult<IEnumerable<IHolon>>' could be found (are you missing a using directive or an assembly reference?) [C:\Source\OASIS-master\Providers\Blockchain\TestProjects\NextGenSoftware.OASIS.API.Providers.PolygonOASIS.UnitTests\NextGenSoftware.OASIS.API.Providers.PolygonOASIS.UnitTests.csproj]
C:\Source\OASIS-master\Providers\Blockchain\TestProjects\NextGenSoftware.OASIS.API.Providers.PolygonOASIS.UnitTests\PolygonOASISTests.cs(151,35): error CS1061: 'OASISResult<IHolon>' does not contain a definition for 'IsSuccess' and no accessible extension method 'IsSuccess' accepting a first argument of type 'OASISResult<IHolon>' could be found (are you missing a using directive or an assembly reference?) [C:\Source\OASIS-master\Providers\Blockchain\TestProjects\NextGenSoftware.OASIS.API.Providers.PolygonOASIS.UnitTests\NextGenSoftware.OASIS.API.Providers.PolygonOASIS.UnitTests.csproj]
C:\Source\OASIS-master\Providers\Blockchain\TestProjects\NextGenSoftware.OASIS.API.Providers.PolygonOASIS.UnitTests\PolygonOASISTests.cs(162,35): error CS1061: 'OASISResult<IEnumerable<IHolon>>' does not contain a definition for 'IsSuccess' and no accessible extension method 'IsSuccess' accepting a first argument of type 'OASISResult<IEnumerable<IHolon>>' could be found (are you missing a using directive or an assembly reference?) [C:\Source\OASIS-master\Providers\Blockchain\TestProjects\NextGenSoftware.OASIS.API.Providers.PolygonOASIS.UnitTests\NextGenSoftware.OASIS.API.Providers.PolygonOASIS.UnitTests.csproj]
C:\Source\OASIS-master\Providers\Blockchain\TestProjects\NextGenSoftware.OASIS.API.Providers.PolygonOASIS.UnitTests\PolygonOASISTests.cs(173,35): error CS1061: 'OASISResult<IHolon>' does not contain a definition for 'IsSuccess' and no accessible extension method 'IsSuccess' accepting a first argument of type 'OASISResult<IHolon>' could be found (are you missing a using directive or an assembly reference?) [C:\Source\OASIS-master\Providers\Blockchain\TestProjects\NextGenSoftware.OASIS.API.Providers.PolygonOASIS.UnitTests\NextGenSoftware.OASIS.API.Providers.PolygonOASIS.UnitTests.csproj]
C:\Source\OASIS-master\Providers\Blockchain\TestProjects\NextGenSoftware.OASIS.API.Providers.PolygonOASIS.UnitTests\PolygonOASISTests.cs(181,36): error CS0246: The type or namespace name 'AvatarDetail' could not be found (are you missing a using directive or an assembly reference?) [C:\Source\OASIS-master\Providers\Blockchain\TestProjects\NextGenSoftware.OASIS.API.Providers.PolygonOASIS.UnitTests\NextGenSoftware.OASIS.API.Providers.PolygonOASIS.UnitTests.csproj]
C:\Source\OASIS-master\Providers\Blockchain\TestProjects\NextGenSoftware.OASIS.API.Providers.TRONOASIS.TestHarness\Program.cs(49,29): error CS1061: 'TRONOASIS' does not contain a definition for 'GetPlayersNearMe' and no accessible extension method 'GetPlayersNearMe' accepting a first argument of type 'TRONOASIS' could be found (are you missing a using directive or an assembly reference?) [C:\Source\OASIS-master\Providers\Blockchain\TestProjects\NextGenSoftware.OASIS.API.Providers.TRONOASIS.TestHarness\NextGenSoftware.OASIS.API.Providers.TRONOASIS.TestHarness.csproj]
C:\Source\OASIS-master\Providers\Blockchain\TestProjects\NextGenSoftware.OASIS.API.Providers.PolygonOASIS.UnitTests\PolygonOASISTests.cs(202,35): error CS1061: 'OASISResult<IAvatarDetail>' does not contain a definition for 'IsSuccess' and no accessible extension method 'IsSuccess' accepting a first argument of type 'OASISResult<IAvatarDetail>' could be found (are you missing a using directive or an assembly reference?) [C:\Source\OASIS-master\Providers\Blockchain\TestProjects\NextGenSoftware.OASIS.API.Providers.PolygonOASIS.UnitTests\NextGenSoftware.OASIS.API.Providers.PolygonOASIS.UnitTests.csproj]
C:\Source\OASIS-master\Providers\Blockchain\TestProjects\NextGenSoftware.OASIS.API.Providers.PolygonOASIS.UnitTests\PolygonOASISTests.cs(213,35): error CS1061: 'OASISResult<IAvatarDetail>' does not contain a definition for 'IsSuccess' and no accessible extension method 'IsSuccess' accepting a first argument of type 'OASISResult<IAvatarDetail>' could be found (are you missing a using directive or an assembly reference?) [C:\Source\OASIS-master\Providers\Blockchain\TestProjects\NextGenSoftware.OASIS.API.Providers.PolygonOASIS.UnitTests\NextGenSoftware.OASIS.API.Providers.PolygonOASIS.UnitTests.csproj]
C:\Source\OASIS-master\Providers\Blockchain\TestProjects\NextGenSoftware.OASIS.API.Providers.PolygonOASIS.UnitTests\PolygonOASISTests.cs(224,35): error CS1061: 'OASISResult<IAvatarDetail>' does not contain a definition for 'IsSuccess' and no accessible extension method 'IsSuccess' accepting a first argument of type 'OASISResult<IAvatarDetail>' could be found (are you missing a using directive or an assembly reference?) [C:\Source\OASIS-master\Providers\Blockchain\TestProjects\NextGenSoftware.OASIS.API.Providers.PolygonOASIS.UnitTests\NextGenSoftware.OASIS.API.Providers.PolygonOASIS.UnitTests.csproj]
C:\Source\OASIS-master\Providers\Blockchain\TestProjects\NextGenSoftware.OASIS.API.Providers.PolygonOASIS.UnitTests\PolygonOASISTests.cs(232,36): error CS1061: 'PolygonOASIS' does not contain a definition for 'GetPlayersNearMe' and no accessible extension method 'GetPlayersNearMe' accepting a first argument of type 'PolygonOASIS' could be found (are you missing a using directive or an assembly reference?) [C:\Source\OASIS-master\Providers\Blockchain\TestProjects\NextGenSoftware.OASIS.API.Providers.PolygonOASIS.UnitTests\NextGenSoftware.OASIS.API.Providers.PolygonOASIS.UnitTests.csproj]
C:\Source\OASIS-master\Providers\Blockchain\TestProjects\NextGenSoftware.OASIS.API.Providers.PolygonOASIS.UnitTests\PolygonOASISTests.cs(246,35): error CS1061: 'OASISResult<IEnumerable<IHolon>>' does not contain a definition for 'IsSuccess' and no accessible extension method 'IsSuccess' accepting a first argument of type 'OASISResult<IEnumerable<IHolon>>' could be found (are you missing a using directive or an assembly reference?) [C:\Source\OASIS-master\Providers\Blockchain\TestProjects\NextGenSoftware.OASIS.API.Providers.PolygonOASIS.UnitTests\NextGenSoftware.OASIS.API.Providers.PolygonOASIS.UnitTests.csproj]
C:\Source\OASIS-master\Providers\Blockchain\TestProjects\NextGenSoftware.OASIS.API.Providers.PolygonOASIS.UnitTests\PolygonOASISTests.cs(254,35): error CS0246: The type or namespace name 'WalletTransactionRequest' could not be found (are you missing a using directive or an assembly reference?) [C:\Source\OASIS-master\Providers\Blockchain\TestProjects\NextGenSoftware.OASIS.API.Providers.PolygonOASIS.UnitTests\NextGenSoftware.OASIS.API.Providers.PolygonOASIS.UnitTests.csproj]
C:\Source\OASIS-master\Providers\Blockchain\TestProjects\NextGenSoftware.OASIS.API.Providers.PolygonOASIS.UnitTests\PolygonOASISTests.cs(268,38): error CS0246: The type or namespace name 'NFTWalletTransactionRequest' could not be found (are you missing a using directive or an assembly reference?) [C:\Source\OASIS-master\Providers\Blockchain\TestProjects\NextGenSoftware.OASIS.API.Providers.PolygonOASIS.UnitTests\NextGenSoftware.OASIS.API.Providers.PolygonOASIS.UnitTests.csproj]
C:\Source\OASIS-master\Providers\Blockchain\TestProjects\NextGenSoftware.OASIS.API.Providers.PolygonOASIS.UnitTests\PolygonOASISTests.cs(282,35): error CS0246: The type or namespace name 'MintNFTTransactionRequest' could not be found (are you missing a using directive or an assembly reference?) [C:\Source\OASIS-master\Providers\Blockchain\TestProjects\NextGenSoftware.OASIS.API.Providers.PolygonOASIS.UnitTests\NextGenSoftware.OASIS.API.Providers.PolygonOASIS.UnitTests.csproj]
C:\Source\OASIS-master\Providers\Blockchain\TestProjects\NextGenSoftware.OASIS.API.Providers.PolygonOASIS.UnitTests\PolygonOASISTests.cs(296,42): error CS1061: 'PolygonOASIS' does not contain a definition for 'LoadNFTAsync' and no accessible extension method 'LoadNFTAsync' accepting a first argument of type 'PolygonOASIS' could be found (are you missing a using directive or an assembly reference?) [C:\Source\OASIS-master\Providers\Blockchain\TestProjects\NextGenSoftware.OASIS.API.Providers.PolygonOASIS.UnitTests\NextGenSoftware.OASIS.API.Providers.PolygonOASIS.UnitTests.csproj]
C:\Source\OASIS-master\Providers\Blockchain\TestProjects\NextGenSoftware.OASIS.API.Providers.PolygonOASIS.UnitTests\PolygonOASISTests.cs(307,42): error CS1061: 'PolygonOASIS' does not contain a definition for 'LoadNFTAsync' and no accessible extension method 'LoadNFTAsync' accepting a first argument of type 'PolygonOASIS' could be found (are you missing a using directive or an assembly reference?) [C:\Source\OASIS-master\Providers\Blockchain\TestProjects\NextGenSoftware.OASIS.API.Providers.PolygonOASIS.UnitTests\NextGenSoftware.OASIS.API.Providers.PolygonOASIS.UnitTests.csproj]
C:\Source\OASIS-master\Providers\Blockchain\TestProjects\NextGenSoftware.OASIS.API.Providers.PolygonOASIS.UnitTests\PolygonOASISTests.cs(318,42): error CS1061: 'PolygonOASIS' does not contain a definition for 'LoadAllNFTsForAvatarAsync' and no accessible extension method 'LoadAllNFTsForAvatarAsync' accepting a first argument of type 'PolygonOASIS' could be found (are you missing a using directive or an assembly reference?) [C:\Source\OASIS-master\Providers\Blockchain\TestProjects\NextGenSoftware.OASIS.API.Providers.PolygonOASIS.UnitTests\NextGenSoftware.OASIS.API.Providers.PolygonOASIS.UnitTests.csproj]
C:\Source\OASIS-master\Providers\Blockchain\TestProjects\NextGenSoftware.OASIS.API.Providers.PolygonOASIS.UnitTests\PolygonOASISTests.cs(329,42): error CS1061: 'PolygonOASIS' does not contain a definition for 'LoadAllGeoNFTsForAvatarAsync' and no accessible extension method 'LoadAllGeoNFTsForAvatarAsync' accepting a first argument of type 'PolygonOASIS' could be found (are you missing a using directive or an assembly reference?) [C:\Source\OASIS-master\Providers\Blockchain\TestProjects\NextGenSoftware.OASIS.API.Providers.PolygonOASIS.UnitTests\NextGenSoftware.OASIS.API.Providers.PolygonOASIS.UnitTests.csproj]
C:\Source\OASIS-master\Providers\Blockchain\TestProjects\NextGenSoftware.OASIS.API.Providers.PolygonOASIS.UnitTests\PolygonOASISTests.cs(340,36): error CS0246: The type or namespace name 'PlaceGeoSpatialNFTRequest' could not be found (are you missing a using directive or an assembly reference?) [C:\Source\OASIS-master\Providers\Blockchain\TestProjects\NextGenSoftware.OASIS.API.Providers.PolygonOASIS.UnitTests\NextGenSoftware.OASIS.API.Providers.PolygonOASIS.UnitTests.csproj]
C:\Source\OASIS-master\Providers\Blockchain\TestProjects\NextGenSoftware.OASIS.API.Providers.PolygonOASIS.UnitTests\PolygonOASISTests.cs(343,42): error CS1061: 'PolygonOASIS' does not contain a definition for 'PlaceGeoNFTAsync' and no accessible extension method 'PlaceGeoNFTAsync' accepting a first argument of type 'PolygonOASIS' could be found (are you missing a using directive or an assembly reference?) [C:\Source\OASIS-master\Providers\Blockchain\TestProjects\NextGenSoftware.OASIS.API.Providers.PolygonOASIS.UnitTests\NextGenSoftware.OASIS.API.Providers.PolygonOASIS.UnitTests.csproj]
C:\Source\OASIS-master\Providers\Blockchain\TestProjects\NextGenSoftware.OASIS.API.Providers.PolygonOASIS.UnitTests\PolygonOASISTests.cs(354,43): error CS0246: The type or namespace name 'MintAndPlaceGeoSpatialNFTRequest' could not be found (are you missing a using directive or an assembly reference?) [C:\Source\OASIS-master\Providers\Blockchain\TestProjects\NextGenSoftware.OASIS.API.Providers.PolygonOASIS.UnitTests\NextGenSoftware.OASIS.API.Providers.PolygonOASIS.UnitTests.csproj]
C:\Source\OASIS-master\Providers\Blockchain\TestProjects\NextGenSoftware.OASIS.API.Providers.PolygonOASIS.UnitTests\PolygonOASISTests.cs(357,42): error CS1061: 'PolygonOASIS' does not contain a definition for 'MintAndPlaceGeoNFTAsync' and no accessible extension method 'MintAndPlaceGeoNFTAsync' accepting a first argument of type 'PolygonOASIS' could be found (are you missing a using directive or an assembly reference?) [C:\Source\OASIS-master\Providers\Blockchain\TestProjects\NextGenSoftware.OASIS.API.Providers.PolygonOASIS.UnitTests\NextGenSoftware.OASIS.API.Providers.PolygonOASIS.UnitTests.csproj]
C:\Source\OASIS-master\Providers\Blockchain\TestProjects\NextGenSoftware.OASIS.API.Providers.PolygonOASIS.UnitTests\PolygonOASISTests.cs(368,36): error CS0246: The type or namespace name 'SearchParams' could not be found (are you missing a using directive or an assembly reference?) [C:\Source\OASIS-master\Providers\Blockchain\TestProjects\NextGenSoftware.OASIS.API.Providers.PolygonOASIS.UnitTests\NextGenSoftware.OASIS.API.Providers.PolygonOASIS.UnitTests.csproj]
C:\Source\OASIS-master\Providers\Blockchain\TestProjects\NextGenSoftware.OASIS.API.Providers.PolygonOASIS.UnitTests\PolygonOASISTests.cs(374,35): error CS1061: 'OASISResult<ISearchResults>' does not contain a definition for 'IsSuccess' and no accessible extension method 'IsSuccess' accepting a first argument of type 'OASISResult<ISearchResults>' could be found (are you missing a using directive or an assembly reference?) [C:\Source\OASIS-master\Providers\Blockchain\TestProjects\NextGenSoftware.OASIS.API.Providers.PolygonOASIS.UnitTests\NextGenSoftware.OASIS.API.Providers.PolygonOASIS.UnitTests.csproj]
C:\Source\OASIS-master\Providers\Blockchain\TestProjects\NextGenSoftware.OASIS.API.Providers.PolygonOASIS.UnitTests\PolygonOASISTests.cs(388,35): error CS1061: 'OASISResult<bool>' does not contain a definition for 'IsSuccess' and no accessible extension method 'IsSuccess' accepting a first argument of type 'OASISResult<bool>' could be found (are you missing a using directive or an assembly reference?) [C:\Source\OASIS-master\Providers\Blockchain\TestProjects\NextGenSoftware.OASIS.API.Providers.PolygonOASIS.UnitTests\NextGenSoftware.OASIS.API.Providers.PolygonOASIS.UnitTests.csproj]
C:\Source\OASIS-master\Providers\Blockchain\TestProjects\NextGenSoftware.OASIS.API.Providers.PolygonOASIS.UnitTests\PolygonOASISTests.cs(399,35): error CS1061: 'OASISResult<IEnumerable<IHolon>>' does not contain a definition for 'IsSuccess' and no accessible extension method 'IsSuccess' accepting a first argument of type 'OASISResult<IEnumerable<IHolon>>' could be found (are you missing a using directive or an assembly reference?) [C:\Source\OASIS-master\Providers\Blockchain\TestProjects\NextGenSoftware.OASIS.API.Providers.PolygonOASIS.UnitTests\NextGenSoftware.OASIS.API.Providers.PolygonOASIS.UnitTests.csproj]
C:\Source\OASIS-master\Providers\Blockchain\TestProjects\NextGenSoftware.OASIS.API.Providers.PolygonOASIS.UnitTests\PolygonOASISTests.cs(410,35): error CS1061: 'OASISResult<IEnumerable<IHolon>>' does not contain a definition for 'IsSuccess' and no accessible extension method 'IsSuccess' accepting a first argument of type 'OASISResult<IEnumerable<IHolon>>' could be found (are you missing a using directive or an assembly reference?) [C:\Source\OASIS-master\Providers\Blockchain\TestProjects\NextGenSoftware.OASIS.API.Providers.PolygonOASIS.UnitTests\NextGenSoftware.OASIS.API.Providers.PolygonOASIS.UnitTests.csproj]
C:\Source\OASIS-master\Providers\Blockchain\TestProjects\NextGenSoftware.OASIS.API.Providers.PolygonOASIS.UnitTests\PolygonOASISTests.cs(421,35): error CS1061: 'OASISResult<IEnumerable<IHolon>>' does not contain a definition for 'IsSuccess' and no accessible extension method 'IsSuccess' accepting a first argument of type 'OASISResult<IEnumerable<IHolon>>' could be found (are you missing a using directive or an assembly reference?) [C:\Source\OASIS-master\Providers\Blockchain\TestProjects\NextGenSoftware.OASIS.API.Providers.PolygonOASIS.UnitTests\NextGenSoftware.OASIS.API.Providers.PolygonOASIS.UnitTests.csproj]
C:\Source\OASIS-master\Providers\Blockchain\TestProjects\NextGenSoftware.OASIS.API.Providers.PolygonOASIS.UnitTests\PolygonOASISTests.cs(432,35): error CS1061: 'OASISResult<IEnumerable<IHolon>>' does not contain a definition for 'IsSuccess' and no accessible extension method 'IsSuccess' accepting a first argument of type 'OASISResult<IEnumerable<IHolon>>' could be found (are you missing a using directive or an assembly reference?) [C:\Source\OASIS-master\Providers\Blockchain\TestProjects\NextGenSoftware.OASIS.API.Providers.PolygonOASIS.UnitTests\NextGenSoftware.OASIS.API.Providers.PolygonOASIS.UnitTests.csproj]
C:\Source\OASIS-master\Providers\Blockchain\TestProjects\NextGenSoftware.OASIS.API.Providers.PolygonOASIS.UnitTests\PolygonOASISTests.cs(440,20): error CS0411: The type arguments for method 'Assert.AreEqual<T>(T?, T?)' cannot be inferred from the usage. Try specifying the type arguments explicitly. [C:\Source\OASIS-master\Providers\Blockchain\TestProjects\NextGenSoftware.OASIS.API.Providers.PolygonOASIS.UnitTests\NextGenSoftware.OASIS.API.Providers.PolygonOASIS.UnitTests.csproj]
C:\Source\OASIS-master\Providers\Blockchain\TestProjects\NextGenSoftware.OASIS.API.Providers.PolygonOASIS.UnitTests\PolygonOASISTests.cs(447,46): error CS0117: 'ProviderCategory' does not contain a definition for 'BlockchainStorage' [C:\Source\OASIS-master\Providers\Blockchain\TestProjects\NextGenSoftware.OASIS.API.Providers.PolygonOASIS.UnitTests\NextGenSoftware.OASIS.API.Providers.PolygonOASIS.UnitTests.csproj]
C:\Source\OASIS-master\Providers\Network\TestProjects\NextGenSoftware.OASIS.API.Providers.ActivityPubOASIS.UnitTests\ActivityPubOASISTests.cs(2,33): error CS0234: The type or namespace name 'Core' does not exist in the namespace 'NextGenSoftware.OASIS.API' (are you missing an assembly reference?) [C:\Source\OASIS-master\Providers\Network\TestProjects\NextGenSoftware.OASIS.API.Providers.ActivityPubOASIS.UnitTests\NextGenSoftware.OASIS.API.Providers.ActivityPubOASIS.UnitTests.csproj]
C:\Source\OASIS-master\Providers\Network\TestProjects\NextGenSoftware.OASIS.API.Providers.ActivityPubOASIS.UnitTests\ActivityPubOASISTests.cs(3,33): error CS0234: The type or namespace name 'Core' does not exist in the namespace 'NextGenSoftware.OASIS.API' (are you missing an assembly reference?) [C:\Source\OASIS-master\Providers\Network\TestProjects\NextGenSoftware.OASIS.API.Providers.ActivityPubOASIS.UnitTests\NextGenSoftware.OASIS.API.Providers.ActivityPubOASIS.UnitTests.csproj]
C:\Source\OASIS-master\Providers\Network\TestProjects\NextGenSoftware.OASIS.API.Providers.HoloOASIS.TestHarness\Program.cs(18,40): error CS0118: 'HoloOASIS' is a namespace but is used like a type [C:\Source\OASIS-master\Providers\Network\TestProjects\NextGenSoftware.OASIS.API.Providers.HoloOASIS.TestHarness\NextGenSoftware.OASIS.API.Providers.HoloOASIS.TestHarness.csproj]
C:\Source\OASIS-master\Providers\Network\TestProjects\NextGenSoftware.OASIS.API.Providers.HoloOASIS.IntegrationTests\HoloOASISIntegrationTests.cs(14,36): error CS0118: 'HoloOASIS' is a namespace but is used like a type [C:\Source\OASIS-master\Providers\Network\TestProjects\NextGenSoftware.OASIS.API.Providers.HoloOASIS.IntegrationTests\NextGenSoftware.OASIS.API.Providers.HoloOASIS.IntegrationTests.csproj]
C:\Source\OASIS-master\Providers\Network\TestProjects\NextGenSoftware.OASIS.API.Providers.HoloOASIS.IntegrationTests\HoloOASISIntegrationTests.cs(33,36): error CS0118: 'HoloOASIS' is a namespace but is used like a type [C:\Source\OASIS-master\Providers\Network\TestProjects\NextGenSoftware.OASIS.API.Providers.HoloOASIS.IntegrationTests\NextGenSoftware.OASIS.API.Providers.HoloOASIS.IntegrationTests.csproj]
C:\Source\OASIS-master\Providers\Network\TestProjects\NextGenSoftware.OASIS.API.Providers.HoloOASIS.IntegrationTests\HoloOASISIntegrationTests.cs(52,36): error CS0118: 'HoloOASIS' is a namespace but is used like a type [C:\Source\OASIS-master\Providers\Network\TestProjects\NextGenSoftware.OASIS.API.Providers.HoloOASIS.IntegrationTests\NextGenSoftware.OASIS.API.Providers.HoloOASIS.IntegrationTests.csproj]
C:\Source\OASIS-master\Providers\Network\TestProjects\NextGenSoftware.OASIS.API.Providers.HoloOASIS.IntegrationTests\HoloOASISIntegrationTests.cs(75,36): error CS0118: 'HoloOASIS' is a namespace but is used like a type [C:\Source\OASIS-master\Providers\Network\TestProjects\NextGenSoftware.OASIS.API.Providers.HoloOASIS.IntegrationTests\NextGenSoftware.OASIS.API.Providers.HoloOASIS.IntegrationTests.csproj]
C:\Source\OASIS-master\Providers\Network\TestProjects\NextGenSoftware.OASIS.API.Providers.HoloOASIS.IntegrationTests\HoloOASISIntegrationTests.cs(93,36): error CS0118: 'HoloOASIS' is a namespace but is used like a type [C:\Source\OASIS-master\Providers\Network\TestProjects\NextGenSoftware.OASIS.API.Providers.HoloOASIS.IntegrationTests\NextGenSoftware.OASIS.API.Providers.HoloOASIS.IntegrationTests.csproj]
C:\Source\OASIS-master\Providers\Network\TestProjects\NextGenSoftware.OASIS.API.Providers.HoloOASIS.UnitTests\HoloOASISTests.cs(5,33): error CS0234: The type or namespace name 'Core' does not exist in the namespace 'NextGenSoftware.OASIS.API' (are you missing an assembly reference?) [C:\Source\OASIS-master\Providers\Network\TestProjects\NextGenSoftware.OASIS.API.Providers.HoloOASIS.UnitTests\NextGenSoftware.OASIS.API.Providers.HoloOASIS.UnitTests.csproj]
C:\Source\OASIS-master\Providers\Network\TestProjects\NextGenSoftware.OASIS.API.Providers.IPFSOASIS.TestHarness\Program.cs(5,33): error CS0234: The type or namespace name 'Core' does not exist in the namespace 'NextGenSoftware.OASIS.API' (are you missing an assembly reference?) [C:\Source\OASIS-master\Providers\Network\TestProjects\NextGenSoftware.OASIS.API.Providers.IPFSOASIS.TestHarness\NextGenSoftware.OASIS.API.Providers.IPFSOASIS.TestHarness.csproj]
C:\Source\OASIS-master\Providers\Network\TestProjects\NextGenSoftware.OASIS.API.Providers.IPFSOASIS.TestHarness\Program.cs(6,33): error CS0234: The type or namespace name 'Core' does not exist in the namespace 'NextGenSoftware.OASIS.API' (are you missing an assembly reference?) [C:\Source\OASIS-master\Providers\Network\TestProjects\NextGenSoftware.OASIS.API.Providers.IPFSOASIS.TestHarness\NextGenSoftware.OASIS.API.Providers.IPFSOASIS.TestHarness.csproj]
C:\Source\OASIS-master\Providers\Network\TestProjects\NextGenSoftware.OASIS.API.Providers.IPFSOASIS.IntegrationTests\IPFSOASISIntegrationTests.cs(5,33): error CS0234: The type or namespace name 'Core' does not exist in the namespace 'NextGenSoftware.OASIS.API' (are you missing an assembly reference?) [C:\Source\OASIS-master\Providers\Network\TestProjects\NextGenSoftware.OASIS.API.Providers.IPFSOASIS.IntegrationTests\NextGenSoftware.OASIS.API.Providers.IPFSOASIS.IntegrationTests.csproj]
C:\Source\OASIS-master\Providers\Maps\TestProjects\NextGenSoftware.OASIS.API.Providers.MapboxOASIS.UnitTests\MapboxOASISUnitTests.cs(13,17): error CS0118: 'MapboxOASIS' is a namespace but is used like a type [C:\Source\OASIS-master\Providers\Maps\TestProjects\NextGenSoftware.OASIS.API.Providers.MapboxOASIS.UnitTests\NextGenSoftware.OASIS.API.Providers.MapboxOASIS.UnitTests.csproj]
C:\Source\OASIS-master\Providers\Network\TestProjects\NextGenSoftware.OASIS.API.Providers.IPFSOASIS.UnitTests\IPFSOASISTests.cs(6,33): error CS0234: The type or namespace name 'Core' does not exist in the namespace 'NextGenSoftware.OASIS.API' (are you missing an assembly reference?) [C:\Source\OASIS-master\Providers\Network\TestProjects\NextGenSoftware.OASIS.API.Providers.IPFSOASIS.UnitTests\NextGenSoftware.OASIS.API.Providers.IPFSOASIS.UnitTests.csproj]
C:\Source\OASIS-master\Providers\Network\TestProjects\NextGenSoftware.OASIS.API.Providers.IPFSOASIS.UnitTests\IPFSOASISTests.cs(7,33): error CS0234: The type or namespace name 'Core' does not exist in the namespace 'NextGenSoftware.OASIS.API' (are you missing an assembly reference?) [C:\Source\OASIS-master\Providers\Network\TestProjects\NextGenSoftware.OASIS.API.Providers.IPFSOASIS.UnitTests\NextGenSoftware.OASIS.API.Providers.IPFSOASIS.UnitTests.csproj]
C:\Source\OASIS-master\Providers\Maps\TestProjects\NextGenSoftware.OASIS.API.Providers.MapboxOASIS.IntegrationTests\MapboxOASISIntegrationTests.cs(14,17): error CS0118: 'MapboxOASIS' is a namespace but is used like a type [C:\Source\OASIS-master\Providers\Maps\TestProjects\NextGenSoftware.OASIS.API.Providers.MapboxOASIS.IntegrationTests\NextGenSoftware.OASIS.API.Providers.MapboxOASIS.IntegrationTests.csproj]
C:\Source\OASIS-master\Providers\Network\TestProjects\NextGenSoftware.OASIS.API.Providers.ScuttlebuttOASIS.IntegrationTests\ScuttlebuttOASISIntegrationTests.cs(14,43): error CS0118: 'ScuttlebuttOASIS' is a namespace but is used like a type [C:\Source\OASIS-master\Providers\Network\TestProjects\NextGenSoftware.OASIS.API.Providers.ScuttlebuttOASIS.IntegrationTests\NextGenSoftware.OASIS.API.Providers.ScuttlebuttOASIS.IntegrationTests.csproj]
C:\Source\OASIS-master\Providers\Network\TestProjects\NextGenSoftware.OASIS.API.Providers.ScuttlebuttOASIS.IntegrationTests\ScuttlebuttOASISIntegrationTests.cs(33,43): error CS0118: 'ScuttlebuttOASIS' is a namespace but is used like a type [C:\Source\OASIS-master\Providers\Network\TestProjects\NextGenSoftware.OASIS.API.Providers.ScuttlebuttOASIS.IntegrationTests\NextGenSoftware.OASIS.API.Providers.ScuttlebuttOASIS.IntegrationTests.csproj]
C:\Source\OASIS-master\Providers\Network\TestProjects\NextGenSoftware.OASIS.API.Providers.ScuttlebuttOASIS.IntegrationTests\ScuttlebuttOASISIntegrationTests.cs(52,43): error CS0118: 'ScuttlebuttOASIS' is a namespace but is used like a type [C:\Source\OASIS-master\Providers\Network\TestProjects\NextGenSoftware.OASIS.API.Providers.ScuttlebuttOASIS.IntegrationTests\NextGenSoftware.OASIS.API.Providers.ScuttlebuttOASIS.IntegrationTests.csproj]
C:\Source\OASIS-master\Providers\Network\TestProjects\NextGenSoftware.OASIS.API.Providers.ScuttlebuttOASIS.IntegrationTests\ScuttlebuttOASISIntegrationTests.cs(75,43): error CS0118: 'ScuttlebuttOASIS' is a namespace but is used like a type [C:\Source\OASIS-master\Providers\Network\TestProjects\NextGenSoftware.OASIS.API.Providers.ScuttlebuttOASIS.IntegrationTests\NextGenSoftware.OASIS.API.Providers.ScuttlebuttOASIS.IntegrationTests.csproj]
C:\Source\OASIS-master\Providers\Network\TestProjects\NextGenSoftware.OASIS.API.Providers.ScuttlebuttOASIS.TestHarness\Program.cs(18,47): error CS0118: 'ScuttlebuttOASIS' is a namespace but is used like a type [C:\Source\OASIS-master\Providers\Network\TestProjects\NextGenSoftware.OASIS.API.Providers.ScuttlebuttOASIS.TestHarness\NextGenSoftware.OASIS.API.Providers.ScuttlebuttOASIS.TestHarness.csproj]
C:\Source\OASIS-master\Providers\Cloud\TestProjects\NextGenSoftware.OASIS.API.Providers.AWSOASIS.IntegrationTests\AWSOASISIntegrationTests.cs(26,30): error CS0246: The type or namespace name 'Avatar' could not be found (are you missing a using directive or an assembly reference?) [C:\Source\OASIS-master\Providers\Cloud\TestProjects\NextGenSoftware.OASIS.API.Providers.AWSOASIS.IntegrationTests\NextGenSoftware.OASIS.API.Providers.AWSOASIS.IntegrationTests.csproj]
C:\Source\OASIS-master\Providers\Cloud\TestProjects\NextGenSoftware.OASIS.API.Providers.AWSOASIS.IntegrationTests\AWSOASISIntegrationTests.cs(62,29): error CS0246: The type or namespace name 'Holon' could not be found (are you missing a using directive or an assembly reference?) [C:\Source\OASIS-master\Providers\Cloud\TestProjects\NextGenSoftware.OASIS.API.Providers.AWSOASIS.IntegrationTests\NextGenSoftware.OASIS.API.Providers.AWSOASIS.IntegrationTests.csproj]
C:\Source\OASIS-master\Providers\Cloud\TestProjects\NextGenSoftware.OASIS.API.Providers.AWSOASIS.IntegrationTests\AWSOASISIntegrationTests.cs(95,36): error CS0246: The type or namespace name 'SearchParams' could not be found (are you missing a using directive or an assembly reference?) [C:\Source\OASIS-master\Providers\Cloud\TestProjects\NextGenSoftware.OASIS.API.Providers.AWSOASIS.IntegrationTests\NextGenSoftware.OASIS.API.Providers.AWSOASIS.IntegrationTests.csproj]
C:\Source\OASIS-master\Providers\Cloud\TestProjects\NextGenSoftware.OASIS.API.Providers.AWSOASIS.IntegrationTests\AWSOASISIntegrationTests.cs(98,30): error CS0103: The name 'SearchType' does not exist in the current context [C:\Source\OASIS-master\Providers\Cloud\TestProjects\NextGenSoftware.OASIS.API.Providers.AWSOASIS.IntegrationTests\NextGenSoftware.OASIS.API.Providers.AWSOASIS.IntegrationTests.csproj]
C:\Source\OASIS-master\Providers\Cloud\TestProjects\NextGenSoftware.OASIS.API.Providers.AWSOASIS.IntegrationTests\AWSOASISIntegrationTests.cs(102,42): error CS1061: 'AWSOASIS' does not contain a definition for 'SearchAvatarsAsync' and no accessible extension method 'SearchAvatarsAsync' accepting a first argument of type 'AWSOASIS' could be found (are you missing a using directive or an assembly reference?) [C:\Source\OASIS-master\Providers\Cloud\TestProjects\NextGenSoftware.OASIS.API.Providers.AWSOASIS.IntegrationTests\NextGenSoftware.OASIS.API.Providers.AWSOASIS.IntegrationTests.csproj]
C:\Source\OASIS-master\Providers\Cloud\TestProjects\NextGenSoftware.OASIS.API.Providers.AWSOASIS.IntegrationTests\AWSOASISIntegrationTests.cs(114,36): error CS0246: The type or namespace name 'SearchParams' could not be found (are you missing a using directive or an assembly reference?) [C:\Source\OASIS-master\Providers\Cloud\TestProjects\NextGenSoftware.OASIS.API.Providers.AWSOASIS.IntegrationTests\NextGenSoftware.OASIS.API.Providers.AWSOASIS.IntegrationTests.csproj]
C:\Source\OASIS-master\Providers\Cloud\TestProjects\NextGenSoftware.OASIS.API.Providers.AWSOASIS.IntegrationTests\AWSOASISIntegrationTests.cs(117,30): error CS0103: The name 'SearchType' does not exist in the current context [C:\Source\OASIS-master\Providers\Cloud\TestProjects\NextGenSoftware.OASIS.API.Providers.AWSOASIS.IntegrationTests\NextGenSoftware.OASIS.API.Providers.AWSOASIS.IntegrationTests.csproj]
C:\Source\OASIS-master\Providers\Cloud\TestProjects\NextGenSoftware.OASIS.API.Providers.AWSOASIS.IntegrationTests\AWSOASISIntegrationTests.cs(121,42): error CS1061: 'AWSOASIS' does not contain a definition for 'SearchHolonsAsync' and no accessible extension method 'SearchHolonsAsync' accepting a first argument of type 'AWSOASIS' could be found (are you missing a using directive or an assembly reference?) [C:\Source\OASIS-master\Providers\Cloud\TestProjects\NextGenSoftware.OASIS.API.Providers.AWSOASIS.IntegrationTests\NextGenSoftware.OASIS.API.Providers.AWSOASIS.IntegrationTests.csproj]
C:\Source\OASIS-master\Providers\Maps\TestProjects\NextGenSoftware.OASIS.API.Providers.MapboxOASIS.TestHarness\MapboxOASISTestHarness.cs(12,24): error CS0118: 'MapboxOASIS' is a namespace but is used like a type [C:\Source\OASIS-master\Providers\Maps\TestProjects\NextGenSoftware.OASIS.API.Providers.MapboxOASIS.TestHarness\NextGenSoftware.OASIS.API.Providers.MapboxOASIS.TestHarness.csproj]
C:\Source\OASIS-master\Providers\Network\TestProjects\NextGenSoftware.OASIS.API.Providers.ScuttlebuttOASIS.UnitTests\ScuttlebuttOASISTests.cs(5,33): error CS0234: The type or namespace name 'Core' does not exist in the namespace 'NextGenSoftware.OASIS.API' (are you missing an assembly reference?) [C:\Source\OASIS-master\Providers\Network\TestProjects\NextGenSoftware.OASIS.API.Providers.ScuttlebuttOASIS.UnitTests\NextGenSoftware.OASIS.API.Providers.ScuttlebuttOASIS.UnitTests.csproj]
C:\Source\OASIS-master\Providers\Network\TestProjects\NextGenSoftware.OASIS.API.Providers.SOLIDOASIS.TestHarness\Program.cs(1,33): error CS0234: The type or namespace name 'Core' does not exist in the namespace 'NextGenSoftware.OASIS.API' (are you missing an assembly reference?) [C:\Source\OASIS-master\Providers\Network\TestProjects\NextGenSoftware.OASIS.API.Providers.SOLIDOASIS.TestHarness\NextGenSoftware.OASIS.API.Providers.SOLIDOASIS.TestHarness.csproj]
C:\Source\OASIS-master\Providers\Network\TestProjects\NextGenSoftware.OASIS.API.Providers.SOLIDOASIS.TestHarness\Program.cs(2,33): error CS0234: The type or namespace name 'Core' does not exist in the namespace 'NextGenSoftware.OASIS.API' (are you missing an assembly reference?) [C:\Source\OASIS-master\Providers\Network\TestProjects\NextGenSoftware.OASIS.API.Providers.SOLIDOASIS.TestHarness\NextGenSoftware.OASIS.API.Providers.SOLIDOASIS.TestHarness.csproj]
C:\Source\OASIS-master\Providers\Network\TestProjects\NextGenSoftware.OASIS.API.Providers.SOLIDOASIS.TestHarness\Program.cs(3,33): error CS0234: The type or namespace name 'Core' does not exist in the namespace 'NextGenSoftware.OASIS.API' (are you missing an assembly reference?) [C:\Source\OASIS-master\Providers\Network\TestProjects\NextGenSoftware.OASIS.API.Providers.SOLIDOASIS.TestHarness\NextGenSoftware.OASIS.API.Providers.SOLIDOASIS.TestHarness.csproj]
C:\Source\OASIS-master\Providers\Network\TestProjects\NextGenSoftware.OASIS.API.Providers.SOLIDOASIS.IntegrationTests\SOLIDOASISIntegrationTests.cs(2,33): error CS0234: The type or namespace name 'Core' does not exist in the namespace 'NextGenSoftware.OASIS.API' (are you missing an assembly reference?) [C:\Source\OASIS-master\Providers\Network\TestProjects\NextGenSoftware.OASIS.API.Providers.SOLIDOASIS.IntegrationTests\NextGenSoftware.OASIS.API.Providers.SOLIDOASIS.IntegrationTests.csproj]
C:\Source\OASIS-master\Providers\Network\TestProjects\NextGenSoftware.OASIS.API.Providers.SOLIDOASIS.IntegrationTests\SOLIDOASISIntegrationTests.cs(16,22): error CS0118: 'SOLIDOASIS' is a namespace but is used like a type [C:\Source\OASIS-master\Providers\Network\TestProjects\NextGenSoftware.OASIS.API.Providers.SOLIDOASIS.IntegrationTests\NextGenSoftware.OASIS.API.Providers.SOLIDOASIS.IntegrationTests.csproj]
C:\Source\OASIS-master\Providers\Other\TestProjects\NextGenSoftware.OASIS.API.Core.ARC.Membrane.TestHarness\Program.cs(1,29): error CS0234: The type or namespace name 'ARC' does not exist in the namespace 'NextGenSoftware.OASIS' (are you missing an assembly reference?) [C:\Source\OASIS-master\Providers\Other\TestProjects\NextGenSoftware.OASIS.API.Core.ARC.Membrane.TestHarness\NextGenSoftware.OASIS.API.Core.ARC.Membrane.TestHarness.csproj]
C:\Source\OASIS-master\Providers\Other\TestProjects\NextGenSoftware.OASIS.API.Core.Apollo.Server.TestHarness\Program.cs(14,13): error CS0103: The name 'ApolloServer' does not exist in the current context [C:\Source\OASIS-master\Providers\Other\TestProjects\NextGenSoftware.OASIS.API.Core.Apollo.Server.TestHarness\NextGenSoftware.OASIS.API.Core.Apollo.Server.TestHarness.csproj]
C:\Source\OASIS-master\Providers\Other\TestProjects\NextGenSoftware.OASIS.API.Core.Apollo.Server.TestHarness\Program.cs(21,13): error CS0103: The name 'ApolloServer' does not exist in the current context [C:\Source\OASIS-master\Providers\Other\TestProjects\NextGenSoftware.OASIS.API.Core.Apollo.Server.TestHarness\NextGenSoftware.OASIS.API.Core.Apollo.Server.TestHarness.csproj]
C:\Source\OASIS-master\Providers\Blockchain\TestProjects\NextGenSoftware.OASIS.API.Providers.TRONOASIS.UnitTests\TRONOASISTests.cs(92,26): error CS1061: 'TRONOASIS' does not contain a definition for 'GetPlayersNearMe' and no accessible extension method 'GetPlayersNearMe' accepting a first argument of type 'TRONOASIS' could be found (are you missing a using directive or an assembly reference?) [C:\Source\OASIS-master\Providers\Blockchain\TestProjects\NextGenSoftware.OASIS.API.Providers.TRONOASIS.UnitTests\NextGenSoftware.OASIS.API.Providers.TRONOASIS.UnitTests.csproj]
C:\Source\OASIS-master\Providers\Blockchain\TestProjects\NextGenSoftware.OASIS.API.Providers.TRONOASIS.UnitTests\TRONOASISTests.cs(105,42): error CS0103: The name 'HolonType' does not exist in the current context [C:\Source\OASIS-master\Providers\Blockchain\TestProjects\NextGenSoftware.OASIS.API.Providers.TRONOASIS.UnitTests\NextGenSoftware.OASIS.API.Providers.TRONOASIS.UnitTests.csproj]
C:\Source\OASIS-master\Providers\Blockchain\TestProjects\NextGenSoftware.OASIS.API.Providers.TRONOASIS.UnitTests\TRONOASISTests.cs(118,26): error CS7036: There is no argument given that corresponds to the required parameter 'toWalletAddress' of 'TRONOASIS.SendTransaction(string, string, decimal, string)' [C:\Source\OASIS-master\Providers\Blockchain\TestProjects\NextGenSoftware.OASIS.API.Providers.TRONOASIS.UnitTests\NextGenSoftware.OASIS.API.Providers.TRONOASIS.UnitTests.csproj]
C:\Source\OASIS-master\Providers\Network\TestProjects\NextGenSoftware.OASIS.API.Providers.SOLIDOASIS.UnitTests\SOLIDOASISTests.cs(2,33): error CS0234: The type or namespace name 'Core' does not exist in the namespace 'NextGenSoftware.OASIS.API' (are you missing an assembly reference?) [C:\Source\OASIS-master\Providers\Network\TestProjects\NextGenSoftware.OASIS.API.Providers.SOLIDOASIS.UnitTests\NextGenSoftware.OASIS.API.Providers.SOLIDOASIS.UnitTests.csproj]
C:\Source\OASIS-master\Providers\Network\TestProjects\NextGenSoftware.OASIS.API.Providers.SOLIDOASIS.UnitTests\SOLIDOASISTests.cs(3,33): error CS0234: The type or namespace name 'Core' does not exist in the namespace 'NextGenSoftware.OASIS.API' (are you missing an assembly reference?) [C:\Source\OASIS-master\Providers\Network\TestProjects\NextGenSoftware.OASIS.API.Providers.SOLIDOASIS.UnitTests\NextGenSoftware.OASIS.API.Providers.SOLIDOASIS.UnitTests.csproj]
C:\Source\OASIS-master\Providers\Network\TestProjects\NextGenSoftware.OASIS.API.Providers.SOLIDOASIS.UnitTests\SOLIDOASISTests.cs(16,6): error CS0246: The type or namespace name 'FactAttribute' could not be found (are you missing a using directive or an assembly reference?) [C:\Source\OASIS-master\Providers\Network\TestProjects\NextGenSoftware.OASIS.API.Providers.SOLIDOASIS.UnitTests\NextGenSoftware.OASIS.API.Providers.SOLIDOASIS.UnitTests.csproj]
C:\Source\OASIS-master\Providers\Network\TestProjects\NextGenSoftware.OASIS.API.Providers.SOLIDOASIS.UnitTests\SOLIDOASISTests.cs(16,6): error CS0246: The type or namespace name 'Fact' could not be found (are you missing a using directive or an assembly reference?) [C:\Source\OASIS-master\Providers\Network\TestProjects\NextGenSoftware.OASIS.API.Providers.SOLIDOASIS.UnitTests\NextGenSoftware.OASIS.API.Providers.SOLIDOASIS.UnitTests.csproj]
C:\Source\OASIS-master\Providers\Network\TestProjects\NextGenSoftware.OASIS.API.Providers.SOLIDOASIS.UnitTests\SOLIDOASISTests.cs(30,6): error CS0246: The type or namespace name 'FactAttribute' could not be found (are you missing a using directive or an assembly reference?) [C:\Source\OASIS-master\Providers\Network\TestProjects\NextGenSoftware.OASIS.API.Providers.SOLIDOASIS.UnitTests\NextGenSoftware.OASIS.API.Providers.SOLIDOASIS.UnitTests.csproj]
C:\Source\OASIS-master\Providers\Network\TestProjects\NextGenSoftware.OASIS.API.Providers.SOLIDOASIS.UnitTests\SOLIDOASISTests.cs(30,6): error CS0246: The type or namespace name 'Fact' could not be found (are you missing a using directive or an assembly reference?) [C:\Source\OASIS-master\Providers\Network\TestProjects\NextGenSoftware.OASIS.API.Providers.SOLIDOASIS.UnitTests\NextGenSoftware.OASIS.API.Providers.SOLIDOASIS.UnitTests.csproj]
C:\Source\OASIS-master\Providers\Network\TestProjects\NextGenSoftware.OASIS.API.Providers.SOLIDOASIS.UnitTests\SOLIDOASISTests.cs(38,6): error CS0246: The type or namespace name 'FactAttribute' could not be found (are you missing a using directive or an assembly reference?) [C:\Source\OASIS-master\Providers\Network\TestProjects\NextGenSoftware.OASIS.API.Providers.SOLIDOASIS.UnitTests\NextGenSoftware.OASIS.API.Providers.SOLIDOASIS.UnitTests.csproj]
C:\Source\OASIS-master\Providers\Network\TestProjects\NextGenSoftware.OASIS.API.Providers.SOLIDOASIS.UnitTests\SOLIDOASISTests.cs(38,6): error CS0246: The type or namespace name 'Fact' could not be found (are you missing a using directive or an assembly reference?) [C:\Source\OASIS-master\Providers\Network\TestProjects\NextGenSoftware.OASIS.API.Providers.SOLIDOASIS.UnitTests\NextGenSoftware.OASIS.API.Providers.SOLIDOASIS.UnitTests.csproj]
C:\Source\OASIS-master\Providers\Network\TestProjects\NextGenSoftware.OASIS.API.Providers.SOLIDOASIS.UnitTests\SOLIDOASISTests.cs(49,6): error CS0246: The type or namespace name 'FactAttribute' could not be found (are you missing a using directive or an assembly reference?) [C:\Source\OASIS-master\Providers\Network\TestProjects\NextGenSoftware.OASIS.API.Providers.SOLIDOASIS.UnitTests\NextGenSoftware.OASIS.API.Providers.SOLIDOASIS.UnitTests.csproj]
C:\Source\OASIS-master\Providers\Network\TestProjects\NextGenSoftware.OASIS.API.Providers.SOLIDOASIS.UnitTests\SOLIDOASISTests.cs(49,6): error CS0246: The type or namespace name 'Fact' could not be found (are you missing a using directive or an assembly reference?) [C:\Source\OASIS-master\Providers\Network\TestProjects\NextGenSoftware.OASIS.API.Providers.SOLIDOASIS.UnitTests\NextGenSoftware.OASIS.API.Providers.SOLIDOASIS.UnitTests.csproj]
C:\Source\OASIS-master\Providers\Network\TestProjects\NextGenSoftware.OASIS.API.Providers.SOLIDOASIS.UnitTests\SOLIDOASISTests.cs(60,6): error CS0246: The type or namespace name 'FactAttribute' could not be found (are you missing a using directive or an assembly reference?) [C:\Source\OASIS-master\Providers\Network\TestProjects\NextGenSoftware.OASIS.API.Providers.SOLIDOASIS.UnitTests\NextGenSoftware.OASIS.API.Providers.SOLIDOASIS.UnitTests.csproj]
C:\Source\OASIS-master\Providers\Network\TestProjects\NextGenSoftware.OASIS.API.Providers.SOLIDOASIS.UnitTests\SOLIDOASISTests.cs(60,6): error CS0246: The type or namespace name 'Fact' could not be found (are you missing a using directive or an assembly reference?) [C:\Source\OASIS-master\Providers\Network\TestProjects\NextGenSoftware.OASIS.API.Providers.SOLIDOASIS.UnitTests\NextGenSoftware.OASIS.API.Providers.SOLIDOASIS.UnitTests.csproj]
C:\Source\OASIS-master\Providers\Network\TestProjects\NextGenSoftware.OASIS.API.Providers.SOLIDOASIS.UnitTests\SOLIDOASISTests.cs(73,6): error CS0246: The type or namespace name 'FactAttribute' could not be found (are you missing a using directive or an assembly reference?) [C:\Source\OASIS-master\Providers\Network\TestProjects\NextGenSoftware.OASIS.API.Providers.SOLIDOASIS.UnitTests\NextGenSoftware.OASIS.API.Providers.SOLIDOASIS.UnitTests.csproj]
C:\Source\OASIS-master\Providers\Network\TestProjects\NextGenSoftware.OASIS.API.Providers.SOLIDOASIS.UnitTests\SOLIDOASISTests.cs(73,6): error CS0246: The type or namespace name 'Fact' could not be found (are you missing a using directive or an assembly reference?) [C:\Source\OASIS-master\Providers\Network\TestProjects\NextGenSoftware.OASIS.API.Providers.SOLIDOASIS.UnitTests\NextGenSoftware.OASIS.API.Providers.SOLIDOASIS.UnitTests.csproj]
C:\Source\OASIS-master\Providers\Network\TestProjects\NextGenSoftware.OASIS.API.Providers.SOLIDOASIS.UnitTests\SOLIDOASISTests.cs(86,6): error CS0246: The type or namespace name 'TheoryAttribute' could not be found (are you missing a using directive or an assembly reference?) [C:\Source\OASIS-master\Providers\Network\TestProjects\NextGenSoftware.OASIS.API.Providers.SOLIDOASIS.UnitTests\NextGenSoftware.OASIS.API.Providers.SOLIDOASIS.UnitTests.csproj]
C:\Source\OASIS-master\Providers\Network\TestProjects\NextGenSoftware.OASIS.API.Providers.SOLIDOASIS.UnitTests\SOLIDOASISTests.cs(86,6): error CS0246: The type or namespace name 'Theory' could not be found (are you missing a using directive or an assembly reference?) [C:\Source\OASIS-master\Providers\Network\TestProjects\NextGenSoftware.OASIS.API.Providers.SOLIDOASIS.UnitTests\NextGenSoftware.OASIS.API.Providers.SOLIDOASIS.UnitTests.csproj]
C:\Source\OASIS-master\Providers\Network\TestProjects\NextGenSoftware.OASIS.API.Providers.SOLIDOASIS.UnitTests\SOLIDOASISTests.cs(87,6): error CS0246: The type or namespace name 'InlineDataAttribute' could not be found (are you missing a using directive or an assembly reference?) [C:\Source\OASIS-master\Providers\Network\TestProjects\NextGenSoftware.OASIS.API.Providers.SOLIDOASIS.UnitTests\NextGenSoftware.OASIS.API.Providers.SOLIDOASIS.UnitTests.csproj]
C:\Source\OASIS-master\Providers\Network\TestProjects\NextGenSoftware.OASIS.API.Providers.SOLIDOASIS.UnitTests\SOLIDOASISTests.cs(87,6): error CS0246: The type or namespace name 'InlineData' could not be found (are you missing a using directive or an assembly reference?) [C:\Source\OASIS-master\Providers\Network\TestProjects\NextGenSoftware.OASIS.API.Providers.SOLIDOASIS.UnitTests\NextGenSoftware.OASIS.API.Providers.SOLIDOASIS.UnitTests.csproj]
C:\Source\OASIS-master\Providers\Network\TestProjects\NextGenSoftware.OASIS.API.Providers.SOLIDOASIS.UnitTests\SOLIDOASISTests.cs(88,6): error CS0246: The type or namespace name 'InlineDataAttribute' could not be found (are you missing a using directive or an assembly reference?) [C:\Source\OASIS-master\Providers\Network\TestProjects\NextGenSoftware.OASIS.API.Providers.SOLIDOASIS.UnitTests\NextGenSoftware.OASIS.API.Providers.SOLIDOASIS.UnitTests.csproj]
C:\Source\OASIS-master\Providers\Network\TestProjects\NextGenSoftware.OASIS.API.Providers.SOLIDOASIS.UnitTests\SOLIDOASISTests.cs(88,6): error CS0246: The type or namespace name 'InlineData' could not be found (are you missing a using directive or an assembly reference?) [C:\Source\OASIS-master\Providers\Network\TestProjects\NextGenSoftware.OASIS.API.Providers.SOLIDOASIS.UnitTests\NextGenSoftware.OASIS.API.Providers.SOLIDOASIS.UnitTests.csproj]
C:\Source\OASIS-master\Providers\Network\TestProjects\NextGenSoftware.OASIS.API.Providers.SOLIDOASIS.UnitTests\SOLIDOASISTests.cs(89,6): error CS0246: The type or namespace name 'InlineDataAttribute' could not be found (are you missing a using directive or an assembly reference?) [C:\Source\OASIS-master\Providers\Network\TestProjects\NextGenSoftware.OASIS.API.Providers.SOLIDOASIS.UnitTests\NextGenSoftware.OASIS.API.Providers.SOLIDOASIS.UnitTests.csproj]
C:\Source\OASIS-master\Providers\Network\TestProjects\NextGenSoftware.OASIS.API.Providers.SOLIDOASIS.UnitTests\SOLIDOASISTests.cs(89,6): error CS0246: The type or namespace name 'InlineData' could not be found (are you missing a using directive or an assembly reference?) [C:\Source\OASIS-master\Providers\Network\TestProjects\NextGenSoftware.OASIS.API.Providers.SOLIDOASIS.UnitTests\NextGenSoftware.OASIS.API.Providers.SOLIDOASIS.UnitTests.csproj]
C:\Source\OASIS-master\Providers\Network\TestProjects\NextGenSoftware.OASIS.API.Providers.SOLIDOASIS.UnitTests\SOLIDOASISTests.cs(90,6): error CS0246: The type or namespace name 'InlineDataAttribute' could not be found (are you missing a using directive or an assembly reference?) [C:\Source\OASIS-master\Providers\Network\TestProjects\NextGenSoftware.OASIS.API.Providers.SOLIDOASIS.UnitTests\NextGenSoftware.OASIS.API.Providers.SOLIDOASIS.UnitTests.csproj]
C:\Source\OASIS-master\Providers\Network\TestProjects\NextGenSoftware.OASIS.API.Providers.SOLIDOASIS.UnitTests\SOLIDOASISTests.cs(90,6): error CS0246: The type or namespace name 'InlineData' could not be found (are you missing a using directive or an assembly reference?) [C:\Source\OASIS-master\Providers\Network\TestProjects\NextGenSoftware.OASIS.API.Providers.SOLIDOASIS.UnitTests\NextGenSoftware.OASIS.API.Providers.SOLIDOASIS.UnitTests.csproj]
C:\Source\OASIS-master\Providers\Network\TestProjects\NextGenSoftware.OASIS.API.Providers.SOLIDOASIS.UnitTests\SOLIDOASISTests.cs(101,6): error CS0246: The type or namespace name 'FactAttribute' could not be found (are you missing a using directive or an assembly reference?) [C:\Source\OASIS-master\Providers\Network\TestProjects\NextGenSoftware.OASIS.API.Providers.SOLIDOASIS.UnitTests\NextGenSoftware.OASIS.API.Providers.SOLIDOASIS.UnitTests.csproj]
C:\Source\OASIS-master\Providers\Network\TestProjects\NextGenSoftware.OASIS.API.Providers.SOLIDOASIS.UnitTests\SOLIDOASISTests.cs(101,6): error CS0246: The type or namespace name 'Fact' could not be found (are you missing a using directive or an assembly reference?) [C:\Source\OASIS-master\Providers\Network\TestProjects\NextGenSoftware.OASIS.API.Providers.SOLIDOASIS.UnitTests\NextGenSoftware.OASIS.API.Providers.SOLIDOASIS.UnitTests.csproj]
C:\Source\OASIS-master\Providers\Network\TestProjects\NextGenSoftware.OASIS.API.Providers.SOLIDOASIS.UnitTests\SOLIDOASISTests.cs(114,6): error CS0246: The type or namespace name 'FactAttribute' could not be found (are you missing a using directive or an assembly reference?) [C:\Source\OASIS-master\Providers\Network\TestProjects\NextGenSoftware.OASIS.API.Providers.SOLIDOASIS.UnitTests\NextGenSoftware.OASIS.API.Providers.SOLIDOASIS.UnitTests.csproj]
C:\Source\OASIS-master\Providers\Network\TestProjects\NextGenSoftware.OASIS.API.Providers.SOLIDOASIS.UnitTests\SOLIDOASISTests.cs(114,6): error CS0246: The type or namespace name 'Fact' could not be found (are you missing a using directive or an assembly reference?) [C:\Source\OASIS-master\Providers\Network\TestProjects\NextGenSoftware.OASIS.API.Providers.SOLIDOASIS.UnitTests\NextGenSoftware.OASIS.API.Providers.SOLIDOASIS.UnitTests.csproj]
C:\Source\OASIS-master\Providers\Network\TestProjects\NextGenSoftware.OASIS.API.Providers.SOLIDOASIS.UnitTests\SOLIDOASISTests.cs(126,6): error CS0246: The type or namespace name 'FactAttribute' could not be found (are you missing a using directive or an assembly reference?) [C:\Source\OASIS-master\Providers\Network\TestProjects\NextGenSoftware.OASIS.API.Providers.SOLIDOASIS.UnitTests\NextGenSoftware.OASIS.API.Providers.SOLIDOASIS.UnitTests.csproj]
C:\Source\OASIS-master\Providers\Network\TestProjects\NextGenSoftware.OASIS.API.Providers.SOLIDOASIS.UnitTests\SOLIDOASISTests.cs(126,6): error CS0246: The type or namespace name 'Fact' could not be found (are you missing a using directive or an assembly reference?) [C:\Source\OASIS-master\Providers\Network\TestProjects\NextGenSoftware.OASIS.API.Providers.SOLIDOASIS.UnitTests\NextGenSoftware.OASIS.API.Providers.SOLIDOASIS.UnitTests.csproj]
C:\Source\OASIS-master\Providers\Network\TestProjects\NextGenSoftware.OASIS.API.Providers.SOLIDOASIS.UnitTests\SOLIDOASISTests.cs(137,6): error CS0246: The type or namespace name 'FactAttribute' could not be found (are you missing a using directive or an assembly reference?) [C:\Source\OASIS-master\Providers\Network\TestProjects\NextGenSoftware.OASIS.API.Providers.SOLIDOASIS.UnitTests\NextGenSoftware.OASIS.API.Providers.SOLIDOASIS.UnitTests.csproj]
C:\Source\OASIS-master\Providers\Network\TestProjects\NextGenSoftware.OASIS.API.Providers.SOLIDOASIS.UnitTests\SOLIDOASISTests.cs(137,6): error CS0246: The type or namespace name 'Fact' could not be found (are you missing a using directive or an assembly reference?) [C:\Source\OASIS-master\Providers\Network\TestProjects\NextGenSoftware.OASIS.API.Providers.SOLIDOASIS.UnitTests\NextGenSoftware.OASIS.API.Providers.SOLIDOASIS.UnitTests.csproj]
C:\Source\OASIS-master\Providers\Network\TestProjects\NextGenSoftware.OASIS.API.Providers.SOLIDOASIS.UnitTests\SOLIDOASISTests.cs(150,6): error CS0246: The type or namespace name 'FactAttribute' could not be found (are you missing a using directive or an assembly reference?) [C:\Source\OASIS-master\Providers\Network\TestProjects\NextGenSoftware.OASIS.API.Providers.SOLIDOASIS.UnitTests\NextGenSoftware.OASIS.API.Providers.SOLIDOASIS.UnitTests.csproj]
C:\Source\OASIS-master\Providers\Network\TestProjects\NextGenSoftware.OASIS.API.Providers.SOLIDOASIS.UnitTests\SOLIDOASISTests.cs(150,6): error CS0246: The type or namespace name 'Fact' could not be found (are you missing a using directive or an assembly reference?) [C:\Source\OASIS-master\Providers\Network\TestProjects\NextGenSoftware.OASIS.API.Providers.SOLIDOASIS.UnitTests\NextGenSoftware.OASIS.API.Providers.SOLIDOASIS.UnitTests.csproj]
C:\Source\OASIS-master\Providers\Other\TestProjects\NextGenSoftware.OASIS.API.Providers.OrionProtocolOASIS.TestHarness\OrionProtocolOASISTestHarness.cs(12,24): error CS0118: 'OrionProtocolOASIS' is a namespace but is used like a type [C:\Source\OASIS-master\Providers\Other\TestProjects\NextGenSoftware.OASIS.API.Providers.OrionProtocolOASIS.TestHarness\NextGenSoftware.OASIS.API.Providers.OrionProtocolOASIS.TestHarness.csproj]
C:\Source\OASIS-master\Providers\Cloud\TestProjects\NextGenSoftware.OASIS.API.Providers.AWSOASIS.TestHarness\AWSOASISTestHarness.cs(64,37): error CS1061: 'AWSOASIS' does not contain a definition for 'GetProviderVersion' and no accessible extension method 'GetProviderVersion' accepting a first argument of type 'AWSOASIS' could be found (are you missing a using directive or an assembly reference?) [C:\Source\OASIS-master\Providers\Cloud\TestProjects\NextGenSoftware.OASIS.API.Providers.AWSOASIS.TestHarness\NextGenSoftware.OASIS.API.Providers.AWSOASIS.TestHarness.csproj]
C:\Source\OASIS-master\Providers\Cloud\TestProjects\NextGenSoftware.OASIS.API.Providers.AWSOASIS.TestHarness\AWSOASISTestHarness.cs(67,42): error CS1061: 'AWSOASIS' does not contain a definition for 'GetProviderType' and no accessible extension method 'GetProviderType' accepting a first argument of type 'AWSOASIS' could be found (are you missing a using directive or an assembly reference?) [C:\Source\OASIS-master\Providers\Cloud\TestProjects\NextGenSoftware.OASIS.API.Providers.AWSOASIS.TestHarness\NextGenSoftware.OASIS.API.Providers.AWSOASIS.TestHarness.csproj]
C:\Source\OASIS-master\Providers\Cloud\TestProjects\NextGenSoftware.OASIS.API.Providers.AWSOASIS.TestHarness\AWSOASISTestHarness.cs(70,38): error CS1061: 'AWSOASIS' does not contain a definition for 'GetProviderCategory' and no accessible extension method 'GetProviderCategory' accepting a first argument of type 'AWSOASIS' could be found (are you missing a using directive or an assembly reference?) [C:\Source\OASIS-master\Providers\Cloud\TestProjects\NextGenSoftware.OASIS.API.Providers.AWSOASIS.TestHarness\NextGenSoftware.OASIS.API.Providers.AWSOASIS.TestHarness.csproj]
C:\Source\OASIS-master\Providers\Cloud\TestProjects\NextGenSoftware.OASIS.API.Providers.AWSOASIS.TestHarness\AWSOASISTestHarness.cs(82,34): error CS0246: The type or namespace name 'Avatar' could not be found (are you missing a using directive or an assembly reference?) [C:\Source\OASIS-master\Providers\Cloud\TestProjects\NextGenSoftware.OASIS.API.Providers.AWSOASIS.TestHarness\NextGenSoftware.OASIS.API.Providers.AWSOASIS.TestHarness.csproj]
C:\Source\OASIS-master\Providers\Cloud\TestProjects\NextGenSoftware.OASIS.API.Providers.AWSOASIS.TestHarness\AWSOASISTestHarness.cs(111,33): error CS0246: The type or namespace name 'Holon' could not be found (are you missing a using directive or an assembly reference?) [C:\Source\OASIS-master\Providers\Cloud\TestProjects\NextGenSoftware.OASIS.API.Providers.AWSOASIS.TestHarness\NextGenSoftware.OASIS.API.Providers.AWSOASIS.TestHarness.csproj]
C:\Source\OASIS-master\Providers\Cloud\TestProjects\NextGenSoftware.OASIS.API.Providers.AWSOASIS.TestHarness\AWSOASISTestHarness.cs(138,36): error CS0246: The type or namespace name 'SearchParams' could not be found (are you missing a using directive or an assembly reference?) [C:\Source\OASIS-master\Providers\Cloud\TestProjects\NextGenSoftware.OASIS.API.Providers.AWSOASIS.TestHarness\NextGenSoftware.OASIS.API.Providers.AWSOASIS.TestHarness.csproj]
C:\Source\OASIS-master\Providers\Cloud\TestProjects\NextGenSoftware.OASIS.API.Providers.AWSOASIS.TestHarness\AWSOASISTestHarness.cs(141,30): error CS0103: The name 'SearchType' does not exist in the current context [C:\Source\OASIS-master\Providers\Cloud\TestProjects\NextGenSoftware.OASIS.API.Providers.AWSOASIS.TestHarness\NextGenSoftware.OASIS.API.Providers.AWSOASIS.TestHarness.csproj]
C:\Source\OASIS-master\Providers\Cloud\TestProjects\NextGenSoftware.OASIS.API.Providers.AWSOASIS.TestHarness\AWSOASISTestHarness.cs(145,54): error CS1061: 'AWSOASIS' does not contain a definition for 'SearchAvatarsAsync' and no accessible extension method 'SearchAvatarsAsync' accepting a first argument of type 'AWSOASIS' could be found (are you missing a using directive or an assembly reference?) [C:\Source\OASIS-master\Providers\Cloud\TestProjects\NextGenSoftware.OASIS.API.Providers.AWSOASIS.TestHarness\NextGenSoftware.OASIS.API.Providers.AWSOASIS.TestHarness.csproj]
C:\Source\OASIS-master\Providers\Other\TestProjects\NextGenSoftware.OASIS.API.Providers.OrionProtocolOASIS.IntegrationTests\OrionProtocolOASISIntegrationTests.cs(14,17): error CS0118: 'OrionProtocolOASIS' is a namespace but is used like a type [C:\Source\OASIS-master\Providers\Other\TestProjects\NextGenSoftware.OASIS.API.Providers.OrionProtocolOASIS.IntegrationTests\NextGenSoftware.OASIS.API.Providers.OrionProtocolOASIS.IntegrationTests.csproj]
C:\Source\OASIS-master\Providers\Other\TestProjects\NextGenSoftware.OASIS.API.Providers.ONION-Protocol.TestHarness\ONION-ProtocolTestHarness.cs(1,48): error CS1002: ; expected [C:\Source\OASIS-master\Providers\Other\TestProjects\NextGenSoftware.OASIS.API.Providers.ONION-Protocol.TestHarness\NextGenSoftware.OASIS.API.Providers.ONION-Protocol.TestHarness.csproj]
C:\Source\OASIS-master\Providers\Other\TestProjects\NextGenSoftware.OASIS.API.Providers.ONION-Protocol.TestHarness\ONION-ProtocolTestHarness.cs(2,1): error CS1529: A using clause must precede all other elements defined in the namespace except extern alias declarations [C:\Source\OASIS-master\Providers\Other\TestProjects\NextGenSoftware.OASIS.API.Providers.ONION-Protocol.TestHarness\NextGenSoftware.OASIS.API.Providers.ONION-Protocol.TestHarness.csproj]
C:\Source\OASIS-master\Providers\Other\TestProjects\NextGenSoftware.OASIS.API.Providers.ONION-Protocol.TestHarness\ONION-ProtocolTestHarness.cs(3,1): error CS1529: A using clause must precede all other elements defined in the namespace except extern alias declarations [C:\Source\OASIS-master\Providers\Other\TestProjects\NextGenSoftware.OASIS.API.Providers.ONION-Protocol.TestHarness\NextGenSoftware.OASIS.API.Providers.ONION-Protocol.TestHarness.csproj]
C:\Source\OASIS-master\Providers\Other\TestProjects\NextGenSoftware.OASIS.API.Providers.ONION-Protocol.TestHarness\ONION-ProtocolTestHarness.cs(4,1): error CS1529: A using clause must precede all other elements defined in the namespace except extern alias declarations [C:\Source\OASIS-master\Providers\Other\TestProjects\NextGenSoftware.OASIS.API.Providers.ONION-Protocol.TestHarness\NextGenSoftware.OASIS.API.Providers.ONION-Protocol.TestHarness.csproj]
C:\Source\OASIS-master\Providers\Other\TestProjects\NextGenSoftware.OASIS.API.Providers.ONION-Protocol.TestHarness\ONION-ProtocolTestHarness.cs(5,1): error CS1529: A using clause must precede all other elements defined in the namespace except extern alias declarations [C:\Source\OASIS-master\Providers\Other\TestProjects\NextGenSoftware.OASIS.API.Providers.ONION-Protocol.TestHarness\NextGenSoftware.OASIS.API.Providers.ONION-Protocol.TestHarness.csproj]
C:\Source\OASIS-master\Providers\Other\TestProjects\NextGenSoftware.OASIS.API.Providers.ONION-Protocol.TestHarness\ONION-ProtocolTestHarness.cs(6,1): error CS1529: A using clause must precede all other elements defined in the namespace except extern alias declarations [C:\Source\OASIS-master\Providers\Other\TestProjects\NextGenSoftware.OASIS.API.Providers.ONION-Protocol.TestHarness\NextGenSoftware.OASIS.API.Providers.ONION-Protocol.TestHarness.csproj]
C:\Source\OASIS-master\Providers\Other\TestProjects\NextGenSoftware.OASIS.API.Providers.ONION-Protocol.TestHarness\ONION-ProtocolTestHarness.cs(8,62): error CS0116: A namespace cannot directly contain members such as fields, methods or statements [C:\Source\OASIS-master\Providers\Other\TestProjects\NextGenSoftware.OASIS.API.Providers.ONION-Protocol.TestHarness\NextGenSoftware.OASIS.API.Providers.ONION-Protocol.TestHarness.csproj]
C:\Source\OASIS-master\Providers\Other\TestProjects\NextGenSoftware.OASIS.API.Providers.ONION-Protocol.TestHarness\ONION-ProtocolTestHarness.cs(8,52): error CS1514: { expected [C:\Source\OASIS-master\Providers\Other\TestProjects\NextGenSoftware.OASIS.API.Providers.ONION-Protocol.TestHarness\NextGenSoftware.OASIS.API.Providers.ONION-Protocol.TestHarness.csproj]
C:\Source\OASIS-master\Providers\Other\TestProjects\NextGenSoftware.OASIS.API.Providers.ONION-Protocol.TestHarness\ONION-ProtocolTestHarness.cs(9,1): error CS1022: Type or namespace definition, or end-of-file expected [C:\Source\OASIS-master\Providers\Other\TestProjects\NextGenSoftware.OASIS.API.Providers.ONION-Protocol.TestHarness\NextGenSoftware.OASIS.API.Providers.ONION-Protocol.TestHarness.csproj]
C:\Source\OASIS-master\Providers\Other\TestProjects\NextGenSoftware.OASIS.API.Providers.ONION-Protocol.TestHarness\ONION-ProtocolTestHarness.cs(10,23): error CS1514: { expected [C:\Source\OASIS-master\Providers\Other\TestProjects\NextGenSoftware.OASIS.API.Providers.ONION-Protocol.TestHarness\NextGenSoftware.OASIS.API.Providers.ONION-Protocol.TestHarness.csproj]
C:\Source\OASIS-master\Providers\Other\TestProjects\NextGenSoftware.OASIS.API.Providers.ONION-Protocol.TestHarness\ONION-ProtocolTestHarness.cs(10,23): error CS1513: } expected [C:\Source\OASIS-master\Providers\Other\TestProjects\NextGenSoftware.OASIS.API.Providers.ONION-Protocol.TestHarness\NextGenSoftware.OASIS.API.Providers.ONION-Protocol.TestHarness.csproj]
C:\Source\OASIS-master\Providers\Other\TestProjects\NextGenSoftware.OASIS.API.Providers.ONION-Protocol.TestHarness\ONION-ProtocolTestHarness.cs(10,23): error CS1022: Type or namespace definition, or end-of-file expected [C:\Source\OASIS-master\Providers\Other\TestProjects\NextGenSoftware.OASIS.API.Providers.ONION-Protocol.TestHarness\NextGenSoftware.OASIS.API.Providers.ONION-Protocol.TestHarness.csproj]
C:\Source\OASIS-master\Providers\Other\TestProjects\NextGenSoftware.OASIS.API.Providers.ONION-Protocol.TestHarness\ONION-ProtocolTestHarness.cs(10,24): error CS0116: A namespace cannot directly contain members such as fields, methods or statements [C:\Source\OASIS-master\Providers\Other\TestProjects\NextGenSoftware.OASIS.API.Providers.ONION-Protocol.TestHarness\NextGenSoftware.OASIS.API.Providers.ONION-Protocol.TestHarness.csproj]
C:\Source\OASIS-master\Providers\Other\TestProjects\NextGenSoftware.OASIS.API.Providers.ONION-Protocol.TestHarness\ONION-ProtocolTestHarness.cs(11,5): error CS1022: Type or namespace definition, or end-of-file expected [C:\Source\OASIS-master\Providers\Other\TestProjects\NextGenSoftware.OASIS.API.Providers.ONION-Protocol.TestHarness\NextGenSoftware.OASIS.API.Providers.ONION-Protocol.TestHarness.csproj]
C:\Source\OASIS-master\Providers\Other\TestProjects\NextGenSoftware.OASIS.API.Providers.ONION-Protocol.TestHarness\ONION-ProtocolTestHarness.cs(12,24): error CS0116: A namespace cannot directly contain members such as fields, methods or statements [C:\Source\OASIS-master\Providers\Other\TestProjects\NextGenSoftware.OASIS.API.Providers.ONION-Protocol.TestHarness\NextGenSoftware.OASIS.API.Providers.ONION-Protocol.TestHarness.csproj]
C:\Source\OASIS-master\Providers\Other\TestProjects\NextGenSoftware.OASIS.API.Providers.ONION-Protocol.TestHarness\ONION-ProtocolTestHarness.cs(12,29): error CS1022: Type or namespace definition, or end-of-file expected [C:\Source\OASIS-master\Providers\Other\TestProjects\NextGenSoftware.OASIS.API.Providers.ONION-Protocol.TestHarness\NextGenSoftware.OASIS.API.Providers.ONION-Protocol.TestHarness.csproj]
C:\Source\OASIS-master\Providers\Other\TestProjects\NextGenSoftware.OASIS.API.Providers.ONION-Protocol.TestHarness\ONION-ProtocolTestHarness.cs(19,34): error CS1526: A new expression requires an argument list or (), [], or {} after type [C:\Source\OASIS-master\Providers\Other\TestProjects\NextGenSoftware.OASIS.API.Providers.ONION-Protocol.TestHarness\NextGenSoftware.OASIS.API.Providers.ONION-Protocol.TestHarness.csproj]
C:\Source\OASIS-master\Providers\Other\TestProjects\NextGenSoftware.OASIS.API.Providers.ONION-Protocol.TestHarness\ONION-ProtocolTestHarness.cs(170,1): error CS1022: Type or namespace definition, or end-of-file expected [C:\Source\OASIS-master\Providers\Other\TestProjects\NextGenSoftware.OASIS.API.Providers.ONION-Protocol.TestHarness\NextGenSoftware.OASIS.API.Providers.ONION-Protocol.TestHarness.csproj]
C:\Source\OASIS-master\Providers\Cloud\TestProjects\NextGenSoftware.OASIS.API.Providers.AWSOASIS.UnitTests\AWSOASISUnitTests.cs(28,20): error CS0411: The type arguments for method 'Assert.AreEqual<T>(T?, T?)' cannot be inferred from the usage. Try specifying the type arguments explicitly. [C:\Source\OASIS-master\Providers\Cloud\TestProjects\NextGenSoftware.OASIS.API.Providers.AWSOASIS.UnitTests\NextGenSoftware.OASIS.API.Providers.AWSOASIS.UnitTests.csproj]
C:\Source\OASIS-master\Providers\Cloud\TestProjects\NextGenSoftware.OASIS.API.Providers.AWSOASIS.UnitTests\AWSOASISUnitTests.cs(95,37): error CS1061: 'AWSOASIS' does not contain a definition for 'GetProviderVersion' and no accessible extension method 'GetProviderVersion' accepting a first argument of type 'AWSOASIS' could be found (are you missing a using directive or an assembly reference?) [C:\Source\OASIS-master\Providers\Cloud\TestProjects\NextGenSoftware.OASIS.API.Providers.AWSOASIS.UnitTests\NextGenSoftware.OASIS.API.Providers.AWSOASIS.UnitTests.csproj]
C:\Source\OASIS-master\Providers\Other\TestProjects\NextGenSoftware.OASIS.API.Providers.PLANOASIS.IntegrationTests\PLANOASISIntegrationTests.cs(14,36): error CS0118: 'PLANOASIS' is a namespace but is used like a type [C:\Source\OASIS-master\Providers\Other\TestProjects\NextGenSoftware.OASIS.API.Providers.PLANOASIS.IntegrationTests\NextGenSoftware.OASIS.API.Providers.PLANOASIS.IntegrationTests.csproj]
C:\Source\OASIS-master\Providers\Other\TestProjects\NextGenSoftware.OASIS.API.Providers.PLANOASIS.IntegrationTests\PLANOASISIntegrationTests.cs(33,36): error CS0118: 'PLANOASIS' is a namespace but is used like a type [C:\Source\OASIS-master\Providers\Other\TestProjects\NextGenSoftware.OASIS.API.Providers.PLANOASIS.IntegrationTests\NextGenSoftware.OASIS.API.Providers.PLANOASIS.IntegrationTests.csproj]
C:\Source\OASIS-master\Providers\Other\TestProjects\NextGenSoftware.OASIS.API.Providers.PLANOASIS.IntegrationTests\PLANOASISIntegrationTests.cs(52,36): error CS0118: 'PLANOASIS' is a namespace but is used like a type [C:\Source\OASIS-master\Providers\Other\TestProjects\NextGenSoftware.OASIS.API.Providers.PLANOASIS.IntegrationTests\NextGenSoftware.OASIS.API.Providers.PLANOASIS.IntegrationTests.csproj]
C:\Source\OASIS-master\Providers\Other\TestProjects\NextGenSoftware.OASIS.API.Providers.PLANOASIS.IntegrationTests\PLANOASISIntegrationTests.cs(75,36): error CS0118: 'PLANOASIS' is a namespace but is used like a type [C:\Source\OASIS-master\Providers\Other\TestProjects\NextGenSoftware.OASIS.API.Providers.PLANOASIS.IntegrationTests\NextGenSoftware.OASIS.API.Providers.PLANOASIS.IntegrationTests.csproj]
C:\Source\OASIS-master\Providers\Other\TestProjects\NextGenSoftware.OASIS.API.Providers.PLANOASIS.TestHarness\Program.cs(18,40): error CS0118: 'PLANOASIS' is a namespace but is used like a type [C:\Source\OASIS-master\Providers\Other\TestProjects\NextGenSoftware.OASIS.API.Providers.PLANOASIS.TestHarness\NextGenSoftware.OASIS.API.Providers.PLANOASIS.TestHarness.csproj]
C:\Source\OASIS-master\Providers\Other\TestProjects\NextGenSoftware.OASIS.API.Providers.OrionProtocolOASIS.UnitTests\OrionProtocolOASISUnitTests.cs(13,17): error CS0118: 'OrionProtocolOASIS' is a namespace but is used like a type [C:\Source\OASIS-master\Providers\Other\TestProjects\NextGenSoftware.OASIS.API.Providers.OrionProtocolOASIS.UnitTests\NextGenSoftware.OASIS.API.Providers.OrionProtocolOASIS.UnitTests.csproj]
C:\Source\OASIS-master\Providers\Blockchain\TestProjects\NextGenSoftware.OASIS.API.Providers.TelosOASIS.IntegrationTests\TelosOASISIntegrationTests.cs(17,29): error CS7036: There is no argument given that corresponds to the required parameter 'host' of 'TelosOASIS.TelosOASIS(string, string, string, string)' [C:\Source\OASIS-master\Providers\Blockchain\TestProjects\NextGenSoftware.OASIS.API.Providers.TelosOASIS.IntegrationTests\NextGenSoftware.OASIS.API.Providers.TelosOASIS.IntegrationTests.csproj]
C:\Source\OASIS-master\Providers\Blockchain\TestProjects\NextGenSoftware.OASIS.API.Providers.TelosOASIS.IntegrationTests\TelosOASISIntegrationTests.cs(25,42): error CS1061: 'OASISResult<bool>' does not contain a definition for 'IsSuccess' and no accessible extension method 'IsSuccess' accepting a first argument of type 'OASISResult<bool>' could be found (are you missing a using directive or an assembly reference?) [C:\Source\OASIS-master\Providers\Blockchain\TestProjects\NextGenSoftware.OASIS.API.Providers.TelosOASIS.IntegrationTests\NextGenSoftware.OASIS.API.Providers.TelosOASIS.IntegrationTests.csproj]
C:\Source\OASIS-master\Providers\Blockchain\TestProjects\NextGenSoftware.OASIS.API.Providers.TelosOASIS.IntegrationTests\TelosOASISIntegrationTests.cs(28,30): error CS0246: The type or namespace name 'Avatar' could not be found (are you missing a using directive or an assembly reference?) [C:\Source\OASIS-master\Providers\Blockchain\TestProjects\NextGenSoftware.OASIS.API.Providers.TelosOASIS.IntegrationTests\NextGenSoftware.OASIS.API.Providers.TelosOASIS.IntegrationTests.csproj]
C:\Source\OASIS-master\Providers\Blockchain\TestProjects\NextGenSoftware.OASIS.API.Providers.TelosOASIS.IntegrationTests\TelosOASISIntegrationTests.cs(41,45): error CS1061: 'OASISResult<IAvatar>' does not contain a definition for 'IsSuccess' and no accessible extension method 'IsSuccess' accepting a first argument of type 'OASISResult<IAvatar>' could be found (are you missing a using directive or an assembly reference?) [C:\Source\OASIS-master\Providers\Blockchain\TestProjects\NextGenSoftware.OASIS.API.Providers.TelosOASIS.IntegrationTests\NextGenSoftware.OASIS.API.Providers.TelosOASIS.IntegrationTests.csproj]
C:\Source\OASIS-master\Providers\Blockchain\TestProjects\NextGenSoftware.OASIS.API.Providers.TelosOASIS.IntegrationTests\TelosOASISIntegrationTests.cs(45,29): error CS0246: The type or namespace name 'Holon' could not be found (are you missing a using directive or an assembly reference?) [C:\Source\OASIS-master\Providers\Blockchain\TestProjects\NextGenSoftware.OASIS.API.Providers.TelosOASIS.IntegrationTests\NextGenSoftware.OASIS.API.Providers.TelosOASIS.IntegrationTests.csproj]
C:\Source\OASIS-master\Providers\Blockchain\TestProjects\NextGenSoftware.OASIS.API.Providers.TelosOASIS.IntegrationTests\TelosOASISIntegrationTests.cs(56,44): error CS1061: 'OASISResult<IHolon>' does not contain a definition for 'IsSuccess' and no accessible extension method 'IsSuccess' accepting a first argument of type 'OASISResult<IHolon>' could be found (are you missing a using directive or an assembly reference?) [C:\Source\OASIS-master\Providers\Blockchain\TestProjects\NextGenSoftware.OASIS.API.Providers.TelosOASIS.IntegrationTests\NextGenSoftware.OASIS.API.Providers.TelosOASIS.IntegrationTests.csproj]
C:\Source\OASIS-master\Providers\Blockchain\TestProjects\NextGenSoftware.OASIS.API.Providers.TelosOASIS.IntegrationTests\TelosOASISIntegrationTests.cs(60,35): error CS0246: The type or namespace name 'MintNFTTransactionRequest' could not be found (are you missing a using directive or an assembly reference?) [C:\Source\OASIS-master\Providers\Blockchain\TestProjects\NextGenSoftware.OASIS.API.Providers.TelosOASIS.IntegrationTests\NextGenSoftware.OASIS.API.Providers.TelosOASIS.IntegrationTests.csproj]
C:\Source\OASIS-master\Providers\Blockchain\TestProjects\NextGenSoftware.OASIS.API.Providers.TelosOASIS.IntegrationTests\TelosOASISIntegrationTests.cs(65,49): error CS1061: 'TelosOASIS' does not contain a definition for 'LoadNFTAsync' and no accessible extension method 'LoadNFTAsync' accepting a first argument of type 'TelosOASIS' could be found (are you missing a using directive or an assembly reference?) [C:\Source\OASIS-master\Providers\Blockchain\TestProjects\NextGenSoftware.OASIS.API.Providers.TelosOASIS.IntegrationTests\NextGenSoftware.OASIS.API.Providers.TelosOASIS.IntegrationTests.csproj]
C:\Source\OASIS-master\Providers\Blockchain\TestProjects\NextGenSoftware.OASIS.API.Providers.TelosOASIS.IntegrationTests\TelosOASISIntegrationTests.cs(70,35): error CS0246: The type or namespace name 'WalletTransactionRequest' could not be found (are you missing a using directive or an assembly reference?) [C:\Source\OASIS-master\Providers\Blockchain\TestProjects\NextGenSoftware.OASIS.API.Providers.TelosOASIS.IntegrationTests\NextGenSoftware.OASIS.API.Providers.TelosOASIS.IntegrationTests.csproj]
C:\Source\OASIS-master\Providers\Blockchain\TestProjects\NextGenSoftware.OASIS.API.Providers.TelosOASIS.IntegrationTests\TelosOASISIntegrationTests.cs(76,36): error CS0246: The type or namespace name 'PlaceGeoSpatialNFTRequest' could not be found (are you missing a using directive or an assembly reference?) [C:\Source\OASIS-master\Providers\Blockchain\TestProjects\NextGenSoftware.OASIS.API.Providers.TelosOASIS.IntegrationTests\NextGenSoftware.OASIS.API.Providers.TelosOASIS.IntegrationTests.csproj]
C:\Source\OASIS-master\Providers\Blockchain\TestProjects\NextGenSoftware.OASIS.API.Providers.TelosOASIS.IntegrationTests\TelosOASISIntegrationTests.cs(77,53): error CS1061: 'TelosOASIS' does not contain a definition for 'PlaceGeoNFTAsync' and no accessible extension method 'PlaceGeoNFTAsync' accepting a first argument of type 'TelosOASIS' could be found (are you missing a using directive or an assembly reference?) [C:\Source\OASIS-master\Providers\Blockchain\TestProjects\NextGenSoftware.OASIS.API.Providers.TelosOASIS.IntegrationTests\NextGenSoftware.OASIS.API.Providers.TelosOASIS.IntegrationTests.csproj]
C:\Source\OASIS-master\Providers\Blockchain\TestProjects\NextGenSoftware.OASIS.API.Providers.TelosOASIS.IntegrationTests\TelosOASISIntegrationTests.cs(81,53): error CS1061: 'TelosOASIS' does not contain a definition for 'LoadAllGeoNFTsForAvatarAsync' and no accessible extension method 'LoadAllGeoNFTsForAvatarAsync' accepting a first argument of type 'TelosOASIS' could be found (are you missing a using directive or an assembly reference?) [C:\Source\OASIS-master\Providers\Blockchain\TestProjects\NextGenSoftware.OASIS.API.Providers.TelosOASIS.IntegrationTests\NextGenSoftware.OASIS.API.Providers.TelosOASIS.IntegrationTests.csproj]
C:\Source\OASIS-master\Providers\Blockchain\TestProjects\NextGenSoftware.OASIS.API.Providers.TelosOASIS.IntegrationTests\TelosOASISIntegrationTests.cs(86,36): error CS0246: The type or namespace name 'SearchParams' could not be found (are you missing a using directive or an assembly reference?) [C:\Source\OASIS-master\Providers\Blockchain\TestProjects\NextGenSoftware.OASIS.API.Providers.TelosOASIS.IntegrationTests\NextGenSoftware.OASIS.API.Providers.TelosOASIS.IntegrationTests.csproj]
C:\Source\OASIS-master\Providers\Blockchain\TestProjects\NextGenSoftware.OASIS.API.Providers.TelosOASIS.IntegrationTests\TelosOASISIntegrationTests.cs(88,41): error CS1061: 'OASISResult<ISearchResults>' does not contain a definition for 'IsSuccess' and no accessible extension method 'IsSuccess' accepting a first argument of type 'OASISResult<ISearchResults>' could be found (are you missing a using directive or an assembly reference?) [C:\Source\OASIS-master\Providers\Blockchain\TestProjects\NextGenSoftware.OASIS.API.Providers.TelosOASIS.IntegrationTests\NextGenSoftware.OASIS.API.Providers.TelosOASIS.IntegrationTests.csproj]
C:\Source\OASIS-master\Providers\Blockchain\TestProjects\NextGenSoftware.OASIS.API.Providers.TelosOASIS.IntegrationTests\TelosOASISIntegrationTests.cs(94,41): error CS1061: 'OASISResult<bool>' does not contain a definition for 'IsSuccess' and no accessible extension method 'IsSuccess' accepting a first argument of type 'OASISResult<bool>' could be found (are you missing a using directive or an assembly reference?) [C:\Source\OASIS-master\Providers\Blockchain\TestProjects\NextGenSoftware.OASIS.API.Providers.TelosOASIS.IntegrationTests\NextGenSoftware.OASIS.API.Providers.TelosOASIS.IntegrationTests.csproj]
C:\Source\OASIS-master\Providers\Blockchain\TestProjects\NextGenSoftware.OASIS.API.Providers.TelosOASIS.IntegrationTests\TelosOASISIntegrationTests.cs(98,41): error CS1061: 'OASISResult<IEnumerable<IHolon>>' does not contain a definition for 'IsSuccess' and no accessible extension method 'IsSuccess' accepting a first argument of type 'OASISResult<IEnumerable<IHolon>>' could be found (are you missing a using directive or an assembly reference?) [C:\Source\OASIS-master\Providers\Blockchain\TestProjects\NextGenSoftware.OASIS.API.Providers.TelosOASIS.IntegrationTests\NextGenSoftware.OASIS.API.Providers.TelosOASIS.IntegrationTests.csproj]
C:\Source\OASIS-master\Providers\Blockchain\TestProjects\NextGenSoftware.OASIS.API.Providers.TelosOASIS.IntegrationTests\TelosOASISIntegrationTests.cs(103,44): error CS1061: 'OASISResult<bool>' does not contain a definition for 'IsSuccess' and no accessible extension method 'IsSuccess' accepting a first argument of type 'OASISResult<bool>' could be found (are you missing a using directive or an assembly reference?) [C:\Source\OASIS-master\Providers\Blockchain\TestProjects\NextGenSoftware.OASIS.API.Providers.TelosOASIS.IntegrationTests\NextGenSoftware.OASIS.API.Providers.TelosOASIS.IntegrationTests.csproj]
C:\Source\OASIS-master\Providers\Blockchain\TestProjects\NextGenSoftware.OASIS.API.Providers.TelosOASIS.IntegrationTests\TelosOASISIntegrationTests.cs(110,20): error CS0411: The type arguments for method 'Assert.AreEqual<T>(T?, T?)' cannot be inferred from the usage. Try specifying the type arguments explicitly. [C:\Source\OASIS-master\Providers\Blockchain\TestProjects\NextGenSoftware.OASIS.API.Providers.TelosOASIS.IntegrationTests\NextGenSoftware.OASIS.API.Providers.TelosOASIS.IntegrationTests.csproj]
C:\Source\OASIS-master\Providers\Blockchain\TestProjects\NextGenSoftware.OASIS.API.Providers.TelosOASIS.IntegrationTests\TelosOASISIntegrationTests.cs(111,46): error CS0117: 'ProviderCategory' does not contain a definition for 'BlockchainStorage' [C:\Source\OASIS-master\Providers\Blockchain\TestProjects\NextGenSoftware.OASIS.API.Providers.TelosOASIS.IntegrationTests\NextGenSoftware.OASIS.API.Providers.TelosOASIS.IntegrationTests.csproj]
C:\Source\OASIS-master\Providers\Blockchain\TestProjects\NextGenSoftware.OASIS.API.Providers.TelosOASIS.IntegrationTests\TelosOASISIntegrationTests.cs(115,42): error CS1061: 'OASISResult<bool>' does not contain a definition for 'IsSuccess' and no accessible extension method 'IsSuccess' accepting a first argument of type 'OASISResult<bool>' could be found (are you missing a using directive or an assembly reference?) [C:\Source\OASIS-master\Providers\Blockchain\TestProjects\NextGenSoftware.OASIS.API.Providers.TelosOASIS.IntegrationTests\NextGenSoftware.OASIS.API.Providers.TelosOASIS.IntegrationTests.csproj]
C:\Source\OASIS-master\Providers\Blockchain\TestProjects\NextGenSoftware.OASIS.API.Providers.TelosOASIS.IntegrationTests\TelosOASISIntegrationTests.cs(119,44): error CS1061: 'OASISResult<bool>' does not contain a definition for 'IsSuccess' and no accessible extension method 'IsSuccess' accepting a first argument of type 'OASISResult<bool>' could be found (are you missing a using directive or an assembly reference?) [C:\Source\OASIS-master\Providers\Blockchain\TestProjects\NextGenSoftware.OASIS.API.Providers.TelosOASIS.IntegrationTests\NextGenSoftware.OASIS.API.Providers.TelosOASIS.IntegrationTests.csproj]
C:\Source\OASIS-master\Providers\Blockchain\TestProjects\NextGenSoftware.OASIS.API.Providers.TelosOASIS.IntegrationTests\TelosOASISIntegrationTests.cs(127,30): error CS0246: The type or namespace name 'Avatar' could not be found (are you missing a using directive or an assembly reference?) [C:\Source\OASIS-master\Providers\Blockchain\TestProjects\NextGenSoftware.OASIS.API.Providers.TelosOASIS.IntegrationTests\NextGenSoftware.OASIS.API.Providers.TelosOASIS.IntegrationTests.csproj]
C:\Source\OASIS-master\Providers\Blockchain\TestProjects\NextGenSoftware.OASIS.API.Providers.TelosOASIS.IntegrationTests\TelosOASISIntegrationTests.cs(132,29): error CS0246: The type or namespace name 'Holon' could not be found (are you missing a using directive or an assembly reference?) [C:\Source\OASIS-master\Providers\Blockchain\TestProjects\NextGenSoftware.OASIS.API.Providers.TelosOASIS.IntegrationTests\NextGenSoftware.OASIS.API.Providers.TelosOASIS.IntegrationTests.csproj]
C:\Source\OASIS-master\Providers\Blockchain\TestProjects\NextGenSoftware.OASIS.API.Providers.TelosOASIS.IntegrationTests\TelosOASISIntegrationTests.cs(137,35): error CS0246: The type or namespace name 'WalletTransactionRequest' could not be found (are you missing a using directive or an assembly reference?) [C:\Source\OASIS-master\Providers\Blockchain\TestProjects\NextGenSoftware.OASIS.API.Providers.TelosOASIS.IntegrationTests\NextGenSoftware.OASIS.API.Providers.TelosOASIS.IntegrationTests.csproj]
C:\Source\OASIS-master\Providers\Blockchain\TestProjects\NextGenSoftware.OASIS.API.Providers.TelosOASIS.IntegrationTests\TelosOASISIntegrationTests.cs(142,38): error CS0246: The type or namespace name 'NFTWalletTransactionRequest' could not be found (are you missing a using directive or an assembly reference?) [C:\Source\OASIS-master\Providers\Blockchain\TestProjects\NextGenSoftware.OASIS.API.Providers.TelosOASIS.IntegrationTests\NextGenSoftware.OASIS.API.Providers.TelosOASIS.IntegrationTests.csproj]
C:\Source\OASIS-master\Providers\Blockchain\TestProjects\NextGenSoftware.OASIS.API.Providers.TelosOASIS.IntegrationTests\TelosOASISIntegrationTests.cs(156,27): error CS1061: 'TelosOASIS' does not contain a definition for 'LoadAllNFTsForAvatarAsync' and no accessible extension method 'LoadAllNFTsForAvatarAsync' accepting a first argument of type 'TelosOASIS' could be found (are you missing a using directive or an assembly reference?) [C:\Source\OASIS-master\Providers\Blockchain\TestProjects\NextGenSoftware.OASIS.API.Providers.TelosOASIS.IntegrationTests\NextGenSoftware.OASIS.API.Providers.TelosOASIS.IntegrationTests.csproj]
C:\Source\OASIS-master\Providers\Blockchain\TestProjects\NextGenSoftware.OASIS.API.Providers.TelosOASIS.IntegrationTests\TelosOASISIntegrationTests.cs(157,27): error CS1061: 'TelosOASIS' does not contain a definition for 'LoadAllGeoNFTsForAvatarAsync' and no accessible extension method 'LoadAllGeoNFTsForAvatarAsync' accepting a first argument of type 'TelosOASIS' could be found (are you missing a using directive or an assembly reference?) [C:\Source\OASIS-master\Providers\Blockchain\TestProjects\NextGenSoftware.OASIS.API.Providers.TelosOASIS.IntegrationTests\NextGenSoftware.OASIS.API.Providers.TelosOASIS.IntegrationTests.csproj]
C:\Source\OASIS-master\Providers\Blockchain\TestProjects\NextGenSoftware.OASIS.API.Providers.TelosOASIS.IntegrationTests\TelosOASISIntegrationTests.cs(162,17): error CS0815: Cannot assign void to an implicitly-typed variable [C:\Source\OASIS-master\Providers\Blockchain\TestProjects\NextGenSoftware.OASIS.API.Providers.TelosOASIS.IntegrationTests\NextGenSoftware.OASIS.API.Providers.TelosOASIS.IntegrationTests.csproj]
C:\Source\OASIS-master\Providers\Blockchain\TestProjects\NextGenSoftware.OASIS.API.Providers.TelosOASIS.IntegrationTests\TelosOASISIntegrationTests.cs(177,35): error CS1061: 'OASISResult<bool>' does not contain a definition for 'IsSuccess' and no accessible extension method 'IsSuccess' accepting a first argument of type 'OASISResult<bool>' could be found (are you missing a using directive or an assembly reference?) [C:\Source\OASIS-master\Providers\Blockchain\TestProjects\NextGenSoftware.OASIS.API.Providers.TelosOASIS.IntegrationTests\NextGenSoftware.OASIS.API.Providers.TelosOASIS.IntegrationTests.csproj]
C:\Source\OASIS-master\Providers\Blockchain\TestProjects\NextGenSoftware.OASIS.API.Providers.TelosOASIS.IntegrationTests\TelosOASISIntegrationTests.cs(178,35): error CS1061: 'OASISResult<bool>' does not contain a definition for 'IsSuccess' and no accessible extension method 'IsSuccess' accepting a first argument of type 'OASISResult<bool>' could be found (are you missing a using directive or an assembly reference?) [C:\Source\OASIS-master\Providers\Blockchain\TestProjects\NextGenSoftware.OASIS.API.Providers.TelosOASIS.IntegrationTests\NextGenSoftware.OASIS.API.Providers.TelosOASIS.IntegrationTests.csproj]
C:\Source\OASIS-master\Providers\Blockchain\TestProjects\NextGenSoftware.OASIS.API.Providers.TelosOASIS.IntegrationTests\TelosOASISIntegrationTests.cs(179,35): error CS1061: 'OASISResult<bool>' does not contain a definition for 'IsSuccess' and no accessible extension method 'IsSuccess' accepting a first argument of type 'OASISResult<bool>' could be found (are you missing a using directive or an assembly reference?) [C:\Source\OASIS-master\Providers\Blockchain\TestProjects\NextGenSoftware.OASIS.API.Providers.TelosOASIS.IntegrationTests\NextGenSoftware.OASIS.API.Providers.TelosOASIS.IntegrationTests.csproj]
C:\Source\OASIS-master\Providers\Blockchain\TestProjects\NextGenSoftware.OASIS.API.Providers.TelosOASIS.IntegrationTests\TelosOASISIntegrationTests.cs(186,45): error CS1061: 'OASISResult<bool>' does not contain a definition for 'IsSuccess' and no accessible extension method 'IsSuccess' accepting a first argument of type 'OASISResult<bool>' could be found (are you missing a using directive or an assembly reference?) [C:\Source\OASIS-master\Providers\Blockchain\TestProjects\NextGenSoftware.OASIS.API.Providers.TelosOASIS.IntegrationTests\NextGenSoftware.OASIS.API.Providers.TelosOASIS.IntegrationTests.csproj]
C:\Source\OASIS-master\Providers\Blockchain\TestProjects\NextGenSoftware.OASIS.API.Providers.TelosOASIS.IntegrationTests\TelosOASISIntegrationTests.cs(187,45): error CS1061: 'OASISResult<bool>' does not contain a definition for 'IsSuccess' and no accessible extension method 'IsSuccess' accepting a first argument of type 'OASISResult<bool>' could be found (are you missing a using directive or an assembly reference?) [C:\Source\OASIS-master\Providers\Blockchain\TestProjects\NextGenSoftware.OASIS.API.Providers.TelosOASIS.IntegrationTests\NextGenSoftware.OASIS.API.Providers.TelosOASIS.IntegrationTests.csproj]
C:\Source\OASIS-master\Providers\Blockchain\TestProjects\NextGenSoftware.OASIS.API.Providers.TelosOASIS.IntegrationTests\TelosOASISIntegrationTests.cs(198,54): error CS1061: 'TelosOASIS' does not contain a definition for 'LoadNFTAsync' and no accessible extension method 'LoadNFTAsync' accepting a first argument of type 'TelosOASIS' could be found (are you missing a using directive or an assembly reference?) [C:\Source\OASIS-master\Providers\Blockchain\TestProjects\NextGenSoftware.OASIS.API.Providers.TelosOASIS.IntegrationTests\NextGenSoftware.OASIS.API.Providers.TelosOASIS.IntegrationTests.csproj]
C:\Source\OASIS-master\Providers\Blockchain\TestProjects\NextGenSoftware.OASIS.API.Providers.TelosOASIS.IntegrationTests\TelosOASISIntegrationTests.cs(212,20): error CS0411: The type arguments for method 'Assert.AreEqual<T>(T?, T?)' cannot be inferred from the usage. Try specifying the type arguments explicitly. [C:\Source\OASIS-master\Providers\Blockchain\TestProjects\NextGenSoftware.OASIS.API.Providers.TelosOASIS.IntegrationTests\NextGenSoftware.OASIS.API.Providers.TelosOASIS.IntegrationTests.csproj]
C:\Source\OASIS-master\Providers\Blockchain\TestProjects\NextGenSoftware.OASIS.API.Providers.TelosOASIS.IntegrationTests\TelosOASISIntegrationTests.cs(213,46): error CS0117: 'ProviderCategory' does not contain a definition for 'BlockchainStorage' [C:\Source\OASIS-master\Providers\Blockchain\TestProjects\NextGenSoftware.OASIS.API.Providers.TelosOASIS.IntegrationTests\NextGenSoftware.OASIS.API.Providers.TelosOASIS.IntegrationTests.csproj]
C:\Source\OASIS-master\Providers\Blockchain\TestProjects\NextGenSoftware.OASIS.API.Providers.TelosOASIS.IntegrationTests\TelosOASISIntegrationTests.cs(214,59): error CS1061: 'TelosOASIS' does not contain a definition for 'Description' and no accessible extension method 'Description' accepting a first argument of type 'TelosOASIS' could be found (are you missing a using directive or an assembly reference?) [C:\Source\OASIS-master\Providers\Blockchain\TestProjects\NextGenSoftware.OASIS.API.Providers.TelosOASIS.IntegrationTests\NextGenSoftware.OASIS.API.Providers.TelosOASIS.IntegrationTests.csproj]
C:\Source\OASIS-master\Providers\Other\TestProjects\NextGenSoftware.OASIS.API.Providers.ONION-Protocol.UnitTests\ONION-ProtocolUnitTests.cs(2,48): error CS1002: ; expected [C:\Source\OASIS-master\Providers\Other\TestProjects\NextGenSoftware.OASIS.API.Providers.ONION-Protocol.UnitTests\NextGenSoftware.OASIS.API.Providers.ONION-Protocol.UnitTests.csproj]
C:\Source\OASIS-master\Providers\Other\TestProjects\NextGenSoftware.OASIS.API.Providers.ONION-Protocol.UnitTests\ONION-ProtocolUnitTests.cs(3,1): error CS1529: A using clause must precede all other elements defined in the namespace except extern alias declarations [C:\Source\OASIS-master\Providers\Other\TestProjects\NextGenSoftware.OASIS.API.Providers.ONION-Protocol.UnitTests\NextGenSoftware.OASIS.API.Providers.ONION-Protocol.UnitTests.csproj]
C:\Source\OASIS-master\Providers\Other\TestProjects\NextGenSoftware.OASIS.API.Providers.ONION-Protocol.UnitTests\ONION-ProtocolUnitTests.cs(4,1): error CS1529: A using clause must precede all other elements defined in the namespace except extern alias declarations [C:\Source\OASIS-master\Providers\Other\TestProjects\NextGenSoftware.OASIS.API.Providers.ONION-Protocol.UnitTests\NextGenSoftware.OASIS.API.Providers.ONION-Protocol.UnitTests.csproj]
C:\Source\OASIS-master\Providers\Other\TestProjects\NextGenSoftware.OASIS.API.Providers.ONION-Protocol.UnitTests\ONION-ProtocolUnitTests.cs(5,1): error CS1529: A using clause must precede all other elements defined in the namespace except extern alias declarations [C:\Source\OASIS-master\Providers\Other\TestProjects\NextGenSoftware.OASIS.API.Providers.ONION-Protocol.UnitTests\NextGenSoftware.OASIS.API.Providers.ONION-Protocol.UnitTests.csproj]
C:\Source\OASIS-master\Providers\Other\TestProjects\NextGenSoftware.OASIS.API.Providers.ONION-Protocol.UnitTests\ONION-ProtocolUnitTests.cs(6,1): error CS1529: A using clause must precede all other elements defined in the namespace except extern alias declarations [C:\Source\OASIS-master\Providers\Other\TestProjects\NextGenSoftware.OASIS.API.Providers.ONION-Protocol.UnitTests\NextGenSoftware.OASIS.API.Providers.ONION-Protocol.UnitTests.csproj]
C:\Source\OASIS-master\Providers\Other\TestProjects\NextGenSoftware.OASIS.API.Providers.ONION-Protocol.UnitTests\ONION-ProtocolUnitTests.cs(8,62): error CS0116: A namespace cannot directly contain members such as fields, methods or statements [C:\Source\OASIS-master\Providers\Other\TestProjects\NextGenSoftware.OASIS.API.Providers.ONION-Protocol.UnitTests\NextGenSoftware.OASIS.API.Providers.ONION-Protocol.UnitTests.csproj]
C:\Source\OASIS-master\Providers\Other\TestProjects\NextGenSoftware.OASIS.API.Providers.ONION-Protocol.UnitTests\ONION-ProtocolUnitTests.cs(8,52): error CS1514: { expected [C:\Source\OASIS-master\Providers\Other\TestProjects\NextGenSoftware.OASIS.API.Providers.ONION-Protocol.UnitTests\NextGenSoftware.OASIS.API.Providers.ONION-Protocol.UnitTests.csproj]
C:\Source\OASIS-master\Providers\Other\TestProjects\NextGenSoftware.OASIS.API.Providers.ONION-Protocol.UnitTests\ONION-ProtocolUnitTests.cs(9,1): error CS1022: Type or namespace definition, or end-of-file expected [C:\Source\OASIS-master\Providers\Other\TestProjects\NextGenSoftware.OASIS.API.Providers.ONION-Protocol.UnitTests\NextGenSoftware.OASIS.API.Providers.ONION-Protocol.UnitTests.csproj]
C:\Source\OASIS-master\Providers\Other\TestProjects\NextGenSoftware.OASIS.API.Providers.ONION-Protocol.UnitTests\ONION-ProtocolUnitTests.cs(11,23): error CS1514: { expected [C:\Source\OASIS-master\Providers\Other\TestProjects\NextGenSoftware.OASIS.API.Providers.ONION-Protocol.UnitTests\NextGenSoftware.OASIS.API.Providers.ONION-Protocol.UnitTests.csproj]
C:\Source\OASIS-master\Providers\Other\TestProjects\NextGenSoftware.OASIS.API.Providers.ONION-Protocol.UnitTests\ONION-ProtocolUnitTests.cs(11,23): error CS1513: } expected [C:\Source\OASIS-master\Providers\Other\TestProjects\NextGenSoftware.OASIS.API.Providers.ONION-Protocol.UnitTests\NextGenSoftware.OASIS.API.Providers.ONION-Protocol.UnitTests.csproj]
C:\Source\OASIS-master\Providers\Other\TestProjects\NextGenSoftware.OASIS.API.Providers.ONION-Protocol.UnitTests\ONION-ProtocolUnitTests.cs(11,23): error CS1022: Type or namespace definition, or end-of-file expected [C:\Source\OASIS-master\Providers\Other\TestProjects\NextGenSoftware.OASIS.API.Providers.ONION-Protocol.UnitTests\NextGenSoftware.OASIS.API.Providers.ONION-Protocol.UnitTests.csproj]
C:\Source\OASIS-master\Providers\Other\TestProjects\NextGenSoftware.OASIS.API.Providers.ONION-Protocol.UnitTests\ONION-ProtocolUnitTests.cs(11,24): error CS0116: A namespace cannot directly contain members such as fields, methods or statements [C:\Source\OASIS-master\Providers\Other\TestProjects\NextGenSoftware.OASIS.API.Providers.ONION-Protocol.UnitTests\NextGenSoftware.OASIS.API.Providers.ONION-Protocol.UnitTests.csproj]
C:\Source\OASIS-master\Providers\Other\TestProjects\NextGenSoftware.OASIS.API.Providers.ONION-Protocol.UnitTests\ONION-ProtocolUnitTests.cs(12,5): error CS1022: Type or namespace definition, or end-of-file expected [C:\Source\OASIS-master\Providers\Other\TestProjects\NextGenSoftware.OASIS.API.Providers.ONION-Protocol.UnitTests\NextGenSoftware.OASIS.API.Providers.ONION-Protocol.UnitTests.csproj]
C:\Source\OASIS-master\Providers\Other\TestProjects\NextGenSoftware.OASIS.API.Providers.ONION-Protocol.UnitTests\ONION-ProtocolUnitTests.cs(13,17): error CS0116: A namespace cannot directly contain members such as fields, methods or statements [C:\Source\OASIS-master\Providers\Other\TestProjects\NextGenSoftware.OASIS.API.Providers.ONION-Protocol.UnitTests\NextGenSoftware.OASIS.API.Providers.ONION-Protocol.UnitTests.csproj]
C:\Source\OASIS-master\Providers\Other\TestProjects\NextGenSoftware.OASIS.API.Providers.ONION-Protocol.UnitTests\ONION-ProtocolUnitTests.cs(13,22): error CS1022: Type or namespace definition, or end-of-file expected [C:\Source\OASIS-master\Providers\Other\TestProjects\NextGenSoftware.OASIS.API.Providers.ONION-Protocol.UnitTests\NextGenSoftware.OASIS.API.Providers.ONION-Protocol.UnitTests.csproj]
C:\Source\OASIS-master\Providers\Other\TestProjects\NextGenSoftware.OASIS.API.Providers.ONION-Protocol.UnitTests\ONION-ProtocolUnitTests.cs(18,34): error CS1526: A new expression requires an argument list or (), [], or {} after type [C:\Source\OASIS-master\Providers\Other\TestProjects\NextGenSoftware.OASIS.API.Providers.ONION-Protocol.UnitTests\NextGenSoftware.OASIS.API.Providers.ONION-Protocol.UnitTests.csproj]
C:\Source\OASIS-master\Providers\Other\TestProjects\NextGenSoftware.OASIS.API.Providers.ONION-Protocol.UnitTests\ONION-ProtocolUnitTests.cs(22,47): error CS1002: ; expected [C:\Source\OASIS-master\Providers\Other\TestProjects\NextGenSoftware.OASIS.API.Providers.ONION-Protocol.UnitTests\NextGenSoftware.OASIS.API.Providers.ONION-Protocol.UnitTests.csproj]
C:\Source\OASIS-master\Providers\Other\TestProjects\NextGenSoftware.OASIS.API.Providers.ONION-Protocol.UnitTests\ONION-ProtocolUnitTests.cs(22,47): error CS1022: Type or namespace definition, or end-of-file expected [C:\Source\OASIS-master\Providers\Other\TestProjects\NextGenSoftware.OASIS.API.Providers.ONION-Protocol.UnitTests\NextGenSoftware.OASIS.API.Providers.ONION-Protocol.UnitTests.csproj]
C:\Source\OASIS-master\Providers\Other\TestProjects\NextGenSoftware.OASIS.API.Providers.ONION-Protocol.UnitTests\ONION-ProtocolUnitTests.cs(42,47): error CS1002: ; expected [C:\Source\OASIS-master\Providers\Other\TestProjects\NextGenSoftware.OASIS.API.Providers.ONION-Protocol.UnitTests\NextGenSoftware.OASIS.API.Providers.ONION-Protocol.UnitTests.csproj]
C:\Source\OASIS-master\Providers\Other\TestProjects\NextGenSoftware.OASIS.API.Providers.ONION-Protocol.UnitTests\ONION-ProtocolUnitTests.cs(42,47): error CS1022: Type or namespace definition, or end-of-file expected [C:\Source\OASIS-master\Providers\Other\TestProjects\NextGenSoftware.OASIS.API.Providers.ONION-Protocol.UnitTests\NextGenSoftware.OASIS.API.Providers.ONION-Protocol.UnitTests.csproj]
C:\Source\OASIS-master\Providers\Other\TestProjects\NextGenSoftware.OASIS.API.Providers.ONION-Protocol.UnitTests\ONION-ProtocolUnitTests.cs(111,1): error CS1022: Type or namespace definition, or end-of-file expected [C:\Source\OASIS-master\Providers\Other\TestProjects\NextGenSoftware.OASIS.API.Providers.ONION-Protocol.UnitTests\NextGenSoftware.OASIS.API.Providers.ONION-Protocol.UnitTests.csproj]
C:\Source\OASIS-master\Providers\Other\TestProjects\NextGenSoftware.OASIS.API.Providers.PLANOASIS.UnitTests\PLANOASISTests.cs(5,33): error CS0234: The type or namespace name 'Core' does not exist in the namespace 'NextGenSoftware.OASIS.API' (are you missing an assembly reference?) [C:\Source\OASIS-master\Providers\Other\TestProjects\NextGenSoftware.OASIS.API.Providers.PLANOASIS.UnitTests\NextGenSoftware.OASIS.API.Providers.PLANOASIS.UnitTests.csproj]
C:\Source\OASIS-master\Providers\Blockchain\TestProjects\NextGenSoftware.OASIS.API.Providers.TelosOASIS.UnitTests\TelosOASISTests.cs(17,29): error CS7036: There is no argument given that corresponds to the required parameter 'host' of 'TelosOASIS.TelosOASIS(string, string, string, string)' [C:\Source\OASIS-master\Providers\Blockchain\TestProjects\NextGenSoftware.OASIS.API.Providers.TelosOASIS.UnitTests\NextGenSoftware.OASIS.API.Providers.TelosOASIS.UnitTests.csproj]
C:\Source\OASIS-master\Providers\Blockchain\TestProjects\NextGenSoftware.OASIS.API.Providers.TelosOASIS.UnitTests\TelosOASISTests.cs(27,34): error CS1061: 'OASISResult<bool>' does not contain a definition for 'IsSuccess' and no accessible extension method 'IsSuccess' accepting a first argument of type 'OASISResult<bool>' could be found (are you missing a using directive or an assembly reference?) [C:\Source\OASIS-master\Providers\Blockchain\TestProjects\NextGenSoftware.OASIS.API.Providers.TelosOASIS.UnitTests\NextGenSoftware.OASIS.API.Providers.TelosOASIS.UnitTests.csproj]
C:\Source\OASIS-master\Providers\Blockchain\TestProjects\NextGenSoftware.OASIS.API.Providers.TelosOASIS.UnitTests\TelosOASISTests.cs(37,34): error CS1061: 'OASISResult<bool>' does not contain a definition for 'IsSuccess' and no accessible extension method 'IsSuccess' accepting a first argument of type 'OASISResult<bool>' could be found (are you missing a using directive or an assembly reference?) [C:\Source\OASIS-master\Providers\Blockchain\TestProjects\NextGenSoftware.OASIS.API.Providers.TelosOASIS.UnitTests\NextGenSoftware.OASIS.API.Providers.TelosOASIS.UnitTests.csproj]
C:\Source\OASIS-master\Providers\Blockchain\TestProjects\NextGenSoftware.OASIS.API.Providers.TelosOASIS.UnitTests\TelosOASISTests.cs(44,30): error CS0246: The type or namespace name 'Avatar' could not be found (are you missing a using directive or an assembly reference?) [C:\Source\OASIS-master\Providers\Blockchain\TestProjects\NextGenSoftware.OASIS.API.Providers.TelosOASIS.UnitTests\NextGenSoftware.OASIS.API.Providers.TelosOASIS.UnitTests.csproj]
C:\Source\OASIS-master\Providers\Blockchain\TestProjects\NextGenSoftware.OASIS.API.Providers.TelosOASIS.UnitTests\TelosOASISTests.cs(67,35): error CS1061: 'OASISResult<IEnumerable<IAvatar>>' does not contain a definition for 'IsSuccess' and no accessible extension method 'IsSuccess' accepting a first argument of type 'OASISResult<IEnumerable<IAvatar>>' could be found (are you missing a using directive or an assembly reference?) [C:\Source\OASIS-master\Providers\Blockchain\TestProjects\NextGenSoftware.OASIS.API.Providers.TelosOASIS.UnitTests\NextGenSoftware.OASIS.API.Providers.TelosOASIS.UnitTests.csproj]
C:\Source\OASIS-master\Providers\Blockchain\TestProjects\NextGenSoftware.OASIS.API.Providers.TelosOASIS.UnitTests\TelosOASISTests.cs(78,35): error CS1061: 'OASISResult<IAvatar>' does not contain a definition for 'IsSuccess' and no accessible extension method 'IsSuccess' accepting a first argument of type 'OASISResult<IAvatar>' could be found (are you missing a using directive or an assembly reference?) [C:\Source\OASIS-master\Providers\Blockchain\TestProjects\NextGenSoftware.OASIS.API.Providers.TelosOASIS.UnitTests\NextGenSoftware.OASIS.API.Providers.TelosOASIS.UnitTests.csproj]
C:\Source\OASIS-master\Providers\Blockchain\TestProjects\NextGenSoftware.OASIS.API.Providers.TelosOASIS.UnitTests\TelosOASISTests.cs(89,35): error CS1061: 'OASISResult<IAvatar>' does not contain a definition for 'IsSuccess' and no accessible extension method 'IsSuccess' accepting a first argument of type 'OASISResult<IAvatar>' could be found (are you missing a using directive or an assembly reference?) [C:\Source\OASIS-master\Providers\Blockchain\TestProjects\NextGenSoftware.OASIS.API.Providers.TelosOASIS.UnitTests\NextGenSoftware.OASIS.API.Providers.TelosOASIS.UnitTests.csproj]
C:\Source\OASIS-master\Providers\Blockchain\TestProjects\NextGenSoftware.OASIS.API.Providers.TelosOASIS.UnitTests\TelosOASISTests.cs(100,35): error CS1061: 'OASISResult<IAvatar>' does not contain a definition for 'IsSuccess' and no accessible extension method 'IsSuccess' accepting a first argument of type 'OASISResult<IAvatar>' could be found (are you missing a using directive or an assembly reference?) [C:\Source\OASIS-master\Providers\Blockchain\TestProjects\NextGenSoftware.OASIS.API.Providers.TelosOASIS.UnitTests\NextGenSoftware.OASIS.API.Providers.TelosOASIS.UnitTests.csproj]
C:\Source\OASIS-master\Providers\Blockchain\TestProjects\NextGenSoftware.OASIS.API.Providers.TelosOASIS.UnitTests\TelosOASISTests.cs(111,35): error CS1061: 'OASISResult<IAvatar>' does not contain a definition for 'IsSuccess' and no accessible extension method 'IsSuccess' accepting a first argument of type 'OASISResult<IAvatar>' could be found (are you missing a using directive or an assembly reference?) [C:\Source\OASIS-master\Providers\Blockchain\TestProjects\NextGenSoftware.OASIS.API.Providers.TelosOASIS.UnitTests\NextGenSoftware.OASIS.API.Providers.TelosOASIS.UnitTests.csproj]
C:\Source\OASIS-master\Providers\Blockchain\TestProjects\NextGenSoftware.OASIS.API.Providers.TelosOASIS.UnitTests\TelosOASISTests.cs(119,29): error CS0246: The type or namespace name 'Holon' could not be found (are you missing a using directive or an assembly reference?) [C:\Source\OASIS-master\Providers\Blockchain\TestProjects\NextGenSoftware.OASIS.API.Providers.TelosOASIS.UnitTests\NextGenSoftware.OASIS.API.Providers.TelosOASIS.UnitTests.csproj]
C:\Source\OASIS-master\Providers\Blockchain\TestProjects\NextGenSoftware.OASIS.API.Providers.TelosOASIS.UnitTests\TelosOASISTests.cs(140,35): error CS1061: 'OASISResult<IEnumerable<IHolon>>' does not contain a definition for 'IsSuccess' and no accessible extension method 'IsSuccess' accepting a first argument of type 'OASISResult<IEnumerable<IHolon>>' could be found (are you missing a using directive or an assembly reference?) [C:\Source\OASIS-master\Providers\Blockchain\TestProjects\NextGenSoftware.OASIS.API.Providers.TelosOASIS.UnitTests\NextGenSoftware.OASIS.API.Providers.TelosOASIS.UnitTests.csproj]
C:\Source\OASIS-master\Providers\Other\TestProjects\NextGenSoftware.OASIS.API.Providers.SEEDSOASIS.IntegrationTests\SEEDSOASISIntegrationTests.cs(14,37): error CS0118: 'SEEDSOASIS' is a namespace but is used like a type [C:\Source\OASIS-master\Providers\Other\TestProjects\NextGenSoftware.OASIS.API.Providers.SEEDSOASIS.IntegrationTests\NextGenSoftware.OASIS.API.Providers.SEEDSOASIS.IntegrationTests.csproj]
C:\Source\OASIS-master\Providers\Other\TestProjects\NextGenSoftware.OASIS.API.Providers.SEEDSOASIS.IntegrationTests\SEEDSOASISIntegrationTests.cs(33,37): error CS0118: 'SEEDSOASIS' is a namespace but is used like a type [C:\Source\OASIS-master\Providers\Other\TestProjects\NextGenSoftware.OASIS.API.Providers.SEEDSOASIS.IntegrationTests\NextGenSoftware.OASIS.API.Providers.SEEDSOASIS.IntegrationTests.csproj]
C:\Source\OASIS-master\Providers\Other\TestProjects\NextGenSoftware.OASIS.API.Providers.SEEDSOASIS.IntegrationTests\SEEDSOASISIntegrationTests.cs(52,37): error CS0118: 'SEEDSOASIS' is a namespace but is used like a type [C:\Source\OASIS-master\Providers\Other\TestProjects\NextGenSoftware.OASIS.API.Providers.SEEDSOASIS.IntegrationTests\NextGenSoftware.OASIS.API.Providers.SEEDSOASIS.IntegrationTests.csproj]
C:\Source\OASIS-master\Providers\Other\TestProjects\NextGenSoftware.OASIS.API.Providers.SEEDSOASIS.IntegrationTests\SEEDSOASISIntegrationTests.cs(55,28): error CS0234: The type or namespace name 'ENDPOINT_TEST' does not exist in the namespace 'NextGenSoftware.OASIS.API.Providers.SEEDSOASIS' (are you missing an assembly reference?) [C:\Source\OASIS-master\Providers\Other\TestProjects\NextGenSoftware.OASIS.API.Providers.SEEDSOASIS.IntegrationTests\NextGenSoftware.OASIS.API.Providers.SEEDSOASIS.IntegrationTests.csproj]
C:\Source\OASIS-master\Providers\Other\TestProjects\NextGenSoftware.OASIS.API.Providers.SEEDSOASIS.IntegrationTests\SEEDSOASISIntegrationTests.cs(56,28): error CS0234: The type or namespace name 'ENDPOINT_LIVE' does not exist in the namespace 'NextGenSoftware.OASIS.API.Providers.SEEDSOASIS' (are you missing an assembly reference?) [C:\Source\OASIS-master\Providers\Other\TestProjects\NextGenSoftware.OASIS.API.Providers.SEEDSOASIS.IntegrationTests\NextGenSoftware.OASIS.API.Providers.SEEDSOASIS.IntegrationTests.csproj]
C:\Source\OASIS-master\Providers\Other\TestProjects\NextGenSoftware.OASIS.API.Providers.SEEDSOASIS.IntegrationTests\SEEDSOASISIntegrationTests.cs(57,28): error CS0234: The type or namespace name 'SEEDS_EOSIO_ACCOUNT_TEST' does not exist in the namespace 'NextGenSoftware.OASIS.API.Providers.SEEDSOASIS' (are you missing an assembly reference?) [C:\Source\OASIS-master\Providers\Other\TestProjects\NextGenSoftware.OASIS.API.Providers.SEEDSOASIS.IntegrationTests\NextGenSoftware.OASIS.API.Providers.SEEDSOASIS.IntegrationTests.csproj]
C:\Source\OASIS-master\Providers\Other\TestProjects\NextGenSoftware.OASIS.API.Providers.SEEDSOASIS.IntegrationTests\SEEDSOASISIntegrationTests.cs(58,28): error CS0234: The type or namespace name 'SEEDS_EOSIO_ACCOUNT_LIVE' does not exist in the namespace 'NextGenSoftware.OASIS.API.Providers.SEEDSOASIS' (are you missing an assembly reference?) [C:\Source\OASIS-master\Providers\Other\TestProjects\NextGenSoftware.OASIS.API.Providers.SEEDSOASIS.IntegrationTests\NextGenSoftware.OASIS.API.Providers.SEEDSOASIS.IntegrationTests.csproj]
C:\Source\OASIS-master\Providers\Other\TestProjects\NextGenSoftware.OASIS.API.Providers.SEEDSOASIS.IntegrationTests\SEEDSOASISIntegrationTests.cs(59,28): error CS0234: The type or namespace name 'CHAINID_TEST' does not exist in the namespace 'NextGenSoftware.OASIS.API.Providers.SEEDSOASIS' (are you missing an assembly reference?) [C:\Source\OASIS-master\Providers\Other\TestProjects\NextGenSoftware.OASIS.API.Providers.SEEDSOASIS.IntegrationTests\NextGenSoftware.OASIS.API.Providers.SEEDSOASIS.IntegrationTests.csproj]
C:\Source\OASIS-master\Providers\Other\TestProjects\NextGenSoftware.OASIS.API.Providers.SEEDSOASIS.IntegrationTests\SEEDSOASISIntegrationTests.cs(60,28): error CS0234: The type or namespace name 'CHAINID_LIVE' does not exist in the namespace 'NextGenSoftware.OASIS.API.Providers.SEEDSOASIS' (are you missing an assembly reference?) [C:\Source\OASIS-master\Providers\Other\TestProjects\NextGenSoftware.OASIS.API.Providers.SEEDSOASIS.IntegrationTests\NextGenSoftware.OASIS.API.Providers.SEEDSOASIS.IntegrationTests.csproj]
C:\Source\OASIS-master\Providers\Other\TestProjects\NextGenSoftware.OASIS.API.Providers.SEEDSOASIS.IntegrationTests\SEEDSOASISIntegrationTests.cs(61,28): error CS0234: The type or namespace name 'PUBLICKEY_TEST' does not exist in the namespace 'NextGenSoftware.OASIS.API.Providers.SEEDSOASIS' (are you missing an assembly reference?) [C:\Source\OASIS-master\Providers\Other\TestProjects\NextGenSoftware.OASIS.API.Providers.SEEDSOASIS.IntegrationTests\NextGenSoftware.OASIS.API.Providers.SEEDSOASIS.IntegrationTests.csproj]
C:\Source\OASIS-master\Providers\Other\TestProjects\NextGenSoftware.OASIS.API.Providers.SEEDSOASIS.IntegrationTests\SEEDSOASISIntegrationTests.cs(62,28): error CS0234: The type or namespace name 'PUBLICKEY_LIVE' does not exist in the namespace 'NextGenSoftware.OASIS.API.Providers.SEEDSOASIS' (are you missing an assembly reference?) [C:\Source\OASIS-master\Providers\Other\TestProjects\NextGenSoftware.OASIS.API.Providers.SEEDSOASIS.IntegrationTests\NextGenSoftware.OASIS.API.Providers.SEEDSOASIS.IntegrationTests.csproj]
C:\Source\OASIS-master\Providers\Other\TestProjects\NextGenSoftware.OASIS.API.Providers.SEEDSOASIS.IntegrationTests\SEEDSOASISIntegrationTests.cs(63,28): error CS0234: The type or namespace name 'APIKEY_TEST' does not exist in the namespace 'NextGenSoftware.OASIS.API.Providers.SEEDSOASIS' (are you missing an assembly reference?) [C:\Source\OASIS-master\Providers\Other\TestProjects\NextGenSoftware.OASIS.API.Providers.SEEDSOASIS.IntegrationTests\NextGenSoftware.OASIS.API.Providers.SEEDSOASIS.IntegrationTests.csproj]
C:\Source\OASIS-master\Providers\Other\TestProjects\NextGenSoftware.OASIS.API.Providers.SEEDSOASIS.IntegrationTests\SEEDSOASISIntegrationTests.cs(64,28): error CS0234: The type or namespace name 'APIKEY_LIVE' does not exist in the namespace 'NextGenSoftware.OASIS.API.Providers.SEEDSOASIS' (are you missing an assembly reference?) [C:\Source\OASIS-master\Providers\Other\TestProjects\NextGenSoftware.OASIS.API.Providers.SEEDSOASIS.IntegrationTests\NextGenSoftware.OASIS.API.Providers.SEEDSOASIS.IntegrationTests.csproj]
C:\Source\OASIS-master\Providers\Other\TestProjects\NextGenSoftware.OASIS.API.Providers.SEEDSOASIS.IntegrationTests\SEEDSOASISIntegrationTests.cs(71,37): error CS0118: 'SEEDSOASIS' is a namespace but is used like a type [C:\Source\OASIS-master\Providers\Other\TestProjects\NextGenSoftware.OASIS.API.Providers.SEEDSOASIS.IntegrationTests\NextGenSoftware.OASIS.API.Providers.SEEDSOASIS.IntegrationTests.csproj]
C:\Source\OASIS-master\Providers\Other\TestProjects\NextGenSoftware.OASIS.API.Providers.SEEDSOASIS.IntegrationTests\SEEDSOASISIntegrationTests.cs(84,37): error CS0118: 'SEEDSOASIS' is a namespace but is used like a type [C:\Source\OASIS-master\Providers\Other\TestProjects\NextGenSoftware.OASIS.API.Providers.SEEDSOASIS.IntegrationTests\NextGenSoftware.OASIS.API.Providers.SEEDSOASIS.IntegrationTests.csproj]
C:\Source\OASIS-master\Providers\Blockchain\TestProjects\NextGenSoftware.OASIS.API.Providers.TelosOASIS.UnitTests\TelosOASISTests.cs(151,35): error CS1061: 'OASISResult<IHolon>' does not contain a definition for 'IsSuccess' and no accessible extension method 'IsSuccess' accepting a first argument of type 'OASISResult<IHolon>' could be found (are you missing a using directive or an assembly reference?) [C:\Source\OASIS-master\Providers\Blockchain\TestProjects\NextGenSoftware.OASIS.API.Providers.TelosOASIS.UnitTests\NextGenSoftware.OASIS.API.Providers.TelosOASIS.UnitTests.csproj]
C:\Source\OASIS-master\Providers\Blockchain\TestProjects\NextGenSoftware.OASIS.API.Providers.TelosOASIS.UnitTests\TelosOASISTests.cs(162,35): error CS1061: 'OASISResult<IEnumerable<IHolon>>' does not contain a definition for 'IsSuccess' and no accessible extension method 'IsSuccess' accepting a first argument of type 'OASISResult<IEnumerable<IHolon>>' could be found (are you missing a using directive or an assembly reference?) [C:\Source\OASIS-master\Providers\Blockchain\TestProjects\NextGenSoftware.OASIS.API.Providers.TelosOASIS.UnitTests\NextGenSoftware.OASIS.API.Providers.TelosOASIS.UnitTests.csproj]
C:\Source\OASIS-master\Providers\Blockchain\TestProjects\NextGenSoftware.OASIS.API.Providers.TelosOASIS.UnitTests\TelosOASISTests.cs(173,35): error CS1061: 'OASISResult<IHolon>' does not contain a definition for 'IsSuccess' and no accessible extension method 'IsSuccess' accepting a first argument of type 'OASISResult<IHolon>' could be found (are you missing a using directive or an assembly reference?) [C:\Source\OASIS-master\Providers\Blockchain\TestProjects\NextGenSoftware.OASIS.API.Providers.TelosOASIS.UnitTests\NextGenSoftware.OASIS.API.Providers.TelosOASIS.UnitTests.csproj]
C:\Source\OASIS-master\Providers\Blockchain\TestProjects\NextGenSoftware.OASIS.API.Providers.TelosOASIS.UnitTests\TelosOASISTests.cs(181,36): error CS0246: The type or namespace name 'AvatarDetail' could not be found (are you missing a using directive or an assembly reference?) [C:\Source\OASIS-master\Providers\Blockchain\TestProjects\NextGenSoftware.OASIS.API.Providers.TelosOASIS.UnitTests\NextGenSoftware.OASIS.API.Providers.TelosOASIS.UnitTests.csproj]
C:\Source\OASIS-master\Providers\Blockchain\TestProjects\NextGenSoftware.OASIS.API.Providers.TelosOASIS.UnitTests\TelosOASISTests.cs(202,35): error CS1061: 'OASISResult<IAvatarDetail>' does not contain a definition for 'IsSuccess' and no accessible extension method 'IsSuccess' accepting a first argument of type 'OASISResult<IAvatarDetail>' could be found (are you missing a using directive or an assembly reference?) [C:\Source\OASIS-master\Providers\Blockchain\TestProjects\NextGenSoftware.OASIS.API.Providers.TelosOASIS.UnitTests\NextGenSoftware.OASIS.API.Providers.TelosOASIS.UnitTests.csproj]
C:\Source\OASIS-master\Providers\Blockchain\TestProjects\NextGenSoftware.OASIS.API.Providers.TelosOASIS.UnitTests\TelosOASISTests.cs(213,35): error CS1061: 'OASISResult<IAvatarDetail>' does not contain a definition for 'IsSuccess' and no accessible extension method 'IsSuccess' accepting a first argument of type 'OASISResult<IAvatarDetail>' could be found (are you missing a using directive or an assembly reference?) [C:\Source\OASIS-master\Providers\Blockchain\TestProjects\NextGenSoftware.OASIS.API.Providers.TelosOASIS.UnitTests\NextGenSoftware.OASIS.API.Providers.TelosOASIS.UnitTests.csproj]
C:\Source\OASIS-master\Providers\Blockchain\TestProjects\NextGenSoftware.OASIS.API.Providers.TelosOASIS.UnitTests\TelosOASISTests.cs(224,35): error CS1061: 'OASISResult<IAvatarDetail>' does not contain a definition for 'IsSuccess' and no accessible extension method 'IsSuccess' accepting a first argument of type 'OASISResult<IAvatarDetail>' could be found (are you missing a using directive or an assembly reference?) [C:\Source\OASIS-master\Providers\Blockchain\TestProjects\NextGenSoftware.OASIS.API.Providers.TelosOASIS.UnitTests\NextGenSoftware.OASIS.API.Providers.TelosOASIS.UnitTests.csproj]
C:\Source\OASIS-master\Providers\Blockchain\TestProjects\NextGenSoftware.OASIS.API.Providers.TelosOASIS.UnitTests\TelosOASISTests.cs(232,36): error CS1061: 'TelosOASIS' does not contain a definition for 'GetPlayersNearMe' and no accessible extension method 'GetPlayersNearMe' accepting a first argument of type 'TelosOASIS' could be found (are you missing a using directive or an assembly reference?) [C:\Source\OASIS-master\Providers\Blockchain\TestProjects\NextGenSoftware.OASIS.API.Providers.TelosOASIS.UnitTests\NextGenSoftware.OASIS.API.Providers.TelosOASIS.UnitTests.csproj]
C:\Source\OASIS-master\Providers\Blockchain\TestProjects\NextGenSoftware.OASIS.API.Providers.TelosOASIS.UnitTests\TelosOASISTests.cs(243,36): error CS7036: There is no argument given that corresponds to the required parameter 'geoLong' of 'TelosOASIS.GetHolonsNearMe(long, long, int, HolonType)' [C:\Source\OASIS-master\Providers\Blockchain\TestProjects\NextGenSoftware.OASIS.API.Providers.TelosOASIS.UnitTests\NextGenSoftware.OASIS.API.Providers.TelosOASIS.UnitTests.csproj]
C:\Source\OASIS-master\Providers\Blockchain\TestProjects\NextGenSoftware.OASIS.API.Providers.TelosOASIS.UnitTests\TelosOASISTests.cs(246,35): error CS1061: 'OASISResult<IEnumerable<IHolon>>' does not contain a definition for 'IsSuccess' and no accessible extension method 'IsSuccess' accepting a first argument of type 'OASISResult<IEnumerable<IHolon>>' could be found (are you missing a using directive or an assembly reference?) [C:\Source\OASIS-master\Providers\Blockchain\TestProjects\NextGenSoftware.OASIS.API.Providers.TelosOASIS.UnitTests\NextGenSoftware.OASIS.API.Providers.TelosOASIS.UnitTests.csproj]
C:\Source\OASIS-master\Providers\Blockchain\TestProjects\NextGenSoftware.OASIS.API.Providers.TelosOASIS.UnitTests\TelosOASISTests.cs(254,35): error CS0246: The type or namespace name 'WalletTransactionRequest' could not be found (are you missing a using directive or an assembly reference?) [C:\Source\OASIS-master\Providers\Blockchain\TestProjects\NextGenSoftware.OASIS.API.Providers.TelosOASIS.UnitTests\NextGenSoftware.OASIS.API.Providers.TelosOASIS.UnitTests.csproj]
C:\Source\OASIS-master\Providers\Blockchain\TestProjects\NextGenSoftware.OASIS.API.Providers.TelosOASIS.UnitTests\TelosOASISTests.cs(268,38): error CS0246: The type or namespace name 'NFTWalletTransactionRequest' could not be found (are you missing a using directive or an assembly reference?) [C:\Source\OASIS-master\Providers\Blockchain\TestProjects\NextGenSoftware.OASIS.API.Providers.TelosOASIS.UnitTests\NextGenSoftware.OASIS.API.Providers.TelosOASIS.UnitTests.csproj]
C:\Source\OASIS-master\Providers\Blockchain\TestProjects\NextGenSoftware.OASIS.API.Providers.TelosOASIS.UnitTests\TelosOASISTests.cs(282,35): error CS0246: The type or namespace name 'MintNFTTransactionRequest' could not be found (are you missing a using directive or an assembly reference?) [C:\Source\OASIS-master\Providers\Blockchain\TestProjects\NextGenSoftware.OASIS.API.Providers.TelosOASIS.UnitTests\NextGenSoftware.OASIS.API.Providers.TelosOASIS.UnitTests.csproj]
C:\Source\OASIS-master\Providers\Blockchain\TestProjects\NextGenSoftware.OASIS.API.Providers.TelosOASIS.UnitTests\TelosOASISTests.cs(296,42): error CS1061: 'TelosOASIS' does not contain a definition for 'LoadNFTAsync' and no accessible extension method 'LoadNFTAsync' accepting a first argument of type 'TelosOASIS' could be found (are you missing a using directive or an assembly reference?) [C:\Source\OASIS-master\Providers\Blockchain\TestProjects\NextGenSoftware.OASIS.API.Providers.TelosOASIS.UnitTests\NextGenSoftware.OASIS.API.Providers.TelosOASIS.UnitTests.csproj]
C:\Source\OASIS-master\Providers\Blockchain\TestProjects\NextGenSoftware.OASIS.API.Providers.TelosOASIS.UnitTests\TelosOASISTests.cs(307,42): error CS1061: 'TelosOASIS' does not contain a definition for 'LoadNFTAsync' and no accessible extension method 'LoadNFTAsync' accepting a first argument of type 'TelosOASIS' could be found (are you missing a using directive or an assembly reference?) [C:\Source\OASIS-master\Providers\Blockchain\TestProjects\NextGenSoftware.OASIS.API.Providers.TelosOASIS.UnitTests\NextGenSoftware.OASIS.API.Providers.TelosOASIS.UnitTests.csproj]
C:\Source\OASIS-master\Providers\Blockchain\TestProjects\NextGenSoftware.OASIS.API.Providers.TelosOASIS.UnitTests\TelosOASISTests.cs(318,42): error CS1061: 'TelosOASIS' does not contain a definition for 'LoadAllNFTsForAvatarAsync' and no accessible extension method 'LoadAllNFTsForAvatarAsync' accepting a first argument of type 'TelosOASIS' could be found (are you missing a using directive or an assembly reference?) [C:\Source\OASIS-master\Providers\Blockchain\TestProjects\NextGenSoftware.OASIS.API.Providers.TelosOASIS.UnitTests\NextGenSoftware.OASIS.API.Providers.TelosOASIS.UnitTests.csproj]
C:\Source\OASIS-master\Providers\Blockchain\TestProjects\NextGenSoftware.OASIS.API.Providers.TelosOASIS.UnitTests\TelosOASISTests.cs(329,42): error CS1061: 'TelosOASIS' does not contain a definition for 'LoadAllGeoNFTsForAvatarAsync' and no accessible extension method 'LoadAllGeoNFTsForAvatarAsync' accepting a first argument of type 'TelosOASIS' could be found (are you missing a using directive or an assembly reference?) [C:\Source\OASIS-master\Providers\Blockchain\TestProjects\NextGenSoftware.OASIS.API.Providers.TelosOASIS.UnitTests\NextGenSoftware.OASIS.API.Providers.TelosOASIS.UnitTests.csproj]
C:\Source\OASIS-master\Providers\Blockchain\TestProjects\NextGenSoftware.OASIS.API.Providers.TelosOASIS.UnitTests\TelosOASISTests.cs(340,36): error CS0246: The type or namespace name 'PlaceGeoSpatialNFTRequest' could not be found (are you missing a using directive or an assembly reference?) [C:\Source\OASIS-master\Providers\Blockchain\TestProjects\NextGenSoftware.OASIS.API.Providers.TelosOASIS.UnitTests\NextGenSoftware.OASIS.API.Providers.TelosOASIS.UnitTests.csproj]
C:\Source\OASIS-master\Providers\Blockchain\TestProjects\NextGenSoftware.OASIS.API.Providers.TelosOASIS.UnitTests\TelosOASISTests.cs(343,42): error CS1061: 'TelosOASIS' does not contain a definition for 'PlaceGeoNFTAsync' and no accessible extension method 'PlaceGeoNFTAsync' accepting a first argument of type 'TelosOASIS' could be found (are you missing a using directive or an assembly reference?) [C:\Source\OASIS-master\Providers\Blockchain\TestProjects\NextGenSoftware.OASIS.API.Providers.TelosOASIS.UnitTests\NextGenSoftware.OASIS.API.Providers.TelosOASIS.UnitTests.csproj]
C:\Source\OASIS-master\Providers\Blockchain\TestProjects\NextGenSoftware.OASIS.API.Providers.TelosOASIS.UnitTests\TelosOASISTests.cs(354,43): error CS0246: The type or namespace name 'MintAndPlaceGeoSpatialNFTRequest' could not be found (are you missing a using directive or an assembly reference?) [C:\Source\OASIS-master\Providers\Blockchain\TestProjects\NextGenSoftware.OASIS.API.Providers.TelosOASIS.UnitTests\NextGenSoftware.OASIS.API.Providers.TelosOASIS.UnitTests.csproj]
C:\Source\OASIS-master\Providers\Blockchain\TestProjects\NextGenSoftware.OASIS.API.Providers.TelosOASIS.UnitTests\TelosOASISTests.cs(357,42): error CS1061: 'TelosOASIS' does not contain a definition for 'MintAndPlaceGeoNFTAsync' and no accessible extension method 'MintAndPlaceGeoNFTAsync' accepting a first argument of type 'TelosOASIS' could be found (are you missing a using directive or an assembly reference?) [C:\Source\OASIS-master\Providers\Blockchain\TestProjects\NextGenSoftware.OASIS.API.Providers.TelosOASIS.UnitTests\NextGenSoftware.OASIS.API.Providers.TelosOASIS.UnitTests.csproj]
C:\Source\OASIS-master\Providers\Blockchain\TestProjects\NextGenSoftware.OASIS.API.Providers.TelosOASIS.UnitTests\TelosOASISTests.cs(368,36): error CS0246: The type or namespace name 'SearchParams' could not be found (are you missing a using directive or an assembly reference?) [C:\Source\OASIS-master\Providers\Blockchain\TestProjects\NextGenSoftware.OASIS.API.Providers.TelosOASIS.UnitTests\NextGenSoftware.OASIS.API.Providers.TelosOASIS.UnitTests.csproj]
C:\Source\OASIS-master\Providers\Blockchain\TestProjects\NextGenSoftware.OASIS.API.Providers.TelosOASIS.UnitTests\TelosOASISTests.cs(374,35): error CS1061: 'OASISResult<ISearchResults>' does not contain a definition for 'IsSuccess' and no accessible extension method 'IsSuccess' accepting a first argument of type 'OASISResult<ISearchResults>' could be found (are you missing a using directive or an assembly reference?) [C:\Source\OASIS-master\Providers\Blockchain\TestProjects\NextGenSoftware.OASIS.API.Providers.TelosOASIS.UnitTests\NextGenSoftware.OASIS.API.Providers.TelosOASIS.UnitTests.csproj]
C:\Source\OASIS-master\Providers\Blockchain\TestProjects\NextGenSoftware.OASIS.API.Providers.TelosOASIS.UnitTests\TelosOASISTests.cs(388,35): error CS1061: 'OASISResult<bool>' does not contain a definition for 'IsSuccess' and no accessible extension method 'IsSuccess' accepting a first argument of type 'OASISResult<bool>' could be found (are you missing a using directive or an assembly reference?) [C:\Source\OASIS-master\Providers\Blockchain\TestProjects\NextGenSoftware.OASIS.API.Providers.TelosOASIS.UnitTests\NextGenSoftware.OASIS.API.Providers.TelosOASIS.UnitTests.csproj]
C:\Source\OASIS-master\Providers\Blockchain\TestProjects\NextGenSoftware.OASIS.API.Providers.TelosOASIS.UnitTests\TelosOASISTests.cs(399,35): error CS1061: 'OASISResult<IEnumerable<IHolon>>' does not contain a definition for 'IsSuccess' and no accessible extension method 'IsSuccess' accepting a first argument of type 'OASISResult<IEnumerable<IHolon>>' could be found (are you missing a using directive or an assembly reference?) [C:\Source\OASIS-master\Providers\Blockchain\TestProjects\NextGenSoftware.OASIS.API.Providers.TelosOASIS.UnitTests\NextGenSoftware.OASIS.API.Providers.TelosOASIS.UnitTests.csproj]
C:\Source\OASIS-master\Providers\Blockchain\TestProjects\NextGenSoftware.OASIS.API.Providers.TelosOASIS.UnitTests\TelosOASISTests.cs(410,35): error CS1061: 'OASISResult<IEnumerable<IHolon>>' does not contain a definition for 'IsSuccess' and no accessible extension method 'IsSuccess' accepting a first argument of type 'OASISResult<IEnumerable<IHolon>>' could be found (are you missing a using directive or an assembly reference?) [C:\Source\OASIS-master\Providers\Blockchain\TestProjects\NextGenSoftware.OASIS.API.Providers.TelosOASIS.UnitTests\NextGenSoftware.OASIS.API.Providers.TelosOASIS.UnitTests.csproj]
C:\Source\OASIS-master\Providers\Blockchain\TestProjects\NextGenSoftware.OASIS.API.Providers.TelosOASIS.UnitTests\TelosOASISTests.cs(421,35): error CS1061: 'OASISResult<IEnumerable<IHolon>>' does not contain a definition for 'IsSuccess' and no accessible extension method 'IsSuccess' accepting a first argument of type 'OASISResult<IEnumerable<IHolon>>' could be found (are you missing a using directive or an assembly reference?) [C:\Source\OASIS-master\Providers\Blockchain\TestProjects\NextGenSoftware.OASIS.API.Providers.TelosOASIS.UnitTests\NextGenSoftware.OASIS.API.Providers.TelosOASIS.UnitTests.csproj]
C:\Source\OASIS-master\Providers\Blockchain\TestProjects\NextGenSoftware.OASIS.API.Providers.TelosOASIS.UnitTests\TelosOASISTests.cs(432,35): error CS1061: 'OASISResult<IEnumerable<IHolon>>' does not contain a definition for 'IsSuccess' and no accessible extension method 'IsSuccess' accepting a first argument of type 'OASISResult<IEnumerable<IHolon>>' could be found (are you missing a using directive or an assembly reference?) [C:\Source\OASIS-master\Providers\Blockchain\TestProjects\NextGenSoftware.OASIS.API.Providers.TelosOASIS.UnitTests\NextGenSoftware.OASIS.API.Providers.TelosOASIS.UnitTests.csproj]
C:\Source\OASIS-master\Providers\Other\TestProjects\NextGenSoftware.OASIS.API.Providers.ONION-Protocol.IntegrationTests\ONION-ProtocolIntegrationTests.cs(2,48): error CS1002: ; expected [C:\Source\OASIS-master\Providers\Other\TestProjects\NextGenSoftware.OASIS.API.Providers.ONION-Protocol.IntegrationTests\NextGenSoftware.OASIS.API.Providers.ONION-Protocol.IntegrationTests.csproj]
C:\Source\OASIS-master\Providers\Other\TestProjects\NextGenSoftware.OASIS.API.Providers.ONION-Protocol.IntegrationTests\ONION-ProtocolIntegrationTests.cs(3,1): error CS1529: A using clause must precede all other elements defined in the namespace except extern alias declarations [C:\Source\OASIS-master\Providers\Other\TestProjects\NextGenSoftware.OASIS.API.Providers.ONION-Protocol.IntegrationTests\NextGenSoftware.OASIS.API.Providers.ONION-Protocol.IntegrationTests.csproj]
C:\Source\OASIS-master\Providers\Other\TestProjects\NextGenSoftware.OASIS.API.Providers.ONION-Protocol.IntegrationTests\ONION-ProtocolIntegrationTests.cs(4,1): error CS1529: A using clause must precede all other elements defined in the namespace except extern alias declarations [C:\Source\OASIS-master\Providers\Other\TestProjects\NextGenSoftware.OASIS.API.Providers.ONION-Protocol.IntegrationTests\NextGenSoftware.OASIS.API.Providers.ONION-Protocol.IntegrationTests.csproj]
C:\Source\OASIS-master\Providers\Other\TestProjects\NextGenSoftware.OASIS.API.Providers.ONION-Protocol.IntegrationTests\ONION-ProtocolIntegrationTests.cs(5,1): error CS1529: A using clause must precede all other elements defined in the namespace except extern alias declarations [C:\Source\OASIS-master\Providers\Other\TestProjects\NextGenSoftware.OASIS.API.Providers.ONION-Protocol.IntegrationTests\NextGenSoftware.OASIS.API.Providers.ONION-Protocol.IntegrationTests.csproj]
C:\Source\OASIS-master\Providers\Other\TestProjects\NextGenSoftware.OASIS.API.Providers.ONION-Protocol.IntegrationTests\ONION-ProtocolIntegrationTests.cs(6,1): error CS1529: A using clause must precede all other elements defined in the namespace except extern alias declarations [C:\Source\OASIS-master\Providers\Other\TestProjects\NextGenSoftware.OASIS.API.Providers.ONION-Protocol.IntegrationTests\NextGenSoftware.OASIS.API.Providers.ONION-Protocol.IntegrationTests.csproj]
C:\Source\OASIS-master\Providers\Other\TestProjects\NextGenSoftware.OASIS.API.Providers.ONION-Protocol.IntegrationTests\ONION-ProtocolIntegrationTests.cs(7,1): error CS1529: A using clause must precede all other elements defined in the namespace except extern alias declarations [C:\Source\OASIS-master\Providers\Other\TestProjects\NextGenSoftware.OASIS.API.Providers.ONION-Protocol.IntegrationTests\NextGenSoftware.OASIS.API.Providers.ONION-Protocol.IntegrationTests.csproj]
C:\Source\OASIS-master\Providers\Other\TestProjects\NextGenSoftware.OASIS.API.Providers.ONION-Protocol.IntegrationTests\ONION-ProtocolIntegrationTests.cs(9,62): error CS0116: A namespace cannot directly contain members such as fields, methods or statements [C:\Source\OASIS-master\Providers\Other\TestProjects\NextGenSoftware.OASIS.API.Providers.ONION-Protocol.IntegrationTests\NextGenSoftware.OASIS.API.Providers.ONION-Protocol.IntegrationTests.csproj]
C:\Source\OASIS-master\Providers\Other\TestProjects\NextGenSoftware.OASIS.API.Providers.ONION-Protocol.IntegrationTests\ONION-ProtocolIntegrationTests.cs(9,52): error CS1514: { expected [C:\Source\OASIS-master\Providers\Other\TestProjects\NextGenSoftware.OASIS.API.Providers.ONION-Protocol.IntegrationTests\NextGenSoftware.OASIS.API.Providers.ONION-Protocol.IntegrationTests.csproj]
C:\Source\OASIS-master\Providers\Other\TestProjects\NextGenSoftware.OASIS.API.Providers.ONION-Protocol.IntegrationTests\ONION-ProtocolIntegrationTests.cs(10,1): error CS1022: Type or namespace definition, or end-of-file expected [C:\Source\OASIS-master\Providers\Other\TestProjects\NextGenSoftware.OASIS.API.Providers.ONION-Protocol.IntegrationTests\NextGenSoftware.OASIS.API.Providers.ONION-Protocol.IntegrationTests.csproj]
C:\Source\OASIS-master\Providers\Other\TestProjects\NextGenSoftware.OASIS.API.Providers.ONION-Protocol.IntegrationTests\ONION-ProtocolIntegrationTests.cs(12,23): error CS1514: { expected [C:\Source\OASIS-master\Providers\Other\TestProjects\NextGenSoftware.OASIS.API.Providers.ONION-Protocol.IntegrationTests\NextGenSoftware.OASIS.API.Providers.ONION-Protocol.IntegrationTests.csproj]
C:\Source\OASIS-master\Providers\Other\TestProjects\NextGenSoftware.OASIS.API.Providers.ONION-Protocol.IntegrationTests\ONION-ProtocolIntegrationTests.cs(12,23): error CS1513: } expected [C:\Source\OASIS-master\Providers\Other\TestProjects\NextGenSoftware.OASIS.API.Providers.ONION-Protocol.IntegrationTests\NextGenSoftware.OASIS.API.Providers.ONION-Protocol.IntegrationTests.csproj]
C:\Source\OASIS-master\Providers\Other\TestProjects\NextGenSoftware.OASIS.API.Providers.ONION-Protocol.IntegrationTests\ONION-ProtocolIntegrationTests.cs(12,23): error CS1022: Type or namespace definition, or end-of-file expected [C:\Source\OASIS-master\Providers\Other\TestProjects\NextGenSoftware.OASIS.API.Providers.ONION-Protocol.IntegrationTests\NextGenSoftware.OASIS.API.Providers.ONION-Protocol.IntegrationTests.csproj]
C:\Source\OASIS-master\Providers\Other\TestProjects\NextGenSoftware.OASIS.API.Providers.ONION-Protocol.IntegrationTests\ONION-ProtocolIntegrationTests.cs(12,24): error CS0116: A namespace cannot directly contain members such as fields, methods or statements [C:\Source\OASIS-master\Providers\Other\TestProjects\NextGenSoftware.OASIS.API.Providers.ONION-Protocol.IntegrationTests\NextGenSoftware.OASIS.API.Providers.ONION-Protocol.IntegrationTests.csproj]
C:\Source\OASIS-master\Providers\Other\TestProjects\NextGenSoftware.OASIS.API.Providers.ONION-Protocol.IntegrationTests\ONION-ProtocolIntegrationTests.cs(13,5): error CS1022: Type or namespace definition, or end-of-file expected [C:\Source\OASIS-master\Providers\Other\TestProjects\NextGenSoftware.OASIS.API.Providers.ONION-Protocol.IntegrationTests\NextGenSoftware.OASIS.API.Providers.ONION-Protocol.IntegrationTests.csproj]
C:\Source\OASIS-master\Providers\Other\TestProjects\NextGenSoftware.OASIS.API.Providers.ONION-Protocol.IntegrationTests\ONION-ProtocolIntegrationTests.cs(14,17): error CS0116: A namespace cannot directly contain members such as fields, methods or statements [C:\Source\OASIS-master\Providers\Other\TestProjects\NextGenSoftware.OASIS.API.Providers.ONION-Protocol.IntegrationTests\NextGenSoftware.OASIS.API.Providers.ONION-Protocol.IntegrationTests.csproj]
C:\Source\OASIS-master\Providers\Other\TestProjects\NextGenSoftware.OASIS.API.Providers.ONION-Protocol.IntegrationTests\ONION-ProtocolIntegrationTests.cs(14,22): error CS1022: Type or namespace definition, or end-of-file expected [C:\Source\OASIS-master\Providers\Other\TestProjects\NextGenSoftware.OASIS.API.Providers.ONION-Protocol.IntegrationTests\NextGenSoftware.OASIS.API.Providers.ONION-Protocol.IntegrationTests.csproj]
C:\Source\OASIS-master\Providers\Other\TestProjects\NextGenSoftware.OASIS.API.Providers.ONION-Protocol.IntegrationTests\ONION-ProtocolIntegrationTests.cs(19,34): error CS1526: A new expression requires an argument list or (), [], or {} after type [C:\Source\OASIS-master\Providers\Other\TestProjects\NextGenSoftware.OASIS.API.Providers.ONION-Protocol.IntegrationTests\NextGenSoftware.OASIS.API.Providers.ONION-Protocol.IntegrationTests.csproj]
C:\Source\OASIS-master\Providers\Other\TestProjects\NextGenSoftware.OASIS.API.Providers.ONION-Protocol.IntegrationTests\ONION-ProtocolIntegrationTests.cs(138,1): error CS1022: Type or namespace definition, or end-of-file expected [C:\Source\OASIS-master\Providers\Other\TestProjects\NextGenSoftware.OASIS.API.Providers.ONION-Protocol.IntegrationTests\NextGenSoftware.OASIS.API.Providers.ONION-Protocol.IntegrationTests.csproj]
C:\Source\OASIS-master\Providers\Other\TestProjects\NextGenSoftware.OASIS.API.Providers.SEEDSOASIS.TestHarness\Program.cs(18,41): error CS0118: 'SEEDSOASIS' is a namespace but is used like a type [C:\Source\OASIS-master\Providers\Other\TestProjects\NextGenSoftware.OASIS.API.Providers.SEEDSOASIS.TestHarness\NextGenSoftware.OASIS.API.Providers.SEEDSOASIS.TestHarness.csproj]
C:\Source\OASIS-master\Providers\Other\TestProjects\NextGenSoftware.OASIS.API.Providers.SEEDSOASIS.UnitTests\SEEDSOASISTests.cs(5,33): error CS0234: The type or namespace name 'Core' does not exist in the namespace 'NextGenSoftware.OASIS.API' (are you missing an assembly reference?) [C:\Source\OASIS-master\Providers\Other\TestProjects\NextGenSoftware.OASIS.API.Providers.SEEDSOASIS.UnitTests\NextGenSoftware.OASIS.API.Providers.SEEDSOASIS.UnitTests.csproj]
C:\Source\OASIS-master\Providers\Cloud\TestProjects\NextGenSoftware.OASIS.API.Providers.AzureCosmosDBOASIS.UnitTests\AzureCosmosDBOASISUnitTests.cs(18,29): error CS7036: There is no argument given that corresponds to the required parameter 'serviceEndpoint' of 'AzureCosmosDBOASIS.AzureCosmosDBOASIS(Uri, string, string, List<string>)' [C:\Source\OASIS-master\Providers\Cloud\TestProjects\NextGenSoftware.OASIS.API.Providers.AzureCosmosDBOASIS.UnitTests\NextGenSoftware.OASIS.API.Providers.AzureCosmosDBOASIS.UnitTests.csproj]
C:\Source\OASIS-master\Providers\Cloud\TestProjects\NextGenSoftware.OASIS.API.Providers.AzureCosmosDBOASIS.UnitTests\AzureCosmosDBOASISUnitTests.cs(28,20): error CS0411: The type arguments for method 'Assert.AreEqual<T>(T?, T?)' cannot be inferred from the usage. Try specifying the type arguments explicitly. [C:\Source\OASIS-master\Providers\Cloud\TestProjects\NextGenSoftware.OASIS.API.Providers.AzureCosmosDBOASIS.UnitTests\NextGenSoftware.OASIS.API.Providers.AzureCosmosDBOASIS.UnitTests.csproj]
C:\Source\OASIS-master\Providers\Cloud\TestProjects\NextGenSoftware.OASIS.API.Providers.AzureCosmosDBOASIS.UnitTests\AzureCosmosDBOASISUnitTests.cs(95,37): error CS1061: 'AzureCosmosDBOASIS' does not contain a definition for 'GetProviderVersion' and no accessible extension method 'GetProviderVersion' accepting a first argument of type 'AzureCosmosDBOASIS' could be found (are you missing a using directive or an assembly reference?) [C:\Source\OASIS-master\Providers\Cloud\TestProjects\NextGenSoftware.OASIS.API.Providers.AzureCosmosDBOASIS.UnitTests\NextGenSoftware.OASIS.API.Providers.AzureCosmosDBOASIS.UnitTests.csproj]
C:\Source\OASIS-master\Providers\Storage\TestProjects\NextGenSoftware.OASIS.API.Providers.LocalFileOASIS.IntegrationTests\LocalFileOASISIntegrationTests.cs(26,30): error CS0246: The type or namespace name 'Avatar' could not be found (are you missing a using directive or an assembly reference?) [C:\Source\OASIS-master\Providers\Storage\TestProjects\NextGenSoftware.OASIS.API.Providers.LocalFileOASIS.IntegrationTests\NextGenSoftware.OASIS.API.Providers.LocalFileOASIS.IntegrationTests.csproj]
C:\Source\OASIS-master\Providers\Storage\TestProjects\NextGenSoftware.OASIS.API.Providers.LocalFileOASIS.IntegrationTests\LocalFileOASISIntegrationTests.cs(62,29): error CS0246: The type or namespace name 'Holon' could not be found (are you missing a using directive or an assembly reference?) [C:\Source\OASIS-master\Providers\Storage\TestProjects\NextGenSoftware.OASIS.API.Providers.LocalFileOASIS.IntegrationTests\NextGenSoftware.OASIS.API.Providers.LocalFileOASIS.IntegrationTests.csproj]
C:\Source\OASIS-master\Providers\Storage\TestProjects\NextGenSoftware.OASIS.API.Providers.LocalFileOASIS.IntegrationTests\LocalFileOASISIntegrationTests.cs(95,36): error CS0246: The type or namespace name 'SearchParams' could not be found (are you missing a using directive or an assembly reference?) [C:\Source\OASIS-master\Providers\Storage\TestProjects\NextGenSoftware.OASIS.API.Providers.LocalFileOASIS.IntegrationTests\NextGenSoftware.OASIS.API.Providers.LocalFileOASIS.IntegrationTests.csproj]
C:\Source\OASIS-master\Providers\Storage\TestProjects\NextGenSoftware.OASIS.API.Providers.LocalFileOASIS.IntegrationTests\LocalFileOASISIntegrationTests.cs(98,30): error CS0103: The name 'SearchType' does not exist in the current context [C:\Source\OASIS-master\Providers\Storage\TestProjects\NextGenSoftware.OASIS.API.Providers.LocalFileOASIS.IntegrationTests\NextGenSoftware.OASIS.API.Providers.LocalFileOASIS.IntegrationTests.csproj]
C:\Source\OASIS-master\Providers\Storage\TestProjects\NextGenSoftware.OASIS.API.Providers.LocalFileOASIS.IntegrationTests\LocalFileOASISIntegrationTests.cs(102,42): error CS1061: 'LocalFileOASIS' does not contain a definition for 'SearchAvatarsAsync' and no accessible extension method 'SearchAvatarsAsync' accepting a first argument of type 'LocalFileOASIS' could be found (are you missing a using directive or an assembly reference?) [C:\Source\OASIS-master\Providers\Storage\TestProjects\NextGenSoftware.OASIS.API.Providers.LocalFileOASIS.IntegrationTests\NextGenSoftware.OASIS.API.Providers.LocalFileOASIS.IntegrationTests.csproj]
C:\Source\OASIS-master\Providers\Storage\TestProjects\NextGenSoftware.OASIS.API.Providers.LocalFileOASIS.IntegrationTests\LocalFileOASISIntegrationTests.cs(114,36): error CS0246: The type or namespace name 'SearchParams' could not be found (are you missing a using directive or an assembly reference?) [C:\Source\OASIS-master\Providers\Storage\TestProjects\NextGenSoftware.OASIS.API.Providers.LocalFileOASIS.IntegrationTests\NextGenSoftware.OASIS.API.Providers.LocalFileOASIS.IntegrationTests.csproj]
C:\Source\OASIS-master\Providers\Storage\TestProjects\NextGenSoftware.OASIS.API.Providers.LocalFileOASIS.IntegrationTests\LocalFileOASISIntegrationTests.cs(117,30): error CS0103: The name 'SearchType' does not exist in the current context [C:\Source\OASIS-master\Providers\Storage\TestProjects\NextGenSoftware.OASIS.API.Providers.LocalFileOASIS.IntegrationTests\NextGenSoftware.OASIS.API.Providers.LocalFileOASIS.IntegrationTests.csproj]
C:\Source\OASIS-master\Providers\Storage\TestProjects\NextGenSoftware.OASIS.API.Providers.LocalFileOASIS.IntegrationTests\LocalFileOASISIntegrationTests.cs(121,42): error CS1061: 'LocalFileOASIS' does not contain a definition for 'SearchHolonsAsync' and no accessible extension method 'SearchHolonsAsync' accepting a first argument of type 'LocalFileOASIS' could be found (are you missing a using directive or an assembly reference?) [C:\Source\OASIS-master\Providers\Storage\TestProjects\NextGenSoftware.OASIS.API.Providers.LocalFileOASIS.IntegrationTests\NextGenSoftware.OASIS.API.Providers.LocalFileOASIS.IntegrationTests.csproj]
C:\Source\OASIS-master\Providers\Storage\TestProjects\NextGenSoftware.OASIS.API.Providers.MongoDBOASIS.IntegrationTests\MongoDBOASISIntegrationTests.cs(3,33): error CS0234: The type or namespace name 'Core' does not exist in the namespace 'NextGenSoftware.OASIS.API' (are you missing an assembly reference?) [C:\Source\OASIS-master\Providers\Storage\TestProjects\NextGenSoftware.OASIS.API.Providers.MongoDBOASIS.IntegrationTests\NextGenSoftware.OASIS.API.Providers.MongoDBOASIS.IntegrationTests.csproj]
C:\Source\OASIS-master\Providers\Storage\TestProjects\NextGenSoftware.OASIS.API.Providers.MongoDBOASIS.IntegrationTests\MongoDBOASISIntegrationTests.cs(4,33): error CS0234: The type or namespace name 'Core' does not exist in the namespace 'NextGenSoftware.OASIS.API' (are you missing an assembly reference?) [C:\Source\OASIS-master\Providers\Storage\TestProjects\NextGenSoftware.OASIS.API.Providers.MongoDBOASIS.IntegrationTests\NextGenSoftware.OASIS.API.Providers.MongoDBOASIS.IntegrationTests.csproj]
C:\Source\OASIS-master\Providers\Storage\TestProjects\NextGenSoftware.OASIS.API.Providers.MongoDBOASIS.IntegrationTests\MongoDBOASISIntegrationTests.cs(5,33): error CS0234: The type or namespace name 'Core' does not exist in the namespace 'NextGenSoftware.OASIS.API' (are you missing an assembly reference?) [C:\Source\OASIS-master\Providers\Storage\TestProjects\NextGenSoftware.OASIS.API.Providers.MongoDBOASIS.IntegrationTests\NextGenSoftware.OASIS.API.Providers.MongoDBOASIS.IntegrationTests.csproj]
C:\Source\OASIS-master\Providers\Storage\TestProjects\NextGenSoftware.OASIS.API.Providers.MongoDBOASIS.IntegrationTests\MongoDBOASISIntegrationTests.cs(14,17): error CS0118: 'MongoDBOASIS' is a namespace but is used like a type [C:\Source\OASIS-master\Providers\Storage\TestProjects\NextGenSoftware.OASIS.API.Providers.MongoDBOASIS.IntegrationTests\NextGenSoftware.OASIS.API.Providers.MongoDBOASIS.IntegrationTests.csproj]
C:\Source\OASIS-master\Providers\Storage\TestProjects\NextGenSoftware.OASIS.API.Providers.LocalFileOASIS.TestHarness\LocalFileOASISTestHarness.cs(64,37): error CS1061: 'LocalFileOASIS' does not contain a definition for 'GetProviderVersion' and no accessible extension method 'GetProviderVersion' accepting a first argument of type 'LocalFileOASIS' could be found (are you missing a using directive or an assembly reference?) [C:\Source\OASIS-master\Providers\Storage\TestProjects\NextGenSoftware.OASIS.API.Providers.LocalFileOASIS.TestHarness\NextGenSoftware.OASIS.API.Providers.LocalFileOASIS.TestHarness.csproj]
C:\Source\OASIS-master\Providers\Storage\TestProjects\NextGenSoftware.OASIS.API.Providers.LocalFileOASIS.TestHarness\LocalFileOASISTestHarness.cs(67,42): error CS1061: 'LocalFileOASIS' does not contain a definition for 'GetProviderType' and no accessible extension method 'GetProviderType' accepting a first argument of type 'LocalFileOASIS' could be found (are you missing a using directive or an assembly reference?) [C:\Source\OASIS-master\Providers\Storage\TestProjects\NextGenSoftware.OASIS.API.Providers.LocalFileOASIS.TestHarness\NextGenSoftware.OASIS.API.Providers.LocalFileOASIS.TestHarness.csproj]
C:\Source\OASIS-master\Providers\Storage\TestProjects\NextGenSoftware.OASIS.API.Providers.LocalFileOASIS.TestHarness\LocalFileOASISTestHarness.cs(70,38): error CS1061: 'LocalFileOASIS' does not contain a definition for 'GetProviderCategory' and no accessible extension method 'GetProviderCategory' accepting a first argument of type 'LocalFileOASIS' could be found (are you missing a using directive or an assembly reference?) [C:\Source\OASIS-master\Providers\Storage\TestProjects\NextGenSoftware.OASIS.API.Providers.LocalFileOASIS.TestHarness\NextGenSoftware.OASIS.API.Providers.LocalFileOASIS.TestHarness.csproj]
C:\Source\OASIS-master\Providers\Storage\TestProjects\NextGenSoftware.OASIS.API.Providers.LocalFileOASIS.TestHarness\LocalFileOASISTestHarness.cs(82,34): error CS0246: The type or namespace name 'Avatar' could not be found (are you missing a using directive or an assembly reference?) [C:\Source\OASIS-master\Providers\Storage\TestProjects\NextGenSoftware.OASIS.API.Providers.LocalFileOASIS.TestHarness\NextGenSoftware.OASIS.API.Providers.LocalFileOASIS.TestHarness.csproj]
C:\Source\OASIS-master\Providers\Storage\TestProjects\NextGenSoftware.OASIS.API.Providers.LocalFileOASIS.TestHarness\LocalFileOASISTestHarness.cs(111,33): error CS0246: The type or namespace name 'Holon' could not be found (are you missing a using directive or an assembly reference?) [C:\Source\OASIS-master\Providers\Storage\TestProjects\NextGenSoftware.OASIS.API.Providers.LocalFileOASIS.TestHarness\NextGenSoftware.OASIS.API.Providers.LocalFileOASIS.TestHarness.csproj]
C:\Source\OASIS-master\Providers\Storage\TestProjects\NextGenSoftware.OASIS.API.Providers.LocalFileOASIS.TestHarness\LocalFileOASISTestHarness.cs(138,36): error CS0246: The type or namespace name 'SearchParams' could not be found (are you missing a using directive or an assembly reference?) [C:\Source\OASIS-master\Providers\Storage\TestProjects\NextGenSoftware.OASIS.API.Providers.LocalFileOASIS.TestHarness\NextGenSoftware.OASIS.API.Providers.LocalFileOASIS.TestHarness.csproj]
C:\Source\OASIS-master\Providers\Storage\TestProjects\NextGenSoftware.OASIS.API.Providers.LocalFileOASIS.TestHarness\LocalFileOASISTestHarness.cs(141,30): error CS0103: The name 'SearchType' does not exist in the current context [C:\Source\OASIS-master\Providers\Storage\TestProjects\NextGenSoftware.OASIS.API.Providers.LocalFileOASIS.TestHarness\NextGenSoftware.OASIS.API.Providers.LocalFileOASIS.TestHarness.csproj]
C:\Source\OASIS-master\Providers\Storage\TestProjects\NextGenSoftware.OASIS.API.Providers.LocalFileOASIS.TestHarness\LocalFileOASISTestHarness.cs(145,54): error CS1061: 'LocalFileOASIS' does not contain a definition for 'SearchAvatarsAsync' and no accessible extension method 'SearchAvatarsAsync' accepting a first argument of type 'LocalFileOASIS' could be found (are you missing a using directive or an assembly reference?) [C:\Source\OASIS-master\Providers\Storage\TestProjects\NextGenSoftware.OASIS.API.Providers.LocalFileOASIS.TestHarness\NextGenSoftware.OASIS.API.Providers.LocalFileOASIS.TestHarness.csproj]
C:\Source\OASIS-master\Providers\Storage\TestProjects\NextGenSoftware.OASIS.API.Providers.LocalFileOASIS.UnitTests\LocalFileOASISUnitTests.cs(28,20): error CS0411: The type arguments for method 'Assert.AreEqual<T>(T?, T?)' cannot be inferred from the usage. Try specifying the type arguments explicitly. [C:\Source\OASIS-master\Providers\Storage\TestProjects\NextGenSoftware.OASIS.API.Providers.LocalFileOASIS.UnitTests\NextGenSoftware.OASIS.API.Providers.LocalFileOASIS.UnitTests.csproj]
C:\Source\OASIS-master\Providers\Storage\TestProjects\NextGenSoftware.OASIS.API.Providers.LocalFileOASIS.UnitTests\LocalFileOASISUnitTests.cs(95,37): error CS1061: 'LocalFileOASIS' does not contain a definition for 'GetProviderVersion' and no accessible extension method 'GetProviderVersion' accepting a first argument of type 'LocalFileOASIS' could be found (are you missing a using directive or an assembly reference?) [C:\Source\OASIS-master\Providers\Storage\TestProjects\NextGenSoftware.OASIS.API.Providers.LocalFileOASIS.UnitTests\NextGenSoftware.OASIS.API.Providers.LocalFileOASIS.UnitTests.csproj]
C:\Source\OASIS-master\Providers\Network\TestProjects\NextGenSoftware.OASIS.API.Providers.HoloWebOASIS.TestHarness\HoloWebOASISTestHarness.cs(2,33): error CS0234: The type or namespace name 'Core' does not exist in the namespace 'NextGenSoftware.OASIS.API' (are you missing an assembly reference?) [C:\Source\OASIS-master\Providers\Network\TestProjects\NextGenSoftware.OASIS.API.Providers.HoloWebOASIS.TestHarness\NextGenSoftware.OASIS.API.Providers.HoloWebOASIS.TestHarness.csproj]
C:\Source\OASIS-master\Providers\Network\TestProjects\NextGenSoftware.OASIS.API.Providers.HoloWebOASIS.TestHarness\HoloWebOASISTestHarness.cs(3,33): error CS0234: The type or namespace name 'Core' does not exist in the namespace 'NextGenSoftware.OASIS.API' (are you missing an assembly reference?) [C:\Source\OASIS-master\Providers\Network\TestProjects\NextGenSoftware.OASIS.API.Providers.HoloWebOASIS.TestHarness\NextGenSoftware.OASIS.API.Providers.HoloWebOASIS.TestHarness.csproj]
C:\Source\OASIS-master\Providers\Network\TestProjects\NextGenSoftware.OASIS.API.Providers.HoloWebOASIS.TestHarness\HoloWebOASISTestHarness.cs(4,33): error CS0234: The type or namespace name 'Core' does not exist in the namespace 'NextGenSoftware.OASIS.API' (are you missing an assembly reference?) [C:\Source\OASIS-master\Providers\Network\TestProjects\NextGenSoftware.OASIS.API.Providers.HoloWebOASIS.TestHarness\NextGenSoftware.OASIS.API.Providers.HoloWebOASIS.TestHarness.csproj]
C:\Source\OASIS-master\Providers\Network\TestProjects\NextGenSoftware.OASIS.API.Providers.HoloWebOASIS.TestHarness\HoloWebOASISTestHarness.cs(12,24): error CS0118: 'HoloWebOASIS' is a namespace but is used like a type [C:\Source\OASIS-master\Providers\Network\TestProjects\NextGenSoftware.OASIS.API.Providers.HoloWebOASIS.TestHarness\NextGenSoftware.OASIS.API.Providers.HoloWebOASIS.TestHarness.csproj]
C:\Source\OASIS-master\Providers\Storage\TestProjects\NextGenSoftware.OASIS.API.Providers.MongoDBOASIS.TestHarness\MongoDBOASISTestHarness.cs(2,33): error CS0234: The type or namespace name 'Core' does not exist in the namespace 'NextGenSoftware.OASIS.API' (are you missing an assembly reference?) [C:\Source\OASIS-master\Providers\Storage\TestProjects\NextGenSoftware.OASIS.API.Providers.MongoDBOASIS.TestHarness\NextGenSoftware.OASIS.API.Providers.MongoDBOASIS.TestHarness.csproj]
C:\Source\OASIS-master\Providers\Storage\TestProjects\NextGenSoftware.OASIS.API.Providers.MongoDBOASIS.TestHarness\MongoDBOASISTestHarness.cs(3,33): error CS0234: The type or namespace name 'Core' does not exist in the namespace 'NextGenSoftware.OASIS.API' (are you missing an assembly reference?) [C:\Source\OASIS-master\Providers\Storage\TestProjects\NextGenSoftware.OASIS.API.Providers.MongoDBOASIS.TestHarness\NextGenSoftware.OASIS.API.Providers.MongoDBOASIS.TestHarness.csproj]
C:\Source\OASIS-master\Providers\Storage\TestProjects\NextGenSoftware.OASIS.API.Providers.MongoDBOASIS.TestHarness\MongoDBOASISTestHarness.cs(4,33): error CS0234: The type or namespace name 'Core' does not exist in the namespace 'NextGenSoftware.OASIS.API' (are you missing an assembly reference?) [C:\Source\OASIS-master\Providers\Storage\TestProjects\NextGenSoftware.OASIS.API.Providers.MongoDBOASIS.TestHarness\NextGenSoftware.OASIS.API.Providers.MongoDBOASIS.TestHarness.csproj]
C:\Source\OASIS-master\Providers\Storage\TestProjects\NextGenSoftware.OASIS.API.Providers.MongoDBOASIS.TestHarness\MongoDBOASISTestHarness.cs(12,24): error CS0118: 'MongoDBOASIS' is a namespace but is used like a type [C:\Source\OASIS-master\Providers\Storage\TestProjects\NextGenSoftware.OASIS.API.Providers.MongoDBOASIS.TestHarness\NextGenSoftware.OASIS.API.Providers.MongoDBOASIS.TestHarness.csproj]
C:\Source\OASIS-master\Providers\Network\TestProjects\NextGenSoftware.OASIS.API.Providers.HoloWebOASIS.UnitTests\HoloWebOASISUnitTests.cs(3,33): error CS0234: The type or namespace name 'Core' does not exist in the namespace 'NextGenSoftware.OASIS.API' (are you missing an assembly reference?) [C:\Source\OASIS-master\Providers\Network\TestProjects\NextGenSoftware.OASIS.API.Providers.HoloWebOASIS.UnitTests\NextGenSoftware.OASIS.API.Providers.HoloWebOASIS.UnitTests.csproj]
C:\Source\OASIS-master\Providers\Network\TestProjects\NextGenSoftware.OASIS.API.Providers.HoloWebOASIS.UnitTests\HoloWebOASISUnitTests.cs(4,33): error CS0234: The type or namespace name 'Core' does not exist in the namespace 'NextGenSoftware.OASIS.API' (are you missing an assembly reference?) [C:\Source\OASIS-master\Providers\Network\TestProjects\NextGenSoftware.OASIS.API.Providers.HoloWebOASIS.UnitTests\NextGenSoftware.OASIS.API.Providers.HoloWebOASIS.UnitTests.csproj]
C:\Source\OASIS-master\Providers\Network\TestProjects\NextGenSoftware.OASIS.API.Providers.HoloWebOASIS.UnitTests\HoloWebOASISUnitTests.cs(5,33): error CS0234: The type or namespace name 'Core' does not exist in the namespace 'NextGenSoftware.OASIS.API' (are you missing an assembly reference?) [C:\Source\OASIS-master\Providers\Network\TestProjects\NextGenSoftware.OASIS.API.Providers.HoloWebOASIS.UnitTests\NextGenSoftware.OASIS.API.Providers.HoloWebOASIS.UnitTests.csproj]
C:\Source\OASIS-master\Providers\Network\TestProjects\NextGenSoftware.OASIS.API.Providers.HoloWebOASIS.UnitTests\HoloWebOASISUnitTests.cs(13,17): error CS0118: 'HoloWebOASIS' is a namespace but is used like a type [C:\Source\OASIS-master\Providers\Network\TestProjects\NextGenSoftware.OASIS.API.Providers.HoloWebOASIS.UnitTests\NextGenSoftware.OASIS.API.Providers.HoloWebOASIS.UnitTests.csproj]
C:\Source\OASIS-master\Providers\Storage\TestProjects\NextGenSoftware.OASIS.API.Providers.MongoOASIS.IntegrationTests\MongoOASISIntegrationTests.cs(2,33): error CS0234: The type or namespace name 'Core' does not exist in the namespace 'NextGenSoftware.OASIS.API' (are you missing an assembly reference?) [C:\Source\OASIS-master\Providers\Storage\TestProjects\NextGenSoftware.OASIS.API.Providers.MongoOASIS.IntegrationTests\NextGenSoftware.OASIS.API.Providers.MongoOASIS.IntegrationTests.csproj]
C:\Source\OASIS-master\Providers\Storage\TestProjects\NextGenSoftware.OASIS.API.Providers.MongoOASIS.IntegrationTests\MongoOASISIntegrationTests.cs(3,33): error CS0234: The type or namespace name 'Core' does not exist in the namespace 'NextGenSoftware.OASIS.API' (are you missing an assembly reference?) [C:\Source\OASIS-master\Providers\Storage\TestProjects\NextGenSoftware.OASIS.API.Providers.MongoOASIS.IntegrationTests\NextGenSoftware.OASIS.API.Providers.MongoOASIS.IntegrationTests.csproj]
C:\Source\OASIS-master\Providers\Storage\TestProjects\NextGenSoftware.OASIS.API.Providers.MongoOASIS.IntegrationTests\MongoOASISIntegrationTests.cs(4,33): error CS0234: The type or namespace name 'Core' does not exist in the namespace 'NextGenSoftware.OASIS.API' (are you missing an assembly reference?) [C:\Source\OASIS-master\Providers\Storage\TestProjects\NextGenSoftware.OASIS.API.Providers.MongoOASIS.IntegrationTests\NextGenSoftware.OASIS.API.Providers.MongoOASIS.IntegrationTests.csproj]
C:\Source\OASIS-master\Providers\Storage\TestProjects\NextGenSoftware.OASIS.API.Providers.MongoOASIS.IntegrationTests\MongoOASISIntegrationTests.cs(12,17): error CS0118: 'MongoOASIS' is a namespace but is used like a type [C:\Source\OASIS-master\Providers\Storage\TestProjects\NextGenSoftware.OASIS.API.Providers.MongoOASIS.IntegrationTests\NextGenSoftware.OASIS.API.Providers.MongoOASIS.IntegrationTests.csproj]
C:\Source\OASIS-master\Providers\Cloud\TestProjects\NextGenSoftware.OASIS.API.Providers.GoogleCloudOASIS.IntegrationTests\GoogleCloudOASISIntegrationTests.cs(26,30): error CS0246: The type or namespace name 'Avatar' could not be found (are you missing a using directive or an assembly reference?) [C:\Source\OASIS-master\Providers\Cloud\TestProjects\NextGenSoftware.OASIS.API.Providers.GoogleCloudOASIS.IntegrationTests\NextGenSoftware.OASIS.API.Providers.GoogleCloudOASIS.IntegrationTests.csproj]
C:\Source\OASIS-master\Providers\Cloud\TestProjects\NextGenSoftware.OASIS.API.Providers.GoogleCloudOASIS.IntegrationTests\GoogleCloudOASISIntegrationTests.cs(62,29): error CS0246: The type or namespace name 'Holon' could not be found (are you missing a using directive or an assembly reference?) [C:\Source\OASIS-master\Providers\Cloud\TestProjects\NextGenSoftware.OASIS.API.Providers.GoogleCloudOASIS.IntegrationTests\NextGenSoftware.OASIS.API.Providers.GoogleCloudOASIS.IntegrationTests.csproj]
C:\Source\OASIS-master\Providers\Cloud\TestProjects\NextGenSoftware.OASIS.API.Providers.GoogleCloudOASIS.IntegrationTests\GoogleCloudOASISIntegrationTests.cs(95,36): error CS0246: The type or namespace name 'SearchParams' could not be found (are you missing a using directive or an assembly reference?) [C:\Source\OASIS-master\Providers\Cloud\TestProjects\NextGenSoftware.OASIS.API.Providers.GoogleCloudOASIS.IntegrationTests\NextGenSoftware.OASIS.API.Providers.GoogleCloudOASIS.IntegrationTests.csproj]
C:\Source\OASIS-master\Providers\Cloud\TestProjects\NextGenSoftware.OASIS.API.Providers.GoogleCloudOASIS.IntegrationTests\GoogleCloudOASISIntegrationTests.cs(98,30): error CS0103: The name 'SearchType' does not exist in the current context [C:\Source\OASIS-master\Providers\Cloud\TestProjects\NextGenSoftware.OASIS.API.Providers.GoogleCloudOASIS.IntegrationTests\NextGenSoftware.OASIS.API.Providers.GoogleCloudOASIS.IntegrationTests.csproj]
C:\Source\OASIS-master\Providers\Cloud\TestProjects\NextGenSoftware.OASIS.API.Providers.GoogleCloudOASIS.IntegrationTests\GoogleCloudOASISIntegrationTests.cs(102,42): error CS1061: 'GoogleCloudOASIS' does not contain a definition for 'SearchAvatarsAsync' and no accessible extension method 'SearchAvatarsAsync' accepting a first argument of type 'GoogleCloudOASIS' could be found (are you missing a using directive or an assembly reference?) [C:\Source\OASIS-master\Providers\Cloud\TestProjects\NextGenSoftware.OASIS.API.Providers.GoogleCloudOASIS.IntegrationTests\NextGenSoftware.OASIS.API.Providers.GoogleCloudOASIS.IntegrationTests.csproj]
C:\Source\OASIS-master\Providers\Cloud\TestProjects\NextGenSoftware.OASIS.API.Providers.GoogleCloudOASIS.IntegrationTests\GoogleCloudOASISIntegrationTests.cs(114,36): error CS0246: The type or namespace name 'SearchParams' could not be found (are you missing a using directive or an assembly reference?) [C:\Source\OASIS-master\Providers\Cloud\TestProjects\NextGenSoftware.OASIS.API.Providers.GoogleCloudOASIS.IntegrationTests\NextGenSoftware.OASIS.API.Providers.GoogleCloudOASIS.IntegrationTests.csproj]
C:\Source\OASIS-master\Providers\Cloud\TestProjects\NextGenSoftware.OASIS.API.Providers.GoogleCloudOASIS.IntegrationTests\GoogleCloudOASISIntegrationTests.cs(117,30): error CS0103: The name 'SearchType' does not exist in the current context [C:\Source\OASIS-master\Providers\Cloud\TestProjects\NextGenSoftware.OASIS.API.Providers.GoogleCloudOASIS.IntegrationTests\NextGenSoftware.OASIS.API.Providers.GoogleCloudOASIS.IntegrationTests.csproj]
C:\Source\OASIS-master\Providers\Cloud\TestProjects\NextGenSoftware.OASIS.API.Providers.GoogleCloudOASIS.IntegrationTests\GoogleCloudOASISIntegrationTests.cs(121,42): error CS1061: 'GoogleCloudOASIS' does not contain a definition for 'SearchHolonsAsync' and no accessible extension method 'SearchHolonsAsync' accepting a first argument of type 'GoogleCloudOASIS' could be found (are you missing a using directive or an assembly reference?) [C:\Source\OASIS-master\Providers\Cloud\TestProjects\NextGenSoftware.OASIS.API.Providers.GoogleCloudOASIS.IntegrationTests\NextGenSoftware.OASIS.API.Providers.GoogleCloudOASIS.IntegrationTests.csproj]
C:\Source\OASIS-master\Providers\Storage\TestProjects\NextGenSoftware.OASIS.API.Providers.MongoOASIS.UnitTests\MongoOASISTests.cs(2,33): error CS0234: The type or namespace name 'Core' does not exist in the namespace 'NextGenSoftware.OASIS.API' (are you missing an assembly reference?) [C:\Source\OASIS-master\Providers\Storage\TestProjects\NextGenSoftware.OASIS.API.Providers.MongoOASIS.UnitTests\NextGenSoftware.OASIS.API.Providers.MongoOASIS.UnitTests.csproj]
C:\Source\OASIS-master\Providers\Storage\TestProjects\NextGenSoftware.OASIS.API.Providers.MongoOASIS.UnitTests\MongoOASISTests.cs(3,33): error CS0234: The type or namespace name 'Core' does not exist in the namespace 'NextGenSoftware.OASIS.API' (are you missing an assembly reference?) [C:\Source\OASIS-master\Providers\Storage\TestProjects\NextGenSoftware.OASIS.API.Providers.MongoOASIS.UnitTests\NextGenSoftware.OASIS.API.Providers.MongoOASIS.UnitTests.csproj]
C:\Source\OASIS-master\Providers\Storage\TestProjects\NextGenSoftware.OASIS.API.Providers.MongoOASIS.UnitTests\MongoOASISTests.cs(4,33): error CS0234: The type or namespace name 'Core' does not exist in the namespace 'NextGenSoftware.OASIS.API' (are you missing an assembly reference?) [C:\Source\OASIS-master\Providers\Storage\TestProjects\NextGenSoftware.OASIS.API.Providers.MongoOASIS.UnitTests\NextGenSoftware.OASIS.API.Providers.MongoOASIS.UnitTests.csproj]
C:\Source\OASIS-master\Providers\Storage\TestProjects\NextGenSoftware.OASIS.API.Providers.MongoOASIS.UnitTests\MongoOASISTests.cs(12,17): error CS0118: 'MongoOASIS' is a namespace but is used like a type [C:\Source\OASIS-master\Providers\Storage\TestProjects\NextGenSoftware.OASIS.API.Providers.MongoOASIS.UnitTests\NextGenSoftware.OASIS.API.Providers.MongoOASIS.UnitTests.csproj]
C:\Source\OASIS-master\Providers\Network\TestProjects\NextGenSoftware.OASIS.API.Providers.PinataOASIS.UnitTests\PinataOASISUnitTests.cs(28,20): error CS0411: The type arguments for method 'Assert.AreEqual<T>(T?, T?)' cannot be inferred from the usage. Try specifying the type arguments explicitly. [C:\Source\OASIS-master\Providers\Network\TestProjects\NextGenSoftware.OASIS.API.Providers.PinataOASIS.UnitTests\NextGenSoftware.OASIS.API.Providers.PinataOASIS.UnitTests.csproj]
C:\Source\OASIS-master\Providers\Network\TestProjects\NextGenSoftware.OASIS.API.Providers.PinataOASIS.UnitTests\PinataOASISUnitTests.cs(95,37): error CS1061: 'PinataOASIS' does not contain a definition for 'GetProviderVersion' and no accessible extension method 'GetProviderVersion' accepting a first argument of type 'PinataOASIS' could be found (are you missing a using directive or an assembly reference?) [C:\Source\OASIS-master\Providers\Network\TestProjects\NextGenSoftware.OASIS.API.Providers.PinataOASIS.UnitTests\NextGenSoftware.OASIS.API.Providers.PinataOASIS.UnitTests.csproj]
C:\Source\OASIS-master\Providers\Cloud\TestProjects\NextGenSoftware.OASIS.API.Providers.GoogleCloudOASIS.UnitTests\GoogleCloudOASISUnitTests.cs(28,20): error CS0411: The type arguments for method 'Assert.AreEqual<T>(T?, T?)' cannot be inferred from the usage. Try specifying the type arguments explicitly. [C:\Source\OASIS-master\Providers\Cloud\TestProjects\NextGenSoftware.OASIS.API.Providers.GoogleCloudOASIS.UnitTests\NextGenSoftware.OASIS.API.Providers.GoogleCloudOASIS.UnitTests.csproj]
C:\Source\OASIS-master\Providers\Cloud\TestProjects\NextGenSoftware.OASIS.API.Providers.GoogleCloudOASIS.UnitTests\GoogleCloudOASISUnitTests.cs(95,37): error CS1061: 'GoogleCloudOASIS' does not contain a definition for 'GetProviderVersion' and no accessible extension method 'GetProviderVersion' accepting a first argument of type 'GoogleCloudOASIS' could be found (are you missing a using directive or an assembly reference?) [C:\Source\OASIS-master\Providers\Cloud\TestProjects\NextGenSoftware.OASIS.API.Providers.GoogleCloudOASIS.UnitTests\NextGenSoftware.OASIS.API.Providers.GoogleCloudOASIS.UnitTests.csproj]
C:\Source\OASIS-master\Providers\Storage\TestProjects\NextGenSoftware.OASIS.API.Providers.MongoDBOASIS.UnitTests\MongoDBOASISUnitTests.cs(3,33): error CS0234: The type or namespace name 'Core' does not exist in the namespace 'NextGenSoftware.OASIS.API' (are you missing an assembly reference?) [C:\Source\OASIS-master\Providers\Storage\TestProjects\NextGenSoftware.OASIS.API.Providers.MongoDBOASIS.UnitTests\NextGenSoftware.OASIS.API.Providers.MongoDBOASIS.UnitTests.csproj]
C:\Source\OASIS-master\Providers\Storage\TestProjects\NextGenSoftware.OASIS.API.Providers.MongoDBOASIS.UnitTests\MongoDBOASISUnitTests.cs(4,33): error CS0234: The type or namespace name 'Core' does not exist in the namespace 'NextGenSoftware.OASIS.API' (are you missing an assembly reference?) [C:\Source\OASIS-master\Providers\Storage\TestProjects\NextGenSoftware.OASIS.API.Providers.MongoDBOASIS.UnitTests\NextGenSoftware.OASIS.API.Providers.MongoDBOASIS.UnitTests.csproj]
C:\Source\OASIS-master\Providers\Storage\TestProjects\NextGenSoftware.OASIS.API.Providers.MongoDBOASIS.UnitTests\MongoDBOASISUnitTests.cs(5,33): error CS0234: The type or namespace name 'Core' does not exist in the namespace 'NextGenSoftware.OASIS.API' (are you missing an assembly reference?) [C:\Source\OASIS-master\Providers\Storage\TestProjects\NextGenSoftware.OASIS.API.Providers.MongoDBOASIS.UnitTests\NextGenSoftware.OASIS.API.Providers.MongoDBOASIS.UnitTests.csproj]
C:\Source\OASIS-master\Providers\Storage\TestProjects\NextGenSoftware.OASIS.API.Providers.MongoDBOASIS.UnitTests\MongoDBOASISUnitTests.cs(13,17): error CS0118: 'MongoDBOASIS' is a namespace but is used like a type [C:\Source\OASIS-master\Providers\Storage\TestProjects\NextGenSoftware.OASIS.API.Providers.MongoDBOASIS.UnitTests\NextGenSoftware.OASIS.API.Providers.MongoDBOASIS.UnitTests.csproj]
C:\Source\OASIS-master\Providers\Network\TestProjects\NextGenSoftware.OASIS.API.Providers.HoloWebOASIS.IntegrationTests\HoloWebOASISIntegrationTests.cs(3,33): error CS0234: The type or namespace name 'Core' does not exist in the namespace 'NextGenSoftware.OASIS.API' (are you missing an assembly reference?) [C:\Source\OASIS-master\Providers\Network\TestProjects\NextGenSoftware.OASIS.API.Providers.HoloWebOASIS.IntegrationTests\NextGenSoftware.OASIS.API.Providers.HoloWebOASIS.IntegrationTests.csproj]
C:\Source\OASIS-master\Providers\Network\TestProjects\NextGenSoftware.OASIS.API.Providers.HoloWebOASIS.IntegrationTests\HoloWebOASISIntegrationTests.cs(4,33): error CS0234: The type or namespace name 'Core' does not exist in the namespace 'NextGenSoftware.OASIS.API' (are you missing an assembly reference?) [C:\Source\OASIS-master\Providers\Network\TestProjects\NextGenSoftware.OASIS.API.Providers.HoloWebOASIS.IntegrationTests\NextGenSoftware.OASIS.API.Providers.HoloWebOASIS.IntegrationTests.csproj]
C:\Source\OASIS-master\Providers\Network\TestProjects\NextGenSoftware.OASIS.API.Providers.HoloWebOASIS.IntegrationTests\HoloWebOASISIntegrationTests.cs(5,33): error CS0234: The type or namespace name 'Core' does not exist in the namespace 'NextGenSoftware.OASIS.API' (are you missing an assembly reference?) [C:\Source\OASIS-master\Providers\Network\TestProjects\NextGenSoftware.OASIS.API.Providers.HoloWebOASIS.IntegrationTests\NextGenSoftware.OASIS.API.Providers.HoloWebOASIS.IntegrationTests.csproj]
C:\Source\OASIS-master\Providers\Network\TestProjects\NextGenSoftware.OASIS.API.Providers.HoloWebOASIS.IntegrationTests\HoloWebOASISIntegrationTests.cs(14,17): error CS0118: 'HoloWebOASIS' is a namespace but is used like a type [C:\Source\OASIS-master\Providers\Network\TestProjects\NextGenSoftware.OASIS.API.Providers.HoloWebOASIS.IntegrationTests\NextGenSoftware.OASIS.API.Providers.HoloWebOASIS.IntegrationTests.csproj]
C:\Source\OASIS-master\Providers\Other\TestProjects\NextGenSoftware.OASIS.API.Providers.CargoOASIS.IntegrationTests\CargoOASISIntegrationTests.cs(14,17): error CS0118: 'CargoOASIS' is a namespace but is used like a type [C:\Source\OASIS-master\Providers\Other\TestProjects\NextGenSoftware.OASIS.API.Providers.CargoOASIS.IntegrationTests\NextGenSoftware.OASIS.API.Providers.CargoOASIS.IntegrationTests.csproj]
C:\Source\OASIS-master\Providers\Template\Test Projects\NextGenSoftware.OASIS.API.Providers.ProviderNameOASIS.TestHarness\ProviderNameOASISTestHarness.cs(12,24): error CS0118: 'ProviderNameOASIS' is a namespace but is used like a type [C:\Source\OASIS-master\Providers\Template\Test Projects\NextGenSoftware.OASIS.API.Providers.ProviderNameOASIS.TestHarness\NextGenSoftware.OASIS.API.Providers.ProviderNameOASIS.TestHarness.csproj]
C:\Source\OASIS-master\Providers\Network\TestProjects\NextGenSoftware.OASIS.API.Providers.PinataOASIS.IntegrationTests\PinataOASISIntegrationTests.cs(26,30): error CS0246: The type or namespace name 'Avatar' could not be found (are you missing a using directive or an assembly reference?) [C:\Source\OASIS-master\Providers\Network\TestProjects\NextGenSoftware.OASIS.API.Providers.PinataOASIS.IntegrationTests\NextGenSoftware.OASIS.API.Providers.PinataOASIS.IntegrationTests.csproj]
C:\Source\OASIS-master\Providers\Network\TestProjects\NextGenSoftware.OASIS.API.Providers.PinataOASIS.IntegrationTests\PinataOASISIntegrationTests.cs(62,29): error CS0246: The type or namespace name 'Holon' could not be found (are you missing a using directive or an assembly reference?) [C:\Source\OASIS-master\Providers\Network\TestProjects\NextGenSoftware.OASIS.API.Providers.PinataOASIS.IntegrationTests\NextGenSoftware.OASIS.API.Providers.PinataOASIS.IntegrationTests.csproj]
C:\Source\OASIS-master\Providers\Network\TestProjects\NextGenSoftware.OASIS.API.Providers.PinataOASIS.IntegrationTests\PinataOASISIntegrationTests.cs(95,36): error CS0246: The type or namespace name 'SearchParams' could not be found (are you missing a using directive or an assembly reference?) [C:\Source\OASIS-master\Providers\Network\TestProjects\NextGenSoftware.OASIS.API.Providers.PinataOASIS.IntegrationTests\NextGenSoftware.OASIS.API.Providers.PinataOASIS.IntegrationTests.csproj]
C:\Source\OASIS-master\Providers\Network\TestProjects\NextGenSoftware.OASIS.API.Providers.PinataOASIS.IntegrationTests\PinataOASISIntegrationTests.cs(98,30): error CS0103: The name 'SearchType' does not exist in the current context [C:\Source\OASIS-master\Providers\Network\TestProjects\NextGenSoftware.OASIS.API.Providers.PinataOASIS.IntegrationTests\NextGenSoftware.OASIS.API.Providers.PinataOASIS.IntegrationTests.csproj]
C:\Source\OASIS-master\Providers\Network\TestProjects\NextGenSoftware.OASIS.API.Providers.PinataOASIS.IntegrationTests\PinataOASISIntegrationTests.cs(102,42): error CS1061: 'PinataOASIS' does not contain a definition for 'SearchAvatarsAsync' and no accessible extension method 'SearchAvatarsAsync' accepting a first argument of type 'PinataOASIS' could be found (are you missing a using directive or an assembly reference?) [C:\Source\OASIS-master\Providers\Network\TestProjects\NextGenSoftware.OASIS.API.Providers.PinataOASIS.IntegrationTests\NextGenSoftware.OASIS.API.Providers.PinataOASIS.IntegrationTests.csproj]
C:\Source\OASIS-master\Providers\Network\TestProjects\NextGenSoftware.OASIS.API.Providers.PinataOASIS.IntegrationTests\PinataOASISIntegrationTests.cs(114,36): error CS0246: The type or namespace name 'SearchParams' could not be found (are you missing a using directive or an assembly reference?) [C:\Source\OASIS-master\Providers\Network\TestProjects\NextGenSoftware.OASIS.API.Providers.PinataOASIS.IntegrationTests\NextGenSoftware.OASIS.API.Providers.PinataOASIS.IntegrationTests.csproj]
C:\Source\OASIS-master\Providers\Network\TestProjects\NextGenSoftware.OASIS.API.Providers.PinataOASIS.IntegrationTests\PinataOASISIntegrationTests.cs(117,30): error CS0103: The name 'SearchType' does not exist in the current context [C:\Source\OASIS-master\Providers\Network\TestProjects\NextGenSoftware.OASIS.API.Providers.PinataOASIS.IntegrationTests\NextGenSoftware.OASIS.API.Providers.PinataOASIS.IntegrationTests.csproj]
C:\Source\OASIS-master\Providers\Network\TestProjects\NextGenSoftware.OASIS.API.Providers.PinataOASIS.IntegrationTests\PinataOASISIntegrationTests.cs(121,42): error CS1061: 'PinataOASIS' does not contain a definition for 'SearchHolonsAsync' and no accessible extension method 'SearchHolonsAsync' accepting a first argument of type 'PinataOASIS' could be found (are you missing a using directive or an assembly reference?) [C:\Source\OASIS-master\Providers\Network\TestProjects\NextGenSoftware.OASIS.API.Providers.PinataOASIS.IntegrationTests\NextGenSoftware.OASIS.API.Providers.PinataOASIS.IntegrationTests.csproj]
C:\Source\OASIS-master\Providers\Network\TestProjects\NextGenSoftware.OASIS.API.Providers.ThreeFoldOASIS.TestHarness\Program.cs(18,45): error CS0118: 'ThreeFoldOASIS' is a namespace but is used like a type [C:\Source\OASIS-master\Providers\Network\TestProjects\NextGenSoftware.OASIS.API.Providers.ThreeFoldOASIS.TestHarness\NextGenSoftware.OASIS.API.Providers.ThreeFoldOASIS.TestHarness.csproj]
C:\Source\OASIS-master\Providers\Template\Test Projects\NextGenSoftware.OASIS.API.Providers.ProviderNameOASIS.IntegrationTests\ProviderNameOASISIntegrationTests.cs(14,17): error CS0118: 'ProviderNameOASIS' is a namespace but is used like a type [C:\Source\OASIS-master\Providers\Template\Test Projects\NextGenSoftware.OASIS.API.Providers.ProviderNameOASIS.IntegrationTests\NextGenSoftware.OASIS.API.Providers.ProviderNameOASIS.IntegrationTests.csproj]
C:\Source\OASIS-master\Providers\Network\TestProjects\NextGenSoftware.OASIS.API.Providers.ThreeFoldOASIS.IntegrationTests\ThreeFoldOASISIntegrationTests.cs(14,41): error CS0118: 'ThreeFoldOASIS' is a namespace but is used like a type [C:\Source\OASIS-master\Providers\Network\TestProjects\NextGenSoftware.OASIS.API.Providers.ThreeFoldOASIS.IntegrationTests\NextGenSoftware.OASIS.API.Providers.ThreeFoldOASIS.IntegrationTests.csproj]
C:\Source\OASIS-master\Providers\Network\TestProjects\NextGenSoftware.OASIS.API.Providers.ThreeFoldOASIS.IntegrationTests\ThreeFoldOASISIntegrationTests.cs(33,41): error CS0118: 'ThreeFoldOASIS' is a namespace but is used like a type [C:\Source\OASIS-master\Providers\Network\TestProjects\NextGenSoftware.OASIS.API.Providers.ThreeFoldOASIS.IntegrationTests\NextGenSoftware.OASIS.API.Providers.ThreeFoldOASIS.IntegrationTests.csproj]
C:\Source\OASIS-master\Providers\Network\TestProjects\NextGenSoftware.OASIS.API.Providers.ThreeFoldOASIS.IntegrationTests\ThreeFoldOASISIntegrationTests.cs(52,41): error CS0118: 'ThreeFoldOASIS' is a namespace but is used like a type [C:\Source\OASIS-master\Providers\Network\TestProjects\NextGenSoftware.OASIS.API.Providers.ThreeFoldOASIS.IntegrationTests\NextGenSoftware.OASIS.API.Providers.ThreeFoldOASIS.IntegrationTests.csproj]
C:\Source\OASIS-master\Providers\Network\TestProjects\NextGenSoftware.OASIS.API.Providers.ThreeFoldOASIS.IntegrationTests\ThreeFoldOASISIntegrationTests.cs(66,33): error CS0103: The name 'ProviderType' does not exist in the current context [C:\Source\OASIS-master\Providers\Network\TestProjects\NextGenSoftware.OASIS.API.Providers.ThreeFoldOASIS.IntegrationTests\NextGenSoftware.OASIS.API.Providers.ThreeFoldOASIS.IntegrationTests.csproj]
C:\Source\OASIS-master\Providers\Network\TestProjects\NextGenSoftware.OASIS.API.Providers.ThreeFoldOASIS.IntegrationTests\ThreeFoldOASISIntegrationTests.cs(74,41): error CS0118: 'ThreeFoldOASIS' is a namespace but is used like a type [C:\Source\OASIS-master\Providers\Network\TestProjects\NextGenSoftware.OASIS.API.Providers.ThreeFoldOASIS.IntegrationTests\NextGenSoftware.OASIS.API.Providers.ThreeFoldOASIS.IntegrationTests.csproj]
C:\Source\OASIS-master\Providers\Network\TestProjects\NextGenSoftware.OASIS.API.Providers.ThreeFoldOASIS.IntegrationTests\ThreeFoldOASISIntegrationTests.cs(83,29): error CS0103: The name 'ProviderType' does not exist in the current context [C:\Source\OASIS-master\Providers\Network\TestProjects\NextGenSoftware.OASIS.API.Providers.ThreeFoldOASIS.IntegrationTests\NextGenSoftware.OASIS.API.Providers.ThreeFoldOASIS.IntegrationTests.csproj]
C:\Source\OASIS-master\Providers\Network\TestProjects\NextGenSoftware.OASIS.API.Providers.ThreeFoldOASIS.IntegrationTests\ThreeFoldOASISIntegrationTests.cs(91,41): error CS0118: 'ThreeFoldOASIS' is a namespace but is used like a type [C:\Source\OASIS-master\Providers\Network\TestProjects\NextGenSoftware.OASIS.API.Providers.ThreeFoldOASIS.IntegrationTests\NextGenSoftware.OASIS.API.Providers.ThreeFoldOASIS.IntegrationTests.csproj]
C:\Source\OASIS-master\Providers\Other\TestProjects\NextGenSoftware.OASIS.API.Providers.CargoOASIS.TestHarness\CargoOASISTestHarness.cs(12,24): error CS0118: 'CargoOASIS' is a namespace but is used like a type [C:\Source\OASIS-master\Providers\Other\TestProjects\NextGenSoftware.OASIS.API.Providers.CargoOASIS.TestHarness\NextGenSoftware.OASIS.API.Providers.CargoOASIS.TestHarness.csproj]
C:\Source\OASIS-master\Providers\Template\Test Projects\NextGenSoftware.OASIS.API.Providers.ProviderNameOASIS.UnitTests\ProviderNameOASISUnitTests.cs(13,17): error CS0118: 'ProviderNameOASIS' is a namespace but is used like a type [C:\Source\OASIS-master\Providers\Template\Test Projects\NextGenSoftware.OASIS.API.Providers.ProviderNameOASIS.UnitTests\NextGenSoftware.OASIS.API.Providers.ProviderNameOASIS.UnitTests.csproj]
C:\Source\OASIS-master\Providers\Network\TestProjects\NextGenSoftware.OASIS.API.Providers.ThreeFoldOASIS.UnitTests\ThreeFoldOASISTests.cs(5,33): error CS0234: The type or namespace name 'Core' does not exist in the namespace 'NextGenSoftware.OASIS.API' (are you missing an assembly reference?) [C:\Source\OASIS-master\Providers\Network\TestProjects\NextGenSoftware.OASIS.API.Providers.ThreeFoldOASIS.UnitTests\NextGenSoftware.OASIS.API.Providers.ThreeFoldOASIS.UnitTests.csproj]
C:\Source\OASIS-master\Providers\Other\TestProjects\NextGenSoftware.OASIS.API.Providers.CargoOASIS.UnitTests\CargoOASISUnitTests.cs(13,17): error CS0118: 'CargoOASIS' is a namespace but is used like a type [C:\Source\OASIS-master\Providers\Other\TestProjects\NextGenSoftware.OASIS.API.Providers.CargoOASIS.UnitTests\NextGenSoftware.OASIS.API.Providers.CargoOASIS.UnitTests.csproj]
C:\Source\OASIS-master\Providers\Blockchain\TestProjects\NextGenSoftware.OASIS.API.Providers.AptosOASIS.IntegrationTests\AptosOASISIntegrationTests.cs(28,30): error CS0246: The type or namespace name 'Avatar' could not be found (are you missing a using directive or an assembly reference?) [C:\Source\OASIS-master\Providers\Blockchain\TestProjects\NextGenSoftware.OASIS.API.Providers.AptosOASIS.IntegrationTests\NextGenSoftware.OASIS.API.Providers.AptosOASIS.IntegrationTests.csproj]
C:\Source\OASIS-master\Providers\Blockchain\TestProjects\NextGenSoftware.OASIS.API.Providers.AptosOASIS.IntegrationTests\AptosOASISIntegrationTests.cs(64,29): error CS0246: The type or namespace name 'Holon' could not be found (are you missing a using directive or an assembly reference?) [C:\Source\OASIS-master\Providers\Blockchain\TestProjects\NextGenSoftware.OASIS.API.Providers.AptosOASIS.IntegrationTests\NextGenSoftware.OASIS.API.Providers.AptosOASIS.IntegrationTests.csproj]
C:\Source\OASIS-master\Providers\Blockchain\TestProjects\NextGenSoftware.OASIS.API.Providers.AptosOASIS.IntegrationTests\AptosOASISIntegrationTests.cs(97,36): error CS0246: The type or namespace name 'SearchParams' could not be found (are you missing a using directive or an assembly reference?) [C:\Source\OASIS-master\Providers\Blockchain\TestProjects\NextGenSoftware.OASIS.API.Providers.AptosOASIS.IntegrationTests\NextGenSoftware.OASIS.API.Providers.AptosOASIS.IntegrationTests.csproj]
C:\Source\OASIS-master\Providers\Blockchain\TestProjects\NextGenSoftware.OASIS.API.Providers.AptosOASIS.IntegrationTests\AptosOASISIntegrationTests.cs(100,30): error CS0103: The name 'SearchType' does not exist in the current context [C:\Source\OASIS-master\Providers\Blockchain\TestProjects\NextGenSoftware.OASIS.API.Providers.AptosOASIS.IntegrationTests\NextGenSoftware.OASIS.API.Providers.AptosOASIS.IntegrationTests.csproj]
C:\Source\OASIS-master\Providers\Blockchain\TestProjects\NextGenSoftware.OASIS.API.Providers.AptosOASIS.IntegrationTests\AptosOASISIntegrationTests.cs(104,47): error CS1061: 'AptosOASIS' does not contain a definition for 'SearchAvatarsAsync' and no accessible extension method 'SearchAvatarsAsync' accepting a first argument of type 'AptosOASIS' could be found (are you missing a using directive or an assembly reference?) [C:\Source\OASIS-master\Providers\Blockchain\TestProjects\NextGenSoftware.OASIS.API.Providers.AptosOASIS.IntegrationTests\NextGenSoftware.OASIS.API.Providers.AptosOASIS.IntegrationTests.csproj]
C:\Source\OASIS-master\Providers\Blockchain\TestProjects\NextGenSoftware.OASIS.API.Providers.AptosOASIS.IntegrationTests\AptosOASISIntegrationTests.cs(116,36): error CS0246: The type or namespace name 'SearchParams' could not be found (are you missing a using directive or an assembly reference?) [C:\Source\OASIS-master\Providers\Blockchain\TestProjects\NextGenSoftware.OASIS.API.Providers.AptosOASIS.IntegrationTests\NextGenSoftware.OASIS.API.Providers.AptosOASIS.IntegrationTests.csproj]
C:\Source\OASIS-master\Providers\Blockchain\TestProjects\NextGenSoftware.OASIS.API.Providers.AptosOASIS.IntegrationTests\AptosOASISIntegrationTests.cs(119,30): error CS0103: The name 'SearchType' does not exist in the current context [C:\Source\OASIS-master\Providers\Blockchain\TestProjects\NextGenSoftware.OASIS.API.Providers.AptosOASIS.IntegrationTests\NextGenSoftware.OASIS.API.Providers.AptosOASIS.IntegrationTests.csproj]
C:\Source\OASIS-master\Providers\Blockchain\TestProjects\NextGenSoftware.OASIS.API.Providers.AptosOASIS.IntegrationTests\AptosOASISIntegrationTests.cs(123,47): error CS1061: 'AptosOASIS' does not contain a definition for 'SearchHolonsAsync' and no accessible extension method 'SearchHolonsAsync' accepting a first argument of type 'AptosOASIS' could be found (are you missing a using directive or an assembly reference?) [C:\Source\OASIS-master\Providers\Blockchain\TestProjects\NextGenSoftware.OASIS.API.Providers.AptosOASIS.IntegrationTests\NextGenSoftware.OASIS.API.Providers.AptosOASIS.IntegrationTests.csproj]
C:\Source\OASIS-master\Providers\Blockchain\TestProjects\NextGenSoftware.OASIS.API.Providers.AptosOASIS.IntegrationTests\AptosOASISIntegrationTests.cs(166,47): error CS1061: 'AptosOASIS' does not contain a definition for 'GetAvatarByEmailAsync' and no accessible extension method 'GetAvatarByEmailAsync' accepting a first argument of type 'AptosOASIS' could be found (are you missing a using directive or an assembly reference?) [C:\Source\OASIS-master\Providers\Blockchain\TestProjects\NextGenSoftware.OASIS.API.Providers.AptosOASIS.IntegrationTests\NextGenSoftware.OASIS.API.Providers.AptosOASIS.IntegrationTests.csproj]
C:\Source\OASIS-master\Providers\Blockchain\TestProjects\NextGenSoftware.OASIS.API.Providers.AptosOASIS.IntegrationTests\AptosOASISIntegrationTests.cs(180,47): error CS1061: 'AptosOASIS' does not contain a definition for 'GetAvatarByUsernameAsync' and no accessible extension method 'GetAvatarByUsernameAsync' accepting a first argument of type 'AptosOASIS' could be found (are you missing a using directive or an assembly reference?) [C:\Source\OASIS-master\Providers\Blockchain\TestProjects\NextGenSoftware.OASIS.API.Providers.AptosOASIS.IntegrationTests\NextGenSoftware.OASIS.API.Providers.AptosOASIS.IntegrationTests.csproj]
C:\Source\OASIS-master\Providers\Blockchain\TestProjects\NextGenSoftware.OASIS.API.Providers.AptosOASIS.TestHarness\AptosOASISTestHarness.cs(64,42): error CS1061: 'AptosOASIS' does not contain a definition for 'GetProviderVersion' and no accessible extension method 'GetProviderVersion' accepting a first argument of type 'AptosOASIS' could be found (are you missing a using directive or an assembly reference?) [C:\Source\OASIS-master\Providers\Blockchain\TestProjects\NextGenSoftware.OASIS.API.Providers.AptosOASIS.TestHarness\NextGenSoftware.OASIS.API.Providers.AptosOASIS.TestHarness.csproj]
C:\Source\OASIS-master\Providers\Blockchain\TestProjects\NextGenSoftware.OASIS.API.Providers.AptosOASIS.TestHarness\AptosOASISTestHarness.cs(67,47): error CS1061: 'AptosOASIS' does not contain a definition for 'GetProviderType' and no accessible extension method 'GetProviderType' accepting a first argument of type 'AptosOASIS' could be found (are you missing a using directive or an assembly reference?) [C:\Source\OASIS-master\Providers\Blockchain\TestProjects\NextGenSoftware.OASIS.API.Providers.AptosOASIS.TestHarness\NextGenSoftware.OASIS.API.Providers.AptosOASIS.TestHarness.csproj]
C:\Source\OASIS-master\Providers\Blockchain\TestProjects\NextGenSoftware.OASIS.API.Providers.AptosOASIS.TestHarness\AptosOASISTestHarness.cs(70,43): error CS1061: 'AptosOASIS' does not contain a definition for 'GetProviderCategory' and no accessible extension method 'GetProviderCategory' accepting a first argument of type 'AptosOASIS' could be found (are you missing a using directive or an assembly reference?) [C:\Source\OASIS-master\Providers\Blockchain\TestProjects\NextGenSoftware.OASIS.API.Providers.AptosOASIS.TestHarness\NextGenSoftware.OASIS.API.Providers.AptosOASIS.TestHarness.csproj]
C:\Source\OASIS-master\Providers\Blockchain\TestProjects\NextGenSoftware.OASIS.API.Providers.AptosOASIS.TestHarness\AptosOASISTestHarness.cs(82,34): error CS0246: The type or namespace name 'Avatar' could not be found (are you missing a using directive or an assembly reference?) [C:\Source\OASIS-master\Providers\Blockchain\TestProjects\NextGenSoftware.OASIS.API.Providers.AptosOASIS.TestHarness\NextGenSoftware.OASIS.API.Providers.AptosOASIS.TestHarness.csproj]
C:\Source\OASIS-master\Providers\Blockchain\TestProjects\NextGenSoftware.OASIS.API.Providers.AptosOASIS.TestHarness\AptosOASISTestHarness.cs(105,52): error CS1061: 'AptosOASIS' does not contain a definition for 'GetAvatarByEmailAsync' and no accessible extension method 'GetAvatarByEmailAsync' accepting a first argument of type 'AptosOASIS' could be found (are you missing a using directive or an assembly reference?) [C:\Source\OASIS-master\Providers\Blockchain\TestProjects\NextGenSoftware.OASIS.API.Providers.AptosOASIS.TestHarness\NextGenSoftware.OASIS.API.Providers.AptosOASIS.TestHarness.csproj]
C:\Source\OASIS-master\Providers\Blockchain\TestProjects\NextGenSoftware.OASIS.API.Providers.AptosOASIS.TestHarness\AptosOASISTestHarness.cs(111,55): error CS1061: 'AptosOASIS' does not contain a definition for 'GetAvatarByUsernameAsync' and no accessible extension method 'GetAvatarByUsernameAsync' accepting a first argument of type 'AptosOASIS' could be found (are you missing a using directive or an assembly reference?) [C:\Source\OASIS-master\Providers\Blockchain\TestProjects\NextGenSoftware.OASIS.API.Providers.AptosOASIS.TestHarness\NextGenSoftware.OASIS.API.Providers.AptosOASIS.TestHarness.csproj]
C:\Source\OASIS-master\Providers\Blockchain\TestProjects\NextGenSoftware.OASIS.API.Providers.AptosOASIS.TestHarness\AptosOASISTestHarness.cs(123,33): error CS0246: The type or namespace name 'Holon' could not be found (are you missing a using directive or an assembly reference?) [C:\Source\OASIS-master\Providers\Blockchain\TestProjects\NextGenSoftware.OASIS.API.Providers.AptosOASIS.TestHarness\NextGenSoftware.OASIS.API.Providers.AptosOASIS.TestHarness.csproj]
C:\Source\OASIS-master\Providers\Blockchain\TestProjects\NextGenSoftware.OASIS.API.Providers.AptosOASIS.TestHarness\AptosOASISTestHarness.cs(150,36): error CS0246: The type or namespace name 'SearchParams' could not be found (are you missing a using directive or an assembly reference?) [C:\Source\OASIS-master\Providers\Blockchain\TestProjects\NextGenSoftware.OASIS.API.Providers.AptosOASIS.TestHarness\NextGenSoftware.OASIS.API.Providers.AptosOASIS.TestHarness.csproj]
C:\Source\OASIS-master\Providers\Blockchain\TestProjects\NextGenSoftware.OASIS.API.Providers.AptosOASIS.TestHarness\AptosOASISTestHarness.cs(153,30): error CS0103: The name 'SearchType' does not exist in the current context [C:\Source\OASIS-master\Providers\Blockchain\TestProjects\NextGenSoftware.OASIS.API.Providers.AptosOASIS.TestHarness\NextGenSoftware.OASIS.API.Providers.AptosOASIS.TestHarness.csproj]
C:\Source\OASIS-master\Providers\Blockchain\TestProjects\NextGenSoftware.OASIS.API.Providers.AptosOASIS.TestHarness\AptosOASISTestHarness.cs(157,59): error CS1061: 'AptosOASIS' does not contain a definition for 'SearchAvatarsAsync' and no accessible extension method 'SearchAvatarsAsync' accepting a first argument of type 'AptosOASIS' could be found (are you missing a using directive or an assembly reference?) [C:\Source\OASIS-master\Providers\Blockchain\TestProjects\NextGenSoftware.OASIS.API.Providers.AptosOASIS.TestHarness\NextGenSoftware.OASIS.API.Providers.AptosOASIS.TestHarness.csproj]
C:\Source\OASIS-master\Providers\Blockchain\TestProjects\NextGenSoftware.OASIS.API.Providers.AptosOASIS.TestHarness\AptosOASISTestHarness.cs(164,39): error CS0103: The name 'SearchType' does not exist in the current context [C:\Source\OASIS-master\Providers\Blockchain\TestProjects\NextGenSoftware.OASIS.API.Providers.AptosOASIS.TestHarness\NextGenSoftware.OASIS.API.Providers.AptosOASIS.TestHarness.csproj]
C:\Source\OASIS-master\Providers\Blockchain\TestProjects\NextGenSoftware.OASIS.API.Providers.AptosOASIS.TestHarness\AptosOASISTestHarness.cs(166,58): error CS1061: 'AptosOASIS' does not contain a definition for 'SearchHolonsAsync' and no accessible extension method 'SearchHolonsAsync' accepting a first argument of type 'AptosOASIS' could be found (are you missing a using directive or an assembly reference?) [C:\Source\OASIS-master\Providers\Blockchain\TestProjects\NextGenSoftware.OASIS.API.Providers.AptosOASIS.TestHarness\NextGenSoftware.OASIS.API.Providers.AptosOASIS.TestHarness.csproj]
C:\Source\OASIS-master\Providers\Blockchain\TestProjects\NextGenSoftware.OASIS.API.Providers.CardanoOASIS.IntegrationTests\CardanoOASISIntegrationTests.cs(26,30): error CS0246: The type or namespace name 'Avatar' could not be found (are you missing a using directive or an assembly reference?) [C:\Source\OASIS-master\Providers\Blockchain\TestProjects\NextGenSoftware.OASIS.API.Providers.CardanoOASIS.IntegrationTests\NextGenSoftware.OASIS.API.Providers.CardanoOASIS.IntegrationTests.csproj]
C:\Source\OASIS-master\Providers\Blockchain\TestProjects\NextGenSoftware.OASIS.API.Providers.CardanoOASIS.IntegrationTests\CardanoOASISIntegrationTests.cs(62,29): error CS0246: The type or namespace name 'Holon' could not be found (are you missing a using directive or an assembly reference?) [C:\Source\OASIS-master\Providers\Blockchain\TestProjects\NextGenSoftware.OASIS.API.Providers.CardanoOASIS.IntegrationTests\NextGenSoftware.OASIS.API.Providers.CardanoOASIS.IntegrationTests.csproj]
C:\Source\OASIS-master\Providers\Blockchain\TestProjects\NextGenSoftware.OASIS.API.Providers.CardanoOASIS.IntegrationTests\CardanoOASISIntegrationTests.cs(95,36): error CS0246: The type or namespace name 'SearchParams' could not be found (are you missing a using directive or an assembly reference?) [C:\Source\OASIS-master\Providers\Blockchain\TestProjects\NextGenSoftware.OASIS.API.Providers.CardanoOASIS.IntegrationTests\NextGenSoftware.OASIS.API.Providers.CardanoOASIS.IntegrationTests.csproj]
C:\Source\OASIS-master\Providers\Blockchain\TestProjects\NextGenSoftware.OASIS.API.Providers.CardanoOASIS.IntegrationTests\CardanoOASISIntegrationTests.cs(98,30): error CS0103: The name 'SearchType' does not exist in the current context [C:\Source\OASIS-master\Providers\Blockchain\TestProjects\NextGenSoftware.OASIS.API.Providers.CardanoOASIS.IntegrationTests\NextGenSoftware.OASIS.API.Providers.CardanoOASIS.IntegrationTests.csproj]
C:\Source\OASIS-master\Providers\Blockchain\TestProjects\NextGenSoftware.OASIS.API.Providers.CardanoOASIS.IntegrationTests\CardanoOASISIntegrationTests.cs(102,42): error CS1061: 'CardanoOASIS' does not contain a definition for 'SearchAvatarsAsync' and no accessible extension method 'SearchAvatarsAsync' accepting a first argument of type 'CardanoOASIS' could be found (are you missing a using directive or an assembly reference?) [C:\Source\OASIS-master\Providers\Blockchain\TestProjects\NextGenSoftware.OASIS.API.Providers.CardanoOASIS.IntegrationTests\NextGenSoftware.OASIS.API.Providers.CardanoOASIS.IntegrationTests.csproj]
C:\Source\OASIS-master\Providers\Blockchain\TestProjects\NextGenSoftware.OASIS.API.Providers.CardanoOASIS.IntegrationTests\CardanoOASISIntegrationTests.cs(114,36): error CS0246: The type or namespace name 'SearchParams' could not be found (are you missing a using directive or an assembly reference?) [C:\Source\OASIS-master\Providers\Blockchain\TestProjects\NextGenSoftware.OASIS.API.Providers.CardanoOASIS.IntegrationTests\NextGenSoftware.OASIS.API.Providers.CardanoOASIS.IntegrationTests.csproj]
C:\Source\OASIS-master\Providers\Blockchain\TestProjects\NextGenSoftware.OASIS.API.Providers.CardanoOASIS.IntegrationTests\CardanoOASISIntegrationTests.cs(117,30): error CS0103: The name 'SearchType' does not exist in the current context [C:\Source\OASIS-master\Providers\Blockchain\TestProjects\NextGenSoftware.OASIS.API.Providers.CardanoOASIS.IntegrationTests\NextGenSoftware.OASIS.API.Providers.CardanoOASIS.IntegrationTests.csproj]
C:\Source\OASIS-master\Providers\Blockchain\TestProjects\NextGenSoftware.OASIS.API.Providers.CardanoOASIS.IntegrationTests\CardanoOASISIntegrationTests.cs(121,42): error CS1061: 'CardanoOASIS' does not contain a definition for 'SearchHolonsAsync' and no accessible extension method 'SearchHolonsAsync' accepting a first argument of type 'CardanoOASIS' could be found (are you missing a using directive or an assembly reference?) [C:\Source\OASIS-master\Providers\Blockchain\TestProjects\NextGenSoftware.OASIS.API.Providers.CardanoOASIS.IntegrationTests\NextGenSoftware.OASIS.API.Providers.CardanoOASIS.IntegrationTests.csproj]
C:\Source\OASIS-master\Providers\Blockchain\TestProjects\NextGenSoftware.OASIS.API.Providers.CardanoOASIS.TestHarness\CardanoOASISTestHarness.cs(64,37): error CS1061: 'CardanoOASIS' does not contain a definition for 'GetProviderVersion' and no accessible extension method 'GetProviderVersion' accepting a first argument of type 'CardanoOASIS' could be found (are you missing a using directive or an assembly reference?) [C:\Source\OASIS-master\Providers\Blockchain\TestProjects\NextGenSoftware.OASIS.API.Providers.CardanoOASIS.TestHarness\NextGenSoftware.OASIS.API.Providers.CardanoOASIS.TestHarness.csproj]
C:\Source\OASIS-master\Providers\Blockchain\TestProjects\NextGenSoftware.OASIS.API.Providers.CardanoOASIS.TestHarness\CardanoOASISTestHarness.cs(67,42): error CS1061: 'CardanoOASIS' does not contain a definition for 'GetProviderType' and no accessible extension method 'GetProviderType' accepting a first argument of type 'CardanoOASIS' could be found (are you missing a using directive or an assembly reference?) [C:\Source\OASIS-master\Providers\Blockchain\TestProjects\NextGenSoftware.OASIS.API.Providers.CardanoOASIS.TestHarness\NextGenSoftware.OASIS.API.Providers.CardanoOASIS.TestHarness.csproj]
C:\Source\OASIS-master\Providers\Blockchain\TestProjects\NextGenSoftware.OASIS.API.Providers.CardanoOASIS.TestHarness\CardanoOASISTestHarness.cs(70,38): error CS1061: 'CardanoOASIS' does not contain a definition for 'GetProviderCategory' and no accessible extension method 'GetProviderCategory' accepting a first argument of type 'CardanoOASIS' could be found (are you missing a using directive or an assembly reference?) [C:\Source\OASIS-master\Providers\Blockchain\TestProjects\NextGenSoftware.OASIS.API.Providers.CardanoOASIS.TestHarness\NextGenSoftware.OASIS.API.Providers.CardanoOASIS.TestHarness.csproj]
C:\Source\OASIS-master\Providers\Blockchain\TestProjects\NextGenSoftware.OASIS.API.Providers.CardanoOASIS.TestHarness\CardanoOASISTestHarness.cs(82,34): error CS0246: The type or namespace name 'Avatar' could not be found (are you missing a using directive or an assembly reference?) [C:\Source\OASIS-master\Providers\Blockchain\TestProjects\NextGenSoftware.OASIS.API.Providers.CardanoOASIS.TestHarness\NextGenSoftware.OASIS.API.Providers.CardanoOASIS.TestHarness.csproj]
C:\Source\OASIS-master\Providers\Blockchain\TestProjects\NextGenSoftware.OASIS.API.Providers.CardanoOASIS.TestHarness\CardanoOASISTestHarness.cs(111,33): error CS0246: The type or namespace name 'Holon' could not be found (are you missing a using directive or an assembly reference?) [C:\Source\OASIS-master\Providers\Blockchain\TestProjects\NextGenSoftware.OASIS.API.Providers.CardanoOASIS.TestHarness\NextGenSoftware.OASIS.API.Providers.CardanoOASIS.TestHarness.csproj]
C:\Source\OASIS-master\Providers\Blockchain\TestProjects\NextGenSoftware.OASIS.API.Providers.CardanoOASIS.TestHarness\CardanoOASISTestHarness.cs(138,36): error CS0246: The type or namespace name 'SearchParams' could not be found (are you missing a using directive or an assembly reference?) [C:\Source\OASIS-master\Providers\Blockchain\TestProjects\NextGenSoftware.OASIS.API.Providers.CardanoOASIS.TestHarness\NextGenSoftware.OASIS.API.Providers.CardanoOASIS.TestHarness.csproj]
C:\Source\OASIS-master\Providers\Blockchain\TestProjects\NextGenSoftware.OASIS.API.Providers.CardanoOASIS.TestHarness\CardanoOASISTestHarness.cs(141,30): error CS0103: The name 'SearchType' does not exist in the current context [C:\Source\OASIS-master\Providers\Blockchain\TestProjects\NextGenSoftware.OASIS.API.Providers.CardanoOASIS.TestHarness\NextGenSoftware.OASIS.API.Providers.CardanoOASIS.TestHarness.csproj]
C:\Source\OASIS-master\Providers\Blockchain\TestProjects\NextGenSoftware.OASIS.API.Providers.CardanoOASIS.TestHarness\CardanoOASISTestHarness.cs(145,54): error CS1061: 'CardanoOASIS' does not contain a definition for 'SearchAvatarsAsync' and no accessible extension method 'SearchAvatarsAsync' accepting a first argument of type 'CardanoOASIS' could be found (are you missing a using directive or an assembly reference?) [C:\Source\OASIS-master\Providers\Blockchain\TestProjects\NextGenSoftware.OASIS.API.Providers.CardanoOASIS.TestHarness\NextGenSoftware.OASIS.API.Providers.CardanoOASIS.TestHarness.csproj]
C:\Source\OASIS-master\Providers\Blockchain\TestProjects\NextGenSoftware.OASIS.API.Providers.CardanoOASIS.UnitTests\CardanoOASISUnitTests.cs(28,20): error CS0411: The type arguments for method 'Assert.AreEqual<T>(T?, T?)' cannot be inferred from the usage. Try specifying the type arguments explicitly. [C:\Source\OASIS-master\Providers\Blockchain\TestProjects\NextGenSoftware.OASIS.API.Providers.CardanoOASIS.UnitTests\NextGenSoftware.OASIS.API.Providers.CardanoOASIS.UnitTests.csproj]
C:\Source\OASIS-master\Providers\Blockchain\TestProjects\NextGenSoftware.OASIS.API.Providers.CardanoOASIS.UnitTests\CardanoOASISUnitTests.cs(95,37): error CS1061: 'CardanoOASIS' does not contain a definition for 'GetProviderVersion' and no accessible extension method 'GetProviderVersion' accepting a first argument of type 'CardanoOASIS' could be found (are you missing a using directive or an assembly reference?) [C:\Source\OASIS-master\Providers\Blockchain\TestProjects\NextGenSoftware.OASIS.API.Providers.CardanoOASIS.UnitTests\NextGenSoftware.OASIS.API.Providers.CardanoOASIS.UnitTests.csproj]
C:\Source\OASIS-master\Providers\Blockchain\TestProjects\NextGenSoftware.OASIS.API.Providers.CosmosBlockChainOASIS.TestHarness\CosmosBlockChainOASISTestHarness.cs(64,37): error CS1061: 'CosmosBlockChainOASIS' does not contain a definition for 'GetProviderVersion' and no accessible extension method 'GetProviderVersion' accepting a first argument of type 'CosmosBlockChainOASIS' could be found (are you missing a using directive or an assembly reference?) [C:\Source\OASIS-master\Providers\Blockchain\TestProjects\NextGenSoftware.OASIS.API.Providers.CosmosBlockChainOASIS.TestHarness\NextGenSoftware.OASIS.API.Providers.CosmosBlockChainOASIS.TestHarness.csproj]
C:\Source\OASIS-master\Providers\Blockchain\TestProjects\NextGenSoftware.OASIS.API.Providers.CosmosBlockChainOASIS.TestHarness\CosmosBlockChainOASISTestHarness.cs(67,42): error CS1061: 'CosmosBlockChainOASIS' does not contain a definition for 'GetProviderType' and no accessible extension method 'GetProviderType' accepting a first argument of type 'CosmosBlockChainOASIS' could be found (are you missing a using directive or an assembly reference?) [C:\Source\OASIS-master\Providers\Blockchain\TestProjects\NextGenSoftware.OASIS.API.Providers.CosmosBlockChainOASIS.TestHarness\NextGenSoftware.OASIS.API.Providers.CosmosBlockChainOASIS.TestHarness.csproj]
C:\Source\OASIS-master\Providers\Blockchain\TestProjects\NextGenSoftware.OASIS.API.Providers.CosmosBlockChainOASIS.TestHarness\CosmosBlockChainOASISTestHarness.cs(70,38): error CS1061: 'CosmosBlockChainOASIS' does not contain a definition for 'GetProviderCategory' and no accessible extension method 'GetProviderCategory' accepting a first argument of type 'CosmosBlockChainOASIS' could be found (are you missing a using directive or an assembly reference?) [C:\Source\OASIS-master\Providers\Blockchain\TestProjects\NextGenSoftware.OASIS.API.Providers.CosmosBlockChainOASIS.TestHarness\NextGenSoftware.OASIS.API.Providers.CosmosBlockChainOASIS.TestHarness.csproj]
C:\Source\OASIS-master\Providers\Blockchain\TestProjects\NextGenSoftware.OASIS.API.Providers.CosmosBlockChainOASIS.TestHarness\CosmosBlockChainOASISTestHarness.cs(82,34): error CS0246: The type or namespace name 'Avatar' could not be found (are you missing a using directive or an assembly reference?) [C:\Source\OASIS-master\Providers\Blockchain\TestProjects\NextGenSoftware.OASIS.API.Providers.CosmosBlockChainOASIS.TestHarness\NextGenSoftware.OASIS.API.Providers.CosmosBlockChainOASIS.TestHarness.csproj]
C:\Source\OASIS-master\Providers\Blockchain\TestProjects\NextGenSoftware.OASIS.API.Providers.CosmosBlockChainOASIS.TestHarness\CosmosBlockChainOASISTestHarness.cs(111,33): error CS0246: The type or namespace name 'Holon' could not be found (are you missing a using directive or an assembly reference?) [C:\Source\OASIS-master\Providers\Blockchain\TestProjects\NextGenSoftware.OASIS.API.Providers.CosmosBlockChainOASIS.TestHarness\NextGenSoftware.OASIS.API.Providers.CosmosBlockChainOASIS.TestHarness.csproj]
C:\Source\OASIS-master\Providers\Blockchain\TestProjects\NextGenSoftware.OASIS.API.Providers.CosmosBlockChainOASIS.TestHarness\CosmosBlockChainOASISTestHarness.cs(138,36): error CS0246: The type or namespace name 'SearchParams' could not be found (are you missing a using directive or an assembly reference?) [C:\Source\OASIS-master\Providers\Blockchain\TestProjects\NextGenSoftware.OASIS.API.Providers.CosmosBlockChainOASIS.TestHarness\NextGenSoftware.OASIS.API.Providers.CosmosBlockChainOASIS.TestHarness.csproj]
C:\Source\OASIS-master\Providers\Blockchain\TestProjects\NextGenSoftware.OASIS.API.Providers.CosmosBlockChainOASIS.TestHarness\CosmosBlockChainOASISTestHarness.cs(141,30): error CS0103: The name 'SearchType' does not exist in the current context [C:\Source\OASIS-master\Providers\Blockchain\TestProjects\NextGenSoftware.OASIS.API.Providers.CosmosBlockChainOASIS.TestHarness\NextGenSoftware.OASIS.API.Providers.CosmosBlockChainOASIS.TestHarness.csproj]
C:\Source\OASIS-master\Providers\Blockchain\TestProjects\NextGenSoftware.OASIS.API.Providers.CosmosBlockChainOASIS.TestHarness\CosmosBlockChainOASISTestHarness.cs(145,54): error CS1061: 'CosmosBlockChainOASIS' does not contain a definition for 'SearchAvatarsAsync' and no accessible extension method 'SearchAvatarsAsync' accepting a first argument of type 'CosmosBlockChainOASIS' could be found (are you missing a using directive or an assembly reference?) [C:\Source\OASIS-master\Providers\Blockchain\TestProjects\NextGenSoftware.OASIS.API.Providers.CosmosBlockChainOASIS.TestHarness\NextGenSoftware.OASIS.API.Providers.CosmosBlockChainOASIS.TestHarness.csproj]
C:\Source\OASIS-master\Providers\Blockchain\TestProjects\NextGenSoftware.OASIS.API.Providers.AptosOASIS.UnitTests\AptosOASISProviderTests.cs(28,20): error CS0411: The type arguments for method 'Assert.AreEqual<T>(T?, T?)' cannot be inferred from the usage. Try specifying the type arguments explicitly. [C:\Source\OASIS-master\Providers\Blockchain\TestProjects\NextGenSoftware.OASIS.API.Providers.AptosOASIS.UnitTests\NextGenSoftware.OASIS.API.Providers.AptosOASIS.UnitTests.csproj]
C:\Source\OASIS-master\Providers\Blockchain\TestProjects\NextGenSoftware.OASIS.API.Providers.AptosOASIS.UnitTests\AptosOASISProviderTests.cs(38,20): error CS0411: The type arguments for method 'Assert.AreEqual<T>(T?, T?)' cannot be inferred from the usage. Try specifying the type arguments explicitly. [C:\Source\OASIS-master\Providers\Blockchain\TestProjects\NextGenSoftware.OASIS.API.Providers.AptosOASIS.UnitTests\NextGenSoftware.OASIS.API.Providers.AptosOASIS.UnitTests.csproj]
C:\Source\OASIS-master\Providers\Blockchain\TestProjects\NextGenSoftware.OASIS.API.Providers.AptosOASIS.UnitTests\AptosOASISProviderTests.cs(105,42): error CS1061: 'AptosOASIS' does not contain a definition for 'GetProviderVersion' and no accessible extension method 'GetProviderVersion' accepting a first argument of type 'AptosOASIS' could be found (are you missing a using directive or an assembly reference?) [C:\Source\OASIS-master\Providers\Blockchain\TestProjects\NextGenSoftware.OASIS.API.Providers.AptosOASIS.UnitTests\NextGenSoftware.OASIS.API.Providers.AptosOASIS.UnitTests.csproj]
C:\Source\OASIS-master\Providers\Blockchain\TestProjects\NextGenSoftware.OASIS.API.Providers.AptosOASIS.UnitTests\AptosOASISProviderTests.cs(116,47): error CS1061: 'AptosOASIS' does not contain a definition for 'GetProviderType' and no accessible extension method 'GetProviderType' accepting a first argument of type 'AptosOASIS' could be found (are you missing a using directive or an assembly reference?) [C:\Source\OASIS-master\Providers\Blockchain\TestProjects\NextGenSoftware.OASIS.API.Providers.AptosOASIS.UnitTests\NextGenSoftware.OASIS.API.Providers.AptosOASIS.UnitTests.csproj]
C:\Source\OASIS-master\Providers\Blockchain\TestProjects\NextGenSoftware.OASIS.API.Providers.AptosOASIS.UnitTests\AptosOASISProviderTests.cs(126,43): error CS1061: 'AptosOASIS' does not contain a definition for 'GetProviderCategory' and no accessible extension method 'GetProviderCategory' accepting a first argument of type 'AptosOASIS' could be found (are you missing a using directive or an assembly reference?) [C:\Source\OASIS-master\Providers\Blockchain\TestProjects\NextGenSoftware.OASIS.API.Providers.AptosOASIS.UnitTests\NextGenSoftware.OASIS.API.Providers.AptosOASIS.UnitTests.csproj]
C:\Source\OASIS-master\Providers\Storage\TestProjects\NextGenSoftware.OASIS.API.Providers.Neo4jOASIS2.TestHarness\Neo4jOASIS2TestHarness.cs(12,24): error CS0118: 'Neo4jOASIS2' is a namespace but is used like a type [C:\Source\OASIS-master\Providers\Storage\TestProjects\NextGenSoftware.OASIS.API.Providers.Neo4jOASIS2.TestHarness\NextGenSoftware.OASIS.API.Providers.Neo4jOASIS2.TestHarness.csproj]
C:\Source\OASIS-master\Providers\Blockchain\TestProjects\NextGenSoftware.OASIS.API.Providers.EOSIOOASIS.IntegrationTests\EOSIOOASISIntegrationTests.cs(19,29): error CS7036: There is no argument given that corresponds to the required parameter 'hostUri' of 'EOSIOOASIS.EOSIOOASIS(string, string, string, string)' [C:\Source\OASIS-master\Providers\Blockchain\TestProjects\NextGenSoftware.OASIS.API.Providers.EOSIOOASIS.IntegrationTests\NextGenSoftware.OASIS.API.Providers.EOSIOOASIS.IntegrationTests.csproj]
C:\Source\OASIS-master\Providers\Blockchain\TestProjects\NextGenSoftware.OASIS.API.Providers.EOSIOOASIS.IntegrationTests\EOSIOOASISIntegrationTests.cs(26,30): error CS0246: The type or namespace name 'Avatar' could not be found (are you missing a using directive or an assembly reference?) [C:\Source\OASIS-master\Providers\Blockchain\TestProjects\NextGenSoftware.OASIS.API.Providers.EOSIOOASIS.IntegrationTests\NextGenSoftware.OASIS.API.Providers.EOSIOOASIS.IntegrationTests.csproj]
C:\Source\OASIS-master\Providers\Blockchain\TestProjects\NextGenSoftware.OASIS.API.Providers.EOSIOOASIS.IntegrationTests\EOSIOOASISIntegrationTests.cs(62,29): error CS0246: The type or namespace name 'Holon' could not be found (are you missing a using directive or an assembly reference?) [C:\Source\OASIS-master\Providers\Blockchain\TestProjects\NextGenSoftware.OASIS.API.Providers.EOSIOOASIS.IntegrationTests\NextGenSoftware.OASIS.API.Providers.EOSIOOASIS.IntegrationTests.csproj]
C:\Source\OASIS-master\Providers\Blockchain\TestProjects\NextGenSoftware.OASIS.API.Providers.EOSIOOASIS.IntegrationTests\EOSIOOASISIntegrationTests.cs(95,36): error CS0246: The type or namespace name 'SearchParams' could not be found (are you missing a using directive or an assembly reference?) [C:\Source\OASIS-master\Providers\Blockchain\TestProjects\NextGenSoftware.OASIS.API.Providers.EOSIOOASIS.IntegrationTests\NextGenSoftware.OASIS.API.Providers.EOSIOOASIS.IntegrationTests.csproj]
C:\Source\OASIS-master\Providers\Blockchain\TestProjects\NextGenSoftware.OASIS.API.Providers.EOSIOOASIS.IntegrationTests\EOSIOOASISIntegrationTests.cs(98,30): error CS0103: The name 'SearchType' does not exist in the current context [C:\Source\OASIS-master\Providers\Blockchain\TestProjects\NextGenSoftware.OASIS.API.Providers.EOSIOOASIS.IntegrationTests\NextGenSoftware.OASIS.API.Providers.EOSIOOASIS.IntegrationTests.csproj]
C:\Source\OASIS-master\Providers\Blockchain\TestProjects\NextGenSoftware.OASIS.API.Providers.EOSIOOASIS.IntegrationTests\EOSIOOASISIntegrationTests.cs(102,42): error CS1061: 'EOSIOOASIS' does not contain a definition for 'SearchAvatarsAsync' and no accessible extension method 'SearchAvatarsAsync' accepting a first argument of type 'EOSIOOASIS' could be found (are you missing a using directive or an assembly reference?) [C:\Source\OASIS-master\Providers\Blockchain\TestProjects\NextGenSoftware.OASIS.API.Providers.EOSIOOASIS.IntegrationTests\NextGenSoftware.OASIS.API.Providers.EOSIOOASIS.IntegrationTests.csproj]
C:\Source\OASIS-master\Providers\Blockchain\TestProjects\NextGenSoftware.OASIS.API.Providers.EOSIOOASIS.IntegrationTests\EOSIOOASISIntegrationTests.cs(114,36): error CS0246: The type or namespace name 'SearchParams' could not be found (are you missing a using directive or an assembly reference?) [C:\Source\OASIS-master\Providers\Blockchain\TestProjects\NextGenSoftware.OASIS.API.Providers.EOSIOOASIS.IntegrationTests\NextGenSoftware.OASIS.API.Providers.EOSIOOASIS.IntegrationTests.csproj]
C:\Source\OASIS-master\Providers\Blockchain\TestProjects\NextGenSoftware.OASIS.API.Providers.EOSIOOASIS.IntegrationTests\EOSIOOASISIntegrationTests.cs(117,30): error CS0103: The name 'SearchType' does not exist in the current context [C:\Source\OASIS-master\Providers\Blockchain\TestProjects\NextGenSoftware.OASIS.API.Providers.EOSIOOASIS.IntegrationTests\NextGenSoftware.OASIS.API.Providers.EOSIOOASIS.IntegrationTests.csproj]
C:\Source\OASIS-master\Providers\Blockchain\TestProjects\NextGenSoftware.OASIS.API.Providers.EOSIOOASIS.IntegrationTests\EOSIOOASISIntegrationTests.cs(121,42): error CS1061: 'EOSIOOASIS' does not contain a definition for 'SearchHolonsAsync' and no accessible extension method 'SearchHolonsAsync' accepting a first argument of type 'EOSIOOASIS' could be found (are you missing a using directive or an assembly reference?) [C:\Source\OASIS-master\Providers\Blockchain\TestProjects\NextGenSoftware.OASIS.API.Providers.EOSIOOASIS.IntegrationTests\NextGenSoftware.OASIS.API.Providers.EOSIOOASIS.IntegrationTests.csproj]
C:\Source\OASIS-master\Providers\Storage\TestProjects\NextGenSoftware.OASIS.API.Providers.Neo4jOASIS2.UnitTests\Neo4jOASIS2UnitTests.cs(13,17): error CS0118: 'Neo4jOASIS2' is a namespace but is used like a type [C:\Source\OASIS-master\Providers\Storage\TestProjects\NextGenSoftware.OASIS.API.Providers.Neo4jOASIS2.UnitTests\NextGenSoftware.OASIS.API.Providers.Neo4jOASIS2.UnitTests.csproj]
C:\Source\OASIS-master\Providers\Storage\TestProjects\NextGenSoftware.OASIS.API.Providers.Neo4jOASIS2.IntegrationTests\Neo4jOASIS2IntegrationTests.cs(14,17): error CS0118: 'Neo4jOASIS2' is a namespace but is used like a type [C:\Source\OASIS-master\Providers\Storage\TestProjects\NextGenSoftware.OASIS.API.Providers.Neo4jOASIS2.IntegrationTests\NextGenSoftware.OASIS.API.Providers.Neo4jOASIS2.IntegrationTests.csproj]
C:\Source\OASIS-master\Providers\Blockchain\TestProjects\NextGenSoftware.OASIS.API.Providers.EOSIOOASIS.UnitTests\EOSIOOASISUnitTests.cs(18,29): error CS7036: There is no argument given that corresponds to the required parameter 'hostUri' of 'EOSIOOASIS.EOSIOOASIS(string, string, string, string)' [C:\Source\OASIS-master\Providers\Blockchain\TestProjects\NextGenSoftware.OASIS.API.Providers.EOSIOOASIS.UnitTests\NextGenSoftware.OASIS.API.Providers.EOSIOOASIS.UnitTests.csproj]
C:\Source\OASIS-master\Providers\Blockchain\TestProjects\NextGenSoftware.OASIS.API.Providers.EOSIOOASIS.UnitTests\EOSIOOASISUnitTests.cs(28,20): error CS0411: The type arguments for method 'Assert.AreEqual<T>(T?, T?)' cannot be inferred from the usage. Try specifying the type arguments explicitly. [C:\Source\OASIS-master\Providers\Blockchain\TestProjects\NextGenSoftware.OASIS.API.Providers.EOSIOOASIS.UnitTests\NextGenSoftware.OASIS.API.Providers.EOSIOOASIS.UnitTests.csproj]
C:\Source\OASIS-master\Providers\Blockchain\TestProjects\NextGenSoftware.OASIS.API.Providers.EOSIOOASIS.UnitTests\EOSIOOASISUnitTests.cs(95,37): error CS1061: 'EOSIOOASIS' does not contain a definition for 'GetProviderVersion' and no accessible extension method 'GetProviderVersion' accepting a first argument of type 'EOSIOOASIS' could be found (are you missing a using directive or an assembly reference?) [C:\Source\OASIS-master\Providers\Blockchain\TestProjects\NextGenSoftware.OASIS.API.Providers.EOSIOOASIS.UnitTests\NextGenSoftware.OASIS.API.Providers.EOSIOOASIS.UnitTests.csproj]
C:\Source\OASIS-master\Providers\Blockchain\TestProjects\NextGenSoftware.OASIS.API.Providers.MoralisDBOASIS.TestHarness\MoralisDBOASISTestHarness.cs(2,33): error CS0234: The type or namespace name 'Core' does not exist in the namespace 'NextGenSoftware.OASIS.API' (are you missing an assembly reference?) [C:\Source\OASIS-master\Providers\Blockchain\TestProjects\NextGenSoftware.OASIS.API.Providers.MoralisDBOASIS.TestHarness\NextGenSoftware.OASIS.API.Providers.MoralisDBOASIS.TestHarness.csproj]
C:\Source\OASIS-master\Providers\Blockchain\TestProjects\NextGenSoftware.OASIS.API.Providers.MoralisDBOASIS.TestHarness\MoralisDBOASISTestHarness.cs(3,33): error CS0234: The type or namespace name 'Core' does not exist in the namespace 'NextGenSoftware.OASIS.API' (are you missing an assembly reference?) [C:\Source\OASIS-master\Providers\Blockchain\TestProjects\NextGenSoftware.OASIS.API.Providers.MoralisDBOASIS.TestHarness\NextGenSoftware.OASIS.API.Providers.MoralisDBOASIS.TestHarness.csproj]
C:\Source\OASIS-master\Providers\Blockchain\TestProjects\NextGenSoftware.OASIS.API.Providers.MoralisDBOASIS.TestHarness\MoralisDBOASISTestHarness.cs(4,33): error CS0234: The type or namespace name 'Core' does not exist in the namespace 'NextGenSoftware.OASIS.API' (are you missing an assembly reference?) [C:\Source\OASIS-master\Providers\Blockchain\TestProjects\NextGenSoftware.OASIS.API.Providers.MoralisDBOASIS.TestHarness\NextGenSoftware.OASIS.API.Providers.MoralisDBOASIS.TestHarness.csproj]
C:\Source\OASIS-master\Providers\Blockchain\TestProjects\NextGenSoftware.OASIS.API.Providers.MoralisDBOASIS.TestHarness\MoralisDBOASISTestHarness.cs(12,24): error CS0118: 'MoralisDBOASIS' is a namespace but is used like a type [C:\Source\OASIS-master\Providers\Blockchain\TestProjects\NextGenSoftware.OASIS.API.Providers.MoralisDBOASIS.TestHarness\NextGenSoftware.OASIS.API.Providers.MoralisDBOASIS.TestHarness.csproj]
C:\Source\OASIS-master\Providers\Blockchain\TestProjects\NextGenSoftware.OASIS.API.Providers.MoralisDBOASIS.IntegrationTests\MoralisDBOASISIntegrationTests.cs(3,33): error CS0234: The type or namespace name 'Core' does not exist in the namespace 'NextGenSoftware.OASIS.API' (are you missing an assembly reference?) [C:\Source\OASIS-master\Providers\Blockchain\TestProjects\NextGenSoftware.OASIS.API.Providers.MoralisDBOASIS.IntegrationTests\NextGenSoftware.OASIS.API.Providers.MoralisDBOASIS.IntegrationTests.csproj]
C:\Source\OASIS-master\Providers\Blockchain\TestProjects\NextGenSoftware.OASIS.API.Providers.MoralisDBOASIS.IntegrationTests\MoralisDBOASISIntegrationTests.cs(4,33): error CS0234: The type or namespace name 'Core' does not exist in the namespace 'NextGenSoftware.OASIS.API' (are you missing an assembly reference?) [C:\Source\OASIS-master\Providers\Blockchain\TestProjects\NextGenSoftware.OASIS.API.Providers.MoralisDBOASIS.IntegrationTests\NextGenSoftware.OASIS.API.Providers.MoralisDBOASIS.IntegrationTests.csproj]
C:\Source\OASIS-master\Providers\Blockchain\TestProjects\NextGenSoftware.OASIS.API.Providers.MoralisDBOASIS.IntegrationTests\MoralisDBOASISIntegrationTests.cs(5,33): error CS0234: The type or namespace name 'Core' does not exist in the namespace 'NextGenSoftware.OASIS.API' (are you missing an assembly reference?) [C:\Source\OASIS-master\Providers\Blockchain\TestProjects\NextGenSoftware.OASIS.API.Providers.MoralisDBOASIS.IntegrationTests\NextGenSoftware.OASIS.API.Providers.MoralisDBOASIS.IntegrationTests.csproj]
C:\Source\OASIS-master\Providers\Blockchain\TestProjects\NextGenSoftware.OASIS.API.Providers.MoralisDBOASIS.IntegrationTests\MoralisDBOASISIntegrationTests.cs(14,17): error CS0118: 'MoralisDBOASIS' is a namespace but is used like a type [C:\Source\OASIS-master\Providers\Blockchain\TestProjects\NextGenSoftware.OASIS.API.Providers.MoralisDBOASIS.IntegrationTests\NextGenSoftware.OASIS.API.Providers.MoralisDBOASIS.IntegrationTests.csproj]
C:\Source\OASIS-master\Providers\Blockchain\TestProjects\NextGenSoftware.OASIS.API.Providers.CosmosBlockChainOASIS.IntegrationTests\CosmosBlockChainOASISIntegrationTests.cs(26,30): error CS0246: The type or namespace name 'Avatar' could not be found (are you missing a using directive or an assembly reference?) [C:\Source\OASIS-master\Providers\Blockchain\TestProjects\NextGenSoftware.OASIS.API.Providers.CosmosBlockChainOASIS.IntegrationTests\NextGenSoftware.OASIS.API.Providers.CosmosBlockChainOASIS.IntegrationTests.csproj]
C:\Source\OASIS-master\Providers\Blockchain\TestProjects\NextGenSoftware.OASIS.API.Providers.CosmosBlockChainOASIS.IntegrationTests\CosmosBlockChainOASISIntegrationTests.cs(62,29): error CS0246: The type or namespace name 'Holon' could not be found (are you missing a using directive or an assembly reference?) [C:\Source\OASIS-master\Providers\Blockchain\TestProjects\NextGenSoftware.OASIS.API.Providers.CosmosBlockChainOASIS.IntegrationTests\NextGenSoftware.OASIS.API.Providers.CosmosBlockChainOASIS.IntegrationTests.csproj]
C:\Source\OASIS-master\Providers\Blockchain\TestProjects\NextGenSoftware.OASIS.API.Providers.CosmosBlockChainOASIS.IntegrationTests\CosmosBlockChainOASISIntegrationTests.cs(95,36): error CS0246: The type or namespace name 'SearchParams' could not be found (are you missing a using directive or an assembly reference?) [C:\Source\OASIS-master\Providers\Blockchain\TestProjects\NextGenSoftware.OASIS.API.Providers.CosmosBlockChainOASIS.IntegrationTests\NextGenSoftware.OASIS.API.Providers.CosmosBlockChainOASIS.IntegrationTests.csproj]
C:\Source\OASIS-master\Providers\Blockchain\TestProjects\NextGenSoftware.OASIS.API.Providers.CosmosBlockChainOASIS.IntegrationTests\CosmosBlockChainOASISIntegrationTests.cs(98,30): error CS0103: The name 'SearchType' does not exist in the current context [C:\Source\OASIS-master\Providers\Blockchain\TestProjects\NextGenSoftware.OASIS.API.Providers.CosmosBlockChainOASIS.IntegrationTests\NextGenSoftware.OASIS.API.Providers.CosmosBlockChainOASIS.IntegrationTests.csproj]
C:\Source\OASIS-master\Providers\Blockchain\TestProjects\NextGenSoftware.OASIS.API.Providers.CosmosBlockChainOASIS.IntegrationTests\CosmosBlockChainOASISIntegrationTests.cs(102,42): error CS1061: 'CosmosBlockChainOASIS' does not contain a definition for 'SearchAvatarsAsync' and no accessible extension method 'SearchAvatarsAsync' accepting a first argument of type 'CosmosBlockChainOASIS' could be found (are you missing a using directive or an assembly reference?) [C:\Source\OASIS-master\Providers\Blockchain\TestProjects\NextGenSoftware.OASIS.API.Providers.CosmosBlockChainOASIS.IntegrationTests\NextGenSoftware.OASIS.API.Providers.CosmosBlockChainOASIS.IntegrationTests.csproj]
C:\Source\OASIS-master\Providers\Blockchain\TestProjects\NextGenSoftware.OASIS.API.Providers.CosmosBlockChainOASIS.IntegrationTests\CosmosBlockChainOASISIntegrationTests.cs(114,36): error CS0246: The type or namespace name 'SearchParams' could not be found (are you missing a using directive or an assembly reference?) [C:\Source\OASIS-master\Providers\Blockchain\TestProjects\NextGenSoftware.OASIS.API.Providers.CosmosBlockChainOASIS.IntegrationTests\NextGenSoftware.OASIS.API.Providers.CosmosBlockChainOASIS.IntegrationTests.csproj]
C:\Source\OASIS-master\Providers\Blockchain\TestProjects\NextGenSoftware.OASIS.API.Providers.CosmosBlockChainOASIS.IntegrationTests\CosmosBlockChainOASISIntegrationTests.cs(117,30): error CS0103: The name 'SearchType' does not exist in the current context [C:\Source\OASIS-master\Providers\Blockchain\TestProjects\NextGenSoftware.OASIS.API.Providers.CosmosBlockChainOASIS.IntegrationTests\NextGenSoftware.OASIS.API.Providers.CosmosBlockChainOASIS.IntegrationTests.csproj]
C:\Source\OASIS-master\Providers\Blockchain\TestProjects\NextGenSoftware.OASIS.API.Providers.CosmosBlockChainOASIS.IntegrationTests\CosmosBlockChainOASISIntegrationTests.cs(121,42): error CS1061: 'CosmosBlockChainOASIS' does not contain a definition for 'SearchHolonsAsync' and no accessible extension method 'SearchHolonsAsync' accepting a first argument of type 'CosmosBlockChainOASIS' could be found (are you missing a using directive or an assembly reference?) [C:\Source\OASIS-master\Providers\Blockchain\TestProjects\NextGenSoftware.OASIS.API.Providers.CosmosBlockChainOASIS.IntegrationTests\NextGenSoftware.OASIS.API.Providers.CosmosBlockChainOASIS.IntegrationTests.csproj]
C:\Source\OASIS-master\Providers\Blockchain\TestProjects\NextGenSoftware.OASIS.API.Providers.MoralisDBOASIS.UnitTests\MoralisDBOASISUnitTests.cs(3,33): error CS0234: The type or namespace name 'Core' does not exist in the namespace 'NextGenSoftware.OASIS.API' (are you missing an assembly reference?) [C:\Source\OASIS-master\Providers\Blockchain\TestProjects\NextGenSoftware.OASIS.API.Providers.MoralisDBOASIS.UnitTests\NextGenSoftware.OASIS.API.Providers.MoralisDBOASIS.UnitTests.csproj]
C:\Source\OASIS-master\Providers\Blockchain\TestProjects\NextGenSoftware.OASIS.API.Providers.MoralisDBOASIS.UnitTests\MoralisDBOASISUnitTests.cs(4,33): error CS0234: The type or namespace name 'Core' does not exist in the namespace 'NextGenSoftware.OASIS.API' (are you missing an assembly reference?) [C:\Source\OASIS-master\Providers\Blockchain\TestProjects\NextGenSoftware.OASIS.API.Providers.MoralisDBOASIS.UnitTests\NextGenSoftware.OASIS.API.Providers.MoralisDBOASIS.UnitTests.csproj]
C:\Source\OASIS-master\Providers\Blockchain\TestProjects\NextGenSoftware.OASIS.API.Providers.MoralisDBOASIS.UnitTests\MoralisDBOASISUnitTests.cs(5,33): error CS0234: The type or namespace name 'Core' does not exist in the namespace 'NextGenSoftware.OASIS.API' (are you missing an assembly reference?) [C:\Source\OASIS-master\Providers\Blockchain\TestProjects\NextGenSoftware.OASIS.API.Providers.MoralisDBOASIS.UnitTests\NextGenSoftware.OASIS.API.Providers.MoralisDBOASIS.UnitTests.csproj]
C:\Source\OASIS-master\Providers\Blockchain\TestProjects\NextGenSoftware.OASIS.API.Providers.MoralisDBOASIS.UnitTests\MoralisDBOASISUnitTests.cs(13,17): error CS0118: 'MoralisDBOASIS' is a namespace but is used like a type [C:\Source\OASIS-master\Providers\Blockchain\TestProjects\NextGenSoftware.OASIS.API.Providers.MoralisDBOASIS.UnitTests\NextGenSoftware.OASIS.API.Providers.MoralisDBOASIS.UnitTests.csproj]
C:\Source\OASIS-master\Providers\Blockchain\TestProjects\NextGenSoftware.OASIS.API.Providers.CosmosBlockChainOASIS.UnitTests\CosmosBlockChainOASISUnitTests.cs(28,20): error CS0411: The type arguments for method 'Assert.AreEqual<T>(T?, T?)' cannot be inferred from the usage. Try specifying the type arguments explicitly. [C:\Source\OASIS-master\Providers\Blockchain\TestProjects\NextGenSoftware.OASIS.API.Providers.CosmosBlockChainOASIS.UnitTests\NextGenSoftware.OASIS.API.Providers.CosmosBlockChainOASIS.UnitTests.csproj]
C:\Source\OASIS-master\Providers\Blockchain\TestProjects\NextGenSoftware.OASIS.API.Providers.CosmosBlockChainOASIS.UnitTests\CosmosBlockChainOASISUnitTests.cs(95,37): error CS1061: 'CosmosBlockChainOASIS' does not contain a definition for 'GetProviderVersion' and no accessible extension method 'GetProviderVersion' accepting a first argument of type 'CosmosBlockChainOASIS' could be found (are you missing a using directive or an assembly reference?) [C:\Source\OASIS-master\Providers\Blockchain\TestProjects\NextGenSoftware.OASIS.API.Providers.CosmosBlockChainOASIS.UnitTests\NextGenSoftware.OASIS.API.Providers.CosmosBlockChainOASIS.UnitTests.csproj]
C:\Source\OASIS-master\Providers\Storage\TestProjects\NextGenSoftware.OASIS.API.Providers.SQLLiteDBOASIS.UnitTests\SQLLiteDBOASISUnitTests.cs(18,29): error CS7036: There is no argument given that corresponds to the required parameter 'connectionString' of 'SQLLiteDBOASIS.SQLLiteDBOASIS(string)' [C:\Source\OASIS-master\Providers\Storage\TestProjects\NextGenSoftware.OASIS.API.Providers.SQLLiteDBOASIS.UnitTests\NextGenSoftware.OASIS.API.Providers.SQLLiteDBOASIS.UnitTests.csproj]
C:\Source\OASIS-master\Providers\Storage\TestProjects\NextGenSoftware.OASIS.API.Providers.SQLLiteDBOASIS.UnitTests\SQLLiteDBOASISTests.cs(17,29): error CS7036: There is no argument given that corresponds to the required parameter 'connectionString' of 'SQLLiteDBOASIS.SQLLiteDBOASIS(string)' [C:\Source\OASIS-master\Providers\Storage\TestProjects\NextGenSoftware.OASIS.API.Providers.SQLLiteDBOASIS.UnitTests\NextGenSoftware.OASIS.API.Providers.SQLLiteDBOASIS.UnitTests.csproj]
C:\Source\OASIS-master\Providers\Storage\TestProjects\NextGenSoftware.OASIS.API.Providers.SQLLiteDBOASIS.UnitTests\SQLLiteDBOASISTests.cs(27,34): error CS1061: 'OASISResult<bool>' does not contain a definition for 'IsSuccess' and no accessible extension method 'IsSuccess' accepting a first argument of type 'OASISResult<bool>' could be found (are you missing a using directive or an assembly reference?) [C:\Source\OASIS-master\Providers\Storage\TestProjects\NextGenSoftware.OASIS.API.Providers.SQLLiteDBOASIS.UnitTests\NextGenSoftware.OASIS.API.Providers.SQLLiteDBOASIS.UnitTests.csproj]
C:\Source\OASIS-master\Providers\Storage\TestProjects\NextGenSoftware.OASIS.API.Providers.SQLLiteDBOASIS.UnitTests\SQLLiteDBOASISTests.cs(37,34): error CS1061: 'OASISResult<bool>' does not contain a definition for 'IsSuccess' and no accessible extension method 'IsSuccess' accepting a first argument of type 'OASISResult<bool>' could be found (are you missing a using directive or an assembly reference?) [C:\Source\OASIS-master\Providers\Storage\TestProjects\NextGenSoftware.OASIS.API.Providers.SQLLiteDBOASIS.UnitTests\NextGenSoftware.OASIS.API.Providers.SQLLiteDBOASIS.UnitTests.csproj]
C:\Source\OASIS-master\Providers\Storage\TestProjects\NextGenSoftware.OASIS.API.Providers.SQLLiteDBOASIS.UnitTests\SQLLiteDBOASISUnitTests.cs(28,20): error CS0411: The type arguments for method 'Assert.AreEqual<T>(T?, T?)' cannot be inferred from the usage. Try specifying the type arguments explicitly. [C:\Source\OASIS-master\Providers\Storage\TestProjects\NextGenSoftware.OASIS.API.Providers.SQLLiteDBOASIS.UnitTests\NextGenSoftware.OASIS.API.Providers.SQLLiteDBOASIS.UnitTests.csproj]
C:\Source\OASIS-master\Providers\Storage\TestProjects\NextGenSoftware.OASIS.API.Providers.SQLLiteDBOASIS.UnitTests\SQLLiteDBOASISTests.cs(44,30): error CS0246: The type or namespace name 'Avatar' could not be found (are you missing a using directive or an assembly reference?) [C:\Source\OASIS-master\Providers\Storage\TestProjects\NextGenSoftware.OASIS.API.Providers.SQLLiteDBOASIS.UnitTests\NextGenSoftware.OASIS.API.Providers.SQLLiteDBOASIS.UnitTests.csproj]
C:\Source\OASIS-master\Providers\Storage\TestProjects\NextGenSoftware.OASIS.API.Providers.SQLLiteDBOASIS.UnitTests\SQLLiteDBOASISTests.cs(67,35): error CS1061: 'OASISResult<IEnumerable<IAvatar>>' does not contain a definition for 'IsSuccess' and no accessible extension method 'IsSuccess' accepting a first argument of type 'OASISResult<IEnumerable<IAvatar>>' could be found (are you missing a using directive or an assembly reference?) [C:\Source\OASIS-master\Providers\Storage\TestProjects\NextGenSoftware.OASIS.API.Providers.SQLLiteDBOASIS.UnitTests\NextGenSoftware.OASIS.API.Providers.SQLLiteDBOASIS.UnitTests.csproj]
C:\Source\OASIS-master\Providers\Storage\TestProjects\NextGenSoftware.OASIS.API.Providers.SQLLiteDBOASIS.UnitTests\SQLLiteDBOASISTests.cs(78,35): error CS1061: 'OASISResult<IAvatar>' does not contain a definition for 'IsSuccess' and no accessible extension method 'IsSuccess' accepting a first argument of type 'OASISResult<IAvatar>' could be found (are you missing a using directive or an assembly reference?) [C:\Source\OASIS-master\Providers\Storage\TestProjects\NextGenSoftware.OASIS.API.Providers.SQLLiteDBOASIS.UnitTests\NextGenSoftware.OASIS.API.Providers.SQLLiteDBOASIS.UnitTests.csproj]
C:\Source\OASIS-master\Providers\Storage\TestProjects\NextGenSoftware.OASIS.API.Providers.SQLLiteDBOASIS.UnitTests\SQLLiteDBOASISUnitTests.cs(95,37): error CS1061: 'SQLLiteDBOASIS' does not contain a definition for 'GetProviderVersion' and no accessible extension method 'GetProviderVersion' accepting a first argument of type 'SQLLiteDBOASIS' could be found (are you missing a using directive or an assembly reference?) [C:\Source\OASIS-master\Providers\Storage\TestProjects\NextGenSoftware.OASIS.API.Providers.SQLLiteDBOASIS.UnitTests\NextGenSoftware.OASIS.API.Providers.SQLLiteDBOASIS.UnitTests.csproj]
C:\Source\OASIS-master\Providers\Storage\TestProjects\NextGenSoftware.OASIS.API.Providers.SQLLiteDBOASIS.UnitTests\SQLLiteDBOASISTests.cs(89,35): error CS1061: 'OASISResult<IAvatar>' does not contain a definition for 'IsSuccess' and no accessible extension method 'IsSuccess' accepting a first argument of type 'OASISResult<IAvatar>' could be found (are you missing a using directive or an assembly reference?) [C:\Source\OASIS-master\Providers\Storage\TestProjects\NextGenSoftware.OASIS.API.Providers.SQLLiteDBOASIS.UnitTests\NextGenSoftware.OASIS.API.Providers.SQLLiteDBOASIS.UnitTests.csproj]
C:\Source\OASIS-master\Providers\Storage\TestProjects\NextGenSoftware.OASIS.API.Providers.SQLLiteDBOASIS.UnitTests\SQLLiteDBOASISTests.cs(100,35): error CS1061: 'OASISResult<IAvatar>' does not contain a definition for 'IsSuccess' and no accessible extension method 'IsSuccess' accepting a first argument of type 'OASISResult<IAvatar>' could be found (are you missing a using directive or an assembly reference?) [C:\Source\OASIS-master\Providers\Storage\TestProjects\NextGenSoftware.OASIS.API.Providers.SQLLiteDBOASIS.UnitTests\NextGenSoftware.OASIS.API.Providers.SQLLiteDBOASIS.UnitTests.csproj]
C:\Source\OASIS-master\Providers\Storage\TestProjects\NextGenSoftware.OASIS.API.Providers.SQLLiteDBOASIS.UnitTests\SQLLiteDBOASISTests.cs(111,35): error CS1061: 'OASISResult<IAvatar>' does not contain a definition for 'IsSuccess' and no accessible extension method 'IsSuccess' accepting a first argument of type 'OASISResult<IAvatar>' could be found (are you missing a using directive or an assembly reference?) [C:\Source\OASIS-master\Providers\Storage\TestProjects\NextGenSoftware.OASIS.API.Providers.SQLLiteDBOASIS.UnitTests\NextGenSoftware.OASIS.API.Providers.SQLLiteDBOASIS.UnitTests.csproj]
C:\Source\OASIS-master\Providers\Storage\TestProjects\NextGenSoftware.OASIS.API.Providers.SQLLiteDBOASIS.UnitTests\SQLLiteDBOASISTests.cs(119,29): error CS0246: The type or namespace name 'Holon' could not be found (are you missing a using directive or an assembly reference?) [C:\Source\OASIS-master\Providers\Storage\TestProjects\NextGenSoftware.OASIS.API.Providers.SQLLiteDBOASIS.UnitTests\NextGenSoftware.OASIS.API.Providers.SQLLiteDBOASIS.UnitTests.csproj]
C:\Source\OASIS-master\Providers\Storage\TestProjects\NextGenSoftware.OASIS.API.Providers.SQLLiteDBOASIS.UnitTests\SQLLiteDBOASISTests.cs(140,35): error CS1061: 'OASISResult<IEnumerable<IHolon>>' does not contain a definition for 'IsSuccess' and no accessible extension method 'IsSuccess' accepting a first argument of type 'OASISResult<IEnumerable<IHolon>>' could be found (are you missing a using directive or an assembly reference?) [C:\Source\OASIS-master\Providers\Storage\TestProjects\NextGenSoftware.OASIS.API.Providers.SQLLiteDBOASIS.UnitTests\NextGenSoftware.OASIS.API.Providers.SQLLiteDBOASIS.UnitTests.csproj]
C:\Source\OASIS-master\Providers\Storage\TestProjects\NextGenSoftware.OASIS.API.Providers.SQLLiteDBOASIS.UnitTests\SQLLiteDBOASISTests.cs(151,35): error CS1061: 'OASISResult<IHolon>' does not contain a definition for 'IsSuccess' and no accessible extension method 'IsSuccess' accepting a first argument of type 'OASISResult<IHolon>' could be found (are you missing a using directive or an assembly reference?) [C:\Source\OASIS-master\Providers\Storage\TestProjects\NextGenSoftware.OASIS.API.Providers.SQLLiteDBOASIS.UnitTests\NextGenSoftware.OASIS.API.Providers.SQLLiteDBOASIS.UnitTests.csproj]
C:\Source\OASIS-master\Providers\Storage\TestProjects\NextGenSoftware.OASIS.API.Providers.SQLLiteDBOASIS.UnitTests\SQLLiteDBOASISTests.cs(162,35): error CS1061: 'OASISResult<IEnumerable<IHolon>>' does not contain a definition for 'IsSuccess' and no accessible extension method 'IsSuccess' accepting a first argument of type 'OASISResult<IEnumerable<IHolon>>' could be found (are you missing a using directive or an assembly reference?) [C:\Source\OASIS-master\Providers\Storage\TestProjects\NextGenSoftware.OASIS.API.Providers.SQLLiteDBOASIS.UnitTests\NextGenSoftware.OASIS.API.Providers.SQLLiteDBOASIS.UnitTests.csproj]
C:\Source\OASIS-master\Providers\Storage\TestProjects\NextGenSoftware.OASIS.API.Providers.SQLLiteDBOASIS.UnitTests\SQLLiteDBOASISTests.cs(173,35): error CS1061: 'OASISResult<IHolon>' does not contain a definition for 'IsSuccess' and no accessible extension method 'IsSuccess' accepting a first argument of type 'OASISResult<IHolon>' could be found (are you missing a using directive or an assembly reference?) [C:\Source\OASIS-master\Providers\Storage\TestProjects\NextGenSoftware.OASIS.API.Providers.SQLLiteDBOASIS.UnitTests\NextGenSoftware.OASIS.API.Providers.SQLLiteDBOASIS.UnitTests.csproj]
C:\Source\OASIS-master\Providers\Storage\TestProjects\NextGenSoftware.OASIS.API.Providers.SQLLiteDBOASIS.UnitTests\SQLLiteDBOASISTests.cs(181,36): error CS0246: The type or namespace name 'AvatarDetail' could not be found (are you missing a using directive or an assembly reference?) [C:\Source\OASIS-master\Providers\Storage\TestProjects\NextGenSoftware.OASIS.API.Providers.SQLLiteDBOASIS.UnitTests\NextGenSoftware.OASIS.API.Providers.SQLLiteDBOASIS.UnitTests.csproj]
C:\Source\OASIS-master\Providers\Storage\TestProjects\NextGenSoftware.OASIS.API.Providers.SQLLiteDBOASIS.UnitTests\SQLLiteDBOASISTests.cs(202,35): error CS1061: 'OASISResult<IAvatarDetail>' does not contain a definition for 'IsSuccess' and no accessible extension method 'IsSuccess' accepting a first argument of type 'OASISResult<IAvatarDetail>' could be found (are you missing a using directive or an assembly reference?) [C:\Source\OASIS-master\Providers\Storage\TestProjects\NextGenSoftware.OASIS.API.Providers.SQLLiteDBOASIS.UnitTests\NextGenSoftware.OASIS.API.Providers.SQLLiteDBOASIS.UnitTests.csproj]
C:\Source\OASIS-master\Providers\Storage\TestProjects\NextGenSoftware.OASIS.API.Providers.SQLLiteDBOASIS.UnitTests\SQLLiteDBOASISTests.cs(213,35): error CS1061: 'OASISResult<IAvatarDetail>' does not contain a definition for 'IsSuccess' and no accessible extension method 'IsSuccess' accepting a first argument of type 'OASISResult<IAvatarDetail>' could be found (are you missing a using directive or an assembly reference?) [C:\Source\OASIS-master\Providers\Storage\TestProjects\NextGenSoftware.OASIS.API.Providers.SQLLiteDBOASIS.UnitTests\NextGenSoftware.OASIS.API.Providers.SQLLiteDBOASIS.UnitTests.csproj]
C:\Source\OASIS-master\Providers\Storage\TestProjects\NextGenSoftware.OASIS.API.Providers.SQLLiteDBOASIS.UnitTests\SQLLiteDBOASISTests.cs(224,35): error CS1061: 'OASISResult<IAvatarDetail>' does not contain a definition for 'IsSuccess' and no accessible extension method 'IsSuccess' accepting a first argument of type 'OASISResult<IAvatarDetail>' could be found (are you missing a using directive or an assembly reference?) [C:\Source\OASIS-master\Providers\Storage\TestProjects\NextGenSoftware.OASIS.API.Providers.SQLLiteDBOASIS.UnitTests\NextGenSoftware.OASIS.API.Providers.SQLLiteDBOASIS.UnitTests.csproj]
C:\Source\OASIS-master\Providers\Storage\TestProjects\NextGenSoftware.OASIS.API.Providers.SQLLiteDBOASIS.UnitTests\SQLLiteDBOASISTests.cs(232,36): error CS1061: 'SQLLiteDBOASIS' does not contain a definition for 'GetPlayersNearMe' and no accessible extension method 'GetPlayersNearMe' accepting a first argument of type 'SQLLiteDBOASIS' could be found (are you missing a using directive or an assembly reference?) [C:\Source\OASIS-master\Providers\Storage\TestProjects\NextGenSoftware.OASIS.API.Providers.SQLLiteDBOASIS.UnitTests\NextGenSoftware.OASIS.API.Providers.SQLLiteDBOASIS.UnitTests.csproj]
C:\Source\OASIS-master\Providers\Storage\TestProjects\NextGenSoftware.OASIS.API.Providers.SQLLiteDBOASIS.UnitTests\SQLLiteDBOASISTests.cs(243,36): error CS7036: There is no argument given that corresponds to the required parameter 'geoLong' of 'SQLLiteDBOASIS.GetHolonsNearMe(long, long, int, HolonType)' [C:\Source\OASIS-master\Providers\Storage\TestProjects\NextGenSoftware.OASIS.API.Providers.SQLLiteDBOASIS.UnitTests\NextGenSoftware.OASIS.API.Providers.SQLLiteDBOASIS.UnitTests.csproj]
C:\Source\OASIS-master\Providers\Storage\TestProjects\NextGenSoftware.OASIS.API.Providers.SQLLiteDBOASIS.UnitTests\SQLLiteDBOASISTests.cs(246,35): error CS1061: 'OASISResult<IEnumerable<IHolon>>' does not contain a definition for 'IsSuccess' and no accessible extension method 'IsSuccess' accepting a first argument of type 'OASISResult<IEnumerable<IHolon>>' could be found (are you missing a using directive or an assembly reference?) [C:\Source\OASIS-master\Providers\Storage\TestProjects\NextGenSoftware.OASIS.API.Providers.SQLLiteDBOASIS.UnitTests\NextGenSoftware.OASIS.API.Providers.SQLLiteDBOASIS.UnitTests.csproj]
C:\Source\OASIS-master\Providers\Storage\TestProjects\NextGenSoftware.OASIS.API.Providers.SQLLiteDBOASIS.UnitTests\SQLLiteDBOASISTests.cs(254,35): error CS0246: The type or namespace name 'WalletTransactionRequest' could not be found (are you missing a using directive or an assembly reference?) [C:\Source\OASIS-master\Providers\Storage\TestProjects\NextGenSoftware.OASIS.API.Providers.SQLLiteDBOASIS.UnitTests\NextGenSoftware.OASIS.API.Providers.SQLLiteDBOASIS.UnitTests.csproj]
C:\Source\OASIS-master\Providers\Storage\TestProjects\NextGenSoftware.OASIS.API.Providers.SQLLiteDBOASIS.UnitTests\SQLLiteDBOASISTests.cs(257,42): error CS1061: 'SQLLiteDBOASIS' does not contain a definition for 'SendTransactionAsync' and no accessible extension method 'SendTransactionAsync' accepting a first argument of type 'SQLLiteDBOASIS' could be found (are you missing a using directive or an assembly reference?) [C:\Source\OASIS-master\Providers\Storage\TestProjects\NextGenSoftware.OASIS.API.Providers.SQLLiteDBOASIS.UnitTests\NextGenSoftware.OASIS.API.Providers.SQLLiteDBOASIS.UnitTests.csproj]
C:\Source\OASIS-master\Providers\Storage\TestProjects\NextGenSoftware.OASIS.API.Providers.SQLLiteDBOASIS.UnitTests\SQLLiteDBOASISTests.cs(268,38): error CS0246: The type or namespace name 'NFTWalletTransactionRequest' could not be found (are you missing a using directive or an assembly reference?) [C:\Source\OASIS-master\Providers\Storage\TestProjects\NextGenSoftware.OASIS.API.Providers.SQLLiteDBOASIS.UnitTests\NextGenSoftware.OASIS.API.Providers.SQLLiteDBOASIS.UnitTests.csproj]
C:\Source\OASIS-master\Providers\Storage\TestProjects\NextGenSoftware.OASIS.API.Providers.SQLLiteDBOASIS.UnitTests\SQLLiteDBOASISTests.cs(271,42): error CS1061: 'SQLLiteDBOASIS' does not contain a definition for 'SendNFTAsync' and no accessible extension method 'SendNFTAsync' accepting a first argument of type 'SQLLiteDBOASIS' could be found (are you missing a using directive or an assembly reference?) [C:\Source\OASIS-master\Providers\Storage\TestProjects\NextGenSoftware.OASIS.API.Providers.SQLLiteDBOASIS.UnitTests\NextGenSoftware.OASIS.API.Providers.SQLLiteDBOASIS.UnitTests.csproj]
C:\Source\OASIS-master\Providers\Storage\TestProjects\NextGenSoftware.OASIS.API.Providers.SQLLiteDBOASIS.UnitTests\SQLLiteDBOASISTests.cs(282,35): error CS0246: The type or namespace name 'MintNFTTransactionRequest' could not be found (are you missing a using directive or an assembly reference?) [C:\Source\OASIS-master\Providers\Storage\TestProjects\NextGenSoftware.OASIS.API.Providers.SQLLiteDBOASIS.UnitTests\NextGenSoftware.OASIS.API.Providers.SQLLiteDBOASIS.UnitTests.csproj]
C:\Source\OASIS-master\Providers\Storage\TestProjects\NextGenSoftware.OASIS.API.Providers.SQLLiteDBOASIS.UnitTests\SQLLiteDBOASISTests.cs(285,42): error CS1061: 'SQLLiteDBOASIS' does not contain a definition for 'MintNFTAsync' and no accessible extension method 'MintNFTAsync' accepting a first argument of type 'SQLLiteDBOASIS' could be found (are you missing a using directive or an assembly reference?) [C:\Source\OASIS-master\Providers\Storage\TestProjects\NextGenSoftware.OASIS.API.Providers.SQLLiteDBOASIS.UnitTests\NextGenSoftware.OASIS.API.Providers.SQLLiteDBOASIS.UnitTests.csproj]
C:\Source\OASIS-master\Providers\Storage\TestProjects\NextGenSoftware.OASIS.API.Providers.SQLLiteDBOASIS.UnitTests\SQLLiteDBOASISTests.cs(296,42): error CS1061: 'SQLLiteDBOASIS' does not contain a definition for 'LoadNFTAsync' and no accessible extension method 'LoadNFTAsync' accepting a first argument of type 'SQLLiteDBOASIS' could be found (are you missing a using directive or an assembly reference?) [C:\Source\OASIS-master\Providers\Storage\TestProjects\NextGenSoftware.OASIS.API.Providers.SQLLiteDBOASIS.UnitTests\NextGenSoftware.OASIS.API.Providers.SQLLiteDBOASIS.UnitTests.csproj]
C:\Source\OASIS-master\Providers\Storage\TestProjects\NextGenSoftware.OASIS.API.Providers.SQLLiteDBOASIS.UnitTests\SQLLiteDBOASISTests.cs(307,42): error CS1061: 'SQLLiteDBOASIS' does not contain a definition for 'LoadNFTAsync' and no accessible extension method 'LoadNFTAsync' accepting a first argument of type 'SQLLiteDBOASIS' could be found (are you missing a using directive or an assembly reference?) [C:\Source\OASIS-master\Providers\Storage\TestProjects\NextGenSoftware.OASIS.API.Providers.SQLLiteDBOASIS.UnitTests\NextGenSoftware.OASIS.API.Providers.SQLLiteDBOASIS.UnitTests.csproj]
C:\Source\OASIS-master\Providers\Storage\TestProjects\NextGenSoftware.OASIS.API.Providers.SQLLiteDBOASIS.UnitTests\SQLLiteDBOASISTests.cs(318,42): error CS1061: 'SQLLiteDBOASIS' does not contain a definition for 'LoadAllNFTsForAvatarAsync' and no accessible extension method 'LoadAllNFTsForAvatarAsync' accepting a first argument of type 'SQLLiteDBOASIS' could be found (are you missing a using directive or an assembly reference?) [C:\Source\OASIS-master\Providers\Storage\TestProjects\NextGenSoftware.OASIS.API.Providers.SQLLiteDBOASIS.UnitTests\NextGenSoftware.OASIS.API.Providers.SQLLiteDBOASIS.UnitTests.csproj]
C:\Source\OASIS-master\Providers\Storage\TestProjects\NextGenSoftware.OASIS.API.Providers.SQLLiteDBOASIS.UnitTests\SQLLiteDBOASISTests.cs(329,42): error CS1061: 'SQLLiteDBOASIS' does not contain a definition for 'LoadAllGeoNFTsForAvatarAsync' and no accessible extension method 'LoadAllGeoNFTsForAvatarAsync' accepting a first argument of type 'SQLLiteDBOASIS' could be found (are you missing a using directive or an assembly reference?) [C:\Source\OASIS-master\Providers\Storage\TestProjects\NextGenSoftware.OASIS.API.Providers.SQLLiteDBOASIS.UnitTests\NextGenSoftware.OASIS.API.Providers.SQLLiteDBOASIS.UnitTests.csproj]
C:\Source\OASIS-master\Providers\Storage\TestProjects\NextGenSoftware.OASIS.API.Providers.SQLLiteDBOASIS.UnitTests\SQLLiteDBOASISTests.cs(340,36): error CS0246: The type or namespace name 'PlaceGeoSpatialNFTRequest' could not be found (are you missing a using directive or an assembly reference?) [C:\Source\OASIS-master\Providers\Storage\TestProjects\NextGenSoftware.OASIS.API.Providers.SQLLiteDBOASIS.UnitTests\NextGenSoftware.OASIS.API.Providers.SQLLiteDBOASIS.UnitTests.csproj]
C:\Source\OASIS-master\Providers\Storage\TestProjects\NextGenSoftware.OASIS.API.Providers.SQLLiteDBOASIS.UnitTests\SQLLiteDBOASISTests.cs(343,42): error CS1061: 'SQLLiteDBOASIS' does not contain a definition for 'PlaceGeoNFTAsync' and no accessible extension method 'PlaceGeoNFTAsync' accepting a first argument of type 'SQLLiteDBOASIS' could be found (are you missing a using directive or an assembly reference?) [C:\Source\OASIS-master\Providers\Storage\TestProjects\NextGenSoftware.OASIS.API.Providers.SQLLiteDBOASIS.UnitTests\NextGenSoftware.OASIS.API.Providers.SQLLiteDBOASIS.UnitTests.csproj]
C:\Source\OASIS-master\Providers\Storage\TestProjects\NextGenSoftware.OASIS.API.Providers.SQLLiteDBOASIS.UnitTests\SQLLiteDBOASISTests.cs(354,43): error CS0246: The type or namespace name 'MintAndPlaceGeoSpatialNFTRequest' could not be found (are you missing a using directive or an assembly reference?) [C:\Source\OASIS-master\Providers\Storage\TestProjects\NextGenSoftware.OASIS.API.Providers.SQLLiteDBOASIS.UnitTests\NextGenSoftware.OASIS.API.Providers.SQLLiteDBOASIS.UnitTests.csproj]
C:\Source\OASIS-master\Providers\Storage\TestProjects\NextGenSoftware.OASIS.API.Providers.SQLLiteDBOASIS.UnitTests\SQLLiteDBOASISTests.cs(357,42): error CS1061: 'SQLLiteDBOASIS' does not contain a definition for 'MintAndPlaceGeoNFTAsync' and no accessible extension method 'MintAndPlaceGeoNFTAsync' accepting a first argument of type 'SQLLiteDBOASIS' could be found (are you missing a using directive or an assembly reference?) [C:\Source\OASIS-master\Providers\Storage\TestProjects\NextGenSoftware.OASIS.API.Providers.SQLLiteDBOASIS.UnitTests\NextGenSoftware.OASIS.API.Providers.SQLLiteDBOASIS.UnitTests.csproj]
C:\Source\OASIS-master\Providers\Storage\TestProjects\NextGenSoftware.OASIS.API.Providers.SQLLiteDBOASIS.UnitTests\SQLLiteDBOASISTests.cs(368,36): error CS0246: The type or namespace name 'SearchParams' could not be found (are you missing a using directive or an assembly reference?) [C:\Source\OASIS-master\Providers\Storage\TestProjects\NextGenSoftware.OASIS.API.Providers.SQLLiteDBOASIS.UnitTests\NextGenSoftware.OASIS.API.Providers.SQLLiteDBOASIS.UnitTests.csproj]
C:\Source\OASIS-master\Providers\Storage\TestProjects\NextGenSoftware.OASIS.API.Providers.SQLLiteDBOASIS.UnitTests\SQLLiteDBOASISTests.cs(374,35): error CS1061: 'OASISResult<ISearchResults>' does not contain a definition for 'IsSuccess' and no accessible extension method 'IsSuccess' accepting a first argument of type 'OASISResult<ISearchResults>' could be found (are you missing a using directive or an assembly reference?) [C:\Source\OASIS-master\Providers\Storage\TestProjects\NextGenSoftware.OASIS.API.Providers.SQLLiteDBOASIS.UnitTests\NextGenSoftware.OASIS.API.Providers.SQLLiteDBOASIS.UnitTests.csproj]
C:\Source\OASIS-master\Providers\Storage\TestProjects\NextGenSoftware.OASIS.API.Providers.SQLLiteDBOASIS.UnitTests\SQLLiteDBOASISTests.cs(388,35): error CS1061: 'OASISResult<bool>' does not contain a definition for 'IsSuccess' and no accessible extension method 'IsSuccess' accepting a first argument of type 'OASISResult<bool>' could be found (are you missing a using directive or an assembly reference?) [C:\Source\OASIS-master\Providers\Storage\TestProjects\NextGenSoftware.OASIS.API.Providers.SQLLiteDBOASIS.UnitTests\NextGenSoftware.OASIS.API.Providers.SQLLiteDBOASIS.UnitTests.csproj]
C:\Source\OASIS-master\Providers\Storage\TestProjects\NextGenSoftware.OASIS.API.Providers.SQLLiteDBOASIS.UnitTests\SQLLiteDBOASISTests.cs(399,35): error CS1061: 'OASISResult<IEnumerable<IHolon>>' does not contain a definition for 'IsSuccess' and no accessible extension method 'IsSuccess' accepting a first argument of type 'OASISResult<IEnumerable<IHolon>>' could be found (are you missing a using directive or an assembly reference?) [C:\Source\OASIS-master\Providers\Storage\TestProjects\NextGenSoftware.OASIS.API.Providers.SQLLiteDBOASIS.UnitTests\NextGenSoftware.OASIS.API.Providers.SQLLiteDBOASIS.UnitTests.csproj]
C:\Source\OASIS-master\Providers\Storage\TestProjects\NextGenSoftware.OASIS.API.Providers.SQLLiteDBOASIS.UnitTests\SQLLiteDBOASISTests.cs(410,35): error CS1061: 'OASISResult<IEnumerable<IHolon>>' does not contain a definition for 'IsSuccess' and no accessible extension method 'IsSuccess' accepting a first argument of type 'OASISResult<IEnumerable<IHolon>>' could be found (are you missing a using directive or an assembly reference?) [C:\Source\OASIS-master\Providers\Storage\TestProjects\NextGenSoftware.OASIS.API.Providers.SQLLiteDBOASIS.UnitTests\NextGenSoftware.OASIS.API.Providers.SQLLiteDBOASIS.UnitTests.csproj]
C:\Source\OASIS-master\Providers\Storage\TestProjects\NextGenSoftware.OASIS.API.Providers.SQLLiteDBOASIS.UnitTests\SQLLiteDBOASISTests.cs(421,35): error CS1061: 'OASISResult<IEnumerable<IHolon>>' does not contain a definition for 'IsSuccess' and no accessible extension method 'IsSuccess' accepting a first argument of type 'OASISResult<IEnumerable<IHolon>>' could be found (are you missing a using directive or an assembly reference?) [C:\Source\OASIS-master\Providers\Storage\TestProjects\NextGenSoftware.OASIS.API.Providers.SQLLiteDBOASIS.UnitTests\NextGenSoftware.OASIS.API.Providers.SQLLiteDBOASIS.UnitTests.csproj]
C:\Source\OASIS-master\Providers\Storage\TestProjects\NextGenSoftware.OASIS.API.Providers.SQLLiteDBOASIS.UnitTests\SQLLiteDBOASISTests.cs(432,35): error CS1061: 'OASISResult<IEnumerable<IHolon>>' does not contain a definition for 'IsSuccess' and no accessible extension method 'IsSuccess' accepting a first argument of type 'OASISResult<IEnumerable<IHolon>>' could be found (are you missing a using directive or an assembly reference?) [C:\Source\OASIS-master\Providers\Storage\TestProjects\NextGenSoftware.OASIS.API.Providers.SQLLiteDBOASIS.UnitTests\NextGenSoftware.OASIS.API.Providers.SQLLiteDBOASIS.UnitTests.csproj]
C:\Source\OASIS-master\Providers\Storage\TestProjects\NextGenSoftware.OASIS.API.Providers.SQLLiteDBOASIS.UnitTests\SQLLiteDBOASISTests.cs(440,20): error CS0411: The type arguments for method 'Assert.AreEqual<T>(T?, T?)' cannot be inferred from the usage. Try specifying the type arguments explicitly. [C:\Source\OASIS-master\Providers\Storage\TestProjects\NextGenSoftware.OASIS.API.Providers.SQLLiteDBOASIS.UnitTests\NextGenSoftware.OASIS.API.Providers.SQLLiteDBOASIS.UnitTests.csproj]
C:\Source\OASIS-master\Providers\Storage\TestProjects\NextGenSoftware.OASIS.API.Providers.SQLLiteDBOASIS.UnitTests\SQLLiteDBOASISTests.cs(447,20): error CS0411: The type arguments for method 'Assert.AreEqual<T>(T?, T?)' cannot be inferred from the usage. Try specifying the type arguments explicitly. [C:\Source\OASIS-master\Providers\Storage\TestProjects\NextGenSoftware.OASIS.API.Providers.SQLLiteDBOASIS.UnitTests\NextGenSoftware.OASIS.API.Providers.SQLLiteDBOASIS.UnitTests.csproj]
C:\Source\OASIS-master\Providers\Blockchain\TestProjects\NextGenSoftware.OASIS.API.Providers.HashgraphOASIS.TestHarness\HashgraphOASISTestHarness.cs(64,37): error CS1061: 'HashgraphOASIS' does not contain a definition for 'GetProviderVersion' and no accessible extension method 'GetProviderVersion' accepting a first argument of type 'HashgraphOASIS' could be found (are you missing a using directive or an assembly reference?) [C:\Source\OASIS-master\Providers\Blockchain\TestProjects\NextGenSoftware.OASIS.API.Providers.HashgraphOASIS.TestHarness\NextGenSoftware.OASIS.API.Providers.HashgraphOASIS.TestHarness.csproj]
C:\Source\OASIS-master\Providers\Blockchain\TestProjects\NextGenSoftware.OASIS.API.Providers.HashgraphOASIS.TestHarness\HashgraphOASISTestHarness.cs(67,42): error CS1061: 'HashgraphOASIS' does not contain a definition for 'GetProviderType' and no accessible extension method 'GetProviderType' accepting a first argument of type 'HashgraphOASIS' could be found (are you missing a using directive or an assembly reference?) [C:\Source\OASIS-master\Providers\Blockchain\TestProjects\NextGenSoftware.OASIS.API.Providers.HashgraphOASIS.TestHarness\NextGenSoftware.OASIS.API.Providers.HashgraphOASIS.TestHarness.csproj]
C:\Source\OASIS-master\Providers\Blockchain\TestProjects\NextGenSoftware.OASIS.API.Providers.HashgraphOASIS.TestHarness\HashgraphOASISTestHarness.cs(70,38): error CS1061: 'HashgraphOASIS' does not contain a definition for 'GetProviderCategory' and no accessible extension method 'GetProviderCategory' accepting a first argument of type 'HashgraphOASIS' could be found (are you missing a using directive or an assembly reference?) [C:\Source\OASIS-master\Providers\Blockchain\TestProjects\NextGenSoftware.OASIS.API.Providers.HashgraphOASIS.TestHarness\NextGenSoftware.OASIS.API.Providers.HashgraphOASIS.TestHarness.csproj]
C:\Source\OASIS-master\Providers\Blockchain\TestProjects\NextGenSoftware.OASIS.API.Providers.HashgraphOASIS.TestHarness\HashgraphOASISTestHarness.cs(82,34): error CS0246: The type or namespace name 'Avatar' could not be found (are you missing a using directive or an assembly reference?) [C:\Source\OASIS-master\Providers\Blockchain\TestProjects\NextGenSoftware.OASIS.API.Providers.HashgraphOASIS.TestHarness\NextGenSoftware.OASIS.API.Providers.HashgraphOASIS.TestHarness.csproj]
C:\Source\OASIS-master\Providers\Blockchain\TestProjects\NextGenSoftware.OASIS.API.Providers.HashgraphOASIS.TestHarness\HashgraphOASISTestHarness.cs(111,33): error CS0246: The type or namespace name 'Holon' could not be found (are you missing a using directive or an assembly reference?) [C:\Source\OASIS-master\Providers\Blockchain\TestProjects\NextGenSoftware.OASIS.API.Providers.HashgraphOASIS.TestHarness\NextGenSoftware.OASIS.API.Providers.HashgraphOASIS.TestHarness.csproj]
C:\Source\OASIS-master\Providers\Blockchain\TestProjects\NextGenSoftware.OASIS.API.Providers.HashgraphOASIS.TestHarness\HashgraphOASISTestHarness.cs(138,36): error CS0246: The type or namespace name 'SearchParams' could not be found (are you missing a using directive or an assembly reference?) [C:\Source\OASIS-master\Providers\Blockchain\TestProjects\NextGenSoftware.OASIS.API.Providers.HashgraphOASIS.TestHarness\NextGenSoftware.OASIS.API.Providers.HashgraphOASIS.TestHarness.csproj]
C:\Source\OASIS-master\Providers\Blockchain\TestProjects\NextGenSoftware.OASIS.API.Providers.HashgraphOASIS.TestHarness\HashgraphOASISTestHarness.cs(141,30): error CS0103: The name 'SearchType' does not exist in the current context [C:\Source\OASIS-master\Providers\Blockchain\TestProjects\NextGenSoftware.OASIS.API.Providers.HashgraphOASIS.TestHarness\NextGenSoftware.OASIS.API.Providers.HashgraphOASIS.TestHarness.csproj]
C:\Source\OASIS-master\Providers\Blockchain\TestProjects\NextGenSoftware.OASIS.API.Providers.HashgraphOASIS.TestHarness\HashgraphOASISTestHarness.cs(145,54): error CS1061: 'HashgraphOASIS' does not contain a definition for 'SearchAvatarsAsync' and no accessible extension method 'SearchAvatarsAsync' accepting a first argument of type 'HashgraphOASIS' could be found (are you missing a using directive or an assembly reference?) [C:\Source\OASIS-master\Providers\Blockchain\TestProjects\NextGenSoftware.OASIS.API.Providers.HashgraphOASIS.TestHarness\NextGenSoftware.OASIS.API.Providers.HashgraphOASIS.TestHarness.csproj]
C:\Source\OASIS-master\Providers\Blockchain\TestProjects\NextGenSoftware.OASIS.API.Providers.Web3CoreOASIS.IntegrationTests\Web3CoreOASISIntegrationTests.cs(19,29): error CS7036: There is no argument given that corresponds to the required parameter 'accountPrivateKey' of 'Web3CoreOASIS.Web3CoreOASIS(string, string, string, string)' [C:\Source\OASIS-master\Providers\Blockchain\TestProjects\NextGenSoftware.OASIS.API.Providers.Web3CoreOASIS.IntegrationTests\NextGenSoftware.OASIS.API.Providers.Web3CoreOASIS.IntegrationTests.csproj]
C:\Source\OASIS-master\Providers\Blockchain\TestProjects\NextGenSoftware.OASIS.API.Providers.Web3CoreOASIS.IntegrationTests\Web3CoreOASISIntegrationTests.cs(26,30): error CS0246: The type or namespace name 'Avatar' could not be found (are you missing a using directive or an assembly reference?) [C:\Source\OASIS-master\Providers\Blockchain\TestProjects\NextGenSoftware.OASIS.API.Providers.Web3CoreOASIS.IntegrationTests\NextGenSoftware.OASIS.API.Providers.Web3CoreOASIS.IntegrationTests.csproj]
C:\Source\OASIS-master\Providers\Blockchain\TestProjects\NextGenSoftware.OASIS.API.Providers.Web3CoreOASIS.IntegrationTests\Web3CoreOASISIntegrationTests.cs(36,42): error CS1061: 'Web3CoreOASIS' does not contain a definition for 'SaveAvatarAsync' and no accessible extension method 'SaveAvatarAsync' accepting a first argument of type 'Web3CoreOASIS' could be found (are you missing a using directive or an assembly reference?) [C:\Source\OASIS-master\Providers\Blockchain\TestProjects\NextGenSoftware.OASIS.API.Providers.Web3CoreOASIS.IntegrationTests\NextGenSoftware.OASIS.API.Providers.Web3CoreOASIS.IntegrationTests.csproj]
C:\Source\OASIS-master\Providers\Blockchain\TestProjects\NextGenSoftware.OASIS.API.Providers.Web3CoreOASIS.IntegrationTests\Web3CoreOASISIntegrationTests.cs(51,42): error CS1061: 'Web3CoreOASIS' does not contain a definition for 'LoadAvatarAsync' and no accessible extension method 'LoadAvatarAsync' accepting a first argument of type 'Web3CoreOASIS' could be found (are you missing a using directive or an assembly reference?) [C:\Source\OASIS-master\Providers\Blockchain\TestProjects\NextGenSoftware.OASIS.API.Providers.Web3CoreOASIS.IntegrationTests\NextGenSoftware.OASIS.API.Providers.Web3CoreOASIS.IntegrationTests.csproj]
C:\Source\OASIS-master\Providers\Blockchain\TestProjects\NextGenSoftware.OASIS.API.Providers.Web3CoreOASIS.IntegrationTests\Web3CoreOASISIntegrationTests.cs(62,29): error CS0246: The type or namespace name 'Holon' could not be found (are you missing a using directive or an assembly reference?) [C:\Source\OASIS-master\Providers\Blockchain\TestProjects\NextGenSoftware.OASIS.API.Providers.Web3CoreOASIS.IntegrationTests\NextGenSoftware.OASIS.API.Providers.Web3CoreOASIS.IntegrationTests.csproj]
C:\Source\OASIS-master\Providers\Blockchain\TestProjects\NextGenSoftware.OASIS.API.Providers.Web3CoreOASIS.IntegrationTests\Web3CoreOASISIntegrationTests.cs(70,42): error CS1061: 'Web3CoreOASIS' does not contain a definition for 'SaveHolonAsync' and no accessible extension method 'SaveHolonAsync' accepting a first argument of type 'Web3CoreOASIS' could be found (are you missing a using directive or an assembly reference?) [C:\Source\OASIS-master\Providers\Blockchain\TestProjects\NextGenSoftware.OASIS.API.Providers.Web3CoreOASIS.IntegrationTests\NextGenSoftware.OASIS.API.Providers.Web3CoreOASIS.IntegrationTests.csproj]
C:\Source\OASIS-master\Providers\Blockchain\TestProjects\NextGenSoftware.OASIS.API.Providers.Web3CoreOASIS.IntegrationTests\Web3CoreOASISIntegrationTests.cs(84,42): error CS1061: 'Web3CoreOASIS' does not contain a definition for 'LoadHolonAsync' and no accessible extension method 'LoadHolonAsync' accepting a first argument of type 'Web3CoreOASIS' could be found (are you missing a using directive or an assembly reference?) [C:\Source\OASIS-master\Providers\Blockchain\TestProjects\NextGenSoftware.OASIS.API.Providers.Web3CoreOASIS.IntegrationTests\NextGenSoftware.OASIS.API.Providers.Web3CoreOASIS.IntegrationTests.csproj]
C:\Source\OASIS-master\Providers\Blockchain\TestProjects\NextGenSoftware.OASIS.API.Providers.Web3CoreOASIS.IntegrationTests\Web3CoreOASISIntegrationTests.cs(95,36): error CS0246: The type or namespace name 'SearchParams' could not be found (are you missing a using directive or an assembly reference?) [C:\Source\OASIS-master\Providers\Blockchain\TestProjects\NextGenSoftware.OASIS.API.Providers.Web3CoreOASIS.IntegrationTests\NextGenSoftware.OASIS.API.Providers.Web3CoreOASIS.IntegrationTests.csproj]
C:\Source\OASIS-master\Providers\Blockchain\TestProjects\NextGenSoftware.OASIS.API.Providers.Web3CoreOASIS.IntegrationTests\Web3CoreOASISIntegrationTests.cs(98,30): error CS0103: The name 'SearchType' does not exist in the current context [C:\Source\OASIS-master\Providers\Blockchain\TestProjects\NextGenSoftware.OASIS.API.Providers.Web3CoreOASIS.IntegrationTests\NextGenSoftware.OASIS.API.Providers.Web3CoreOASIS.IntegrationTests.csproj]
C:\Source\OASIS-master\Providers\Blockchain\TestProjects\NextGenSoftware.OASIS.API.Providers.Web3CoreOASIS.IntegrationTests\Web3CoreOASISIntegrationTests.cs(102,42): error CS1061: 'Web3CoreOASIS' does not contain a definition for 'SearchAvatarsAsync' and no accessible extension method 'SearchAvatarsAsync' accepting a first argument of type 'Web3CoreOASIS' could be found (are you missing a using directive or an assembly reference?) [C:\Source\OASIS-master\Providers\Blockchain\TestProjects\NextGenSoftware.OASIS.API.Providers.Web3CoreOASIS.IntegrationTests\NextGenSoftware.OASIS.API.Providers.Web3CoreOASIS.IntegrationTests.csproj]
C:\Source\OASIS-master\Providers\Blockchain\TestProjects\NextGenSoftware.OASIS.API.Providers.Web3CoreOASIS.IntegrationTests\Web3CoreOASISIntegrationTests.cs(114,36): error CS0246: The type or namespace name 'SearchParams' could not be found (are you missing a using directive or an assembly reference?) [C:\Source\OASIS-master\Providers\Blockchain\TestProjects\NextGenSoftware.OASIS.API.Providers.Web3CoreOASIS.IntegrationTests\NextGenSoftware.OASIS.API.Providers.Web3CoreOASIS.IntegrationTests.csproj]
C:\Source\OASIS-master\Providers\Blockchain\TestProjects\NextGenSoftware.OASIS.API.Providers.Web3CoreOASIS.IntegrationTests\Web3CoreOASISIntegrationTests.cs(117,30): error CS0103: The name 'SearchType' does not exist in the current context [C:\Source\OASIS-master\Providers\Blockchain\TestProjects\NextGenSoftware.OASIS.API.Providers.Web3CoreOASIS.IntegrationTests\NextGenSoftware.OASIS.API.Providers.Web3CoreOASIS.IntegrationTests.csproj]
C:\Source\OASIS-master\Providers\Blockchain\TestProjects\NextGenSoftware.OASIS.API.Providers.Web3CoreOASIS.IntegrationTests\Web3CoreOASISIntegrationTests.cs(121,42): error CS1061: 'Web3CoreOASIS' does not contain a definition for 'SearchHolonsAsync' and no accessible extension method 'SearchHolonsAsync' accepting a first argument of type 'Web3CoreOASIS' could be found (are you missing a using directive or an assembly reference?) [C:\Source\OASIS-master\Providers\Blockchain\TestProjects\NextGenSoftware.OASIS.API.Providers.Web3CoreOASIS.IntegrationTests\NextGenSoftware.OASIS.API.Providers.Web3CoreOASIS.IntegrationTests.csproj]
C:\Source\OASIS-master\Providers\Blockchain\TestProjects\NextGenSoftware.OASIS.API.Providers.Web3CoreOASIS.IntegrationTests\Web3CoreOASISIntegrationTests.cs(132,48): error CS1061: 'Web3CoreOASIS' does not contain a definition for 'IsProviderActivated' and no accessible extension method 'IsProviderActivated' accepting a first argument of type 'Web3CoreOASIS' could be found (are you missing a using directive or an assembly reference?) [C:\Source\OASIS-master\Providers\Blockchain\TestProjects\NextGenSoftware.OASIS.API.Providers.Web3CoreOASIS.IntegrationTests\NextGenSoftware.OASIS.API.Providers.Web3CoreOASIS.IntegrationTests.csproj]
C:\Source\OASIS-master\Providers\Blockchain\TestProjects\NextGenSoftware.OASIS.API.Providers.Web3CoreOASIS.IntegrationTests\Web3CoreOASISIntegrationTests.cs(134,27): error CS1061: 'Web3CoreOASIS' does not contain a definition for 'DeActivateProvider' and no accessible extension method 'DeActivateProvider' accepting a first argument of type 'Web3CoreOASIS' could be found (are you missing a using directive or an assembly reference?) [C:\Source\OASIS-master\Providers\Blockchain\TestProjects\NextGenSoftware.OASIS.API.Providers.Web3CoreOASIS.IntegrationTests\NextGenSoftware.OASIS.API.Providers.Web3CoreOASIS.IntegrationTests.csproj]
C:\Source\OASIS-master\Providers\Blockchain\TestProjects\NextGenSoftware.OASIS.API.Providers.OptimismOASIS.IntegrationTests\OptimismOASISIntegrationTests.cs(26,30): error CS0246: The type or namespace name 'Avatar' could not be found (are you missing a using directive or an assembly reference?) [C:\Source\OASIS-master\Providers\Blockchain\TestProjects\NextGenSoftware.OASIS.API.Providers.OptimismOASIS.IntegrationTests\NextGenSoftware.OASIS.API.Providers.OptimismOASIS.IntegrationTests.csproj]
C:\Source\OASIS-master\Providers\Blockchain\TestProjects\NextGenSoftware.OASIS.API.Providers.OptimismOASIS.IntegrationTests\OptimismOASISIntegrationTests.cs(62,29): error CS0246: The type or namespace name 'Holon' could not be found (are you missing a using directive or an assembly reference?) [C:\Source\OASIS-master\Providers\Blockchain\TestProjects\NextGenSoftware.OASIS.API.Providers.OptimismOASIS.IntegrationTests\NextGenSoftware.OASIS.API.Providers.OptimismOASIS.IntegrationTests.csproj]
C:\Source\OASIS-master\Providers\Blockchain\TestProjects\NextGenSoftware.OASIS.API.Providers.OptimismOASIS.TestHarness\OptimismOASISTestHarness.cs(64,37): error CS1061: 'OptimismOASIS' does not contain a definition for 'GetProviderVersion' and no accessible extension method 'GetProviderVersion' accepting a first argument of type 'OptimismOASIS' could be found (are you missing a using directive or an assembly reference?) [C:\Source\OASIS-master\Providers\Blockchain\TestProjects\NextGenSoftware.OASIS.API.Providers.OptimismOASIS.TestHarness\NextGenSoftware.OASIS.API.Providers.OptimismOASIS.TestHarness.csproj]
C:\Source\OASIS-master\Providers\Blockchain\TestProjects\NextGenSoftware.OASIS.API.Providers.OptimismOASIS.IntegrationTests\OptimismOASISIntegrationTests.cs(95,36): error CS0246: The type or namespace name 'SearchParams' could not be found (are you missing a using directive or an assembly reference?) [C:\Source\OASIS-master\Providers\Blockchain\TestProjects\NextGenSoftware.OASIS.API.Providers.OptimismOASIS.IntegrationTests\NextGenSoftware.OASIS.API.Providers.OptimismOASIS.IntegrationTests.csproj]
C:\Source\OASIS-master\Providers\Blockchain\TestProjects\NextGenSoftware.OASIS.API.Providers.OptimismOASIS.TestHarness\OptimismOASISTestHarness.cs(67,42): error CS1061: 'OptimismOASIS' does not contain a definition for 'GetProviderType' and no accessible extension method 'GetProviderType' accepting a first argument of type 'OptimismOASIS' could be found (are you missing a using directive or an assembly reference?) [C:\Source\OASIS-master\Providers\Blockchain\TestProjects\NextGenSoftware.OASIS.API.Providers.OptimismOASIS.TestHarness\NextGenSoftware.OASIS.API.Providers.OptimismOASIS.TestHarness.csproj]
C:\Source\OASIS-master\Providers\Blockchain\TestProjects\NextGenSoftware.OASIS.API.Providers.OptimismOASIS.IntegrationTests\OptimismOASISIntegrationTests.cs(98,30): error CS0103: The name 'SearchType' does not exist in the current context [C:\Source\OASIS-master\Providers\Blockchain\TestProjects\NextGenSoftware.OASIS.API.Providers.OptimismOASIS.IntegrationTests\NextGenSoftware.OASIS.API.Providers.OptimismOASIS.IntegrationTests.csproj]
C:\Source\OASIS-master\Providers\Blockchain\TestProjects\NextGenSoftware.OASIS.API.Providers.OptimismOASIS.TestHarness\OptimismOASISTestHarness.cs(70,38): error CS1061: 'OptimismOASIS' does not contain a definition for 'GetProviderCategory' and no accessible extension method 'GetProviderCategory' accepting a first argument of type 'OptimismOASIS' could be found (are you missing a using directive or an assembly reference?) [C:\Source\OASIS-master\Providers\Blockchain\TestProjects\NextGenSoftware.OASIS.API.Providers.OptimismOASIS.TestHarness\NextGenSoftware.OASIS.API.Providers.OptimismOASIS.TestHarness.csproj]
C:\Source\OASIS-master\Providers\Blockchain\TestProjects\NextGenSoftware.OASIS.API.Providers.OptimismOASIS.IntegrationTests\OptimismOASISIntegrationTests.cs(102,42): error CS1061: 'OptimismOASIS' does not contain a definition for 'SearchAvatarsAsync' and no accessible extension method 'SearchAvatarsAsync' accepting a first argument of type 'OptimismOASIS' could be found (are you missing a using directive or an assembly reference?) [C:\Source\OASIS-master\Providers\Blockchain\TestProjects\NextGenSoftware.OASIS.API.Providers.OptimismOASIS.IntegrationTests\NextGenSoftware.OASIS.API.Providers.OptimismOASIS.IntegrationTests.csproj]
C:\Source\OASIS-master\Providers\Blockchain\TestProjects\NextGenSoftware.OASIS.API.Providers.OptimismOASIS.IntegrationTests\OptimismOASISIntegrationTests.cs(114,36): error CS0246: The type or namespace name 'SearchParams' could not be found (are you missing a using directive or an assembly reference?) [C:\Source\OASIS-master\Providers\Blockchain\TestProjects\NextGenSoftware.OASIS.API.Providers.OptimismOASIS.IntegrationTests\NextGenSoftware.OASIS.API.Providers.OptimismOASIS.IntegrationTests.csproj]
C:\Source\OASIS-master\Providers\Blockchain\TestProjects\NextGenSoftware.OASIS.API.Providers.OptimismOASIS.TestHarness\OptimismOASISTestHarness.cs(82,34): error CS0246: The type or namespace name 'Avatar' could not be found (are you missing a using directive or an assembly reference?) [C:\Source\OASIS-master\Providers\Blockchain\TestProjects\NextGenSoftware.OASIS.API.Providers.OptimismOASIS.TestHarness\NextGenSoftware.OASIS.API.Providers.OptimismOASIS.TestHarness.csproj]
C:\Source\OASIS-master\Providers\Blockchain\TestProjects\NextGenSoftware.OASIS.API.Providers.OptimismOASIS.IntegrationTests\OptimismOASISIntegrationTests.cs(117,30): error CS0103: The name 'SearchType' does not exist in the current context [C:\Source\OASIS-master\Providers\Blockchain\TestProjects\NextGenSoftware.OASIS.API.Providers.OptimismOASIS.IntegrationTests\NextGenSoftware.OASIS.API.Providers.OptimismOASIS.IntegrationTests.csproj]
C:\Source\OASIS-master\Providers\Blockchain\TestProjects\NextGenSoftware.OASIS.API.Providers.OptimismOASIS.TestHarness\OptimismOASISTestHarness.cs(111,33): error CS0246: The type or namespace name 'Holon' could not be found (are you missing a using directive or an assembly reference?) [C:\Source\OASIS-master\Providers\Blockchain\TestProjects\NextGenSoftware.OASIS.API.Providers.OptimismOASIS.TestHarness\NextGenSoftware.OASIS.API.Providers.OptimismOASIS.TestHarness.csproj]
C:\Source\OASIS-master\Providers\Blockchain\TestProjects\NextGenSoftware.OASIS.API.Providers.OptimismOASIS.IntegrationTests\OptimismOASISIntegrationTests.cs(121,42): error CS1061: 'OptimismOASIS' does not contain a definition for 'SearchHolonsAsync' and no accessible extension method 'SearchHolonsAsync' accepting a first argument of type 'OptimismOASIS' could be found (are you missing a using directive or an assembly reference?) [C:\Source\OASIS-master\Providers\Blockchain\TestProjects\NextGenSoftware.OASIS.API.Providers.OptimismOASIS.IntegrationTests\NextGenSoftware.OASIS.API.Providers.OptimismOASIS.IntegrationTests.csproj]
C:\Source\OASIS-master\Providers\Blockchain\TestProjects\NextGenSoftware.OASIS.API.Providers.OptimismOASIS.TestHarness\OptimismOASISTestHarness.cs(138,36): error CS0246: The type or namespace name 'SearchParams' could not be found (are you missing a using directive or an assembly reference?) [C:\Source\OASIS-master\Providers\Blockchain\TestProjects\NextGenSoftware.OASIS.API.Providers.OptimismOASIS.TestHarness\NextGenSoftware.OASIS.API.Providers.OptimismOASIS.TestHarness.csproj]
C:\Source\OASIS-master\Providers\Blockchain\TestProjects\NextGenSoftware.OASIS.API.Providers.OptimismOASIS.TestHarness\OptimismOASISTestHarness.cs(141,30): error CS0103: The name 'SearchType' does not exist in the current context [C:\Source\OASIS-master\Providers\Blockchain\TestProjects\NextGenSoftware.OASIS.API.Providers.OptimismOASIS.TestHarness\NextGenSoftware.OASIS.API.Providers.OptimismOASIS.TestHarness.csproj]
C:\Source\OASIS-master\Providers\Blockchain\TestProjects\NextGenSoftware.OASIS.API.Providers.OptimismOASIS.TestHarness\OptimismOASISTestHarness.cs(145,54): error CS1061: 'OptimismOASIS' does not contain a definition for 'SearchAvatarsAsync' and no accessible extension method 'SearchAvatarsAsync' accepting a first argument of type 'OptimismOASIS' could be found (are you missing a using directive or an assembly reference?) [C:\Source\OASIS-master\Providers\Blockchain\TestProjects\NextGenSoftware.OASIS.API.Providers.OptimismOASIS.TestHarness\NextGenSoftware.OASIS.API.Providers.OptimismOASIS.TestHarness.csproj]
C:\Source\OASIS-master\Providers\Blockchain\TestProjects\NextGenSoftware.OASIS.API.Providers.Web3CoreOASIS.UnitTests\Web3CoreOASISUnitTests.cs(18,29): error CS7036: There is no argument given that corresponds to the required parameter 'accountPrivateKey' of 'Web3CoreOASIS.Web3CoreOASIS(string, string, string, string)' [C:\Source\OASIS-master\Providers\Blockchain\TestProjects\NextGenSoftware.OASIS.API.Providers.Web3CoreOASIS.UnitTests\NextGenSoftware.OASIS.API.Providers.Web3CoreOASIS.UnitTests.csproj]
C:\Source\OASIS-master\Providers\Blockchain\TestProjects\NextGenSoftware.OASIS.API.Providers.Web3CoreOASIS.UnitTests\Web3CoreOASISUnitTests.cs(25,42): error CS1061: 'Web3CoreOASIS' does not contain a definition for 'ProviderType' and no accessible extension method 'ProviderType' accepting a first argument of type 'Web3CoreOASIS' could be found (are you missing a using directive or an assembly reference?) [C:\Source\OASIS-master\Providers\Blockchain\TestProjects\NextGenSoftware.OASIS.API.Providers.Web3CoreOASIS.UnitTests\NextGenSoftware.OASIS.API.Providers.Web3CoreOASIS.UnitTests.csproj]
C:\Source\OASIS-master\Providers\Blockchain\TestProjects\NextGenSoftware.OASIS.API.Providers.Web3CoreOASIS.UnitTests\Web3CoreOASISUnitTests.cs(28,42): error CS0117: 'ProviderType' does not contain a definition for 'Web3CoreOASIS' [C:\Source\OASIS-master\Providers\Blockchain\TestProjects\NextGenSoftware.OASIS.API.Providers.Web3CoreOASIS.UnitTests\NextGenSoftware.OASIS.API.Providers.Web3CoreOASIS.UnitTests.csproj]
C:\Source\OASIS-master\Providers\Blockchain\TestProjects\NextGenSoftware.OASIS.API.Providers.Web3CoreOASIS.UnitTests\Web3CoreOASISUnitTests.cs(35,41): error CS1061: 'Web3CoreOASIS' does not contain a definition for 'IsProviderActivated' and no accessible extension method 'IsProviderActivated' accepting a first argument of type 'Web3CoreOASIS' could be found (are you missing a using directive or an assembly reference?) [C:\Source\OASIS-master\Providers\Blockchain\TestProjects\NextGenSoftware.OASIS.API.Providers.Web3CoreOASIS.UnitTests\NextGenSoftware.OASIS.API.Providers.Web3CoreOASIS.UnitTests.csproj]
C:\Source\OASIS-master\Providers\Blockchain\TestProjects\NextGenSoftware.OASIS.API.Providers.Web3CoreOASIS.UnitTests\Web3CoreOASISUnitTests.cs(45,42): error CS1061: 'Web3CoreOASIS' does not contain a definition for 'ProviderName' and no accessible extension method 'ProviderName' accepting a first argument of type 'Web3CoreOASIS' could be found (are you missing a using directive or an assembly reference?) [C:\Source\OASIS-master\Providers\Blockchain\TestProjects\NextGenSoftware.OASIS.API.Providers.Web3CoreOASIS.UnitTests\NextGenSoftware.OASIS.API.Providers.Web3CoreOASIS.UnitTests.csproj]
C:\Source\OASIS-master\Providers\Blockchain\TestProjects\NextGenSoftware.OASIS.API.Providers.Web3CoreOASIS.UnitTests\Web3CoreOASISUnitTests.cs(55,41): error CS1061: 'Web3CoreOASIS' does not contain a definition for 'ProviderDescription' and no accessible extension method 'ProviderDescription' accepting a first argument of type 'Web3CoreOASIS' could be found (are you missing a using directive or an assembly reference?) [C:\Source\OASIS-master\Providers\Blockchain\TestProjects\NextGenSoftware.OASIS.API.Providers.Web3CoreOASIS.UnitTests\NextGenSoftware.OASIS.API.Providers.Web3CoreOASIS.UnitTests.csproj]
C:\Source\OASIS-master\Providers\Blockchain\TestProjects\NextGenSoftware.OASIS.API.Providers.Web3CoreOASIS.UnitTests\Web3CoreOASISUnitTests.cs(66,38): error CS1061: 'Web3CoreOASIS' does not contain a definition for 'IsProviderActivated' and no accessible extension method 'IsProviderActivated' accepting a first argument of type 'Web3CoreOASIS' could be found (are you missing a using directive or an assembly reference?) [C:\Source\OASIS-master\Providers\Blockchain\TestProjects\NextGenSoftware.OASIS.API.Providers.Web3CoreOASIS.UnitTests\NextGenSoftware.OASIS.API.Providers.Web3CoreOASIS.UnitTests.csproj]
C:\Source\OASIS-master\Providers\Blockchain\TestProjects\NextGenSoftware.OASIS.API.Providers.Web3CoreOASIS.UnitTests\Web3CoreOASISUnitTests.cs(69,36): error CS1061: 'Web3CoreOASIS' does not contain a definition for 'ActivateProvider' and no accessible extension method 'ActivateProvider' accepting a first argument of type 'Web3CoreOASIS' could be found (are you missing a using directive or an assembly reference?) [C:\Source\OASIS-master\Providers\Blockchain\TestProjects\NextGenSoftware.OASIS.API.Providers.Web3CoreOASIS.UnitTests\NextGenSoftware.OASIS.API.Providers.Web3CoreOASIS.UnitTests.csproj]
C:\Source\OASIS-master\Providers\Blockchain\TestProjects\NextGenSoftware.OASIS.API.Providers.Web3CoreOASIS.UnitTests\Web3CoreOASISUnitTests.cs(73,37): error CS1061: 'Web3CoreOASIS' does not contain a definition for 'IsProviderActivated' and no accessible extension method 'IsProviderActivated' accepting a first argument of type 'Web3CoreOASIS' could be found (are you missing a using directive or an assembly reference?) [C:\Source\OASIS-master\Providers\Blockchain\TestProjects\NextGenSoftware.OASIS.API.Providers.Web3CoreOASIS.UnitTests\NextGenSoftware.OASIS.API.Providers.Web3CoreOASIS.UnitTests.csproj]
C:\Source\OASIS-master\Providers\Blockchain\TestProjects\NextGenSoftware.OASIS.API.Providers.Web3CoreOASIS.UnitTests\Web3CoreOASISUnitTests.cs(80,23): error CS1061: 'Web3CoreOASIS' does not contain a definition for 'ActivateProvider' and no accessible extension method 'ActivateProvider' accepting a first argument of type 'Web3CoreOASIS' could be found (are you missing a using directive or an assembly reference?) [C:\Source\OASIS-master\Providers\Blockchain\TestProjects\NextGenSoftware.OASIS.API.Providers.Web3CoreOASIS.UnitTests\NextGenSoftware.OASIS.API.Providers.Web3CoreOASIS.UnitTests.csproj]
C:\Source\OASIS-master\Providers\Blockchain\TestProjects\NextGenSoftware.OASIS.API.Providers.Web3CoreOASIS.UnitTests\Web3CoreOASISUnitTests.cs(81,37): error CS1061: 'Web3CoreOASIS' does not contain a definition for 'IsProviderActivated' and no accessible extension method 'IsProviderActivated' accepting a first argument of type 'Web3CoreOASIS' could be found (are you missing a using directive or an assembly reference?) [C:\Source\OASIS-master\Providers\Blockchain\TestProjects\NextGenSoftware.OASIS.API.Providers.Web3CoreOASIS.UnitTests\NextGenSoftware.OASIS.API.Providers.Web3CoreOASIS.UnitTests.csproj]
C:\Source\OASIS-master\Providers\Blockchain\TestProjects\NextGenSoftware.OASIS.API.Providers.Web3CoreOASIS.UnitTests\Web3CoreOASISUnitTests.cs(84,36): error CS1061: 'Web3CoreOASIS' does not contain a definition for 'DeActivateProvider' and no accessible extension method 'DeActivateProvider' accepting a first argument of type 'Web3CoreOASIS' could be found (are you missing a using directive or an assembly reference?) [C:\Source\OASIS-master\Providers\Blockchain\TestProjects\NextGenSoftware.OASIS.API.Providers.Web3CoreOASIS.UnitTests\NextGenSoftware.OASIS.API.Providers.Web3CoreOASIS.UnitTests.csproj]
C:\Source\OASIS-master\Providers\Blockchain\TestProjects\NextGenSoftware.OASIS.API.Providers.Web3CoreOASIS.UnitTests\Web3CoreOASISUnitTests.cs(88,38): error CS1061: 'Web3CoreOASIS' does not contain a definition for 'IsProviderActivated' and no accessible extension method 'IsProviderActivated' accepting a first argument of type 'Web3CoreOASIS' could be found (are you missing a using directive or an assembly reference?) [C:\Source\OASIS-master\Providers\Blockchain\TestProjects\NextGenSoftware.OASIS.API.Providers.Web3CoreOASIS.UnitTests\NextGenSoftware.OASIS.API.Providers.Web3CoreOASIS.UnitTests.csproj]
C:\Source\OASIS-master\Providers\Blockchain\TestProjects\NextGenSoftware.OASIS.API.Providers.Web3CoreOASIS.UnitTests\Web3CoreOASISUnitTests.cs(95,37): error CS1061: 'Web3CoreOASIS' does not contain a definition for 'GetProviderVersion' and no accessible extension method 'GetProviderVersion' accepting a first argument of type 'Web3CoreOASIS' could be found (are you missing a using directive or an assembly reference?) [C:\Source\OASIS-master\Providers\Blockchain\TestProjects\NextGenSoftware.OASIS.API.Providers.Web3CoreOASIS.UnitTests\NextGenSoftware.OASIS.API.Providers.Web3CoreOASIS.UnitTests.csproj]
C:\Source\OASIS-master\Providers\Blockchain\TestProjects\NextGenSoftware.OASIS.API.Providers.Web3CoreOASIS.UnitTests\Web3CoreOASISUnitTests.cs(105,48): error CS1061: 'Web3CoreOASIS' does not contain a definition for 'IsProviderActivated' and no accessible extension method 'IsProviderActivated' accepting a first argument of type 'Web3CoreOASIS' could be found (are you missing a using directive or an assembly reference?) [C:\Source\OASIS-master\Providers\Blockchain\TestProjects\NextGenSoftware.OASIS.API.Providers.Web3CoreOASIS.UnitTests\NextGenSoftware.OASIS.API.Providers.Web3CoreOASIS.UnitTests.csproj]
C:\Source\OASIS-master\Providers\Blockchain\TestProjects\NextGenSoftware.OASIS.API.Providers.Web3CoreOASIS.UnitTests\Web3CoreOASISUnitTests.cs(107,27): error CS1061: 'Web3CoreOASIS' does not contain a definition for 'DeActivateProvider' and no accessible extension method 'DeActivateProvider' accepting a first argument of type 'Web3CoreOASIS' could be found (are you missing a using directive or an assembly reference?) [C:\Source\OASIS-master\Providers\Blockchain\TestProjects\NextGenSoftware.OASIS.API.Providers.Web3CoreOASIS.UnitTests\NextGenSoftware.OASIS.API.Providers.Web3CoreOASIS.UnitTests.csproj]
C:\Source\OASIS-master\Providers\Blockchain\TestProjects\NextGenSoftware.OASIS.API.Providers.RootstockOASIS.TestHarness\RootstockOASISTestHarness.cs(19,29): error CS7036: There is no argument given that corresponds to the required parameter 'hostUri' of 'RootstockOASIS.RootstockOASIS(string, string, string)' [C:\Source\OASIS-master\Providers\Blockchain\TestProjects\NextGenSoftware.OASIS.API.Providers.RootstockOASIS.TestHarness\NextGenSoftware.OASIS.API.Providers.RootstockOASIS.TestHarness.csproj]
C:\Source\OASIS-master\Providers\Blockchain\TestProjects\NextGenSoftware.OASIS.API.Providers.RootstockOASIS.TestHarness\RootstockOASISTestHarness.cs(64,37): error CS1061: 'RootstockOASIS' does not contain a definition for 'GetProviderVersion' and no accessible extension method 'GetProviderVersion' accepting a first argument of type 'RootstockOASIS' could be found (are you missing a using directive or an assembly reference?) [C:\Source\OASIS-master\Providers\Blockchain\TestProjects\NextGenSoftware.OASIS.API.Providers.RootstockOASIS.TestHarness\NextGenSoftware.OASIS.API.Providers.RootstockOASIS.TestHarness.csproj]
C:\Source\OASIS-master\Providers\Blockchain\TestProjects\NextGenSoftware.OASIS.API.Providers.RootstockOASIS.TestHarness\RootstockOASISTestHarness.cs(67,42): error CS1061: 'RootstockOASIS' does not contain a definition for 'GetProviderType' and no accessible extension method 'GetProviderType' accepting a first argument of type 'RootstockOASIS' could be found (are you missing a using directive or an assembly reference?) [C:\Source\OASIS-master\Providers\Blockchain\TestProjects\NextGenSoftware.OASIS.API.Providers.RootstockOASIS.TestHarness\NextGenSoftware.OASIS.API.Providers.RootstockOASIS.TestHarness.csproj]
C:\Source\OASIS-master\Providers\Blockchain\TestProjects\NextGenSoftware.OASIS.API.Providers.RootstockOASIS.TestHarness\RootstockOASISTestHarness.cs(70,38): error CS1061: 'RootstockOASIS' does not contain a definition for 'GetProviderCategory' and no accessible extension method 'GetProviderCategory' accepting a first argument of type 'RootstockOASIS' could be found (are you missing a using directive or an assembly reference?) [C:\Source\OASIS-master\Providers\Blockchain\TestProjects\NextGenSoftware.OASIS.API.Providers.RootstockOASIS.TestHarness\NextGenSoftware.OASIS.API.Providers.RootstockOASIS.TestHarness.csproj]
C:\Source\OASIS-master\Providers\Blockchain\TestProjects\NextGenSoftware.OASIS.API.Providers.RootstockOASIS.TestHarness\RootstockOASISTestHarness.cs(82,34): error CS0246: The type or namespace name 'Avatar' could not be found (are you missing a using directive or an assembly reference?) [C:\Source\OASIS-master\Providers\Blockchain\TestProjects\NextGenSoftware.OASIS.API.Providers.RootstockOASIS.TestHarness\NextGenSoftware.OASIS.API.Providers.RootstockOASIS.TestHarness.csproj]
C:\Source\OASIS-master\Providers\Blockchain\TestProjects\NextGenSoftware.OASIS.API.Providers.RootstockOASIS.TestHarness\RootstockOASISTestHarness.cs(111,33): error CS0246: The type or namespace name 'Holon' could not be found (are you missing a using directive or an assembly reference?) [C:\Source\OASIS-master\Providers\Blockchain\TestProjects\NextGenSoftware.OASIS.API.Providers.RootstockOASIS.TestHarness\NextGenSoftware.OASIS.API.Providers.RootstockOASIS.TestHarness.csproj]
C:\Source\OASIS-master\Providers\Blockchain\TestProjects\NextGenSoftware.OASIS.API.Providers.RootstockOASIS.TestHarness\RootstockOASISTestHarness.cs(138,36): error CS0246: The type or namespace name 'SearchParams' could not be found (are you missing a using directive or an assembly reference?) [C:\Source\OASIS-master\Providers\Blockchain\TestProjects\NextGenSoftware.OASIS.API.Providers.RootstockOASIS.TestHarness\NextGenSoftware.OASIS.API.Providers.RootstockOASIS.TestHarness.csproj]
C:\Source\OASIS-master\Providers\Blockchain\TestProjects\NextGenSoftware.OASIS.API.Providers.RootstockOASIS.TestHarness\RootstockOASISTestHarness.cs(141,30): error CS0103: The name 'SearchType' does not exist in the current context [C:\Source\OASIS-master\Providers\Blockchain\TestProjects\NextGenSoftware.OASIS.API.Providers.RootstockOASIS.TestHarness\NextGenSoftware.OASIS.API.Providers.RootstockOASIS.TestHarness.csproj]
C:\Source\OASIS-master\Providers\Blockchain\TestProjects\NextGenSoftware.OASIS.API.Providers.RootstockOASIS.TestHarness\RootstockOASISTestHarness.cs(145,54): error CS1061: 'RootstockOASIS' does not contain a definition for 'SearchAvatarsAsync' and no accessible extension method 'SearchAvatarsAsync' accepting a first argument of type 'RootstockOASIS' could be found (are you missing a using directive or an assembly reference?) [C:\Source\OASIS-master\Providers\Blockchain\TestProjects\NextGenSoftware.OASIS.API.Providers.RootstockOASIS.TestHarness\NextGenSoftware.OASIS.API.Providers.RootstockOASIS.TestHarness.csproj]
C:\Source\OASIS-master\Providers\Blockchain\TestProjects\NextGenSoftware.OASIS.API.Providers.RootstockOASIS.UnitTests\RootstockOASISUnitTests.cs(18,29): error CS7036: There is no argument given that corresponds to the required parameter 'hostUri' of 'RootstockOASIS.RootstockOASIS(string, string, string)' [C:\Source\OASIS-master\Providers\Blockchain\TestProjects\NextGenSoftware.OASIS.API.Providers.RootstockOASIS.UnitTests\NextGenSoftware.OASIS.API.Providers.RootstockOASIS.UnitTests.csproj]
C:\Source\OASIS-master\Providers\Blockchain\TestProjects\NextGenSoftware.OASIS.API.Providers.RootstockOASIS.UnitTests\RootstockOASISUnitTests.cs(28,20): error CS0411: The type arguments for method 'Assert.AreEqual<T>(T?, T?)' cannot be inferred from the usage. Try specifying the type arguments explicitly. [C:\Source\OASIS-master\Providers\Blockchain\TestProjects\NextGenSoftware.OASIS.API.Providers.RootstockOASIS.UnitTests\NextGenSoftware.OASIS.API.Providers.RootstockOASIS.UnitTests.csproj]
C:\Source\OASIS-master\Providers\Blockchain\TestProjects\NextGenSoftware.OASIS.API.Providers.RootstockOASIS.UnitTests\RootstockOASISUnitTests.cs(95,37): error CS1061: 'RootstockOASIS' does not contain a definition for 'GetProviderVersion' and no accessible extension method 'GetProviderVersion' accepting a first argument of type 'RootstockOASIS' could be found (are you missing a using directive or an assembly reference?) [C:\Source\OASIS-master\Providers\Blockchain\TestProjects\NextGenSoftware.OASIS.API.Providers.RootstockOASIS.UnitTests\NextGenSoftware.OASIS.API.Providers.RootstockOASIS.UnitTests.csproj]
C:\Source\OASIS-master\Providers\Blockchain\TestProjects\NextGenSoftware.OASIS.API.Providers.HashgraphOASIS.IntegrationTests\HashgraphOASISIntegrationTests.cs(26,30): error CS0246: The type or namespace name 'Avatar' could not be found (are you missing a using directive or an assembly reference?) [C:\Source\OASIS-master\Providers\Blockchain\TestProjects\NextGenSoftware.OASIS.API.Providers.HashgraphOASIS.IntegrationTests\NextGenSoftware.OASIS.API.Providers.HashgraphOASIS.IntegrationTests.csproj]
C:\Source\OASIS-master\Providers\Blockchain\TestProjects\NextGenSoftware.OASIS.API.Providers.HashgraphOASIS.IntegrationTests\HashgraphOASISIntegrationTests.cs(62,29): error CS0246: The type or namespace name 'Holon' could not be found (are you missing a using directive or an assembly reference?) [C:\Source\OASIS-master\Providers\Blockchain\TestProjects\NextGenSoftware.OASIS.API.Providers.HashgraphOASIS.IntegrationTests\NextGenSoftware.OASIS.API.Providers.HashgraphOASIS.IntegrationTests.csproj]
C:\Source\OASIS-master\Providers\Blockchain\TestProjects\NextGenSoftware.OASIS.API.Providers.HashgraphOASIS.IntegrationTests\HashgraphOASISIntegrationTests.cs(95,36): error CS0246: The type or namespace name 'SearchParams' could not be found (are you missing a using directive or an assembly reference?) [C:\Source\OASIS-master\Providers\Blockchain\TestProjects\NextGenSoftware.OASIS.API.Providers.HashgraphOASIS.IntegrationTests\NextGenSoftware.OASIS.API.Providers.HashgraphOASIS.IntegrationTests.csproj]
C:\Source\OASIS-master\Providers\Blockchain\TestProjects\NextGenSoftware.OASIS.API.Providers.HashgraphOASIS.IntegrationTests\HashgraphOASISIntegrationTests.cs(98,30): error CS0103: The name 'SearchType' does not exist in the current context [C:\Source\OASIS-master\Providers\Blockchain\TestProjects\NextGenSoftware.OASIS.API.Providers.HashgraphOASIS.IntegrationTests\NextGenSoftware.OASIS.API.Providers.HashgraphOASIS.IntegrationTests.csproj]
C:\Source\OASIS-master\Providers\Blockchain\TestProjects\NextGenSoftware.OASIS.API.Providers.HashgraphOASIS.IntegrationTests\HashgraphOASISIntegrationTests.cs(102,42): error CS1061: 'HashgraphOASIS' does not contain a definition for 'SearchAvatarsAsync' and no accessible extension method 'SearchAvatarsAsync' accepting a first argument of type 'HashgraphOASIS' could be found (are you missing a using directive or an assembly reference?) [C:\Source\OASIS-master\Providers\Blockchain\TestProjects\NextGenSoftware.OASIS.API.Providers.HashgraphOASIS.IntegrationTests\NextGenSoftware.OASIS.API.Providers.HashgraphOASIS.IntegrationTests.csproj]
C:\Source\OASIS-master\Providers\Blockchain\TestProjects\NextGenSoftware.OASIS.API.Providers.HashgraphOASIS.IntegrationTests\HashgraphOASISIntegrationTests.cs(114,36): error CS0246: The type or namespace name 'SearchParams' could not be found (are you missing a using directive or an assembly reference?) [C:\Source\OASIS-master\Providers\Blockchain\TestProjects\NextGenSoftware.OASIS.API.Providers.HashgraphOASIS.IntegrationTests\NextGenSoftware.OASIS.API.Providers.HashgraphOASIS.IntegrationTests.csproj]
C:\Source\OASIS-master\Providers\Blockchain\TestProjects\NextGenSoftware.OASIS.API.Providers.HashgraphOASIS.IntegrationTests\HashgraphOASISIntegrationTests.cs(117,30): error CS0103: The name 'SearchType' does not exist in the current context [C:\Source\OASIS-master\Providers\Blockchain\TestProjects\NextGenSoftware.OASIS.API.Providers.HashgraphOASIS.IntegrationTests\NextGenSoftware.OASIS.API.Providers.HashgraphOASIS.IntegrationTests.csproj]
C:\Source\OASIS-master\Providers\Blockchain\TestProjects\NextGenSoftware.OASIS.API.Providers.HashgraphOASIS.IntegrationTests\HashgraphOASISIntegrationTests.cs(121,42): error CS1061: 'HashgraphOASIS' does not contain a definition for 'SearchHolonsAsync' and no accessible extension method 'SearchHolonsAsync' accepting a first argument of type 'HashgraphOASIS' could be found (are you missing a using directive or an assembly reference?) [C:\Source\OASIS-master\Providers\Blockchain\TestProjects\NextGenSoftware.OASIS.API.Providers.HashgraphOASIS.IntegrationTests\NextGenSoftware.OASIS.API.Providers.HashgraphOASIS.IntegrationTests.csproj]
C:\Source\OASIS-master\Providers\Blockchain\TestProjects\NextGenSoftware.OASIS.API.Providers.RootstockOASIS.IntegrationTests\RootstockOASISIntegrationTests.cs(19,29): error CS7036: There is no argument given that corresponds to the required parameter 'hostUri' of 'RootstockOASIS.RootstockOASIS(string, string, string)' [C:\Source\OASIS-master\Providers\Blockchain\TestProjects\NextGenSoftware.OASIS.API.Providers.RootstockOASIS.IntegrationTests\NextGenSoftware.OASIS.API.Providers.RootstockOASIS.IntegrationTests.csproj]
C:\Source\OASIS-master\Providers\Blockchain\TestProjects\NextGenSoftware.OASIS.API.Providers.RootstockOASIS.IntegrationTests\RootstockOASISIntegrationTests.cs(26,30): error CS0246: The type or namespace name 'Avatar' could not be found (are you missing a using directive or an assembly reference?) [C:\Source\OASIS-master\Providers\Blockchain\TestProjects\NextGenSoftware.OASIS.API.Providers.RootstockOASIS.IntegrationTests\NextGenSoftware.OASIS.API.Providers.RootstockOASIS.IntegrationTests.csproj]
C:\Source\OASIS-master\Providers\Blockchain\TestProjects\NextGenSoftware.OASIS.API.Providers.RootstockOASIS.IntegrationTests\RootstockOASISIntegrationTests.cs(62,29): error CS0246: The type or namespace name 'Holon' could not be found (are you missing a using directive or an assembly reference?) [C:\Source\OASIS-master\Providers\Blockchain\TestProjects\NextGenSoftware.OASIS.API.Providers.RootstockOASIS.IntegrationTests\NextGenSoftware.OASIS.API.Providers.RootstockOASIS.IntegrationTests.csproj]
C:\Source\OASIS-master\Providers\Blockchain\TestProjects\NextGenSoftware.OASIS.API.Providers.RootstockOASIS.IntegrationTests\RootstockOASISIntegrationTests.cs(95,36): error CS0246: The type or namespace name 'SearchParams' could not be found (are you missing a using directive or an assembly reference?) [C:\Source\OASIS-master\Providers\Blockchain\TestProjects\NextGenSoftware.OASIS.API.Providers.RootstockOASIS.IntegrationTests\NextGenSoftware.OASIS.API.Providers.RootstockOASIS.IntegrationTests.csproj]
C:\Source\OASIS-master\Providers\Blockchain\TestProjects\NextGenSoftware.OASIS.API.Providers.RootstockOASIS.IntegrationTests\RootstockOASISIntegrationTests.cs(98,30): error CS0103: The name 'SearchType' does not exist in the current context [C:\Source\OASIS-master\Providers\Blockchain\TestProjects\NextGenSoftware.OASIS.API.Providers.RootstockOASIS.IntegrationTests\NextGenSoftware.OASIS.API.Providers.RootstockOASIS.IntegrationTests.csproj]
C:\Source\OASIS-master\Providers\Blockchain\TestProjects\NextGenSoftware.OASIS.API.Providers.RootstockOASIS.IntegrationTests\RootstockOASISIntegrationTests.cs(102,42): error CS1061: 'RootstockOASIS' does not contain a definition for 'SearchAvatarsAsync' and no accessible extension method 'SearchAvatarsAsync' accepting a first argument of type 'RootstockOASIS' could be found (are you missing a using directive or an assembly reference?) [C:\Source\OASIS-master\Providers\Blockchain\TestProjects\NextGenSoftware.OASIS.API.Providers.RootstockOASIS.IntegrationTests\NextGenSoftware.OASIS.API.Providers.RootstockOASIS.IntegrationTests.csproj]
C:\Source\OASIS-master\Providers\Blockchain\TestProjects\NextGenSoftware.OASIS.API.Providers.RootstockOASIS.IntegrationTests\RootstockOASISIntegrationTests.cs(114,36): error CS0246: The type or namespace name 'SearchParams' could not be found (are you missing a using directive or an assembly reference?) [C:\Source\OASIS-master\Providers\Blockchain\TestProjects\NextGenSoftware.OASIS.API.Providers.RootstockOASIS.IntegrationTests\NextGenSoftware.OASIS.API.Providers.RootstockOASIS.IntegrationTests.csproj]
C:\Source\OASIS-master\Providers\Blockchain\TestProjects\NextGenSoftware.OASIS.API.Providers.RootstockOASIS.IntegrationTests\RootstockOASISIntegrationTests.cs(117,30): error CS0103: The name 'SearchType' does not exist in the current context [C:\Source\OASIS-master\Providers\Blockchain\TestProjects\NextGenSoftware.OASIS.API.Providers.RootstockOASIS.IntegrationTests\NextGenSoftware.OASIS.API.Providers.RootstockOASIS.IntegrationTests.csproj]
C:\Source\OASIS-master\Providers\Blockchain\TestProjects\NextGenSoftware.OASIS.API.Providers.RootstockOASIS.IntegrationTests\RootstockOASISIntegrationTests.cs(121,42): error CS1061: 'RootstockOASIS' does not contain a definition for 'SearchHolonsAsync' and no accessible extension method 'SearchHolonsAsync' accepting a first argument of type 'RootstockOASIS' could be found (are you missing a using directive or an assembly reference?) [C:\Source\OASIS-master\Providers\Blockchain\TestProjects\NextGenSoftware.OASIS.API.Providers.RootstockOASIS.IntegrationTests\NextGenSoftware.OASIS.API.Providers.RootstockOASIS.IntegrationTests.csproj]
C:\Source\OASIS-master\Providers\Blockchain\TestProjects\NextGenSoftware.OASIS.API.Providers.HashgraphOASIS.UnitTests\HashgraphOASISUnitTests.cs(28,20): error CS0411: The type arguments for method 'Assert.AreEqual<T>(T?, T?)' cannot be inferred from the usage. Try specifying the type arguments explicitly. [C:\Source\OASIS-master\Providers\Blockchain\TestProjects\NextGenSoftware.OASIS.API.Providers.HashgraphOASIS.UnitTests\NextGenSoftware.OASIS.API.Providers.HashgraphOASIS.UnitTests.csproj]
C:\Source\OASIS-master\Providers\Blockchain\TestProjects\NextGenSoftware.OASIS.API.Providers.HashgraphOASIS.UnitTests\HashgraphOASISUnitTests.cs(95,37): error CS1061: 'HashgraphOASIS' does not contain a definition for 'GetProviderVersion' and no accessible extension method 'GetProviderVersion' accepting a first argument of type 'HashgraphOASIS' could be found (are you missing a using directive or an assembly reference?) [C:\Source\OASIS-master\Providers\Blockchain\TestProjects\NextGenSoftware.OASIS.API.Providers.HashgraphOASIS.UnitTests\NextGenSoftware.OASIS.API.Providers.HashgraphOASIS.UnitTests.csproj]
C:\Source\OASIS-master\Providers\Blockchain\TestProjects\NextGenSoftware.OASIS.API.Providers.OptimismOASIS.UnitTests\OptimismOASISUnitTests.cs(28,20): error CS0411: The type arguments for method 'Assert.AreEqual<T>(T?, T?)' cannot be inferred from the usage. Try specifying the type arguments explicitly. [C:\Source\OASIS-master\Providers\Blockchain\TestProjects\NextGenSoftware.OASIS.API.Providers.OptimismOASIS.UnitTests\NextGenSoftware.OASIS.API.Providers.OptimismOASIS.UnitTests.csproj]
C:\Source\OASIS-master\Providers\Blockchain\TestProjects\NextGenSoftware.OASIS.API.Providers.OptimismOASIS.UnitTests\OptimismOASISUnitTests.cs(95,37): error CS1061: 'OptimismOASIS' does not contain a definition for 'GetProviderVersion' and no accessible extension method 'GetProviderVersion' accepting a first argument of type 'OptimismOASIS' could be found (are you missing a using directive or an assembly reference?) [C:\Source\OASIS-master\Providers\Blockchain\TestProjects\NextGenSoftware.OASIS.API.Providers.OptimismOASIS.UnitTests\NextGenSoftware.OASIS.API.Providers.OptimismOASIS.UnitTests.csproj]
C:\Source\OASIS-master\Providers\Blockchain\TestProjects\NextGenSoftware.OASIS.API.Providers.SuiOASIS.TestHarness\SuiOASISTestHarness.cs(64,37): error CS1061: 'SuiOASIS' does not contain a definition for 'GetProviderVersion' and no accessible extension method 'GetProviderVersion' accepting a first argument of type 'SuiOASIS' could be found (are you missing a using directive or an assembly reference?) [C:\Source\OASIS-master\Providers\Blockchain\TestProjects\NextGenSoftware.OASIS.API.Providers.SuiOASIS.TestHarness\NextGenSoftware.OASIS.API.Providers.SuiOASIS.TestHarness.csproj]
C:\Source\OASIS-master\Providers\Blockchain\TestProjects\NextGenSoftware.OASIS.API.Providers.SuiOASIS.TestHarness\SuiOASISTestHarness.cs(67,42): error CS1061: 'SuiOASIS' does not contain a definition for 'GetProviderType' and no accessible extension method 'GetProviderType' accepting a first argument of type 'SuiOASIS' could be found (are you missing a using directive or an assembly reference?) [C:\Source\OASIS-master\Providers\Blockchain\TestProjects\NextGenSoftware.OASIS.API.Providers.SuiOASIS.TestHarness\NextGenSoftware.OASIS.API.Providers.SuiOASIS.TestHarness.csproj]
C:\Source\OASIS-master\Providers\Blockchain\TestProjects\NextGenSoftware.OASIS.API.Providers.SuiOASIS.TestHarness\SuiOASISTestHarness.cs(70,38): error CS1061: 'SuiOASIS' does not contain a definition for 'GetProviderCategory' and no accessible extension method 'GetProviderCategory' accepting a first argument of type 'SuiOASIS' could be found (are you missing a using directive or an assembly reference?) [C:\Source\OASIS-master\Providers\Blockchain\TestProjects\NextGenSoftware.OASIS.API.Providers.SuiOASIS.TestHarness\NextGenSoftware.OASIS.API.Providers.SuiOASIS.TestHarness.csproj]
C:\Source\OASIS-master\Providers\Blockchain\TestProjects\NextGenSoftware.OASIS.API.Providers.SuiOASIS.TestHarness\SuiOASISTestHarness.cs(82,34): error CS0246: The type or namespace name 'Avatar' could not be found (are you missing a using directive or an assembly reference?) [C:\Source\OASIS-master\Providers\Blockchain\TestProjects\NextGenSoftware.OASIS.API.Providers.SuiOASIS.TestHarness\NextGenSoftware.OASIS.API.Providers.SuiOASIS.TestHarness.csproj]
C:\Source\OASIS-master\Providers\Blockchain\TestProjects\NextGenSoftware.OASIS.API.Providers.SuiOASIS.TestHarness\SuiOASISTestHarness.cs(111,33): error CS0246: The type or namespace name 'Holon' could not be found (are you missing a using directive or an assembly reference?) [C:\Source\OASIS-master\Providers\Blockchain\TestProjects\NextGenSoftware.OASIS.API.Providers.SuiOASIS.TestHarness\NextGenSoftware.OASIS.API.Providers.SuiOASIS.TestHarness.csproj]
C:\Source\OASIS-master\Providers\Blockchain\TestProjects\NextGenSoftware.OASIS.API.Providers.SuiOASIS.TestHarness\SuiOASISTestHarness.cs(138,36): error CS0246: The type or namespace name 'SearchParams' could not be found (are you missing a using directive or an assembly reference?) [C:\Source\OASIS-master\Providers\Blockchain\TestProjects\NextGenSoftware.OASIS.API.Providers.SuiOASIS.TestHarness\NextGenSoftware.OASIS.API.Providers.SuiOASIS.TestHarness.csproj]
C:\Source\OASIS-master\Providers\Blockchain\TestProjects\NextGenSoftware.OASIS.API.Providers.SuiOASIS.TestHarness\SuiOASISTestHarness.cs(141,30): error CS0103: The name 'SearchType' does not exist in the current context [C:\Source\OASIS-master\Providers\Blockchain\TestProjects\NextGenSoftware.OASIS.API.Providers.SuiOASIS.TestHarness\NextGenSoftware.OASIS.API.Providers.SuiOASIS.TestHarness.csproj]
C:\Source\OASIS-master\Providers\Blockchain\TestProjects\NextGenSoftware.OASIS.API.Providers.SuiOASIS.TestHarness\SuiOASISTestHarness.cs(145,54): error CS1061: 'SuiOASIS' does not contain a definition for 'SearchAvatarsAsync' and no accessible extension method 'SearchAvatarsAsync' accepting a first argument of type 'SuiOASIS' could be found (are you missing a using directive or an assembly reference?) [C:\Source\OASIS-master\Providers\Blockchain\TestProjects\NextGenSoftware.OASIS.API.Providers.SuiOASIS.TestHarness\NextGenSoftware.OASIS.API.Providers.SuiOASIS.TestHarness.csproj]
C:\Source\OASIS-master\Providers\Blockchain\TestProjects\NextGenSoftware.OASIS.API.Providers.SuiOASIS.IntegrationTests\SuiOASISIntegrationTests.cs(26,30): error CS0246: The type or namespace name 'Avatar' could not be found (are you missing a using directive or an assembly reference?) [C:\Source\OASIS-master\Providers\Blockchain\TestProjects\NextGenSoftware.OASIS.API.Providers.SuiOASIS.IntegrationTests\NextGenSoftware.OASIS.API.Providers.SuiOASIS.IntegrationTests.csproj]
C:\Source\OASIS-master\Providers\Blockchain\TestProjects\NextGenSoftware.OASIS.API.Providers.SuiOASIS.IntegrationTests\SuiOASISIntegrationTests.cs(62,29): error CS0246: The type or namespace name 'Holon' could not be found (are you missing a using directive or an assembly reference?) [C:\Source\OASIS-master\Providers\Blockchain\TestProjects\NextGenSoftware.OASIS.API.Providers.SuiOASIS.IntegrationTests\NextGenSoftware.OASIS.API.Providers.SuiOASIS.IntegrationTests.csproj]
C:\Source\OASIS-master\Providers\Blockchain\TestProjects\NextGenSoftware.OASIS.API.Providers.SuiOASIS.IntegrationTests\SuiOASISIntegrationTests.cs(95,36): error CS0246: The type or namespace name 'SearchParams' could not be found (are you missing a using directive or an assembly reference?) [C:\Source\OASIS-master\Providers\Blockchain\TestProjects\NextGenSoftware.OASIS.API.Providers.SuiOASIS.IntegrationTests\NextGenSoftware.OASIS.API.Providers.SuiOASIS.IntegrationTests.csproj]
C:\Source\OASIS-master\Providers\Blockchain\TestProjects\NextGenSoftware.OASIS.API.Providers.SuiOASIS.IntegrationTests\SuiOASISIntegrationTests.cs(98,30): error CS0103: The name 'SearchType' does not exist in the current context [C:\Source\OASIS-master\Providers\Blockchain\TestProjects\NextGenSoftware.OASIS.API.Providers.SuiOASIS.IntegrationTests\NextGenSoftware.OASIS.API.Providers.SuiOASIS.IntegrationTests.csproj]
C:\Source\OASIS-master\Providers\Blockchain\TestProjects\NextGenSoftware.OASIS.API.Providers.SuiOASIS.IntegrationTests\SuiOASISIntegrationTests.cs(102,42): error CS1061: 'SuiOASIS' does not contain a definition for 'SearchAvatarsAsync' and no accessible extension method 'SearchAvatarsAsync' accepting a first argument of type 'SuiOASIS' could be found (are you missing a using directive or an assembly reference?) [C:\Source\OASIS-master\Providers\Blockchain\TestProjects\NextGenSoftware.OASIS.API.Providers.SuiOASIS.IntegrationTests\NextGenSoftware.OASIS.API.Providers.SuiOASIS.IntegrationTests.csproj]
C:\Source\OASIS-master\Providers\Blockchain\TestProjects\NextGenSoftware.OASIS.API.Providers.SuiOASIS.IntegrationTests\SuiOASISIntegrationTests.cs(114,36): error CS0246: The type or namespace name 'SearchParams' could not be found (are you missing a using directive or an assembly reference?) [C:\Source\OASIS-master\Providers\Blockchain\TestProjects\NextGenSoftware.OASIS.API.Providers.SuiOASIS.IntegrationTests\NextGenSoftware.OASIS.API.Providers.SuiOASIS.IntegrationTests.csproj]
C:\Source\OASIS-master\Providers\Blockchain\TestProjects\NextGenSoftware.OASIS.API.Providers.SuiOASIS.IntegrationTests\SuiOASISIntegrationTests.cs(117,30): error CS0103: The name 'SearchType' does not exist in the current context [C:\Source\OASIS-master\Providers\Blockchain\TestProjects\NextGenSoftware.OASIS.API.Providers.SuiOASIS.IntegrationTests\NextGenSoftware.OASIS.API.Providers.SuiOASIS.IntegrationTests.csproj]
C:\Source\OASIS-master\Providers\Blockchain\TestProjects\NextGenSoftware.OASIS.API.Providers.SuiOASIS.IntegrationTests\SuiOASISIntegrationTests.cs(121,42): error CS1061: 'SuiOASIS' does not contain a definition for 'SearchHolonsAsync' and no accessible extension method 'SearchHolonsAsync' accepting a first argument of type 'SuiOASIS' could be found (are you missing a using directive or an assembly reference?) [C:\Source\OASIS-master\Providers\Blockchain\TestProjects\NextGenSoftware.OASIS.API.Providers.SuiOASIS.IntegrationTests\NextGenSoftware.OASIS.API.Providers.SuiOASIS.IntegrationTests.csproj]
C:\Source\OASIS-master\Providers\Blockchain\TestProjects\NextGenSoftware.OASIS.API.Providers.SuiOASIS.UnitTests\SuiOASISUnitTests.cs(28,20): error CS0411: The type arguments for method 'Assert.AreEqual<T>(T?, T?)' cannot be inferred from the usage. Try specifying the type arguments explicitly. [C:\Source\OASIS-master\Providers\Blockchain\TestProjects\NextGenSoftware.OASIS.API.Providers.SuiOASIS.UnitTests\NextGenSoftware.OASIS.API.Providers.SuiOASIS.UnitTests.csproj]
C:\Source\OASIS-master\Providers\Blockchain\TestProjects\NextGenSoftware.OASIS.API.Providers.SuiOASIS.UnitTests\SuiOASISUnitTests.cs(95,37): error CS1061: 'SuiOASIS' does not contain a definition for 'GetProviderVersion' and no accessible extension method 'GetProviderVersion' accepting a first argument of type 'SuiOASIS' could be found (are you missing a using directive or an assembly reference?) [C:\Source\OASIS-master\Providers\Blockchain\TestProjects\NextGenSoftware.OASIS.API.Providers.SuiOASIS.UnitTests\NextGenSoftware.OASIS.API.Providers.SuiOASIS.UnitTests.csproj]
    780 Warning(s)
    1077 Error(s)

Time Elapsed 00:00:52.83

Workload updates are available. Run `dotnet workload list` for more information.
