C:\Source\OASIS\ONODE\NextGenSoftware.OASIS.API.ONODE.Core\Managers\MapManager.cs(64,39): error CS1061: 'IOASISMapProvider' does not contain a definition for 'PlaceHolonOnMap' and no accessible extension method 'PlaceHolonOnMap' accepting a first argument of type 'IOASISMapProvider' could be found (are you missing a using directive or an assembly reference?) [C:\Source\OASIS\ONODE\NextGenSoftware.OASIS.API.ONODE.Core\NextGenSoftware.OASIS.API.ONODE.Core.csproj]
C:\Source\OASIS\ONODE\NextGenSoftware.OASIS.API.ONODE.Core\Managers\MapManager.cs(69,39): error CS1061: 'IOASISMapProvider' does not contain a definition for 'PlaceBuildingOnMap' and no accessible extension method 'PlaceBuildingOnMap' accepting a first argument of type 'IOASISMapProvider' could be found (are you missing a using directive or an assembly reference?) [C:\Source\OASIS\ONODE\NextGenSoftware.OASIS.API.ONODE.Core\NextGenSoftware.OASIS.API.ONODE.Core.csproj]
C:\Source\OASIS\ONODE\NextGenSoftware.OASIS.API.ONODE.Core\Managers\MapManager.cs(74,39): error CS1061: 'IOASISMapProvider' does not contain a definition for 'PlaceQuestOnMap' and no accessible extension method 'PlaceQuestOnMap' accepting a first argument of type 'IOASISMapProvider' could be found (are you missing a using directive or an assembly reference?) [C:\Source\OASIS\ONODE\NextGenSoftware.OASIS.API.ONODE.Core\NextGenSoftware.OASIS.API.ONODE.Core.csproj]
C:\Source\OASIS\ONODE\NextGenSoftware.OASIS.API.ONODE.Core\Managers\MapManager.cs(79,39): error CS1061: 'IOASISMapProvider' does not contain a definition for 'PlaceGeoNFTOnMap' and no accessible extension method 'PlaceGeoNFTOnMap' accepting a first argument of type 'IOASISMapProvider' could be found (are you missing a using directive or an assembly reference?) [C:\Source\OASIS\ONODE\NextGenSoftware.OASIS.API.ONODE.Core\NextGenSoftware.OASIS.API.ONODE.Core.csproj]
C:\Source\OASIS\ONODE\NextGenSoftware.OASIS.API.ONODE.Core\Managers\MapManager.cs(84,39): error CS1061: 'IOASISMapProvider' does not contain a definition for 'PlaceGeoHotSpotOnMap' and no accessible extension method 'PlaceGeoHotSpotOnMap' accepting a first argument of type 'IOASISMapProvider' could be found (are you missing a using directive or an assembly reference?) [C:\Source\OASIS\ONODE\NextGenSoftware.OASIS.API.ONODE.Core\NextGenSoftware.OASIS.API.ONODE.Core.csproj]
C:\Source\OASIS\ONODE\NextGenSoftware.OASIS.API.ONODE.Core\Managers\MapManager.cs(89,39): error CS1061: 'IOASISMapProvider' does not contain a definition for 'PlaceOAPPOnMap' and no accessible extension method 'PlaceOAPPOnMap' accepting a first argument of type 'IOASISMapProvider' could be found (are you missing a using directive or an assembly reference?) [C:\Source\OASIS\ONODE\NextGenSoftware.OASIS.API.ONODE.Core\NextGenSoftware.OASIS.API.ONODE.Core.csproj]
C:\Source\OASIS\ONODE\NextGenSoftware.OASIS.API.ONODE.Core\Managers\MapManager.cs(94,32): error CS1501: No overload for method 'DrawRouteOnMap' takes 5 arguments [C:\Source\OASIS\ONODE\NextGenSoftware.OASIS.API.ONODE.Core\NextGenSoftware.OASIS.API.ONODE.Core.csproj]
C:\Source\OASIS\ONODE\NextGenSoftware.OASIS.API.ONODE.Core\Managers\MapManager.cs(92,21): error CS0161: 'MapManager.DrawRouteOnMap(float, float, float, float, Color)': not all code paths return a value [C:\Source\OASIS\ONODE\NextGenSoftware.OASIS.API.ONODE.Core\NextGenSoftware.OASIS.API.ONODE.Core.csproj]
C:\Source\OASIS\ONODE\NextGenSoftware.OASIS.API.ONODE.Core\Managers\MapManager.cs(97,21): error CS0161: 'MapManager.CreateAndDrawRouteOnMapBeweenPoints(MapPoints)': not all code paths return a value [C:\Source\OASIS\ONODE\NextGenSoftware.OASIS.API.ONODE.Core\NextGenSoftware.OASIS.API.ONODE.Core.csproj]
C:\Source\OASIS\ONODE\NextGenSoftware.OASIS.API.ONODE.Core\Managers\MapManager.cs(102,21): error CS0161: 'MapManager.CreateAndDrawRouteOnMapBetweenHolons(IHolon, IHolon)': not all code paths return a value [C:\Source\OASIS\ONODE\NextGenSoftware.OASIS.API.ONODE.Core\NextGenSoftware.OASIS.API.ONODE.Core.csproj]
C:\Source\OASIS\ONODE\NextGenSoftware.OASIS.API.ONODE.Core\Managers\MapManager.cs(109,69): error CS1503: Argument 1: cannot convert from 'System.Guid' to 'NextGenSoftware.OASIS.API.Core.Interfaces.IHolon' [C:\Source\OASIS\ONODE\NextGenSoftware.OASIS.API.ONODE.Core\NextGenSoftware.OASIS.API.ONODE.Core.csproj]
C:\Source\OASIS\ONODE\NextGenSoftware.OASIS.API.ONODE.Core\Managers\MapManager.cs(109,82): error CS1503: Argument 2: cannot convert from 'System.Guid' to 'NextGenSoftware.OASIS.API.Core.Interfaces.IHolon' [C:\Source\OASIS\ONODE\NextGenSoftware.OASIS.API.ONODE.Core\NextGenSoftware.OASIS.API.ONODE.Core.csproj]
C:\Source\OASIS\ONODE\NextGenSoftware.OASIS.API.ONODE.Core\Managers\MapManager.cs(107,21): error CS0161: 'MapManager.CreateAndDrawRouteOnMapBetweenHolons(Guid, Guid)': not all code paths return a value [C:\Source\OASIS\ONODE\NextGenSoftware.OASIS.API.ONODE.Core\NextGenSoftware.OASIS.API.ONODE.Core.csproj]
C:\Source\OASIS\ONODE\NextGenSoftware.OASIS.API.ONODE.Core\Managers\MapManager.cs(114,39): error CS1061: 'IOASISMapProvider' does not contain a definition for 'CreateAndDrawRouteOnMapBetweenQuests' and no accessible extension method 'CreateAndDrawRouteOnMapBetweenQuests' accepting a first argument of type 'IOASISMapProvider' could be found (are you missing a using directive or an assembly reference?) [C:\Source\OASIS\ONODE\NextGenSoftware.OASIS.API.ONODE.Core\NextGenSoftware.OASIS.API.ONODE.Core.csproj]
C:\Source\OASIS\ONODE\NextGenSoftware.OASIS.API.ONODE.Core\Managers\MapManager.cs(119,32): error CS1061: 'IOASISMapProvider' does not contain a definition for 'CreateAndDrawRouteOnMapBetweenQuests' and no accessible extension method 'CreateAndDrawRouteOnMapBetweenQuests' accepting a first argument of type 'IOASISMapProvider' could be found (are you missing a using directive or an assembly reference?) [C:\Source\OASIS\ONODE\NextGenSoftware.OASIS.API.ONODE.Core\NextGenSoftware.OASIS.API.ONODE.Core.csproj]
C:\Source\OASIS\ONODE\NextGenSoftware.OASIS.API.ONODE.Core\Managers\MapManager.cs(117,21): error CS0161: 'MapManager.CreateAndDrawRouteOnMapBetweenQuests(Guid, Guid)': not all code paths return a value [C:\Source\OASIS\ONODE\NextGenSoftware.OASIS.API.ONODE.Core\NextGenSoftware.OASIS.API.ONODE.Core.csproj]
C:\Source\OASIS\ONODE\NextGenSoftware.OASIS.API.ONODE.Core\Managers\MapManager.cs(124,32): error CS1061: 'IOASISMapProvider' does not contain a definition for 'CreateAndDrawRouteOnMapBetweenGeoNFTs' and no accessible extension method 'CreateAndDrawRouteOnMapBetweenGeoNFTs' accepting a first argument of type 'IOASISMapProvider' could be found (are you missing a using directive or an assembly reference?) [C:\Source\OASIS\ONODE\NextGenSoftware.OASIS.API.ONODE.Core\NextGenSoftware.OASIS.API.ONODE.Core.csproj]
C:\Source\OASIS\ONODE\NextGenSoftware.OASIS.API.ONODE.Core\Managers\MapManager.cs(122,21): error CS0161: 'MapManager.CreateAndDrawRouteOnMapBetweenGeoNFTs(IOASISGeoSpatialNFT, IOASISGeoSpatialNFT)': not all code paths return a value [C:\Source\OASIS\ONODE\NextGenSoftware.OASIS.API.ONODE.Core\NextGenSoftware.OASIS.API.ONODE.Core.csproj]
C:\Source\OASIS\ONODE\NextGenSoftware.OASIS.API.ONODE.Core\Managers\MapManager.cs(129,32): error CS1061: 'IOASISMapProvider' does not contain a definition for 'CreateAndDrawRouteOnMapBetweenGeoNFTs' and no accessible extension method 'CreateAndDrawRouteOnMapBetweenGeoNFTs' accepting a first argument of type 'IOASISMapProvider' could be found (are you missing a using directive or an assembly reference?) [C:\Source\OASIS\ONODE\NextGenSoftware.OASIS.API.ONODE.Core\NextGenSoftware.OASIS.API.ONODE.Core.csproj]
C:\Source\OASIS\ONODE\NextGenSoftware.OASIS.API.ONODE.Core\Managers\MapManager.cs(127,21): error CS0161: 'MapManager.CreateAndDrawRouteOnMapBetweenGeoNFTs(Guid, Guid)': not all code paths return a value [C:\Source\OASIS\ONODE\NextGenSoftware.OASIS.API.ONODE.Core\NextGenSoftware.OASIS.API.ONODE.Core.csproj]
C:\Source\OASIS\ONODE\NextGenSoftware.OASIS.API.ONODE.Core\Managers\MapManager.cs(134,32): error CS1061: 'IOASISMapProvider' does not contain a definition for 'CreateAndDrawRouteOnMapBetweenGeoHotSpots' and no accessible extension method 'CreateAndDrawRouteOnMapBetweenGeoHotSpots' accepting a first argument of type 'IOASISMapProvider' could be found (are you missing a using directive or an assembly reference?) [C:\Source\OASIS\ONODE\NextGenSoftware.OASIS.API.ONODE.Core\NextGenSoftware.OASIS.API.ONODE.Core.csproj]
C:\Source\OASIS\ONODE\NextGenSoftware.OASIS.API.ONODE.Core\Managers\MapManager.cs(132,21): error CS0161: 'MapManager.CreateAndDrawRouteOnMapBetweenGeoHotSpots(IGeoHotSpot, IGeoHotSpot)': not all code paths return a value [C:\Source\OASIS\ONODE\NextGenSoftware.OASIS.API.ONODE.Core\NextGenSoftware.OASIS.API.ONODE.Core.csproj]
C:\Source\OASIS\ONODE\NextGenSoftware.OASIS.API.ONODE.Core\Managers\MapManager.cs(139,32): error CS1061: 'IOASISMapProvider' does not contain a definition for 'CreateAndDrawRouteOnMapBetweenGeoHotSpots' and no accessible extension method 'CreateAndDrawRouteOnMapBetweenGeoHotSpots' accepting a first argument of type 'IOASISMapProvider' could be found (are you missing a using directive or an assembly reference?) [C:\Source\OASIS\ONODE\NextGenSoftware.OASIS.API.ONODE.Core\NextGenSoftware.OASIS.API.ONODE.Core.csproj]
C:\Source\OASIS\ONODE\NextGenSoftware.OASIS.API.ONODE.Core\Managers\MapManager.cs(137,21): error CS0161: 'MapManager.CreateAndDrawRouteOnMapBetweenGeoHotSpots(Guid, Guid)': not all code paths return a value [C:\Source\OASIS\ONODE\NextGenSoftware.OASIS.API.ONODE.Core\NextGenSoftware.OASIS.API.ONODE.Core.csproj]
C:\Source\OASIS\ONODE\NextGenSoftware.OASIS.API.ONODE.Core\Managers\MapManager.cs(144,32): error CS1061: 'IOASISMapProvider' does not contain a definition for 'CreateAndDrawRouteOnMapBetweenOAPPs' and no accessible extension method 'CreateAndDrawRouteOnMapBetweenOAPPs' accepting a first argument of type 'IOASISMapProvider' could be found (are you missing a using directive or an assembly reference?) [C:\Source\OASIS\ONODE\NextGenSoftware.OASIS.API.ONODE.Core\NextGenSoftware.OASIS.API.ONODE.Core.csproj]
C:\Source\OASIS\ONODE\NextGenSoftware.OASIS.API.ONODE.Core\Managers\MapManager.cs(142,21): error CS0161: 'MapManager.CreateAndDrawRouteOnMapBetweenOAPPs(IOAPP, IOAPP)': not all code paths return a value [C:\Source\OASIS\ONODE\NextGenSoftware.OASIS.API.ONODE.Core\NextGenSoftware.OASIS.API.ONODE.Core.csproj]
C:\Source\OASIS\ONODE\NextGenSoftware.OASIS.API.ONODE.Core\Managers\MapManager.cs(149,32): error CS1061: 'IOASISMapProvider' does not contain a definition for 'CreateAndDrawRouteOnMapBetweenOAPPs' and no accessible extension method 'CreateAndDrawRouteOnMapBetweenOAPPs' accepting a first argument of type 'IOASISMapProvider' could be found (are you missing a using directive or an assembly reference?) [C:\Source\OASIS\ONODE\NextGenSoftware.OASIS.API.ONODE.Core\NextGenSoftware.OASIS.API.ONODE.Core.csproj]
C:\Source\OASIS\ONODE\NextGenSoftware.OASIS.API.ONODE.Core\Managers\MapManager.cs(147,21): error CS0161: 'MapManager.CreateAndDrawRouteOnMapBetweenOAPPs(Guid, Guid)': not all code paths return a value [C:\Source\OASIS\ONODE\NextGenSoftware.OASIS.API.ONODE.Core\NextGenSoftware.OASIS.API.ONODE.Core.csproj]
C:\Source\OASIS\ONODE\NextGenSoftware.OASIS.API.ONODE.Core\Managers\MapManager.cs(154,32): error CS1061: 'IOASISMapProvider' does not contain a definition for 'CreateAndDrawRouteOnMapBetweenBuildings' and no accessible extension method 'CreateAndDrawRouteOnMapBetweenBuildings' accepting a first argument of type 'IOASISMapProvider' could be found (are you missing a using directive or an assembly reference?) [C:\Source\OASIS\ONODE\NextGenSoftware.OASIS.API.ONODE.Core\NextGenSoftware.OASIS.API.ONODE.Core.csproj]
C:\Source\OASIS\ONODE\NextGenSoftware.OASIS.API.ONODE.Core\Managers\MapManager.cs(152,21): error CS0161: 'MapManager.CreateAndDrawRouteOnMapBetweenBuildings(IBuilding, IBuilding)': not all code paths return a value [C:\Source\OASIS\ONODE\NextGenSoftware.OASIS.API.ONODE.Core\NextGenSoftware.OASIS.API.ONODE.Core.csproj]
C:\Source\OASIS\ONODE\NextGenSoftware.OASIS.API.ONODE.Core\Managers\MapManager.cs(159,32): error CS1061: 'IOASISMapProvider' does not contain a definition for 'CreateAndDrawRouteOnMapBetweenBuildings' and no accessible extension method 'CreateAndDrawRouteOnMapBetweenBuildings' accepting a first argument of type 'IOASISMapProvider' could be found (are you missing a using directive or an assembly reference?) [C:\Source\OASIS\ONODE\NextGenSoftware.OASIS.API.ONODE.Core\NextGenSoftware.OASIS.API.ONODE.Core.csproj]
C:\Source\OASIS\ONODE\NextGenSoftware.OASIS.API.ONODE.Core\Managers\MapManager.cs(157,21): error CS0161: 'MapManager.CreateAndDrawRouteOnMapBetweenBuildings(Guid, Guid)': not all code paths return a value [C:\Source\OASIS\ONODE\NextGenSoftware.OASIS.API.ONODE.Core\NextGenSoftware.OASIS.API.ONODE.Core.csproj]
C:\Source\OASIS\ONODE\NextGenSoftware.OASIS.API.ONODE.Core\Managers\MapManager.cs(162,21): error CS0161: 'MapManager.ZoomMapOut(float)': not all code paths return a value [C:\Source\OASIS\ONODE\NextGenSoftware.OASIS.API.ONODE.Core\NextGenSoftware.OASIS.API.ONODE.Core.csproj]
C:\Source\OASIS\ONODE\NextGenSoftware.OASIS.API.ONODE.Core\Managers\MapManager.cs(167,21): error CS0161: 'MapManager.ZoomMapIn(float)': not all code paths return a value [C:\Source\OASIS\ONODE\NextGenSoftware.OASIS.API.ONODE.Core\NextGenSoftware.OASIS.API.ONODE.Core.csproj]
C:\Source\OASIS\ONODE\NextGenSoftware.OASIS.API.ONODE.Core\Managers\MapManager.cs(172,21): error CS0161: 'MapManager.PanMapLeft(float)': not all code paths return a value [C:\Source\OASIS\ONODE\NextGenSoftware.OASIS.API.ONODE.Core\NextGenSoftware.OASIS.API.ONODE.Core.csproj]
C:\Source\OASIS\ONODE\NextGenSoftware.OASIS.API.ONODE.Core\Managers\MapManager.cs(177,21): error CS0161: 'MapManager.PanMapRight(float)': not all code paths return a value [C:\Source\OASIS\ONODE\NextGenSoftware.OASIS.API.ONODE.Core\NextGenSoftware.OASIS.API.ONODE.Core.csproj]
C:\Source\OASIS\ONODE\NextGenSoftware.OASIS.API.ONODE.Core\Managers\MapManager.cs(182,21): error CS0161: 'MapManager.PanMapUp(float)': not all code paths return a value [C:\Source\OASIS\ONODE\NextGenSoftware.OASIS.API.ONODE.Core\NextGenSoftware.OASIS.API.ONODE.Core.csproj]
C:\Source\OASIS\ONODE\NextGenSoftware.OASIS.API.ONODE.Core\Managers\MapManager.cs(187,21): error CS0161: 'MapManager.PanMapDown(float)': not all code paths return a value [C:\Source\OASIS\ONODE\NextGenSoftware.OASIS.API.ONODE.Core\NextGenSoftware.OASIS.API.ONODE.Core.csproj]
C:\Source\OASIS\ONODE\NextGenSoftware.OASIS.API.ONODE.Core\Managers\MapManager.cs(248,21): error CS0161: 'MapManager.ZoomToHolonOnMap(IHolon)': not all code paths return a value [C:\Source\OASIS\ONODE\NextGenSoftware.OASIS.API.ONODE.Core\NextGenSoftware.OASIS.API.ONODE.Core.csproj]
C:\Source\OASIS\ONODE\NextGenSoftware.OASIS.API.ONODE.Core\Managers\MapManager.cs(255,49): error CS1503: Argument 1: cannot convert from 'System.Guid' to 'NextGenSoftware.OASIS.API.Core.Interfaces.IHolon' [C:\Source\OASIS\ONODE\NextGenSoftware.OASIS.API.ONODE.Core\NextGenSoftware.OASIS.API.ONODE.Core.csproj]
C:\Source\OASIS\ONODE\NextGenSoftware.OASIS.API.ONODE.Core\Managers\MapManager.cs(253,21): error CS0161: 'MapManager.ZoomToHolonOnMap(Guid)': not all code paths return a value [C:\Source\OASIS\ONODE\NextGenSoftware.OASIS.API.ONODE.Core\NextGenSoftware.OASIS.API.ONODE.Core.csproj]
C:\Source\OASIS\ONODE\NextGenSoftware.OASIS.API.ONODE.Core\Managers\MapManager.cs(260,32): error CS1061: 'IOASISMapProvider' does not contain a definition for 'ZoomToQuestOnMap' and no accessible extension method 'ZoomToQuestOnMap' accepting a first argument of type 'IOASISMapProvider' could be found (are you missing a using directive or an assembly reference?) [C:\Source\OASIS\ONODE\NextGenSoftware.OASIS.API.ONODE.Core\NextGenSoftware.OASIS.API.ONODE.Core.csproj]
C:\Source\OASIS\ONODE\NextGenSoftware.OASIS.API.ONODE.Core\Managers\MapManager.cs(258,21): error CS0161: 'MapManager.ZoomToQuestOnMap(IQuest)': not all code paths return a value [C:\Source\OASIS\ONODE\NextGenSoftware.OASIS.API.ONODE.Core\NextGenSoftware.OASIS.API.ONODE.Core.csproj]
C:\Source\OASIS\ONODE\NextGenSoftware.OASIS.API.ONODE.Core\Managers\MapManager.cs(265,32): error CS1061: 'IOASISMapProvider' does not contain a definition for 'ZoomToQuestOnMap' and no accessible extension method 'ZoomToQuestOnMap' accepting a first argument of type 'IOASISMapProvider' could be found (are you missing a using directive or an assembly reference?) [C:\Source\OASIS\ONODE\NextGenSoftware.OASIS.API.ONODE.Core\NextGenSoftware.OASIS.API.ONODE.Core.csproj]
C:\Source\OASIS\ONODE\NextGenSoftware.OASIS.API.ONODE.Core\Managers\MapManager.cs(263,21): error CS0161: 'MapManager.ZoomToQuestOnMap(Guid)': not all code paths return a value [C:\Source\OASIS\ONODE\NextGenSoftware.OASIS.API.ONODE.Core\NextGenSoftware.OASIS.API.ONODE.Core.csproj]
C:\Source\OASIS\ONODE\NextGenSoftware.OASIS.API.ONODE.Core\Managers\MapManager.cs(270,32): error CS1061: 'IOASISMapProvider' does not contain a definition for 'ZoomToGeoNFTOnMap' and no accessible extension method 'ZoomToGeoNFTOnMap' accepting a first argument of type 'IOASISMapProvider' could be found (are you missing a using directive or an assembly reference?) [C:\Source\OASIS\ONODE\NextGenSoftware.OASIS.API.ONODE.Core\NextGenSoftware.OASIS.API.ONODE.Core.csproj]
C:\Source\OASIS\ONODE\NextGenSoftware.OASIS.API.ONODE.Core\Managers\MapManager.cs(268,21): error CS0161: 'MapManager.ZoomToGeoNFTOnMap(IOASISGeoSpatialNFT)': not all code paths return a value [C:\Source\OASIS\ONODE\NextGenSoftware.OASIS.API.ONODE.Core\NextGenSoftware.OASIS.API.ONODE.Core.csproj]
C:\Source\OASIS\ONODE\NextGenSoftware.OASIS.API.ONODE.Core\Managers\MapManager.cs(275,32): error CS1061: 'IOASISMapProvider' does not contain a definition for 'ZoomToGeoNFTOnMap' and no accessible extension method 'ZoomToGeoNFTOnMap' accepting a first argument of type 'IOASISMapProvider' could be found (are you missing a using directive or an assembly reference?) [C:\Source\OASIS\ONODE\NextGenSoftware.OASIS.API.ONODE.Core\NextGenSoftware.OASIS.API.ONODE.Core.csproj]
C:\Source\OASIS\ONODE\NextGenSoftware.OASIS.API.ONODE.Core\Managers\MapManager.cs(273,21): error CS0161: 'MapManager.ZoomToGeoNFTOnMap(Guid)': not all code paths return a value [C:\Source\OASIS\ONODE\NextGenSoftware.OASIS.API.ONODE.Core\NextGenSoftware.OASIS.API.ONODE.Core.csproj]
C:\Source\OASIS\ONODE\NextGenSoftware.OASIS.API.ONODE.Core\Managers\MapManager.cs(280,32): error CS1061: 'IOASISMapProvider' does not contain a definition for 'ZoomToGeoHotSpotOnMap' and no accessible extension method 'ZoomToGeoHotSpotOnMap' accepting a first argument of type 'IOASISMapProvider' could be found (are you missing a using directive or an assembly reference?) [C:\Source\OASIS\ONODE\NextGenSoftware.OASIS.API.ONODE.Core\NextGenSoftware.OASIS.API.ONODE.Core.csproj]
C:\Source\OASIS\ONODE\NextGenSoftware.OASIS.API.ONODE.Core\Managers\MapManager.cs(278,21): error CS0161: 'MapManager.ZoomToGeoHotSpotOnMap(IGeoHotSpot)': not all code paths return a value [C:\Source\OASIS\ONODE\NextGenSoftware.OASIS.API.ONODE.Core\NextGenSoftware.OASIS.API.ONODE.Core.csproj]
C:\Source\OASIS\ONODE\NextGenSoftware.OASIS.API.ONODE.Core\Managers\MapManager.cs(285,32): error CS1061: 'IOASISMapProvider' does not contain a definition for 'ZoomToGeoHotSpotOnMap' and no accessible extension method 'ZoomToGeoHotSpotOnMap' accepting a first argument of type 'IOASISMapProvider' could be found (are you missing a using directive or an assembly reference?) [C:\Source\OASIS\ONODE\NextGenSoftware.OASIS.API.ONODE.Core\NextGenSoftware.OASIS.API.ONODE.Core.csproj]
C:\Source\OASIS\ONODE\NextGenSoftware.OASIS.API.ONODE.Core\Managers\MapManager.cs(283,21): error CS0161: 'MapManager.ZoomToGeoHotSpotOnMap(Guid)': not all code paths return a value [C:\Source\OASIS\ONODE\NextGenSoftware.OASIS.API.ONODE.Core\NextGenSoftware.OASIS.API.ONODE.Core.csproj]
C:\Source\OASIS\ONODE\NextGenSoftware.OASIS.API.ONODE.Core\Managers\MapManager.cs(290,32): error CS1061: 'IOASISMapProvider' does not contain a definition for 'ZoomToOAPPOnMap' and no accessible extension method 'ZoomToOAPPOnMap' accepting a first argument of type 'IOASISMapProvider' could be found (are you missing a using directive or an assembly reference?) [C:\Source\OASIS\ONODE\NextGenSoftware.OASIS.API.ONODE.Core\NextGenSoftware.OASIS.API.ONODE.Core.csproj]
C:\Source\OASIS\ONODE\NextGenSoftware.OASIS.API.ONODE.Core\Managers\MapManager.cs(288,21): error CS0161: 'MapManager.ZoomToOAPPOnMap(IOAPP)': not all code paths return a value [C:\Source\OASIS\ONODE\NextGenSoftware.OASIS.API.ONODE.Core\NextGenSoftware.OASIS.API.ONODE.Core.csproj]
C:\Source\OASIS\ONODE\NextGenSoftware.OASIS.API.ONODE.Core\Managers\MapManager.cs(295,32): error CS1061: 'IOASISMapProvider' does not contain a definition for 'ZoomToOAPPOnMap' and no accessible extension method 'ZoomToOAPPOnMap' accepting a first argument of type 'IOASISMapProvider' could be found (are you missing a using directive or an assembly reference?) [C:\Source\OASIS\ONODE\NextGenSoftware.OASIS.API.ONODE.Core\NextGenSoftware.OASIS.API.ONODE.Core.csproj]
C:\Source\OASIS\ONODE\NextGenSoftware.OASIS.API.ONODE.Core\Managers\MapManager.cs(293,21): error CS0161: 'MapManager.ZoomToOAPPOnMap(Guid)': not all code paths return a value [C:\Source\OASIS\ONODE\NextGenSoftware.OASIS.API.ONODE.Core\NextGenSoftware.OASIS.API.ONODE.Core.csproj]
C:\Source\OASIS\ONODE\NextGenSoftware.OASIS.API.ONODE.Core\Managers\MapManager.cs(300,32): error CS1061: 'IOASISMapProvider' does not contain a definition for 'ZoomToBuildingOnMap' and no accessible extension method 'ZoomToBuildingOnMap' accepting a first argument of type 'IOASISMapProvider' could be found (are you missing a using directive or an assembly reference?) [C:\Source\OASIS\ONODE\NextGenSoftware.OASIS.API.ONODE.Core\NextGenSoftware.OASIS.API.ONODE.Core.csproj]
C:\Source\OASIS\ONODE\NextGenSoftware.OASIS.API.ONODE.Core\Managers\MapManager.cs(298,21): error CS0161: 'MapManager.ZoomToBuildingOnMap(IBuilding)': not all code paths return a value [C:\Source\OASIS\ONODE\NextGenSoftware.OASIS.API.ONODE.Core\NextGenSoftware.OASIS.API.ONODE.Core.csproj]
C:\Source\OASIS\ONODE\NextGenSoftware.OASIS.API.ONODE.Core\Managers\MapManager.cs(305,32): error CS1061: 'IOASISMapProvider' does not contain a definition for 'ZoomToBuildingOnMap' and no accessible extension method 'ZoomToBuildingOnMap' accepting a first argument of type 'IOASISMapProvider' could be found (are you missing a using directive or an assembly reference?) [C:\Source\OASIS\ONODE\NextGenSoftware.OASIS.API.ONODE.Core\NextGenSoftware.OASIS.API.ONODE.Core.csproj]
C:\Source\OASIS\ONODE\NextGenSoftware.OASIS.API.ONODE.Core\Managers\MapManager.cs(303,21): error CS0161: 'MapManager.ZoomToBuildingOnMap(Guid)': not all code paths return a value [C:\Source\OASIS\ONODE\NextGenSoftware.OASIS.API.ONODE.Core\NextGenSoftware.OASIS.API.ONODE.Core.csproj]
C:\Source\OASIS\ONODE\NextGenSoftware.OASIS.API.ONODE.Core\Managers\MapManager.cs(310,32): error CS1061: 'IOASISMapProvider' does not contain a definition for 'ZoomToCoOrdsOnMap' and no accessible extension method 'ZoomToCoOrdsOnMap' accepting a first argument of type 'IOASISMapProvider' could be found (are you missing a using directive or an assembly reference?) [C:\Source\OASIS\ONODE\NextGenSoftware.OASIS.API.ONODE.Core\NextGenSoftware.OASIS.API.ONODE.Core.csproj]
C:\Source\OASIS\ONODE\NextGenSoftware.OASIS.API.ONODE.Core\Managers\MapManager.cs(308,21): error CS0161: 'MapManager.ZoomToCoOrdsOnMap(float, float)': not all code paths return a value [C:\Source\OASIS\ONODE\NextGenSoftware.OASIS.API.ONODE.Core\NextGenSoftware.OASIS.API.ONODE.Core.csproj]

Build FAILED.
    2013 Warning(s)
    63 Error(s)

Time Elapsed 00:05:50.26
