<?xml version="1.0" encoding="utf-8"?>
<TestRun id="2ec4f732-921b-4d00-9bce-25c20c8109e1" name="David@OASIS-LAPPY 2026-02-17 02:58:21" runUser="OASIS-LAPPY\David" xmlns="http://microsoft.com/schemas/VisualStudio/TeamTest/2010">
  <Times creation="2026-02-17T02:58:21.3311691-05:00" queuing="2026-02-17T02:58:21.3311695-05:00" start="2026-02-17T02:58:16.1641775-05:00" finish="2026-02-17T02:58:21.3704437-05:00" />
  <TestSettings name="default" id="0fd079a9-d471-4968-b387-97ce3a302ddf">
    <Deployment runDeploymentRoot="David_OASIS-LAPPY_2026-02-17_02_58_21" />
  </TestSettings>
  <Results>
    <UnitTestResult executionId="848807f8-eae4-423c-a8b0-0c83729a6cc0" testId="efe72e8a-cf4b-7228-8a86-1b8a6c88b9f6" testName="NextGenSoftware.OASIS.STARAPI.Client.IntegrationTests.StarApiClientIntegrationTests.FullWorkflow_ExercisesAllClientEndpoints_AndSucceeds" computerName="OASIS-LAPPY" duration="00:00:00.9452449" startTime="2026-02-17T02:58:21.0839698-05:00" endTime="2026-02-17T02:58:21.0840182-05:00" testType="13cdc9d9-ddb5-4fa4-a97d-d965ccfc6d4b" outcome="Passed" testListId="8c84fa94-04c1-424b-9868-57a2d4851a1d" relativeResultsDirectory="848807f8-eae4-423c-a8b0-0c83729a6cc0" />
  </Results>
  <TestDefinitions>
    <UnitTest name="NextGenSoftware.OASIS.STARAPI.Client.IntegrationTests.StarApiClientIntegrationTests.FullWorkflow_ExercisesAllClientEndpoints_AndSucceeds" storage="c:\source\oasis-master\oasis omniverse\starapiclient\testprojects\nextgensoftware.oasis.starapi.client.integrationtests\bin\release\net8.0\nextgensoftware.oasis.starapi.client.integrationtests.dll" id="efe72e8a-cf4b-7228-8a86-1b8a6c88b9f6">
      <Execution id="848807f8-eae4-423c-a8b0-0c83729a6cc0" />
      <TestMethod codeBase="C:\Source\OASIS-master\OASIS Omniverse\STARAPIClient\TestProjects\NextGenSoftware.OASIS.STARAPI.Client.IntegrationTests\bin\Release\net8.0\NextGenSoftware.OASIS.STARAPI.Client.IntegrationTests.dll" adapterTypeName="executor://xunit/VsTestRunner2/netcoreapp" className="NextGenSoftware.OASIS.STARAPI.Client.IntegrationTests.StarApiClientIntegrationTests" name="FullWorkflow_ExercisesAllClientEndpoints_AndSucceeds" />
    </UnitTest>
  </TestDefinitions>
  <TestEntries>
    <TestEntry testId="efe72e8a-cf4b-7228-8a86-1b8a6c88b9f6" executionId="848807f8-eae4-423c-a8b0-0c83729a6cc0" testListId="8c84fa94-04c1-424b-9868-57a2d4851a1d" />
  </TestEntries>
  <TestLists>
    <TestList name="Results Not in a List" id="8c84fa94-04c1-424b-9868-57a2d4851a1d" />
    <TestList name="All Loaded Results" id="19431567-8539-422a-85d7-44ee4e166bda" />
  </TestLists>
  <ResultSummary outcome="Completed">
    <Counters total="1" executed="1" passed="1" failed="0" error="0" timeout="0" aborted="0" inconclusive="0" passedButRunAborted="0" notRunnable="0" notExecuted="0" disconnected="0" warning="0" completed="0" inProgress="0" pending="0" />
    <Output>
      <StdOut>[xUnit.net 00:00:00.00] xUnit.net VSTest Adapter v2.5.3.1+6b60a9e56a (64-bit .NET 8.0.23)&#xD;
[xUnit.net 00:00:00.38]   Discovering: NextGenSoftware.OASIS.STARAPI.Client.IntegrationTests&#xD;
[xUnit.net 00:00:00.50]   Discovered:  NextGenSoftware.OASIS.STARAPI.Client.IntegrationTests&#xD;
[xUnit.net 00:00:00.51]   Starting:    NextGenSoftware.OASIS.STARAPI.Client.IntegrationTests&#xD;
[xUnit.net 00:00:01.70]   Finished:    NextGenSoftware.OASIS.STARAPI.Client.IntegrationTests&#xD;
</StdOut>
    </Output>
  </ResultSummary>
</TestRun>